23:02:12 Gateway Outlet registered
03:08:46 Gateway MotionSensor registered
03:08:55 MotionSensor Gateway message:hi
03:08:58 MotionSensor Gateway message:jj
03:09:00 MotionSensor Gateway message:hhh
03:36:25 Gateway MotionSensor registered
03:37:20 MotionSensor Gateway message:2
03:37:39 Gateway MotionSensor registered
03:38:44 Gateway MotionSensor registered
03:39:53 Gateway MotionSensor registered
03:43:28 Gateway LightBulb registered
04:25:06 Gateway TemperatureSensor registered
04:25:06 Temperature Sensor Gateway 0.0
04:25:16 Temperature Sensor Gateway 0.0
04:25:26 Temperature Sensor Gateway 0.0
04:25:36 Temperature Sensor Gateway 0.0
04:25:46 Temperature Sensor Gateway 0.0
04:25:56 Temperature Sensor Gateway 0.0
04:26:06 Temperature Sensor Gateway 0.0
04:26:16 Temperature Sensor Gateway 0.0
04:26:26 Temperature Sensor Gateway 0.0
04:26:36 Temperature Sensor Gateway 0.0
04:26:46 Temperature Sensor Gateway 0.0
04:26:56 Temperature Sensor Gateway 0.0
04:27:06 Temperature Sensor Gateway 0.0
04:27:16 Temperature Sensor Gateway 0.0
04:27:26 Temperature Sensor Gateway 0.0
04:27:36 Temperature Sensor Gateway 0.0
04:27:46 Temperature Sensor Gateway 0.0
04:27:56 Temperature Sensor Gateway 0.0
04:28:06 Temperature Sensor Gateway 0.0
04:28:16 Temperature Sensor Gateway 0.0
04:28:26 Temperature Sensor Gateway 0.0
04:28:36 Temperature Sensor Gateway 0.0
04:28:46 Temperature Sensor Gateway 0.0
04:28:56 Temperature Sensor Gateway 0.0
04:29:06 Temperature Sensor Gateway 0.0
04:29:16 Temperature Sensor Gateway 0.0
04:29:26 Temperature Sensor Gateway 0.0
04:29:36 Temperature Sensor Gateway 0.0
04:29:46 Temperature Sensor Gateway 0.0
04:29:56 Temperature Sensor Gateway 0.0
04:30:06 Temperature Sensor Gateway 0.0
04:30:16 Temperature Sensor Gateway 0.0
04:30:26 Temperature Sensor Gateway 0.0
04:30:36 Temperature Sensor Gateway 0.0
04:30:46 Temperature Sensor Gateway 0.0
04:30:56 Temperature Sensor Gateway 0.0
04:31:06 Temperature Sensor Gateway 0.0
04:31:16 Temperature Sensor Gateway 0.0
04:31:26 Temperature Sensor Gateway 0.0
04:31:36 Temperature Sensor Gateway 0.0
04:31:46 Temperature Sensor Gateway 0.0
04:32:14 Gateway TemperatureSensor registered
04:32:14 Temperature Sensor Gateway 0.0
04:32:24 Temperature Sensor Gateway 0.0
04:32:34 Temperature Sensor Gateway 0.0
04:32:40 Gateway MotionSensor registered
04:37:58 Gateway LightBulb registered
04:38:08 Gateway TemperatureSensor registered
04:38:08 Temperature Sensor Gateway 0.0
04:38:16 Gateway Outlet registered
04:38:18 Temperature Sensor Gateway 0.0
04:38:18 Gateway/temperature 0.0
04:38:27 Gateway DoorSensor registered
04:38:28 Temperature Sensor Gateway 0.0
04:38:28 Gateway/temperature 0.0
04:38:38 Temperature Sensor Gateway 0.0
04:38:38 Gateway/temperature 0.0
04:38:48 Temperature Sensor Gateway 0.0
04:38:48 Gateway/temperature 0.0
04:38:58 Temperature Sensor Gateway 0.0
04:38:58 Gateway/temperature 0.0
04:39:08 Temperature Sensor Gateway 0.0
04:39:08 Gateway/temperature 0.0
04:39:09 Gateway MotionSensor registered
04:39:18 Temperature Sensor Gateway 0.0
04:39:18 Gateway/temperature 0.0
04:39:28 Temperature Sensor Gateway 0.0
04:39:28 Gateway/temperature 0.0
04:39:38 Temperature Sensor Gateway 0.0
04:39:38 Gateway/temperature 0.0
04:39:48 Temperature Sensor Gateway 0.0
04:39:48 Gateway/temperature 0.0
04:39:58 Temperature Sensor Gateway 0.0
04:39:58 Gateway/temperature 0.0
04:40:08 Temperature Sensor Gateway 0.0
04:40:08 Gateway/temperature 0.0
05:25:53 Gateway TemperatureSensor registered
05:25:53 Temperature Sensor Gateway 0.0
05:26:03 Temperature Sensor Gateway 0.0
05:26:13 Temperature Sensor Gateway 0.0
05:26:23 Temperature Sensor Gateway 0.0
05:26:33 Temperature Sensor Gateway 0.0
05:26:43 Temperature Sensor Gateway 0.0
05:26:53 Temperature Sensor Gateway 0.0
05:27:03 Temperature Sensor Gateway 0.0
05:27:13 Temperature Sensor Gateway 0.0
05:27:23 Temperature Sensor Gateway 0.0
05:27:33 Temperature Sensor Gateway 0.0
05:27:43 Temperature Sensor Gateway 0.0
05:27:53 Temperature Sensor Gateway 0.0
05:28:09 Gateway TemperatureSensor registered
DataBase component not registered yet! Cant update db
05:28:09 Temperature Sensor Gateway 0.0
05:28:19 Temperature Sensor Gateway 0.0
05:28:29 Temperature Sensor Gateway 0.0
05:28:48 Gateway TemperatureSensor registered
DataBase component not registered yet! Cant update db
05:28:48 Temperature Sensor Gateway 0.0
DataBase component not registered yet! Cant update db
05:28:58 Temperature Sensor Gateway 0.0
DataBase component not registered yet! Cant update db
05:29:08 Temperature Sensor Gateway 0.0
05:29:18 Temperature Sensor Gateway 0.0
DataBase component not registered yet! Cant update db
DataBase component not registered yet! Cant update db
05:29:28 Temperature Sensor Gateway 0.0
DataBase component not registered yet! Cant update db
05:29:38 Temperature Sensor Gateway 0.0
DataBase component not registered yet! Cant update db
05:29:48 Temperature Sensor Gateway 0.0
DataBase component not registered yet! Cant update db
05:29:58 Temperature Sensor Gateway 0.0
05:30:08 Temperature Sensor Gateway 0.0
DataBase component not registered yet! Cant update db
05:30:31 Gateway Outlet registered
05:30:39 Gateway TemperatureSensor registered
DataBase component not registered yet! Cant update db
05:30:39 Gateway/temperature 0.0
05:30:39 Temperature Sensor Gateway 0.0
DataBase component not registered yet! Cant update db
05:30:49 Temperature Sensor Gateway 0.0
05:30:49 Gateway/temperature 0.0
05:30:50 Gateway LightBulb registered
DataBase component not registered yet! Cant update db
05:30:59 Temperature Sensor Gateway 0.0
05:30:59 Gateway/temperature 0.0
DataBase component not registered yet! Cant update db
05:31:09 Temperature Sensor Gateway 0.0
05:31:09 Gateway/temperature 0.0
05:31:11 Gateway MotionSensor registered
05:31:19 Temperature Sensor Gateway 0.0
DataBase component not registered yet! Cant update db
05:31:19 Gateway/temperature 0.0
05:31:28 Gateway DataBase registered
Gateway sending update to database
05:31:29 Temperature Sensor Gateway 0.0
05:31:29 Gateway/temperature 0.0
05:31:39 Temperature Sensor Gateway 0.0
Gateway sending update to database
05:31:39 Gateway/temperature 0.0
Gateway sending update to database
05:31:49 Temperature Sensor Gateway 0.0
05:31:49 Gateway/temperature 0.0
05:31:59 Temperature Sensor Gateway 0.0
Gateway sending update to database
05:31:59 Gateway/temperature 0.0
Gateway sending update to database
05:32:09 Temperature Sensor Gateway 0.0
05:32:09 Gateway/temperature 0.0
Gateway sending update to database
05:32:19 Temperature Sensor Gateway 0.0
05:32:19 Gateway/temperature 0.0
Gateway sending update to database
05:32:29 Temperature Sensor Gateway 0.0
05:32:29 Gateway/temperature 0.0
Gateway sending update to database
05:32:39 Temperature Sensor Gateway 0.0
05:32:39 Gateway/temperature 0.0
05:32:49 Temperature Sensor Gateway 0.0
Gateway sending update to database
05:32:49 Gateway/temperature 0.0
05:32:59 Temperature Sensor Gateway 0.0
Gateway sending update to database
05:32:59 Gateway/temperature 0.0
05:34:04 Gateway TemperatureSensor registered
DataBase component not registered yet! Cant update db
05:34:04 Temperature Sensor Gateway 0.0
05:34:13 Gateway Outlet registered
05:34:14 Temperature Sensor Gateway 0.0
DataBase component not registered yet! Cant update db
05:34:14 Gateway/temperature 0.0
DataBase component not registered yet! Cant update db
05:34:24 Temperature Sensor Gateway 0.0
05:34:24 Gateway/temperature 0.0
05:34:26 Gateway DataBase registered
Gateway sending update to database
05:34:34 Temperature Sensor Gateway 0.0
05:34:34 Gateway/temperature 0.0
05:34:37 Gateway Database hi
05:34:44 Temperature Sensor Gateway 0.0
Gateway sending update to database
05:34:44 Gateway/temperature 0.0
Gateway sending update to database
05:34:54 Temperature Sensor Gateway 0.0
05:34:54 Gateway/temperature 0.0
05:35:00 Gateway LightBulb registered
Gateway sending update to database
05:35:04 Temperature Sensor Gateway 0.0
05:35:04 Gateway/temperature 0.0
05:35:10 Gateway DoorSensor registered
05:35:14 Temperature Sensor Gateway 0.0
Gateway sending update to database
05:35:14 Gateway/temperature 0.0
Gateway sending update to database
05:35:24 Temperature Sensor Gateway 0.0
05:35:24 Gateway/temperature 0.0
05:35:34 Temperature Sensor Gateway 0.0
Gateway sending update to database
05:35:34 Gateway/temperature 0.0
Gateway sending update to database
05:35:44 Temperature Sensor Gateway 0.0
05:35:44 Gateway/temperature 0.0
Gateway sending update to database
05:35:54 Temperature Sensor Gateway 0.0
05:35:54 Gateway/temperature 0.0
Gateway sending update to database
05:36:04 Temperature Sensor Gateway 0.0
05:36:04 Gateway/temperature 0.0
Gateway sending update to database
05:36:14 Temperature Sensor Gateway 0.0
05:36:14 Gateway/temperature 0.0
Gateway sending update to database
05:36:24 Temperature Sensor Gateway 0.0
05:36:24 Gateway/temperature 0.0
Gateway sending update to database
05:36:34 Temperature Sensor Gateway 0.0
05:36:34 Gateway/temperature 0.0
Gateway sending update to database
05:36:44 Temperature Sensor Gateway 0.0
05:36:44 Gateway/temperature 0.0
05:36:54 Temperature Sensor Gateway 0.0
Gateway sending update to database
05:36:54 Gateway/temperature 0.0
Gateway sending update to database
05:37:04 Temperature Sensor Gateway 0.0
05:37:04 Gateway/temperature 0.0
05:38:02 Gateway DataBase registered
05:38:18 Gateway MotionSensor registered
05:38:31 Gateway TemperatureSensor registered
Gateway sending update to database
05:38:31 Temperature Sensor Gateway 0.0
05:38:41 Temperature Sensor Gateway 0.0
Gateway sending update to database
05:38:51 Temperature Sensor Gateway 0.0
Gateway sending update to database
05:39:01 Temperature Sensor Gateway 0.0
Gateway sending update to database
05:39:11 Temperature Sensor Gateway 0.0
Gateway sending update to database
05:39:21 Temperature Sensor Gateway 0.0
Gateway sending update to database
05:39:31 Temperature Sensor Gateway 0.0
Gateway sending update to database
05:40:02 Gateway TemperatureSensor registered
DataBase component not registered yet! Cant update db
05:40:02 Temperature Sensor Gateway 0.0
DataBase component not registered yet! Cant update db
05:40:12 Temperature Sensor Gateway 0.0
DataBase component not registered yet! Cant update db
05:40:22 Temperature Sensor Gateway 0.0
05:40:25 Gateway DataBase registered
05:40:32 Temperature Sensor Gateway 0.0
Gateway sending update to database
Gateway sending update to database
05:40:42 Temperature Sensor Gateway 0.0
Gateway sending update to database
05:40:52 Temperature Sensor Gateway 0.0
Gateway sending update to database
05:41:02 Temperature Sensor Gateway 0.0
Gateway sending update to database
05:41:12 Temperature Sensor Gateway 0.0
05:41:22 Temperature Sensor Gateway 0.0
Gateway sending update to database
Gateway sending update to database
05:41:32 Temperature Sensor Gateway 0.0
Gateway sending update to database
05:41:42 Temperature Sensor Gateway 0.0
05:43:11 Gateway Outlet registered
05:43:19 Gateway DataBase registered
05:43:27 Gateway TemperatureSensor registered
Gateway sending update to database
05:43:27 Gateway/temperature 0.0
05:43:27 Temperature Sensor Gateway 0.0
Gateway sending update to database
05:43:37 Temperature Sensor Gateway 0.0
05:43:37 Gateway/temperature 0.0
Gateway sending update to database
05:43:47 Temperature Sensor Gateway 0.0
05:43:47 Gateway/temperature 0.0
05:43:57 Temperature Sensor Gateway 0.0
Gateway sending update to database
05:43:57 Gateway/temperature 0.0
05:44:07 Temperature Sensor Gateway 0.0
Gateway sending update to database
05:44:07 Gateway/temperature 0.0
05:44:17 Temperature Sensor Gateway 0.0
Gateway sending update to database
05:44:17 Gateway/temperature 0.0
05:44:27 Temperature Sensor Gateway 0.0
Gateway sending update to database
05:44:27 Gateway/temperature 0.0
05:44:37 Temperature Sensor Gateway 0.0
Gateway sending update to database
05:44:37 Gateway/temperature 0.0
05:44:41 Temperature Sensor/temperature 20.0
Gateway sending update to database
05:44:47 Temperature Sensor Gateway 20.0
05:44:47 Gateway/temperature 20.0
Gateway sending update to database
05:44:57 Temperature Sensor Gateway 20.0
05:44:57 Gateway/temperature 20.0
05:45:07 Temperature Sensor Gateway 20.0
Gateway sending update to database
05:45:07 Gateway/temperature 20.0
Gateway sending update to database
05:45:17 Temperature Sensor Gateway 20.0
05:45:17 Gateway/temperature 20.0
05:45:27 Temperature Sensor Gateway 20.0
Gateway sending update to database
05:45:27 Gateway/temperature 20.0
Gateway sending update to database
05:45:37 Temperature Sensor Gateway 20.0
05:45:37 Gateway/temperature 20.0
Gateway sending update to database
05:45:47 Temperature Sensor Gateway 20.0
05:45:47 Gateway/temperature 20.0
05:45:57 Temperature Sensor Gateway 20.0
Gateway sending update to database
05:45:57 Gateway/temperature 20.0
Gateway sending update to database
05:46:07 Gateway/temperature 20.0
05:46:07 Temperature Sensor Gateway 20.0
05:46:17 Temperature Sensor Gateway 20.0
Gateway sending update to database
05:46:17 Gateway/temperature 20.0
05:46:27 Temperature Sensor Gateway 20.0
Gateway sending update to database
05:46:27 Gateway/temperature 20.0
05:46:37 Temperature Sensor Gateway 20.0
Gateway sending update to database
05:46:37 Gateway/temperature 20.0
Gateway sending update to database
05:46:47 Temperature Sensor Gateway 20.0
05:46:47 Gateway/temperature 20.0
05:46:57 Temperature Sensor Gateway 20.0
Gateway sending update to database
05:46:57 Gateway/temperature 20.0
Gateway sending update to database
05:47:07 Temperature Sensor Gateway 20.0
05:47:07 Gateway/temperature 20.0
Gateway sending update to database
05:47:17 Temperature Sensor Gateway 20.0
05:47:17 Gateway/temperature 20.0
05:47:27 Temperature Sensor Gateway 20.0
Gateway sending update to database
05:47:27 Gateway/temperature 20.0
Gateway sending update to database
05:47:37 Temperature Sensor Gateway 20.0
05:47:37 Gateway/temperature 20.0
05:47:47 Temperature Sensor Gateway 20.0
Gateway sending update to database
05:47:47 Gateway/temperature 20.0
05:47:57 Temperature Sensor Gateway 20.0
Gateway sending update to database
05:47:57 Gateway/temperature 20.0
05:48:07 Temperature Sensor Gateway 20.0
Gateway sending update to database
05:48:07 Gateway/temperature 20.0
05:48:17 Temperature Sensor Gateway 20.0
Gateway sending update to database
05:48:17 Gateway/temperature 20.0
05:48:27 Temperature Sensor Gateway 20.0
Gateway sending update to database
05:48:27 Gateway/temperature 20.0
05:48:37 Temperature Sensor Gateway 20.0
Gateway sending update to database
05:48:37 Gateway/temperature 20.0
05:48:47 Temperature Sensor Gateway 20.0
Gateway sending update to database
05:48:47 Gateway/temperature 20.0
05:48:57 Temperature Sensor Gateway 20.0
Gateway sending update to database
05:48:57 Gateway/temperature 20.0
05:49:07 Temperature Sensor Gateway 20.0
Gateway sending update to database
05:49:07 Gateway/temperature 20.0
Gateway sending update to database
05:49:17 Gateway/temperature 20.0
05:49:17 Temperature Sensor Gateway 20.0
Gateway sending update to database
05:49:27 Gateway/temperature 20.0
05:49:27 Temperature Sensor Gateway 20.0
05:49:37 Temperature Sensor Gateway 20.0
Gateway sending update to database
05:49:37 Gateway/temperature 20.0
05:49:47 Temperature Sensor Gateway 20.0
Gateway sending update to database
05:49:47 Gateway/temperature 20.0
05:49:57 Temperature Sensor Gateway 20.0
Gateway sending update to database
05:49:57 Gateway/temperature 20.0
05:50:07 Temperature Sensor Gateway 20.0
Gateway sending update to database
05:50:07 Gateway/temperature 20.0
05:50:17 Temperature Sensor Gateway 20.0
Gateway sending update to database
05:50:17 Gateway/temperature 20.0
05:50:27 Temperature Sensor Gateway 20.0
Gateway sending update to database
05:50:27 Gateway/temperature 20.0
05:50:37 Temperature Sensor Gateway 20.0
Gateway sending update to database
05:50:37 Gateway/temperature 20.0
05:50:47 Temperature Sensor Gateway 20.0
Gateway sending update to database
05:50:47 Gateway/temperature 20.0
05:50:57 Temperature Sensor Gateway 20.0
Gateway sending update to database
05:50:57 Gateway/temperature 20.0
05:51:07 Temperature Sensor Gateway 20.0
Gateway sending update to database
05:51:07 Gateway/temperature 20.0
05:51:17 Temperature Sensor Gateway 20.0
Gateway sending update to database
05:51:17 Gateway/temperature 20.0
Gateway sending update to database
05:51:27 Gateway/temperature 20.0
05:51:27 Temperature Sensor Gateway 20.0
Gateway sending update to database
05:51:37 Temperature Sensor Gateway 20.0
05:51:37 Gateway/temperature 20.0
05:51:47 Temperature Sensor Gateway 20.0
Gateway sending update to database
05:51:47 Gateway/temperature 20.0
05:51:57 Temperature Sensor Gateway 20.0
Gateway sending update to database
05:51:57 Gateway/temperature 20.0
05:52:07 Temperature Sensor Gateway 20.0
Gateway sending update to database
05:52:07 Gateway/temperature 20.0
05:52:17 Temperature Sensor Gateway 20.0
Gateway sending update to database
05:52:17 Gateway/temperature 20.0
05:52:27 Temperature Sensor Gateway 20.0
Gateway sending update to database
05:52:27 Gateway/temperature 20.0
05:52:37 Temperature Sensor Gateway 20.0
Gateway sending update to database
05:52:37 Gateway/temperature 20.0
05:52:47 Temperature Sensor Gateway 20.0
Gateway sending update to database
05:52:47 Gateway/temperature 20.0
05:52:57 Temperature Sensor Gateway 20.0
Gateway sending update to database
05:52:57 Gateway/temperature 20.0
05:53:07 Temperature Sensor Gateway 20.0
Gateway sending update to database
05:53:07 Gateway/temperature 20.0
05:53:17 Temperature Sensor Gateway 20.0
Gateway sending update to database
05:53:17 Gateway/temperature 20.0
Gateway sending update to database
05:53:27 Gateway/temperature 20.0
05:53:27 Temperature Sensor Gateway 20.0
05:53:37 Temperature Sensor Gateway 20.0
Gateway sending update to database
05:53:37 Gateway/temperature 20.0
05:53:47 Temperature Sensor Gateway 20.0
Gateway sending update to database
05:53:47 Gateway/temperature 20.0
05:53:57 Temperature Sensor Gateway 20.0
Gateway sending update to database
05:53:57 Gateway/temperature 20.0
05:54:07 Temperature Sensor Gateway 20.0
Gateway sending update to database
05:54:07 Gateway/temperature 20.0
05:54:17 Temperature Sensor Gateway 20.0
Gateway sending update to database
05:54:17 Gateway/temperature 20.0
Gateway sending update to database
05:54:27 Temperature Sensor Gateway 20.0
05:54:27 Gateway/temperature 20.0
05:54:37 Temperature Sensor Gateway 20.0
Gateway sending update to database
05:54:37 Gateway/temperature 20.0
05:54:47 Temperature Sensor Gateway 20.0
Gateway sending update to database
05:54:47 Gateway/temperature 20.0
05:54:57 Temperature Sensor Gateway 20.0
Gateway sending update to database
05:54:57 Gateway/temperature 20.0
05:55:07 Temperature Sensor Gateway 20.0
Gateway sending update to database
05:55:07 Gateway/temperature 20.0
05:55:17 Temperature Sensor Gateway 20.0
Gateway sending update to database
05:55:17 Gateway/temperature 20.0
05:55:27 Temperature Sensor Gateway 20.0
Gateway sending update to database
05:55:27 Gateway/temperature 20.0
05:55:37 Temperature Sensor Gateway 20.0
Gateway sending update to database
05:55:37 Gateway/temperature 20.0
05:55:47 Temperature Sensor Gateway 20.0
Gateway sending update to database
05:55:48 Gateway/temperature 20.0
Gateway sending update to database
05:55:57 Gateway/temperature 20.0
05:55:57 Temperature Sensor Gateway 20.0
05:56:07 Temperature Sensor Gateway 20.0
Gateway sending update to database
05:56:07 Gateway/temperature 20.0
05:56:17 Temperature Sensor Gateway 20.0
Gateway sending update to database
05:56:17 Gateway/temperature 20.0
05:56:27 Temperature Sensor Gateway 20.0
Gateway sending update to database
05:56:27 Gateway/temperature 20.0
Gateway sending update to database
05:56:37 Temperature Sensor Gateway 20.0
05:56:37 Gateway/temperature 20.0
05:56:47 Temperature Sensor Gateway 20.0
Gateway sending update to database
05:56:47 Gateway/temperature 20.0
05:56:57 Temperature Sensor Gateway 20.0
Gateway sending update to database
05:56:57 Gateway/temperature 20.0
05:57:07 Temperature Sensor Gateway 20.0
Gateway sending update to database
05:57:07 Gateway/temperature 20.0
Gateway sending update to database
05:57:17 Temperature Sensor Gateway 20.0
05:57:17 Gateway/temperature 20.0
05:57:27 Temperature Sensor Gateway 20.0
Gateway sending update to database
05:57:27 Gateway/temperature 20.0
05:57:37 Temperature Sensor Gateway 20.0
Gateway sending update to database
05:57:37 Gateway/temperature 20.0
05:57:47 Temperature Sensor Gateway 20.0
Gateway sending update to database
05:57:47 Gateway/temperature 20.0
05:57:57 Temperature Sensor Gateway 20.0
Gateway sending update to database
05:57:57 Gateway/temperature 20.0
Gateway sending update to database
05:58:07 Temperature Sensor Gateway 20.0
05:58:07 Gateway/temperature 20.0
Gateway sending update to database
05:58:17 Temperature Sensor Gateway 20.0
05:58:17 Gateway/temperature 20.0
05:58:27 Temperature Sensor Gateway 20.0
Gateway sending update to database
05:58:27 Gateway/temperature 20.0
05:58:37 Temperature Sensor Gateway 20.0
Gateway sending update to database
05:58:37 Gateway/temperature 20.0
05:58:47 Temperature Sensor Gateway 20.0
Gateway sending update to database
05:58:47 Gateway/temperature 20.0
05:58:57 Temperature Sensor Gateway 20.0
Gateway sending update to database
05:58:57 Gateway/temperature 20.0
05:59:07 Temperature Sensor Gateway 20.0
Gateway sending update to database
05:59:07 Gateway/temperature 20.0
Gateway sending update to database
05:59:17 Temperature Sensor Gateway 20.0
05:59:17 Gateway/temperature 20.0
05:59:27 Temperature Sensor Gateway 20.0
Gateway sending update to database
05:59:27 Gateway/temperature 20.0
Gateway sending update to database
05:59:37 Temperature Sensor Gateway 20.0
05:59:37 Gateway/temperature 20.0
05:59:47 Temperature Sensor Gateway 20.0
Gateway sending update to database
05:59:47 Gateway/temperature 20.0
Gateway sending update to database
05:59:57 Temperature Sensor Gateway 20.0
05:59:57 Gateway/temperature 20.0
06:00:07 Temperature Sensor Gateway 20.0
Gateway sending update to database
06:00:07 Gateway/temperature 20.0
06:00:17 Temperature Sensor Gateway 20.0
Gateway sending update to database
06:00:17 Gateway/temperature 20.0
06:00:27 Temperature Sensor Gateway 20.0
Gateway sending update to database
06:00:27 Gateway/temperature 20.0
06:00:37 Temperature Sensor Gateway 20.0
Gateway sending update to database
06:00:37 Gateway/temperature 20.0
06:00:47 Temperature Sensor Gateway 20.0
Gateway sending update to database
06:00:47 Gateway/temperature 20.0
06:00:57 Temperature Sensor Gateway 20.0
Gateway sending update to database
06:00:57 Gateway/temperature 20.0
06:01:07 Temperature Sensor Gateway 20.0
Gateway sending update to database
06:01:07 Gateway/temperature 20.0
06:01:17 Temperature Sensor Gateway 20.0
Gateway sending update to database
06:01:17 Gateway/temperature 20.0
06:01:27 Temperature Sensor Gateway 20.0
Gateway sending update to database
06:01:27 Gateway/temperature 20.0
06:01:37 Temperature Sensor Gateway 20.0
Gateway sending update to database
06:01:37 Gateway/temperature 20.0
06:01:47 Temperature Sensor Gateway 20.0
Gateway sending update to database
06:01:47 Gateway/temperature 20.0
06:01:57 Temperature Sensor Gateway 20.0
Gateway sending update to database
06:01:57 Gateway/temperature 20.0
06:02:07 Temperature Sensor Gateway 20.0
Gateway sending update to database
06:02:07 Gateway/temperature 20.0
06:02:17 Temperature Sensor Gateway 20.0
Gateway sending update to database
06:02:17 Gateway/temperature 20.0
Gateway sending update to database
06:02:27 Temperature Sensor Gateway 20.0
06:02:27 Gateway/temperature 20.0
06:02:37 Temperature Sensor Gateway 20.0
Gateway sending update to database
06:02:37 Gateway/temperature 20.0
Gateway sending update to database
06:02:47 Gateway/temperature 20.0
06:02:47 Temperature Sensor Gateway 20.0
06:02:57 Temperature Sensor Gateway 20.0
Gateway sending update to database
06:02:57 Gateway/temperature 20.0
06:03:07 Temperature Sensor Gateway 20.0
Gateway sending update to database
06:03:07 Gateway/temperature 20.0
06:03:17 Temperature Sensor Gateway 20.0
Gateway sending update to database
06:03:17 Gateway/temperature 20.0
06:03:27 Temperature Sensor Gateway 20.0
Gateway sending update to database
06:03:27 Gateway/temperature 20.0
06:03:37 Temperature Sensor Gateway 20.0
Gateway sending update to database
06:03:37 Gateway/temperature 20.0
06:03:47 Temperature Sensor Gateway 20.0
Gateway sending update to database
06:03:47 Gateway/temperature 20.0
06:03:57 Temperature Sensor Gateway 20.0
Gateway sending update to database
06:03:57 Gateway/temperature 20.0
06:04:07 Temperature Sensor Gateway 20.0
Gateway sending update to database
06:04:07 Gateway/temperature 20.0
Gateway sending update to database
06:04:17 Temperature Sensor Gateway 20.0
06:04:17 Gateway/temperature 20.0
06:04:27 Temperature Sensor Gateway 20.0
Gateway sending update to database
06:04:27 Gateway/temperature 20.0
06:04:37 Temperature Sensor Gateway 20.0
Gateway sending update to database
06:04:37 Gateway/temperature 20.0
06:04:47 Temperature Sensor Gateway 20.0
Gateway sending update to database
06:04:47 Gateway/temperature 20.0
06:04:57 Temperature Sensor Gateway 20.0
Gateway sending update to database
06:04:57 Gateway/temperature 20.0
06:05:07 Temperature Sensor Gateway 20.0
Gateway sending update to database
06:05:07 Gateway/temperature 20.0
Gateway sending update to database
06:05:17 Temperature Sensor Gateway 20.0
06:05:17 Gateway/temperature 20.0
06:05:27 Temperature Sensor Gateway 20.0
Gateway sending update to database
06:05:27 Gateway/temperature 20.0
06:05:37 Temperature Sensor Gateway 20.0
Gateway sending update to database
06:05:37 Gateway/temperature 20.0
06:05:47 Temperature Sensor Gateway 20.0
Gateway sending update to database
06:05:47 Gateway/temperature 20.0
06:05:57 Temperature Sensor Gateway 20.0
Gateway sending update to database
06:05:57 Gateway/temperature 20.0
06:06:07 Temperature Sensor Gateway 20.0
Gateway sending update to database
06:06:07 Gateway/temperature 20.0
Gateway sending update to database
06:06:17 Temperature Sensor Gateway 20.0
06:06:17 Gateway/temperature 20.0
06:06:27 Temperature Sensor Gateway 20.0
Gateway sending update to database
06:06:33 Gateway/temperature 20.0
06:06:37 Temperature Sensor Gateway 20.0
Gateway sending update to database
06:06:37 Gateway/temperature 20.0
06:06:47 Temperature Sensor Gateway 20.0
Gateway sending update to database
06:06:47 Gateway/temperature 20.0
Gateway sending update to database
06:06:57 Temperature Sensor Gateway 20.0
06:06:57 Gateway/temperature 20.0
Gateway sending update to database
06:07:07 Temperature Sensor Gateway 20.0
06:07:07 Gateway/temperature 20.0
06:07:17 Temperature Sensor Gateway 20.0
Gateway sending update to database
06:07:17 Gateway/temperature 20.0
06:07:27 Temperature Sensor Gateway 20.0
Gateway sending update to database
06:07:28 Gateway/temperature 20.0
06:07:37 Temperature Sensor Gateway 20.0
Gateway sending update to database
06:07:39 Gateway/temperature 20.0
06:07:47 Temperature Sensor Gateway 20.0
Gateway sending update to database
06:07:50 Gateway/temperature 20.0
06:07:57 Temperature Sensor Gateway 20.0
Gateway sending update to database
06:07:57 Gateway/temperature 20.0
06:08:07 Temperature Sensor Gateway 20.0
Gateway sending update to database
06:08:07 Gateway/temperature 20.0
Gateway sending update to database
06:08:17 Temperature Sensor Gateway 20.0
06:08:17 Gateway/temperature 20.0
06:08:27 Temperature Sensor Gateway 20.0
Gateway sending update to database
06:08:27 Gateway/temperature 20.0
06:08:37 Temperature Sensor Gateway 20.0
Gateway sending update to database
06:08:37 Gateway/temperature 20.0
06:08:47 Temperature Sensor Gateway 20.0
Gateway sending update to database
06:08:47 Gateway/temperature 20.0
06:08:57 Temperature Sensor Gateway 20.0
Gateway sending update to database
06:08:57 Gateway/temperature 20.0
06:09:07 Temperature Sensor Gateway 20.0
Gateway sending update to database
06:09:07 Gateway/temperature 20.0
06:09:17 Temperature Sensor Gateway 20.0
Gateway sending update to database
06:09:17 Gateway/temperature 20.0
06:09:27 Temperature Sensor Gateway 20.0
Gateway sending update to database
06:09:27 Gateway/temperature 20.0
06:09:37 Temperature Sensor Gateway 20.0
Gateway sending update to database
06:09:38 Gateway/temperature 20.0
06:09:47 Temperature Sensor Gateway 20.0
Gateway sending update to database
06:09:47 Gateway/temperature 20.0
Gateway sending update to database
06:09:57 Temperature Sensor Gateway 20.0
06:09:57 Gateway/temperature 20.0
06:10:07 Temperature Sensor Gateway 20.0
Gateway sending update to database
06:10:12 Gateway/temperature 20.0
06:10:17 Temperature Sensor Gateway 20.0
Gateway sending update to database
06:10:17 Gateway/temperature 20.0
06:10:27 Temperature Sensor Gateway 20.0
Gateway sending update to database
06:10:27 Gateway/temperature 20.0
Gateway sending update to database
06:10:37 Temperature Sensor Gateway 20.0
06:10:37 Gateway/temperature 20.0
06:10:47 Temperature Sensor Gateway 20.0
Gateway sending update to database
06:10:47 Gateway/temperature 20.0
Gateway sending update to database
06:10:57 Temperature Sensor Gateway 20.0
06:10:57 Gateway/temperature 20.0
06:11:07 Temperature Sensor Gateway 20.0
Gateway sending update to database
06:11:07 Gateway/temperature 20.0
Gateway sending update to database
06:11:17 Temperature Sensor Gateway 20.0
06:11:17 Gateway/temperature 20.0
06:11:27 Temperature Sensor Gateway 20.0
Gateway sending update to database
06:11:27 Gateway/temperature 20.0
06:11:37 Temperature Sensor Gateway 20.0
Gateway sending update to database
06:11:37 Gateway/temperature 20.0
Gateway sending update to database
06:11:47 Temperature Sensor Gateway 20.0
06:11:47 Gateway/temperature 20.0
Gateway sending update to database
06:11:57 Temperature Sensor Gateway 20.0
06:11:57 Gateway/temperature 20.0
06:12:07 Temperature Sensor Gateway 20.0
Gateway sending update to database
06:12:07 Gateway/temperature 20.0
06:12:17 Temperature Sensor Gateway 20.0
Gateway sending update to database
06:12:17 Gateway/temperature 20.0
Gateway sending update to database
06:12:27 Temperature Sensor Gateway 20.0
06:12:27 Gateway/temperature 20.0
06:12:37 Temperature Sensor Gateway 20.0
Gateway sending update to database
06:12:37 Gateway/temperature 20.0
06:12:47 Temperature Sensor Gateway 20.0
Gateway sending update to database
06:12:47 Gateway/temperature 20.0
06:12:57 Temperature Sensor Gateway 20.0
Gateway sending update to database
06:12:57 Gateway/temperature 20.0
Gateway sending update to database
06:13:07 Temperature Sensor Gateway 20.0
06:13:07 Gateway/temperature 20.0
06:13:17 Temperature Sensor Gateway 20.0
Gateway sending update to database
06:13:17 Gateway/temperature 20.0
Gateway sending update to database
06:13:27 Temperature Sensor Gateway 20.0
06:13:27 Gateway/temperature 20.0
Gateway sending update to database
06:13:37 Temperature Sensor Gateway 20.0
06:13:37 Gateway/temperature 20.0
06:13:47 Temperature Sensor Gateway 20.0
Gateway sending update to database
06:13:47 Gateway/temperature 20.0
06:13:57 Temperature Sensor Gateway 20.0
Gateway sending update to database
06:13:57 Gateway/temperature 20.0
06:14:07 Temperature Sensor Gateway 20.0
Gateway sending update to database
06:14:07 Gateway/temperature 20.0
06:14:17 Temperature Sensor Gateway 20.0
Gateway sending update to database
06:14:17 Gateway/temperature 20.0
Gateway sending update to database
06:14:27 Gateway/temperature 20.0
06:14:27 Temperature Sensor Gateway 20.0
06:14:37 Temperature Sensor Gateway 20.0
Gateway sending update to database
06:14:37 Gateway/temperature 20.0
06:14:47 Temperature Sensor Gateway 20.0
Gateway sending update to database
06:14:47 Gateway/temperature 20.0
06:14:57 Temperature Sensor Gateway 20.0
Gateway sending update to database
06:14:57 Gateway/temperature 20.0
06:15:07 Temperature Sensor Gateway 20.0
Gateway sending update to database
06:15:07 Gateway/temperature 20.0
06:15:17 Temperature Sensor Gateway 20.0
Gateway sending update to database
06:15:17 Gateway/temperature 20.0
06:15:27 Temperature Sensor Gateway 20.0
Gateway sending update to database
06:15:27 Gateway/temperature 20.0
06:15:37 Temperature Sensor Gateway 20.0
Gateway sending update to database
06:15:37 Gateway/temperature 20.0
06:15:47 Temperature Sensor Gateway 20.0
Gateway sending update to database
06:15:47 Gateway/temperature 20.0
06:15:57 Temperature Sensor Gateway 20.0
Gateway sending update to database
06:15:57 Gateway/temperature 20.0
06:16:07 Temperature Sensor Gateway 20.0
Gateway sending update to database
06:16:07 Gateway/temperature 20.0
Gateway sending update to database
06:16:17 Gateway/temperature 20.0
06:16:17 Temperature Sensor Gateway 20.0
06:16:27 Temperature Sensor Gateway 20.0
Gateway sending update to database
06:16:27 Gateway/temperature 20.0
06:16:37 Temperature Sensor Gateway 20.0
Gateway sending update to database
06:16:37 Gateway/temperature 20.0
06:16:47 Temperature Sensor Gateway 20.0
Gateway sending update to database
06:16:47 Gateway/temperature 20.0
06:16:57 Temperature Sensor Gateway 20.0
Gateway sending update to database
06:16:57 Gateway/temperature 20.0
06:17:07 Temperature Sensor Gateway 20.0
Gateway sending update to database
06:17:07 Gateway/temperature 20.0
06:17:17 Temperature Sensor Gateway 20.0
Gateway sending update to database
06:17:17 Gateway/temperature 20.0
06:17:27 Temperature Sensor Gateway 20.0
Gateway sending update to database
06:17:27 Gateway/temperature 20.0
06:17:37 Temperature Sensor Gateway 20.0
Gateway sending update to database
06:17:37 Gateway/temperature 20.0
06:17:47 Temperature Sensor Gateway 20.0
Gateway sending update to database
06:17:47 Gateway/temperature 20.0
06:17:57 Temperature Sensor Gateway 20.0
Gateway sending update to database
06:17:57 Gateway/temperature 20.0
06:18:07 Temperature Sensor Gateway 20.0
Gateway sending update to database
06:18:07 Gateway/temperature 20.0
06:18:17 Temperature Sensor Gateway 20.0
Gateway sending update to database
06:18:17 Gateway/temperature 20.0
06:18:27 Temperature Sensor Gateway 20.0
Gateway sending update to database
06:18:27 Gateway/temperature 20.0
06:18:37 Temperature Sensor Gateway 20.0
Gateway sending update to database
06:18:37 Gateway/temperature 20.0
Gateway sending update to database
06:18:47 Temperature Sensor Gateway 20.0
06:18:47 Gateway/temperature 20.0
06:18:57 Temperature Sensor Gateway 20.0
Gateway sending update to database
06:18:57 Gateway/temperature 20.0
06:19:07 Temperature Sensor Gateway 20.0
Gateway sending update to database
06:19:07 Gateway/temperature 20.0
06:19:17 Temperature Sensor Gateway 20.0
Gateway sending update to database
06:19:17 Gateway/temperature 20.0
06:19:27 Temperature Sensor Gateway 20.0
Gateway sending update to database
06:19:27 Gateway/temperature 20.0
06:19:37 Temperature Sensor Gateway 20.0
Gateway sending update to database
06:19:37 Gateway/temperature 20.0
Gateway sending update to database
06:19:47 Temperature Sensor Gateway 20.0
06:19:47 Gateway/temperature 20.0
Gateway sending update to database
06:19:57 Temperature Sensor Gateway 20.0
06:19:57 Gateway/temperature 20.0
06:20:07 Temperature Sensor Gateway 20.0
Gateway sending update to database
06:20:07 Gateway/temperature 20.0
06:20:17 Temperature Sensor Gateway 20.0
Gateway sending update to database
06:20:17 Gateway/temperature 20.0
06:20:27 Temperature Sensor Gateway 20.0
Gateway sending update to database
06:20:27 Gateway/temperature 20.0
06:20:37 Temperature Sensor Gateway 20.0
Gateway sending update to database
06:20:37 Gateway/temperature 20.0
Gateway sending update to database
06:20:47 Temperature Sensor Gateway 20.0
06:20:47 Gateway/temperature 20.0
Gateway sending update to database
06:20:57 Temperature Sensor Gateway 20.0
06:20:57 Gateway/temperature 20.0
06:21:07 Temperature Sensor Gateway 20.0
Gateway sending update to database
06:21:07 Gateway/temperature 20.0
Gateway sending update to database
06:21:17 Temperature Sensor Gateway 20.0
06:21:17 Gateway/temperature 20.0
06:21:27 Temperature Sensor Gateway 20.0
Gateway sending update to database
06:21:27 Gateway/temperature 20.0
06:21:37 Temperature Sensor Gateway 20.0
Gateway sending update to database
06:21:37 Gateway/temperature 20.0
Gateway sending update to database
06:21:47 Temperature Sensor Gateway 20.0
06:21:47 Gateway/temperature 20.0
Gateway sending update to database
06:21:57 Temperature Sensor Gateway 20.0
06:21:57 Gateway/temperature 20.0
06:22:07 Temperature Sensor Gateway 20.0
Gateway sending update to database
06:22:07 Gateway/temperature 20.0
Gateway sending update to database
06:22:17 Temperature Sensor Gateway 20.0
06:22:17 Gateway/temperature 20.0
Gateway sending update to database
06:22:27 Temperature Sensor Gateway 20.0
06:22:27 Gateway/temperature 20.0
06:22:37 Temperature Sensor Gateway 20.0
Gateway sending update to database
06:22:37 Gateway/temperature 20.0
Gateway sending update to database
06:22:47 Temperature Sensor Gateway 20.0
06:22:47 Gateway/temperature 20.0
Gateway sending update to database
06:22:57 Temperature Sensor Gateway 20.0
06:22:57 Gateway/temperature 20.0
Gateway sending update to database
06:23:07 Temperature Sensor Gateway 20.0
06:23:07 Gateway/temperature 20.0
06:23:17 Temperature Sensor Gateway 20.0
Gateway sending update to database
06:23:17 Gateway/temperature 20.0
Gateway sending update to database
06:23:27 Temperature Sensor Gateway 20.0
06:23:27 Gateway/temperature 20.0
06:23:37 Temperature Sensor Gateway 20.0
Gateway sending update to database
06:23:37 Gateway/temperature 20.0
Gateway sending update to database
06:23:47 Temperature Sensor Gateway 20.0
06:23:47 Gateway/temperature 20.0
06:23:57 Temperature Sensor Gateway 20.0
Gateway sending update to database
06:23:57 Gateway/temperature 20.0
Gateway sending update to database
06:24:07 Temperature Sensor Gateway 20.0
06:24:07 Gateway/temperature 20.0
Gateway sending update to database
06:24:17 Temperature Sensor Gateway 20.0
06:24:17 Gateway/temperature 20.0
06:24:27 Temperature Sensor Gateway 20.0
Gateway sending update to database
06:24:27 Gateway/temperature 20.0
Gateway sending update to database
06:24:37 Temperature Sensor Gateway 20.0
06:24:37 Gateway/temperature 20.0
06:24:47 Temperature Sensor Gateway 20.0
Gateway sending update to database
06:24:47 Gateway/temperature 20.0
Gateway sending update to database
06:24:57 Temperature Sensor Gateway 20.0
06:24:57 Gateway/temperature 20.0
06:25:07 Temperature Sensor Gateway 20.0
Gateway sending update to database
06:25:08 Gateway/temperature 20.0
06:25:17 Temperature Sensor Gateway 20.0
Gateway sending update to database
06:25:17 Gateway/temperature 20.0
Gateway sending update to database
06:25:27 Temperature Sensor Gateway 20.0
06:25:27 Gateway/temperature 20.0
Gateway sending update to database
06:25:37 Temperature Sensor Gateway 20.0
06:25:37 Gateway/temperature 20.0
Gateway sending update to database
06:25:47 Temperature Sensor Gateway 20.0
06:25:47 Gateway/temperature 20.0
Gateway sending update to database
06:25:57 Temperature Sensor Gateway 20.0
06:25:57 Gateway/temperature 20.0
Gateway sending update to database
06:26:07 Temperature Sensor Gateway 20.0
06:26:07 Gateway/temperature 20.0
Gateway sending update to database
06:26:17 Temperature Sensor Gateway 20.0
06:26:17 Gateway/temperature 20.0
Gateway sending update to database
06:26:27 Temperature Sensor Gateway 20.0
06:26:27 Gateway/temperature 20.0
Gateway sending update to database
06:26:37 Gateway/temperature 20.0
06:26:37 Temperature Sensor Gateway 20.0
Gateway sending update to database
06:26:47 Temperature Sensor Gateway 20.0
06:26:47 Gateway/temperature 20.0
Gateway sending update to database
06:26:57 Temperature Sensor Gateway 20.0
06:26:57 Gateway/temperature 20.0
Gateway sending update to database
06:27:07 Temperature Sensor Gateway 20.0
06:27:07 Gateway/temperature 20.0
Gateway sending update to database
06:27:17 Temperature Sensor Gateway 20.0
06:27:17 Gateway/temperature 20.0
06:27:27 Temperature Sensor Gateway 20.0
Gateway sending update to database
06:27:27 Gateway/temperature 20.0
Gateway sending update to database
06:27:37 Temperature Sensor Gateway 20.0
06:27:37 Gateway/temperature 20.0
06:27:47 Temperature Sensor Gateway 20.0
Gateway sending update to database
06:27:48 Gateway/temperature 20.0
Gateway sending update to database
06:27:57 Temperature Sensor Gateway 20.0
06:27:59 Gateway/temperature 20.0
06:28:07 Temperature Sensor Gateway 20.0
Gateway sending update to database
06:28:07 Gateway/temperature 20.0
Gateway sending update to database
06:28:17 Temperature Sensor Gateway 20.0
06:28:17 Gateway/temperature 20.0
Gateway sending update to database
06:28:27 Temperature Sensor Gateway 20.0
06:28:27 Gateway/temperature 20.0
06:28:37 Temperature Sensor Gateway 20.0
Gateway sending update to database
06:28:37 Gateway/temperature 20.0
06:28:47 Temperature Sensor Gateway 20.0
Gateway sending update to database
06:28:47 Gateway/temperature 20.0
06:28:57 Temperature Sensor Gateway 20.0
Gateway sending update to database
06:28:57 Gateway/temperature 20.0
Gateway sending update to database
06:29:07 Temperature Sensor Gateway 20.0
06:29:07 Gateway/temperature 20.0
06:29:17 Temperature Sensor Gateway 20.0
Gateway sending update to database
06:29:17 Gateway/temperature 20.0
Gateway sending update to database
06:29:27 Temperature Sensor Gateway 20.0
06:29:27 Gateway/temperature 20.0
Gateway sending update to database
06:29:37 Temperature Sensor Gateway 20.0
06:29:37 Gateway/temperature 20.0
06:29:47 Temperature Sensor Gateway 20.0
Gateway sending update to database
06:29:47 Gateway/temperature 20.0
06:29:57 Temperature Sensor Gateway 20.0
Gateway sending update to database
06:29:58 Gateway/temperature 20.0
Gateway sending update to database
06:30:07 Temperature Sensor Gateway 20.0
06:30:07 Gateway/temperature 20.0
06:30:17 Temperature Sensor Gateway 20.0
Gateway sending update to database
06:30:17 Gateway/temperature 20.0
Gateway sending update to database
06:30:27 Temperature Sensor Gateway 20.0
06:30:27 Gateway/temperature 20.0
06:30:37 Temperature Sensor Gateway 20.0
Gateway sending update to database
06:30:37 Gateway/temperature 20.0
06:30:47 Temperature Sensor Gateway 20.0
Gateway sending update to database
06:30:47 Gateway/temperature 20.0
06:30:57 Temperature Sensor Gateway 20.0
Gateway sending update to database
06:30:57 Gateway/temperature 20.0
06:31:07 Temperature Sensor Gateway 20.0
Gateway sending update to database
06:31:07 Gateway/temperature 20.0
06:31:17 Temperature Sensor Gateway 20.0
Gateway sending update to database
06:31:17 Gateway/temperature 20.0
Gateway sending update to database
06:31:27 Temperature Sensor Gateway 20.0
06:31:27 Gateway/temperature 20.0
Gateway sending update to database
06:31:37 Temperature Sensor Gateway 20.0
06:31:37 Gateway/temperature 20.0
Gateway sending update to database
06:31:47 Temperature Sensor Gateway 20.0
06:31:47 Gateway/temperature 20.0
06:31:57 Temperature Sensor Gateway 20.0
Gateway sending update to database
06:31:57 Gateway/temperature 20.0
06:32:07 Temperature Sensor Gateway 20.0
Gateway sending update to database
06:32:07 Gateway/temperature 20.0
Gateway sending update to database
06:32:17 Temperature Sensor Gateway 20.0
06:32:17 Gateway/temperature 20.0
Gateway sending update to database
06:32:27 Temperature Sensor Gateway 20.0
06:32:27 Gateway/temperature 20.0
Gateway sending update to database
06:32:37 Temperature Sensor Gateway 20.0
06:32:37 Gateway/temperature 20.0
Gateway sending update to database
06:32:47 Temperature Sensor Gateway 20.0
06:32:47 Gateway/temperature 20.0
06:32:57 Temperature Sensor Gateway 20.0
Gateway sending update to database
06:32:57 Gateway/temperature 20.0
Gateway sending update to database
06:33:07 Temperature Sensor Gateway 20.0
06:33:07 Gateway/temperature 20.0
06:33:17 Temperature Sensor Gateway 20.0
Gateway sending update to database
06:33:17 Gateway/temperature 20.0
Gateway sending update to database
06:33:27 Temperature Sensor Gateway 20.0
06:33:27 Gateway/temperature 20.0
Gateway sending update to database
06:33:37 Temperature Sensor Gateway 20.0
06:33:41 Gateway/temperature 20.0
Gateway sending update to database
06:33:47 Gateway/temperature 20.0
06:33:47 Temperature Sensor Gateway 20.0
06:33:57 Temperature Sensor Gateway 20.0
Gateway sending update to database
06:33:58 Gateway/temperature 20.0
Gateway sending update to database
06:34:07 Temperature Sensor Gateway 20.0
06:34:07 Gateway/temperature 20.0
Gateway sending update to database
06:34:17 Temperature Sensor Gateway 20.0
06:34:17 Gateway/temperature 20.0
06:34:27 Temperature Sensor Gateway 20.0
Gateway sending update to database
06:34:27 Gateway/temperature 20.0
Gateway sending update to database
06:34:37 Temperature Sensor Gateway 20.0
06:34:37 Gateway/temperature 20.0
06:34:47 Temperature Sensor Gateway 20.0
Gateway sending update to database
06:34:47 Gateway/temperature 20.0
06:34:57 Temperature Sensor Gateway 20.0
Gateway sending update to database
06:34:57 Gateway/temperature 20.0
Gateway sending update to database
06:35:07 Temperature Sensor Gateway 20.0
06:35:07 Gateway/temperature 20.0
06:35:17 Temperature Sensor Gateway 20.0
Gateway sending update to database
06:35:17 Gateway/temperature 20.0
06:35:27 Temperature Sensor Gateway 20.0
Gateway sending update to database
06:35:27 Gateway/temperature 20.0
06:35:37 Temperature Sensor Gateway 20.0
Gateway sending update to database
06:35:37 Gateway/temperature 20.0
Gateway sending update to database
06:35:47 Temperature Sensor Gateway 20.0
06:35:47 Gateway/temperature 20.0
Gateway sending update to database
06:35:57 Temperature Sensor Gateway 20.0
06:35:57 Gateway/temperature 20.0
Gateway sending update to database
06:36:07 Temperature Sensor Gateway 20.0
06:36:07 Gateway/temperature 20.0
Gateway sending update to database
06:36:17 Temperature Sensor Gateway 20.0
06:36:17 Gateway/temperature 20.0
06:36:27 Temperature Sensor Gateway 20.0
Gateway sending update to database
06:36:27 Gateway/temperature 20.0
06:36:37 Temperature Sensor Gateway 20.0
Gateway sending update to database
06:36:37 Gateway/temperature 20.0
06:36:47 Temperature Sensor Gateway 20.0
Gateway sending update to database
06:36:47 Gateway/temperature 20.0
06:36:57 Temperature Sensor Gateway 20.0
Gateway sending update to database
06:36:57 Gateway/temperature 20.0
Gateway sending update to database
06:37:07 Temperature Sensor Gateway 20.0
06:37:07 Gateway/temperature 20.0
06:37:17 Temperature Sensor Gateway 20.0
Gateway sending update to database
06:37:17 Gateway/temperature 20.0
06:37:27 Temperature Sensor Gateway 20.0
Gateway sending update to database
06:37:27 Gateway/temperature 20.0
06:37:37 Temperature Sensor Gateway 20.0
Gateway sending update to database
06:37:37 Gateway/temperature 20.0
Gateway sending update to database
06:37:47 Temperature Sensor Gateway 20.0
06:37:47 Gateway/temperature 20.0
06:37:57 Temperature Sensor Gateway 20.0
Gateway sending update to database
06:37:57 Gateway/temperature 20.0
06:38:07 Temperature Sensor Gateway 20.0
Gateway sending update to database
06:38:07 Gateway/temperature 20.0
Gateway sending update to database
06:38:17 Temperature Sensor Gateway 20.0
06:38:17 Gateway/temperature 20.0
Gateway sending update to database
06:38:27 Temperature Sensor Gateway 20.0
06:38:27 Gateway/temperature 20.0
Gateway sending update to database
06:38:37 Temperature Sensor Gateway 20.0
06:38:37 Gateway/temperature 20.0
Gateway sending update to database
06:38:47 Temperature Sensor Gateway 20.0
06:38:47 Gateway/temperature 20.0
06:38:57 Temperature Sensor Gateway 20.0
Gateway sending update to database
06:38:57 Gateway/temperature 20.0
Gateway sending update to database
06:39:07 Temperature Sensor Gateway 20.0
06:39:07 Gateway/temperature 20.0
Gateway sending update to database
06:39:17 Temperature Sensor Gateway 20.0
06:39:17 Gateway/temperature 20.0
Gateway sending update to database
06:39:27 Temperature Sensor Gateway 20.0
06:39:27 Gateway/temperature 20.0
06:39:37 Temperature Sensor Gateway 20.0
Gateway sending update to database
06:39:37 Gateway/temperature 20.0
Gateway sending update to database
06:39:47 Temperature Sensor Gateway 20.0
06:39:47 Gateway/temperature 20.0
06:39:57 Temperature Sensor Gateway 20.0
Gateway sending update to database
06:39:57 Gateway/temperature 20.0
06:40:07 Temperature Sensor Gateway 20.0
Gateway sending update to database
06:40:07 Gateway/temperature 20.0
Gateway sending update to database
06:40:17 Temperature Sensor Gateway 20.0
06:40:17 Gateway/temperature 20.0
Gateway sending update to database
06:40:27 Temperature Sensor Gateway 20.0
06:40:27 Gateway/temperature 20.0
Gateway sending update to database
06:40:37 Temperature Sensor Gateway 20.0
06:40:37 Gateway/temperature 20.0
Gateway sending update to database
06:40:47 Temperature Sensor Gateway 20.0
06:40:47 Gateway/temperature 20.0
06:40:57 Temperature Sensor Gateway 20.0
Gateway sending update to database
06:40:57 Gateway/temperature 20.0
Gateway sending update to database
06:41:07 Temperature Sensor Gateway 20.0
06:41:07 Gateway/temperature 20.0
06:41:17 Temperature Sensor Gateway 20.0
Gateway sending update to database
06:41:17 Gateway/temperature 20.0
06:41:27 Temperature Sensor Gateway 20.0
Gateway sending update to database
06:41:27 Gateway/temperature 20.0
Gateway sending update to database
06:41:37 Temperature Sensor Gateway 20.0
06:41:37 Gateway/temperature 20.0
Gateway sending update to database
06:41:47 Temperature Sensor Gateway 20.0
06:41:47 Gateway/temperature 20.0
Gateway sending update to database
06:41:57 Temperature Sensor Gateway 20.0
06:41:57 Gateway/temperature 20.0
Gateway sending update to database
06:42:07 Temperature Sensor Gateway 20.0
06:42:07 Gateway/temperature 20.0
Gateway sending update to database
06:42:17 Temperature Sensor Gateway 20.0
06:42:17 Gateway/temperature 20.0
Gateway sending update to database
06:42:27 Temperature Sensor Gateway 20.0
06:42:27 Gateway/temperature 20.0
06:42:37 Temperature Sensor Gateway 20.0
Gateway sending update to database
06:42:37 Gateway/temperature 20.0
Gateway sending update to database
06:42:47 Temperature Sensor Gateway 20.0
06:42:47 Gateway/temperature 20.0
06:42:57 Temperature Sensor Gateway 20.0
Gateway sending update to database
06:42:57 Gateway/temperature 20.0
Gateway sending update to database
06:43:07 Temperature Sensor Gateway 20.0
06:43:07 Gateway/temperature 20.0
06:43:17 Temperature Sensor Gateway 20.0
Gateway sending update to database
06:43:17 Gateway/temperature 20.0
06:43:27 Temperature Sensor Gateway 20.0
Gateway sending update to database
06:43:27 Gateway/temperature 20.0
06:43:37 Temperature Sensor Gateway 20.0
Gateway sending update to database
06:43:37 Gateway/temperature 20.0
06:43:47 Temperature Sensor Gateway 20.0
Gateway sending update to database
06:43:47 Gateway/temperature 20.0
06:43:57 Temperature Sensor Gateway 20.0
Gateway sending update to database
06:43:57 Gateway/temperature 20.0
06:44:07 Temperature Sensor Gateway 20.0
Gateway sending update to database
06:44:07 Gateway/temperature 20.0
Gateway sending update to database
06:44:17 Temperature Sensor Gateway 20.0
06:44:17 Gateway/temperature 20.0
06:44:27 Temperature Sensor Gateway 20.0
Gateway sending update to database
06:44:27 Gateway/temperature 20.0
06:44:37 Temperature Sensor Gateway 20.0
Gateway sending update to database
06:44:37 Gateway/temperature 20.0
06:44:47 Temperature Sensor Gateway 20.0
Gateway sending update to database
06:44:47 Gateway/temperature 20.0
06:44:57 Temperature Sensor Gateway 20.0
Gateway sending update to database
06:44:57 Gateway/temperature 20.0
06:45:07 Temperature Sensor Gateway 20.0
Gateway sending update to database
06:45:07 Gateway/temperature 20.0
Gateway sending update to database
06:45:17 Temperature Sensor Gateway 20.0
06:45:17 Gateway/temperature 20.0
06:45:27 Temperature Sensor Gateway 20.0
Gateway sending update to database
06:45:27 Gateway/temperature 20.0
06:45:37 Temperature Sensor Gateway 20.0
Gateway sending update to database
06:45:37 Gateway/temperature 20.0
Gateway sending update to database
06:45:47 Temperature Sensor Gateway 20.0
06:45:49 Gateway/temperature 20.0
Gateway sending update to database
06:45:57 Temperature Sensor Gateway 20.0
06:45:57 Gateway/temperature 20.0
06:46:07 Temperature Sensor Gateway 20.0
Gateway sending update to database
06:46:07 Gateway/temperature 20.0
06:46:17 Temperature Sensor Gateway 20.0
Gateway sending update to database
06:46:17 Gateway/temperature 20.0
06:46:27 Temperature Sensor Gateway 20.0
Gateway sending update to database
06:46:27 Gateway/temperature 20.0
06:46:37 Temperature Sensor Gateway 20.0
Gateway sending update to database
06:46:37 Gateway/temperature 20.0
Gateway sending update to database
06:46:47 Temperature Sensor Gateway 20.0
06:46:47 Gateway/temperature 20.0
06:46:57 Temperature Sensor Gateway 20.0
Gateway sending update to database
06:46:57 Gateway/temperature 20.0
06:47:07 Temperature Sensor Gateway 20.0
Gateway sending update to database
06:47:07 Gateway/temperature 20.0
06:47:17 Temperature Sensor Gateway 20.0
Gateway sending update to database
06:47:17 Gateway/temperature 20.0
Gateway sending update to database
06:47:27 Temperature Sensor Gateway 20.0
06:47:27 Gateway/temperature 20.0
06:47:37 Temperature Sensor Gateway 20.0
Gateway sending update to database
06:47:37 Gateway/temperature 20.0
06:47:47 Temperature Sensor Gateway 20.0
Gateway sending update to database
06:47:47 Gateway/temperature 20.0
06:47:57 Temperature Sensor Gateway 20.0
Gateway sending update to database
06:47:57 Gateway/temperature 20.0
06:48:07 Temperature Sensor Gateway 20.0
Gateway sending update to database
06:48:07 Gateway/temperature 20.0
06:48:17 Temperature Sensor Gateway 20.0
Gateway sending update to database
06:48:17 Gateway/temperature 20.0
Gateway sending update to database
06:48:28 Gateway/temperature 20.0
06:48:27 Temperature Sensor Gateway 20.0
06:48:37 Temperature Sensor Gateway 20.0
Gateway sending update to database
06:48:37 Gateway/temperature 20.0
06:48:47 Temperature Sensor Gateway 20.0
Gateway sending update to database
06:48:47 Gateway/temperature 20.0
Gateway sending update to database
06:48:57 Temperature Sensor Gateway 20.0
06:48:57 Gateway/temperature 20.0
06:49:07 Temperature Sensor Gateway 20.0
Gateway sending update to database
06:49:07 Gateway/temperature 20.0
Gateway sending update to database
06:49:17 Temperature Sensor Gateway 20.0
06:49:17 Gateway/temperature 20.0
06:49:27 Temperature Sensor Gateway 20.0
Gateway sending update to database
06:49:27 Gateway/temperature 20.0
Gateway sending update to database
06:49:37 Temperature Sensor Gateway 20.0
06:49:37 Gateway/temperature 20.0
06:49:47 Temperature Sensor Gateway 20.0
Gateway sending update to database
06:49:47 Gateway/temperature 20.0
06:49:57 Temperature Sensor Gateway 20.0
Gateway sending update to database
06:49:57 Gateway/temperature 20.0
Gateway sending update to database
06:50:07 Temperature Sensor Gateway 20.0
06:50:07 Gateway/temperature 20.0
06:50:17 Temperature Sensor Gateway 20.0
Gateway sending update to database
06:50:17 Gateway/temperature 20.0
06:50:27 Temperature Sensor Gateway 20.0
Gateway sending update to database
06:50:27 Gateway/temperature 20.0
06:50:37 Temperature Sensor Gateway 20.0
Gateway sending update to database
06:50:37 Gateway/temperature 20.0
06:50:47 Temperature Sensor Gateway 20.0
Gateway sending update to database
06:50:47 Gateway/temperature 20.0
06:50:57 Temperature Sensor Gateway 20.0
Gateway sending update to database
06:50:57 Gateway/temperature 20.0
06:51:07 Temperature Sensor Gateway 20.0
Gateway sending update to database
06:51:07 Gateway/temperature 20.0
06:51:17 Temperature Sensor Gateway 20.0
Gateway sending update to database
06:51:17 Gateway/temperature 20.0
06:51:27 Temperature Sensor Gateway 20.0
Gateway sending update to database
06:51:27 Gateway/temperature 20.0
Gateway sending update to database
06:51:37 Temperature Sensor Gateway 20.0
06:51:37 Gateway/temperature 20.0
06:51:47 Temperature Sensor Gateway 20.0
Gateway sending update to database
06:51:47 Gateway/temperature 20.0
06:51:57 Temperature Sensor Gateway 20.0
Gateway sending update to database
06:51:57 Gateway/temperature 20.0
06:52:07 Temperature Sensor Gateway 20.0
Gateway sending update to database
06:52:07 Gateway/temperature 20.0
06:52:17 Temperature Sensor Gateway 20.0
Gateway sending update to database
06:52:17 Gateway/temperature 20.0
06:52:27 Temperature Sensor Gateway 20.0
Gateway sending update to database
06:52:27 Gateway/temperature 20.0
06:52:37 Temperature Sensor Gateway 20.0
Gateway sending update to database
06:52:37 Gateway/temperature 20.0
Gateway sending update to database
06:52:47 Temperature Sensor Gateway 20.0
06:52:47 Gateway/temperature 20.0
Gateway sending update to database
06:52:57 Temperature Sensor Gateway 20.0
06:52:57 Gateway/temperature 20.0
Gateway sending update to database
06:53:07 Temperature Sensor Gateway 20.0
06:53:09 Gateway/temperature 20.0
Gateway sending update to database
06:53:17 Temperature Sensor Gateway 20.0
06:53:17 Gateway/temperature 20.0
Gateway sending update to database
06:53:27 Temperature Sensor Gateway 20.0
06:53:27 Gateway/temperature 20.0
06:53:37 Temperature Sensor Gateway 20.0
Gateway sending update to database
06:53:37 Gateway/temperature 20.0
06:53:47 Temperature Sensor Gateway 20.0
Gateway sending update to database
06:53:47 Gateway/temperature 20.0
06:53:57 Temperature Sensor Gateway 20.0
Gateway sending update to database
06:53:58 Gateway/temperature 20.0
06:54:07 Temperature Sensor Gateway 20.0
Gateway sending update to database
06:54:09 Gateway/temperature 20.0
06:54:17 Temperature Sensor Gateway 20.0
Gateway sending update to database
06:54:21 Gateway/temperature 20.0
06:54:27 Temperature Sensor Gateway 20.0
Gateway sending update to database
06:54:28 Gateway/temperature 20.0
06:54:37 Temperature Sensor Gateway 20.0
Gateway sending update to database
06:54:38 Gateway/temperature 20.0
06:54:47 Temperature Sensor Gateway 20.0
Gateway sending update to database
06:54:47 Gateway/temperature 20.0
06:54:57 Temperature Sensor Gateway 20.0
Gateway sending update to database
06:54:57 Gateway/temperature 20.0
06:55:07 Temperature Sensor Gateway 20.0
Gateway sending update to database
06:55:07 Gateway/temperature 20.0
Gateway sending update to database
06:55:17 Temperature Sensor Gateway 20.0
06:55:17 Gateway/temperature 20.0
06:55:27 Temperature Sensor Gateway 20.0
Gateway sending update to database
06:55:27 Gateway/temperature 20.0
06:55:37 Temperature Sensor Gateway 20.0
Gateway sending update to database
06:55:37 Gateway/temperature 20.0
06:55:47 Temperature Sensor Gateway 20.0
Gateway sending update to database
06:55:47 Gateway/temperature 20.0
06:55:57 Temperature Sensor Gateway 20.0
Gateway sending update to database
06:55:57 Gateway/temperature 20.0
06:56:07 Temperature Sensor Gateway 20.0
Gateway sending update to database
06:56:07 Gateway/temperature 20.0
06:56:17 Temperature Sensor Gateway 20.0
Gateway sending update to database
06:56:17 Gateway/temperature 20.0
06:56:27 Temperature Sensor Gateway 20.0
Gateway sending update to database
06:56:27 Gateway/temperature 20.0
06:56:37 Temperature Sensor Gateway 20.0
Gateway sending update to database
06:56:37 Gateway/temperature 20.0
06:56:47 Temperature Sensor Gateway 20.0
Gateway sending update to database
06:56:47 Gateway/temperature 20.0
06:56:57 Temperature Sensor Gateway 20.0
Gateway sending update to database
06:56:57 Gateway/temperature 20.0
Gateway sending update to database
06:57:07 Temperature Sensor Gateway 20.0
06:57:07 Gateway/temperature 20.0
06:57:17 Temperature Sensor Gateway 20.0
Gateway sending update to database
06:57:17 Gateway/temperature 20.0
06:57:27 Temperature Sensor Gateway 20.0
Gateway sending update to database
06:57:27 Gateway/temperature 20.0
Gateway sending update to database
06:57:37 Temperature Sensor Gateway 20.0
06:57:37 Gateway/temperature 20.0
06:57:47 Temperature Sensor Gateway 20.0
Gateway sending update to database
06:57:47 Gateway/temperature 20.0
06:57:57 Temperature Sensor Gateway 20.0
Gateway sending update to database
06:57:57 Gateway/temperature 20.0
06:58:07 Temperature Sensor Gateway 20.0
Gateway sending update to database
06:58:07 Gateway/temperature 20.0
06:58:17 Temperature Sensor Gateway 20.0
Gateway sending update to database
06:58:17 Gateway/temperature 20.0
06:58:27 Temperature Sensor Gateway 20.0
Gateway sending update to database
06:58:27 Gateway/temperature 20.0
06:58:37 Temperature Sensor Gateway 20.0
Gateway sending update to database
06:58:37 Gateway/temperature 20.0
06:58:47 Temperature Sensor Gateway 20.0
Gateway sending update to database
06:58:47 Gateway/temperature 20.0
06:58:57 Temperature Sensor Gateway 20.0
Gateway sending update to database
06:58:57 Gateway/temperature 20.0
06:59:07 Temperature Sensor Gateway 20.0
Gateway sending update to database
06:59:07 Gateway/temperature 20.0
06:59:17 Temperature Sensor Gateway 20.0
Gateway sending update to database
06:59:17 Gateway/temperature 20.0
06:59:27 Temperature Sensor Gateway 20.0
Gateway sending update to database
06:59:27 Gateway/temperature 20.0
Gateway sending update to database
06:59:37 Temperature Sensor Gateway 20.0
06:59:37 Gateway/temperature 20.0
06:59:47 Temperature Sensor Gateway 20.0
Gateway sending update to database
06:59:47 Gateway/temperature 20.0
06:59:57 Temperature Sensor Gateway 20.0
Gateway sending update to database
06:59:57 Gateway/temperature 20.0
07:00:07 Temperature Sensor Gateway 20.0
Gateway sending update to database
07:00:07 Gateway/temperature 20.0
07:00:17 Temperature Sensor Gateway 20.0
Gateway sending update to database
07:00:17 Gateway/temperature 20.0
07:00:27 Temperature Sensor Gateway 20.0
Gateway sending update to database
07:00:27 Gateway/temperature 20.0
Gateway sending update to database
07:00:37 Temperature Sensor Gateway 20.0
07:00:37 Gateway/temperature 20.0
Gateway sending update to database
07:00:47 Temperature Sensor Gateway 20.0
07:00:47 Gateway/temperature 20.0
07:00:57 Temperature Sensor Gateway 20.0
Gateway sending update to database
07:00:57 Gateway/temperature 20.0
07:01:07 Temperature Sensor Gateway 20.0
Gateway sending update to database
07:01:07 Gateway/temperature 20.0
07:01:17 Temperature Sensor Gateway 20.0
Gateway sending update to database
07:01:17 Gateway/temperature 20.0
07:01:27 Temperature Sensor Gateway 20.0
Gateway sending update to database
07:01:27 Gateway/temperature 20.0
07:01:37 Temperature Sensor Gateway 20.0
Gateway sending update to database
07:01:37 Gateway/temperature 20.0
07:01:47 Temperature Sensor Gateway 20.0
Gateway sending update to database
07:01:47 Gateway/temperature 20.0
Gateway sending update to database
07:01:57 Temperature Sensor Gateway 20.0
07:01:57 Gateway/temperature 20.0
07:02:07 Temperature Sensor Gateway 20.0
Gateway sending update to database
07:02:07 Gateway/temperature 20.0
07:02:17 Temperature Sensor Gateway 20.0
Gateway sending update to database
07:02:17 Gateway/temperature 20.0
07:02:27 Temperature Sensor Gateway 20.0
Gateway sending update to database
07:02:27 Gateway/temperature 20.0
07:02:37 Temperature Sensor Gateway 20.0
Gateway sending update to database
07:02:37 Gateway/temperature 20.0
07:02:47 Temperature Sensor Gateway 20.0
Gateway sending update to database
07:02:47 Gateway/temperature 20.0
07:02:57 Temperature Sensor Gateway 20.0
Gateway sending update to database
07:02:57 Gateway/temperature 20.0
07:03:07 Temperature Sensor Gateway 20.0
Gateway sending update to database
07:03:07 Gateway/temperature 20.0
07:03:17 Temperature Sensor Gateway 20.0
Gateway sending update to database
07:03:17 Gateway/temperature 20.0
07:03:27 Temperature Sensor Gateway 20.0
Gateway sending update to database
07:03:27 Gateway/temperature 20.0
07:03:37 Temperature Sensor Gateway 20.0
Gateway sending update to database
07:03:37 Gateway/temperature 20.0
07:03:47 Temperature Sensor Gateway 20.0
Gateway sending update to database
07:03:47 Gateway/temperature 20.0
07:03:57 Temperature Sensor Gateway 20.0
Gateway sending update to database
07:03:57 Gateway/temperature 20.0
07:04:07 Temperature Sensor Gateway 20.0
Gateway sending update to database
07:04:10 Gateway/temperature 20.0
07:04:17 Temperature Sensor Gateway 20.0
Gateway sending update to database
07:04:17 Gateway/temperature 20.0
07:04:27 Temperature Sensor Gateway 20.0
Gateway sending update to database
07:04:27 Gateway/temperature 20.0
07:04:37 Temperature Sensor Gateway 20.0
Gateway sending update to database
07:04:37 Gateway/temperature 20.0
07:04:47 Temperature Sensor Gateway 20.0
Gateway sending update to database
07:04:47 Gateway/temperature 20.0
07:04:57 Temperature Sensor Gateway 20.0
Gateway sending update to database
07:04:57 Gateway/temperature 20.0
07:05:07 Temperature Sensor Gateway 20.0
Gateway sending update to database
07:05:10 Gateway/temperature 20.0
Gateway sending update to database
07:05:17 Temperature Sensor Gateway 20.0
07:05:17 Gateway/temperature 20.0
07:05:27 Temperature Sensor Gateway 20.0
Gateway sending update to database
07:05:27 Gateway/temperature 20.0
Gateway sending update to database
07:05:37 Temperature Sensor Gateway 20.0
07:05:37 Gateway/temperature 20.0
Gateway sending update to database
07:05:47 Temperature Sensor Gateway 20.0
07:05:48 Gateway/temperature 20.0
07:05:57 Temperature Sensor Gateway 20.0
Gateway sending update to database
07:05:57 Gateway/temperature 20.0
07:06:07 Temperature Sensor Gateway 20.0
Gateway sending update to database
07:06:07 Gateway/temperature 20.0
07:06:17 Temperature Sensor Gateway 20.0
Gateway sending update to database
07:06:17 Gateway/temperature 20.0
07:06:27 Temperature Sensor Gateway 20.0
Gateway sending update to database
07:06:27 Gateway/temperature 20.0
07:06:37 Temperature Sensor Gateway 20.0
Gateway sending update to database
07:06:37 Gateway/temperature 20.0
Gateway sending update to database
07:06:47 Temperature Sensor Gateway 20.0
07:06:49 Gateway/temperature 20.0
07:06:57 Temperature Sensor Gateway 20.0
Gateway sending update to database
07:06:57 Gateway/temperature 20.0
07:07:07 Temperature Sensor Gateway 20.0
Gateway sending update to database
07:07:07 Gateway/temperature 20.0
Gateway sending update to database
07:07:17 Temperature Sensor Gateway 20.0
07:07:17 Gateway/temperature 20.0
07:07:27 Temperature Sensor Gateway 20.0
Gateway sending update to database
07:07:27 Gateway/temperature 20.0
07:07:37 Temperature Sensor Gateway 20.0
Gateway sending update to database
07:07:37 Gateway/temperature 20.0
07:07:47 Temperature Sensor Gateway 20.0
Gateway sending update to database
07:07:47 Gateway/temperature 20.0
07:07:57 Temperature Sensor Gateway 20.0
Gateway sending update to database
07:07:57 Gateway/temperature 20.0
Gateway sending update to database
07:08:07 Temperature Sensor Gateway 20.0
07:08:07 Gateway/temperature 20.0
07:08:17 Temperature Sensor Gateway 20.0
Gateway sending update to database
07:08:18 Gateway/temperature 20.0
07:08:27 Temperature Sensor Gateway 20.0
Gateway sending update to database
07:08:27 Gateway/temperature 20.0
Gateway sending update to database
07:08:37 Temperature Sensor Gateway 20.0
07:08:40 Gateway/temperature 20.0
07:08:47 Temperature Sensor Gateway 20.0
Gateway sending update to database
07:08:52 Gateway/temperature 20.0
07:08:57 Temperature Sensor Gateway 20.0
Gateway sending update to database
07:08:57 Gateway/temperature 20.0
07:09:07 Temperature Sensor Gateway 20.0
Gateway sending update to database
07:09:07 Gateway/temperature 20.0
07:09:17 Temperature Sensor Gateway 20.0
Gateway sending update to database
07:09:17 Gateway/temperature 20.0
07:09:27 Temperature Sensor Gateway 20.0
Gateway sending update to database
07:09:27 Gateway/temperature 20.0
Gateway sending update to database
07:09:37 Temperature Sensor Gateway 20.0
07:09:37 Gateway/temperature 20.0
Gateway sending update to database
07:09:47 Temperature Sensor Gateway 20.0
07:09:47 Gateway/temperature 20.0
07:09:57 Temperature Sensor Gateway 20.0
Gateway sending update to database
07:09:57 Gateway/temperature 20.0
07:10:07 Temperature Sensor Gateway 20.0
Gateway sending update to database
07:10:07 Gateway/temperature 20.0
07:10:17 Temperature Sensor Gateway 20.0
Gateway sending update to database
07:10:17 Gateway/temperature 20.0
07:10:27 Temperature Sensor Gateway 20.0
Gateway sending update to database
07:10:27 Gateway/temperature 20.0
Gateway sending update to database
07:10:37 Temperature Sensor Gateway 20.0
07:10:37 Gateway/temperature 20.0
07:10:47 Temperature Sensor Gateway 20.0
Gateway sending update to database
07:10:47 Gateway/temperature 20.0
Gateway sending update to database
07:10:57 Temperature Sensor Gateway 20.0
07:10:57 Gateway/temperature 20.0
Gateway sending update to database
07:11:07 Temperature Sensor Gateway 20.0
07:11:07 Gateway/temperature 20.0
07:11:17 Temperature Sensor Gateway 20.0
Gateway sending update to database
07:11:17 Gateway/temperature 20.0
07:11:27 Temperature Sensor Gateway 20.0
Gateway sending update to database
07:11:27 Gateway/temperature 20.0
07:11:37 Temperature Sensor Gateway 20.0
Gateway sending update to database
07:11:37 Gateway/temperature 20.0
Gateway sending update to database
07:11:47 Temperature Sensor Gateway 20.0
07:11:47 Gateway/temperature 20.0
Gateway sending update to database
07:11:57 Temperature Sensor Gateway 20.0
07:11:57 Gateway/temperature 20.0
Gateway sending update to database
07:12:07 Temperature Sensor Gateway 20.0
07:12:07 Gateway/temperature 20.0
Gateway sending update to database
07:12:17 Temperature Sensor Gateway 20.0
07:12:17 Gateway/temperature 20.0
Gateway sending update to database
07:12:27 Temperature Sensor Gateway 20.0
07:12:27 Gateway/temperature 20.0
07:12:37 Temperature Sensor Gateway 20.0
Gateway sending update to database
07:12:37 Gateway/temperature 20.0
07:12:47 Temperature Sensor Gateway 20.0
Gateway sending update to database
07:12:47 Gateway/temperature 20.0
07:12:57 Temperature Sensor Gateway 20.0
Gateway sending update to database
07:12:57 Gateway/temperature 20.0
Gateway sending update to database
07:13:07 Temperature Sensor Gateway 20.0
07:13:07 Gateway/temperature 20.0
07:13:17 Temperature Sensor Gateway 20.0
Gateway sending update to database
07:13:17 Gateway/temperature 20.0
Gateway sending update to database
07:13:27 Temperature Sensor Gateway 20.0
07:13:27 Gateway/temperature 20.0
Gateway sending update to database
07:13:37 Temperature Sensor Gateway 20.0
07:13:37 Gateway/temperature 20.0
07:13:47 Temperature Sensor Gateway 20.0
Gateway sending update to database
07:13:47 Gateway/temperature 20.0
07:13:57 Temperature Sensor Gateway 20.0
Gateway sending update to database
07:13:57 Gateway/temperature 20.0
Gateway sending update to database
07:14:07 Temperature Sensor Gateway 20.0
07:14:07 Gateway/temperature 20.0
Gateway sending update to database
07:14:17 Temperature Sensor Gateway 20.0
07:14:17 Gateway/temperature 20.0
07:14:27 Temperature Sensor Gateway 20.0
Gateway sending update to database
07:14:27 Gateway/temperature 20.0
07:14:37 Temperature Sensor Gateway 20.0
Gateway sending update to database
07:14:37 Gateway/temperature 20.0
Gateway sending update to database
07:14:47 Temperature Sensor Gateway 20.0
07:14:47 Gateway/temperature 20.0
Gateway sending update to database
07:14:57 Temperature Sensor Gateway 20.0
07:14:57 Gateway/temperature 20.0
Gateway sending update to database
07:15:07 Temperature Sensor Gateway 20.0
07:15:07 Gateway/temperature 20.0
07:15:17 Temperature Sensor Gateway 20.0
Gateway sending update to database
07:15:17 Gateway/temperature 20.0
Gateway sending update to database
07:15:27 Temperature Sensor Gateway 20.0
07:15:27 Gateway/temperature 20.0
Gateway sending update to database
07:15:37 Temperature Sensor Gateway 20.0
07:15:37 Gateway/temperature 20.0
07:15:47 Temperature Sensor Gateway 20.0
Gateway sending update to database
07:15:47 Gateway/temperature 20.0
Gateway sending update to database
07:15:57 Temperature Sensor Gateway 20.0
07:15:57 Gateway/temperature 20.0
Gateway sending update to database
07:16:07 Temperature Sensor Gateway 20.0
07:16:07 Gateway/temperature 20.0
Gateway sending update to database
07:16:17 Temperature Sensor Gateway 20.0
07:16:17 Gateway/temperature 20.0
Gateway sending update to database
07:16:27 Temperature Sensor Gateway 20.0
07:16:27 Gateway/temperature 20.0
Gateway sending update to database
07:16:37 Temperature Sensor Gateway 20.0
07:16:37 Gateway/temperature 20.0
07:16:47 Temperature Sensor Gateway 20.0
Gateway sending update to database
07:16:47 Gateway/temperature 20.0
Gateway sending update to database
07:16:57 Temperature Sensor Gateway 20.0
07:16:57 Gateway/temperature 20.0
07:17:07 Temperature Sensor Gateway 20.0
Gateway sending update to database
07:17:07 Gateway/temperature 20.0
Gateway sending update to database
07:17:17 Temperature Sensor Gateway 20.0
07:17:17 Gateway/temperature 20.0
07:17:27 Temperature Sensor Gateway 20.0
Gateway sending update to database
07:17:27 Gateway/temperature 20.0
Gateway sending update to database
07:17:37 Temperature Sensor Gateway 20.0
07:17:37 Gateway/temperature 20.0
Gateway sending update to database
07:17:47 Temperature Sensor Gateway 20.0
07:17:47 Gateway/temperature 20.0
07:17:57 Temperature Sensor Gateway 20.0
Gateway sending update to database
07:17:57 Gateway/temperature 20.0
Gateway sending update to database
07:18:07 Temperature Sensor Gateway 20.0
07:18:07 Gateway/temperature 20.0
Gateway sending update to database
07:18:17 Temperature Sensor Gateway 20.0
07:18:17 Gateway/temperature 20.0
Gateway sending update to database
07:18:27 Temperature Sensor Gateway 20.0
07:18:27 Gateway/temperature 20.0
07:18:37 Temperature Sensor Gateway 20.0
Gateway sending update to database
07:18:37 Gateway/temperature 20.0
Gateway sending update to database
07:18:47 Temperature Sensor Gateway 20.0
07:18:47 Gateway/temperature 20.0
Gateway sending update to database
07:18:57 Temperature Sensor Gateway 20.0
07:18:57 Gateway/temperature 20.0
Gateway sending update to database
07:19:07 Temperature Sensor Gateway 20.0
07:19:07 Gateway/temperature 20.0
Gateway sending update to database
07:19:17 Temperature Sensor Gateway 20.0
07:19:17 Gateway/temperature 20.0
Gateway sending update to database
07:19:27 Temperature Sensor Gateway 20.0
07:19:27 Gateway/temperature 20.0
Gateway sending update to database
07:19:37 Temperature Sensor Gateway 20.0
07:19:37 Gateway/temperature 20.0
07:19:47 Temperature Sensor Gateway 20.0
Gateway sending update to database
07:19:47 Gateway/temperature 20.0
Gateway sending update to database
07:19:57 Temperature Sensor Gateway 20.0
07:19:57 Gateway/temperature 20.0
07:20:07 Temperature Sensor Gateway 20.0
Gateway sending update to database
07:20:07 Gateway/temperature 20.0
Gateway sending update to database
07:20:17 Temperature Sensor Gateway 20.0
07:20:17 Gateway/temperature 20.0
Gateway sending update to database
07:20:27 Temperature Sensor Gateway 20.0
07:20:27 Gateway/temperature 20.0
Gateway sending update to database
07:20:37 Temperature Sensor Gateway 20.0
07:20:37 Gateway/temperature 20.0
07:20:47 Temperature Sensor Gateway 20.0
Gateway sending update to database
07:20:47 Gateway/temperature 20.0
07:20:57 Temperature Sensor Gateway 20.0
Gateway sending update to database
07:20:57 Gateway/temperature 20.0
Gateway sending update to database
07:21:07 Temperature Sensor Gateway 20.0
07:21:07 Gateway/temperature 20.0
Gateway sending update to database
07:21:17 Temperature Sensor Gateway 20.0
07:21:17 Gateway/temperature 20.0
Gateway sending update to database
07:21:27 Temperature Sensor Gateway 20.0
07:21:27 Gateway/temperature 20.0
Gateway sending update to database
07:21:37 Temperature Sensor Gateway 20.0
07:21:37 Gateway/temperature 20.0
07:21:47 Temperature Sensor Gateway 20.0
Gateway sending update to database
07:21:47 Gateway/temperature 20.0
Gateway sending update to database
07:21:57 Temperature Sensor Gateway 20.0
07:21:57 Gateway/temperature 20.0
07:22:07 Temperature Sensor Gateway 20.0
Gateway sending update to database
07:22:07 Gateway/temperature 20.0
07:22:17 Temperature Sensor Gateway 20.0
Gateway sending update to database
07:22:17 Gateway/temperature 20.0
07:22:27 Temperature Sensor Gateway 20.0
Gateway sending update to database
07:22:27 Gateway/temperature 20.0
07:22:37 Temperature Sensor Gateway 20.0
Gateway sending update to database
07:22:37 Gateway/temperature 20.0
Gateway sending update to database
07:22:47 Temperature Sensor Gateway 20.0
07:22:47 Gateway/temperature 20.0
Gateway sending update to database
07:22:57 Temperature Sensor Gateway 20.0
07:22:57 Gateway/temperature 20.0
Gateway sending update to database
07:23:07 Temperature Sensor Gateway 20.0
07:23:07 Gateway/temperature 20.0
07:23:17 Temperature Sensor Gateway 20.0
Gateway sending update to database
07:23:17 Gateway/temperature 20.0
07:23:27 Temperature Sensor Gateway 20.0
Gateway sending update to database
07:23:27 Gateway/temperature 20.0
Gateway sending update to database
07:23:37 Temperature Sensor Gateway 20.0
07:23:37 Gateway/temperature 20.0
07:23:47 Temperature Sensor Gateway 20.0
Gateway sending update to database
07:23:47 Gateway/temperature 20.0
Gateway sending update to database
07:23:57 Temperature Sensor Gateway 20.0
07:23:57 Gateway/temperature 20.0
07:24:07 Temperature Sensor Gateway 20.0
Gateway sending update to database
07:24:07 Gateway/temperature 20.0
Gateway sending update to database
07:24:17 Temperature Sensor Gateway 20.0
07:24:17 Gateway/temperature 20.0
07:24:27 Temperature Sensor Gateway 20.0
Gateway sending update to database
07:24:27 Gateway/temperature 20.0
07:24:37 Temperature Sensor Gateway 20.0
Gateway sending update to database
07:24:37 Gateway/temperature 20.0
Gateway sending update to database
07:24:47 Temperature Sensor Gateway 20.0
07:24:47 Gateway/temperature 20.0
07:24:57 Temperature Sensor Gateway 20.0
Gateway sending update to database
07:24:57 Gateway/temperature 20.0
Gateway sending update to database
07:25:07 Temperature Sensor Gateway 20.0
07:25:07 Gateway/temperature 20.0
Gateway sending update to database
07:25:17 Temperature Sensor Gateway 20.0
07:25:17 Gateway/temperature 20.0
Gateway sending update to database
07:25:27 Temperature Sensor Gateway 20.0
07:25:27 Gateway/temperature 20.0
Gateway sending update to database
07:25:37 Temperature Sensor Gateway 20.0
07:25:37 Gateway/temperature 20.0
Gateway sending update to database
07:25:47 Temperature Sensor Gateway 20.0
07:25:47 Gateway/temperature 20.0
Gateway sending update to database
07:25:57 Temperature Sensor Gateway 20.0
07:25:57 Gateway/temperature 20.0
Gateway sending update to database
07:26:07 Temperature Sensor Gateway 20.0
07:26:07 Gateway/temperature 20.0
Gateway sending update to database
07:26:17 Temperature Sensor Gateway 20.0
07:26:17 Gateway/temperature 20.0
07:26:27 Temperature Sensor Gateway 20.0
Gateway sending update to database
07:26:27 Gateway/temperature 20.0
Gateway sending update to database
07:26:37 Temperature Sensor Gateway 20.0
07:26:37 Gateway/temperature 20.0
07:26:47 Temperature Sensor Gateway 20.0
Gateway sending update to database
07:26:47 Gateway/temperature 20.0
07:26:57 Temperature Sensor Gateway 20.0
Gateway sending update to database
07:26:57 Gateway/temperature 20.0
Gateway sending update to database
07:27:07 Temperature Sensor Gateway 20.0
07:27:07 Gateway/temperature 20.0
07:27:17 Temperature Sensor Gateway 20.0
Gateway sending update to database
07:27:17 Gateway/temperature 20.0
Gateway sending update to database
07:27:27 Temperature Sensor Gateway 20.0
07:27:27 Gateway/temperature 20.0
Gateway sending update to database
07:27:37 Temperature Sensor Gateway 20.0
07:27:37 Gateway/temperature 20.0
Gateway sending update to database
07:27:47 Temperature Sensor Gateway 20.0
07:27:47 Gateway/temperature 20.0
Gateway sending update to database
07:27:57 Gateway/temperature 20.0
07:27:57 Temperature Sensor Gateway 20.0
07:28:07 Temperature Sensor Gateway 20.0
Gateway sending update to database
07:28:07 Gateway/temperature 20.0
Gateway sending update to database
07:28:17 Temperature Sensor Gateway 20.0
07:28:17 Gateway/temperature 20.0
07:28:27 Temperature Sensor Gateway 20.0
Gateway sending update to database
07:28:27 Gateway/temperature 20.0
07:28:37 Temperature Sensor Gateway 20.0
Gateway sending update to database
07:28:37 Gateway/temperature 20.0
Gateway sending update to database
07:28:47 Temperature Sensor Gateway 20.0
07:28:47 Gateway/temperature 20.0
07:28:57 Temperature Sensor Gateway 20.0
Gateway sending update to database
07:28:57 Gateway/temperature 20.0
Gateway sending update to database
07:29:07 Temperature Sensor Gateway 20.0
07:29:07 Gateway/temperature 20.0
Gateway sending update to database
07:29:17 Temperature Sensor Gateway 20.0
07:29:17 Gateway/temperature 20.0
07:29:27 Temperature Sensor Gateway 20.0
Gateway sending update to database
07:29:27 Gateway/temperature 20.0
07:29:37 Temperature Sensor Gateway 20.0
Gateway sending update to database
07:29:37 Gateway/temperature 20.0
07:29:47 Temperature Sensor Gateway 20.0
Gateway sending update to database
07:29:47 Gateway/temperature 20.0
Gateway sending update to database
07:29:57 Temperature Sensor Gateway 20.0
07:29:57 Gateway/temperature 20.0
Gateway sending update to database
07:30:07 Temperature Sensor Gateway 20.0
07:30:07 Gateway/temperature 20.0
07:30:17 Temperature Sensor Gateway 20.0
Gateway sending update to database
07:30:17 Gateway/temperature 20.0
Gateway sending update to database
07:30:27 Temperature Sensor Gateway 20.0
07:30:27 Gateway/temperature 20.0
Gateway sending update to database
07:30:37 Temperature Sensor Gateway 20.0
07:30:37 Gateway/temperature 20.0
Gateway sending update to database
07:30:47 Temperature Sensor Gateway 20.0
07:30:47 Gateway/temperature 20.0
Gateway sending update to database
07:30:57 Temperature Sensor Gateway 20.0
07:30:57 Gateway/temperature 20.0
07:31:07 Temperature Sensor Gateway 20.0
Gateway sending update to database
07:31:07 Gateway/temperature 20.0
07:31:17 Temperature Sensor Gateway 20.0
Gateway sending update to database
07:31:17 Gateway/temperature 20.0
07:31:27 Temperature Sensor Gateway 20.0
Gateway sending update to database
07:31:27 Gateway/temperature 20.0
Gateway sending update to database
07:31:37 Temperature Sensor Gateway 20.0
07:31:37 Gateway/temperature 20.0
Gateway sending update to database
07:31:47 Temperature Sensor Gateway 20.0
07:31:47 Gateway/temperature 20.0
Gateway sending update to database
07:31:57 Temperature Sensor Gateway 20.0
07:31:57 Gateway/temperature 20.0
07:32:07 Temperature Sensor Gateway 20.0
Gateway sending update to database
07:32:07 Gateway/temperature 20.0
Gateway sending update to database
07:32:17 Temperature Sensor Gateway 20.0
07:32:17 Gateway/temperature 20.0
Gateway sending update to database
07:32:27 Temperature Sensor Gateway 20.0
07:32:27 Gateway/temperature 20.0
Gateway sending update to database
07:32:37 Temperature Sensor Gateway 20.0
07:32:37 Gateway/temperature 20.0
07:32:47 Temperature Sensor Gateway 20.0
Gateway sending update to database
07:32:47 Gateway/temperature 20.0
Gateway sending update to database
07:32:57 Temperature Sensor Gateway 20.0
07:32:57 Gateway/temperature 20.0
Gateway sending update to database
07:33:07 Temperature Sensor Gateway 20.0
07:33:07 Gateway/temperature 20.0
Gateway sending update to database
07:33:17 Temperature Sensor Gateway 20.0
07:33:17 Gateway/temperature 20.0
Gateway sending update to database
07:33:27 Temperature Sensor Gateway 20.0
07:33:27 Gateway/temperature 20.0
07:33:37 Temperature Sensor Gateway 20.0
Gateway sending update to database
07:33:37 Gateway/temperature 20.0
Gateway sending update to database
07:33:47 Temperature Sensor Gateway 20.0
07:33:47 Gateway/temperature 20.0
Gateway sending update to database
07:33:57 Temperature Sensor Gateway 20.0
07:33:57 Gateway/temperature 20.0
Gateway sending update to database
07:34:07 Temperature Sensor Gateway 20.0
07:34:07 Gateway/temperature 20.0
Gateway sending update to database
07:34:17 Temperature Sensor Gateway 20.0
07:34:17 Gateway/temperature 20.0
07:34:27 Temperature Sensor Gateway 20.0
Gateway sending update to database
07:34:27 Gateway/temperature 20.0
07:34:37 Temperature Sensor Gateway 20.0
Gateway sending update to database
07:34:37 Gateway/temperature 20.0
07:34:47 Temperature Sensor Gateway 20.0
Gateway sending update to database
07:34:47 Gateway/temperature 20.0
Gateway sending update to database
07:34:57 Temperature Sensor Gateway 20.0
07:34:57 Gateway/temperature 20.0
Gateway sending update to database
07:35:07 Temperature Sensor Gateway 20.0
07:35:07 Gateway/temperature 20.0
07:35:17 Temperature Sensor Gateway 20.0
Gateway sending update to database
07:35:17 Gateway/temperature 20.0
07:35:27 Temperature Sensor Gateway 20.0
Gateway sending update to database
07:35:27 Gateway/temperature 20.0
07:35:37 Temperature Sensor Gateway 20.0
Gateway sending update to database
07:35:37 Gateway/temperature 20.0
07:35:47 Temperature Sensor Gateway 20.0
Gateway sending update to database
07:35:47 Gateway/temperature 20.0
Gateway sending update to database
07:35:57 Temperature Sensor Gateway 20.0
07:35:57 Gateway/temperature 20.0
07:36:07 Temperature Sensor Gateway 20.0
Gateway sending update to database
07:36:07 Gateway/temperature 20.0
Gateway sending update to database
07:36:17 Gateway/temperature 20.0
07:36:17 Temperature Sensor Gateway 20.0
07:36:27 Temperature Sensor Gateway 20.0
Gateway sending update to database
07:36:27 Gateway/temperature 20.0
Gateway sending update to database
07:36:37 Temperature Sensor Gateway 20.0
07:36:37 Gateway/temperature 20.0
Gateway sending update to database
07:36:47 Temperature Sensor Gateway 20.0
07:36:47 Gateway/temperature 20.0
Gateway sending update to database
07:36:57 Temperature Sensor Gateway 20.0
07:36:57 Gateway/temperature 20.0
Gateway sending update to database
07:37:07 Temperature Sensor Gateway 20.0
07:37:07 Gateway/temperature 20.0
Gateway sending update to database
07:37:17 Temperature Sensor Gateway 20.0
07:37:17 Gateway/temperature 20.0
07:37:27 Temperature Sensor Gateway 20.0
Gateway sending update to database
07:37:27 Gateway/temperature 20.0
Gateway sending update to database
07:37:37 Temperature Sensor Gateway 20.0
07:37:37 Gateway/temperature 20.0
Gateway sending update to database
07:37:47 Temperature Sensor Gateway 20.0
07:37:47 Gateway/temperature 20.0
Gateway sending update to database
07:37:57 Temperature Sensor Gateway 20.0
07:37:57 Gateway/temperature 20.0
Gateway sending update to database
07:38:07 Temperature Sensor Gateway 20.0
07:38:07 Gateway/temperature 20.0
07:38:17 Temperature Sensor Gateway 20.0
Gateway sending update to database
07:38:17 Gateway/temperature 20.0
Gateway sending update to database
07:38:27 Temperature Sensor Gateway 20.0
07:38:27 Gateway/temperature 20.0
Gateway sending update to database
07:38:37 Temperature Sensor Gateway 20.0
07:38:37 Gateway/temperature 20.0
07:38:47 Temperature Sensor Gateway 20.0
Gateway sending update to database
07:38:47 Gateway/temperature 20.0
Gateway sending update to database
07:38:57 Temperature Sensor Gateway 20.0
07:38:57 Gateway/temperature 20.0
Gateway sending update to database
07:39:07 Temperature Sensor Gateway 20.0
07:39:07 Gateway/temperature 20.0
Gateway sending update to database
07:39:17 Temperature Sensor Gateway 20.0
07:39:17 Gateway/temperature 20.0
Gateway sending update to database
07:39:27 Temperature Sensor Gateway 20.0
07:39:27 Gateway/temperature 20.0
Gateway sending update to database
07:39:37 Temperature Sensor Gateway 20.0
07:39:37 Gateway/temperature 20.0
07:39:47 Temperature Sensor Gateway 20.0
Gateway sending update to database
07:39:47 Gateway/temperature 20.0
Gateway sending update to database
07:39:57 Temperature Sensor Gateway 20.0
07:39:57 Gateway/temperature 20.0
Gateway sending update to database
07:40:07 Temperature Sensor Gateway 20.0
07:40:07 Gateway/temperature 20.0
Gateway sending update to database
07:40:17 Temperature Sensor Gateway 20.0
07:40:17 Gateway/temperature 20.0
Gateway sending update to database
07:40:27 Temperature Sensor Gateway 20.0
07:40:27 Gateway/temperature 20.0
Gateway sending update to database
07:40:37 Temperature Sensor Gateway 20.0
07:40:37 Gateway/temperature 20.0
Gateway sending update to database
07:40:47 Temperature Sensor Gateway 20.0
07:40:47 Gateway/temperature 20.0
Gateway sending update to database
07:40:57 Temperature Sensor Gateway 20.0
07:40:57 Gateway/temperature 20.0
07:41:07 Temperature Sensor Gateway 20.0
Gateway sending update to database
07:41:07 Gateway/temperature 20.0
07:41:17 Temperature Sensor Gateway 20.0
Gateway sending update to database
07:41:17 Gateway/temperature 20.0
07:41:27 Temperature Sensor Gateway 20.0
Gateway sending update to database
07:41:27 Gateway/temperature 20.0
Gateway sending update to database
07:41:37 Temperature Sensor Gateway 20.0
07:41:37 Gateway/temperature 20.0
Gateway sending update to database
07:41:47 Temperature Sensor Gateway 20.0
07:41:47 Gateway/temperature 20.0
Gateway sending update to database
07:41:57 Temperature Sensor Gateway 20.0
07:41:57 Gateway/temperature 20.0
Gateway sending update to database
07:42:07 Temperature Sensor Gateway 20.0
07:42:07 Gateway/temperature 20.0
07:42:17 Temperature Sensor Gateway 20.0
Gateway sending update to database
07:42:17 Gateway/temperature 20.0
07:42:27 Temperature Sensor Gateway 20.0
Gateway sending update to database
07:42:27 Gateway/temperature 20.0
07:42:37 Temperature Sensor Gateway 20.0
Gateway sending update to database
07:42:37 Gateway/temperature 20.0
Gateway sending update to database
07:42:47 Temperature Sensor Gateway 20.0
07:42:47 Gateway/temperature 20.0
Gateway sending update to database
07:42:57 Temperature Sensor Gateway 20.0
07:42:57 Gateway/temperature 20.0
07:43:07 Temperature Sensor Gateway 20.0
Gateway sending update to database
07:43:07 Gateway/temperature 20.0
Gateway sending update to database
07:43:17 Gateway/temperature 20.0
07:43:17 Temperature Sensor Gateway 20.0
07:43:27 Temperature Sensor Gateway 20.0
Gateway sending update to database
07:43:27 Gateway/temperature 20.0
Gateway sending update to database
07:43:37 Temperature Sensor Gateway 20.0
07:43:37 Gateway/temperature 20.0
Gateway sending update to database
07:43:47 Temperature Sensor Gateway 20.0
07:43:47 Gateway/temperature 20.0
07:43:57 Temperature Sensor Gateway 20.0
Gateway sending update to database
07:43:57 Gateway/temperature 20.0
Gateway sending update to database
07:44:07 Temperature Sensor Gateway 20.0
07:44:07 Gateway/temperature 20.0
Gateway sending update to database
07:44:17 Temperature Sensor Gateway 20.0
07:44:17 Gateway/temperature 20.0
Gateway sending update to database
07:44:27 Temperature Sensor Gateway 20.0
07:44:27 Gateway/temperature 20.0
07:44:37 Temperature Sensor Gateway 20.0
Gateway sending update to database
07:44:37 Gateway/temperature 20.0
Gateway sending update to database
07:44:47 Temperature Sensor Gateway 20.0
07:44:47 Gateway/temperature 20.0
Gateway sending update to database
07:44:57 Temperature Sensor Gateway 20.0
07:44:57 Gateway/temperature 20.0
Gateway sending update to database
07:45:07 Temperature Sensor Gateway 20.0
07:45:07 Gateway/temperature 20.0
Gateway sending update to database
07:45:17 Temperature Sensor Gateway 20.0
07:45:17 Gateway/temperature 20.0
07:45:27 Temperature Sensor Gateway 20.0
Gateway sending update to database
07:45:27 Gateway/temperature 20.0
Gateway sending update to database
07:45:37 Temperature Sensor Gateway 20.0
07:45:37 Gateway/temperature 20.0
07:45:47 Temperature Sensor Gateway 20.0
Gateway sending update to database
07:45:47 Gateway/temperature 20.0
Gateway sending update to database
07:45:57 Temperature Sensor Gateway 20.0
07:45:57 Gateway/temperature 20.0
Gateway sending update to database
07:46:07 Temperature Sensor Gateway 20.0
07:46:07 Gateway/temperature 20.0
Gateway sending update to database
07:46:17 Temperature Sensor Gateway 20.0
07:46:17 Gateway/temperature 20.0
Gateway sending update to database
07:46:27 Temperature Sensor Gateway 20.0
07:46:27 Gateway/temperature 20.0
Gateway sending update to database
07:46:37 Temperature Sensor Gateway 20.0
07:46:37 Gateway/temperature 20.0
Gateway sending update to database
07:46:47 Temperature Sensor Gateway 20.0
07:46:47 Gateway/temperature 20.0
Gateway sending update to database
07:46:57 Temperature Sensor Gateway 20.0
07:46:57 Gateway/temperature 20.0
Gateway sending update to database
07:47:07 Temperature Sensor Gateway 20.0
07:47:07 Gateway/temperature 20.0
07:47:17 Temperature Sensor Gateway 20.0
Gateway sending update to database
07:47:17 Gateway/temperature 20.0
Gateway sending update to database
07:47:27 Temperature Sensor Gateway 20.0
07:47:27 Gateway/temperature 20.0
Gateway sending update to database
07:47:37 Temperature Sensor Gateway 20.0
07:47:37 Gateway/temperature 20.0
07:47:47 Temperature Sensor Gateway 20.0
Gateway sending update to database
07:47:47 Gateway/temperature 20.0
Gateway sending update to database
07:47:57 Temperature Sensor Gateway 20.0
07:47:57 Gateway/temperature 20.0
Gateway sending update to database
07:48:07 Temperature Sensor Gateway 20.0
07:48:07 Gateway/temperature 20.0
07:48:17 Temperature Sensor Gateway 20.0
Gateway sending update to database
07:48:17 Gateway/temperature 20.0
Gateway sending update to database
07:48:27 Temperature Sensor Gateway 20.0
07:48:27 Gateway/temperature 20.0
Gateway sending update to database
07:48:37 Temperature Sensor Gateway 20.0
07:48:37 Gateway/temperature 20.0
Gateway sending update to database
07:48:47 Temperature Sensor Gateway 20.0
07:48:47 Gateway/temperature 20.0
07:48:57 Temperature Sensor Gateway 20.0
Gateway sending update to database
07:48:57 Gateway/temperature 20.0
Gateway sending update to database
07:49:07 Temperature Sensor Gateway 20.0
07:49:07 Gateway/temperature 20.0
Gateway sending update to database
07:49:17 Temperature Sensor Gateway 20.0
07:49:17 Gateway/temperature 20.0
Gateway sending update to database
07:49:27 Temperature Sensor Gateway 20.0
07:49:27 Gateway/temperature 20.0
07:49:37 Temperature Sensor Gateway 20.0
Gateway sending update to database
07:49:37 Gateway/temperature 20.0
07:49:47 Temperature Sensor Gateway 20.0
Gateway sending update to database
07:49:47 Gateway/temperature 20.0
Gateway sending update to database
07:49:57 Temperature Sensor Gateway 20.0
07:49:57 Gateway/temperature 20.0
07:50:07 Temperature Sensor Gateway 20.0
Gateway sending update to database
07:50:07 Gateway/temperature 20.0
Gateway sending update to database
07:50:17 Temperature Sensor Gateway 20.0
07:50:17 Gateway/temperature 20.0
Gateway sending update to database
07:50:27 Temperature Sensor Gateway 20.0
07:50:27 Gateway/temperature 20.0
Gateway sending update to database
07:50:37 Temperature Sensor Gateway 20.0
07:50:37 Gateway/temperature 20.0
07:50:47 Temperature Sensor Gateway 20.0
Gateway sending update to database
07:50:47 Gateway/temperature 20.0
07:50:57 Temperature Sensor Gateway 20.0
Gateway sending update to database
07:50:57 Gateway/temperature 20.0
Gateway sending update to database
07:51:07 Temperature Sensor Gateway 20.0
07:51:07 Gateway/temperature 20.0
Gateway sending update to database
07:51:17 Temperature Sensor Gateway 20.0
07:51:17 Gateway/temperature 20.0
Gateway sending update to database
07:51:27 Temperature Sensor Gateway 20.0
07:51:27 Gateway/temperature 20.0
07:51:37 Temperature Sensor Gateway 20.0
Gateway sending update to database
07:51:37 Gateway/temperature 20.0
07:51:47 Temperature Sensor Gateway 20.0
Gateway sending update to database
07:51:47 Gateway/temperature 20.0
Gateway sending update to database
07:51:57 Temperature Sensor Gateway 20.0
07:51:57 Gateway/temperature 20.0
Gateway sending update to database
07:52:07 Temperature Sensor Gateway 20.0
07:52:07 Gateway/temperature 20.0
Gateway sending update to database
07:52:17 Temperature Sensor Gateway 20.0
07:52:17 Gateway/temperature 20.0
07:52:27 Temperature Sensor Gateway 20.0
Gateway sending update to database
07:52:27 Gateway/temperature 20.0
Gateway sending update to database
07:52:37 Temperature Sensor Gateway 20.0
07:52:37 Gateway/temperature 20.0
07:52:47 Temperature Sensor Gateway 20.0
Gateway sending update to database
07:52:47 Gateway/temperature 20.0
Gateway sending update to database
07:52:57 Temperature Sensor Gateway 20.0
07:52:57 Gateway/temperature 20.0
Gateway sending update to database
07:53:07 Temperature Sensor Gateway 20.0
07:53:07 Gateway/temperature 20.0
Gateway sending update to database
07:53:17 Temperature Sensor Gateway 20.0
07:53:17 Gateway/temperature 20.0
Gateway sending update to database
07:53:27 Temperature Sensor Gateway 20.0
07:53:27 Gateway/temperature 20.0
Gateway sending update to database
07:53:37 Temperature Sensor Gateway 20.0
07:53:37 Gateway/temperature 20.0
Gateway sending update to database
07:53:47 Temperature Sensor Gateway 20.0
07:53:47 Gateway/temperature 20.0
07:53:57 Temperature Sensor Gateway 20.0
Gateway sending update to database
07:53:57 Gateway/temperature 20.0
Gateway sending update to database
07:54:07 Temperature Sensor Gateway 20.0
07:54:07 Gateway/temperature 20.0
Gateway sending update to database
07:54:17 Temperature Sensor Gateway 20.0
07:54:17 Gateway/temperature 20.0
Gateway sending update to database
07:54:27 Temperature Sensor Gateway 20.0
07:54:27 Gateway/temperature 20.0
Gateway sending update to database
07:54:37 Temperature Sensor Gateway 20.0
07:54:37 Gateway/temperature 20.0
Gateway sending update to database
07:54:47 Temperature Sensor Gateway 20.0
07:54:47 Gateway/temperature 20.0
Gateway sending update to database
07:54:57 Temperature Sensor Gateway 20.0
07:54:57 Gateway/temperature 20.0
07:55:07 Temperature Sensor Gateway 20.0
Gateway sending update to database
07:55:07 Gateway/temperature 20.0
Gateway sending update to database
07:55:17 Temperature Sensor Gateway 20.0
07:55:17 Gateway/temperature 20.0
Gateway sending update to database
07:55:27 Temperature Sensor Gateway 20.0
07:55:27 Gateway/temperature 20.0
Gateway sending update to database
07:55:37 Temperature Sensor Gateway 20.0
07:55:37 Gateway/temperature 20.0
Gateway sending update to database
07:55:47 Temperature Sensor Gateway 20.0
07:55:47 Gateway/temperature 20.0
Gateway sending update to database
07:55:57 Temperature Sensor Gateway 20.0
07:55:57 Gateway/temperature 20.0
07:56:07 Temperature Sensor Gateway 20.0
Gateway sending update to database
07:56:07 Gateway/temperature 20.0
Gateway sending update to database
07:56:17 Temperature Sensor Gateway 20.0
07:56:17 Gateway/temperature 20.0
07:56:27 Temperature Sensor Gateway 20.0
Gateway sending update to database
07:56:27 Gateway/temperature 20.0
Gateway sending update to database
07:56:37 Temperature Sensor Gateway 20.0
07:56:37 Gateway/temperature 20.0
Gateway sending update to database
07:56:47 Temperature Sensor Gateway 20.0
07:56:47 Gateway/temperature 20.0
Gateway sending update to database
07:56:57 Temperature Sensor Gateway 20.0
07:56:57 Gateway/temperature 20.0
Gateway sending update to database
07:57:07 Temperature Sensor Gateway 20.0
07:57:07 Gateway/temperature 20.0
07:57:17 Temperature Sensor Gateway 20.0
Gateway sending update to database
07:57:17 Gateway/temperature 20.0
Gateway sending update to database
07:57:27 Temperature Sensor Gateway 20.0
07:57:27 Gateway/temperature 20.0
Gateway sending update to database
07:57:37 Temperature Sensor Gateway 20.0
07:57:37 Gateway/temperature 20.0
Gateway sending update to database
07:57:47 Temperature Sensor Gateway 20.0
07:57:47 Gateway/temperature 20.0
Gateway sending update to database
07:57:57 Temperature Sensor Gateway 20.0
07:57:57 Gateway/temperature 20.0
Gateway sending update to database
07:58:07 Temperature Sensor Gateway 20.0
07:58:07 Gateway/temperature 20.0
Gateway sending update to database
07:58:17 Temperature Sensor Gateway 20.0
07:58:17 Gateway/temperature 20.0
Gateway sending update to database
07:58:27 Temperature Sensor Gateway 20.0
07:58:27 Gateway/temperature 20.0
Gateway sending update to database
07:58:37 Temperature Sensor Gateway 20.0
07:58:37 Gateway/temperature 20.0
Gateway sending update to database
07:58:47 Temperature Sensor Gateway 20.0
07:58:47 Gateway/temperature 20.0
Gateway sending update to database
07:58:57 Temperature Sensor Gateway 20.0
07:58:57 Gateway/temperature 20.0
07:59:07 Temperature Sensor Gateway 20.0
Gateway sending update to database
07:59:07 Gateway/temperature 20.0
07:59:17 Temperature Sensor Gateway 20.0
Gateway sending update to database
07:59:17 Gateway/temperature 20.0
07:59:27 Temperature Sensor Gateway 20.0
Gateway sending update to database
07:59:27 Gateway/temperature 20.0
07:59:37 Temperature Sensor Gateway 20.0
Gateway sending update to database
07:59:37 Gateway/temperature 20.0
Gateway sending update to database
07:59:47 Temperature Sensor Gateway 20.0
07:59:47 Gateway/temperature 20.0
Gateway sending update to database
07:59:57 Temperature Sensor Gateway 20.0
07:59:57 Gateway/temperature 20.0
08:00:07 Temperature Sensor Gateway 20.0
Gateway sending update to database
08:00:07 Gateway/temperature 20.0
08:00:17 Temperature Sensor Gateway 20.0
Gateway sending update to database
08:00:17 Gateway/temperature 20.0
08:00:27 Temperature Sensor Gateway 20.0
Gateway sending update to database
08:00:27 Gateway/temperature 20.0
08:00:37 Temperature Sensor Gateway 20.0
Gateway sending update to database
08:00:37 Gateway/temperature 20.0
Gateway sending update to database
08:00:47 Temperature Sensor Gateway 20.0
08:00:47 Gateway/temperature 20.0
Gateway sending update to database
08:00:57 Temperature Sensor Gateway 20.0
08:00:57 Gateway/temperature 20.0
08:01:07 Temperature Sensor Gateway 20.0
Gateway sending update to database
08:01:07 Gateway/temperature 20.0
08:01:17 Temperature Sensor Gateway 20.0
Gateway sending update to database
08:01:17 Gateway/temperature 20.0
Gateway sending update to database
08:01:27 Temperature Sensor Gateway 20.0
08:01:27 Gateway/temperature 20.0
08:01:37 Temperature Sensor Gateway 20.0
Gateway sending update to database
08:01:37 Gateway/temperature 20.0
Gateway sending update to database
08:01:47 Temperature Sensor Gateway 20.0
08:01:47 Gateway/temperature 20.0
08:01:57 Temperature Sensor Gateway 20.0
Gateway sending update to database
08:01:57 Gateway/temperature 20.0
08:02:07 Temperature Sensor Gateway 20.0
Gateway sending update to database
08:02:07 Gateway/temperature 20.0
Gateway sending update to database
08:02:17 Temperature Sensor Gateway 20.0
08:02:17 Gateway/temperature 20.0
08:02:27 Temperature Sensor Gateway 20.0
Gateway sending update to database
08:02:27 Gateway/temperature 20.0
Gateway sending update to database
08:02:37 Temperature Sensor Gateway 20.0
08:02:37 Gateway/temperature 20.0
08:02:47 Temperature Sensor Gateway 20.0
Gateway sending update to database
08:02:47 Gateway/temperature 20.0
Gateway sending update to database
08:02:57 Temperature Sensor Gateway 20.0
08:02:57 Gateway/temperature 20.0
Gateway sending update to database
08:03:07 Temperature Sensor Gateway 20.0
08:03:07 Gateway/temperature 20.0
Gateway sending update to database
08:03:17 Temperature Sensor Gateway 20.0
08:03:17 Gateway/temperature 20.0
Gateway sending update to database
08:03:27 Gateway/temperature 20.0
08:03:27 Temperature Sensor Gateway 20.0
Gateway sending update to database
08:03:37 Temperature Sensor Gateway 20.0
08:03:37 Gateway/temperature 20.0
08:03:47 Temperature Sensor Gateway 20.0
Gateway sending update to database
08:03:47 Gateway/temperature 20.0
08:03:57 Temperature Sensor Gateway 20.0
Gateway sending update to database
08:03:57 Gateway/temperature 20.0
08:04:07 Temperature Sensor Gateway 20.0
Gateway sending update to database
08:04:07 Gateway/temperature 20.0
08:04:17 Temperature Sensor Gateway 20.0
Gateway sending update to database
08:04:17 Gateway/temperature 20.0
08:04:27 Temperature Sensor Gateway 20.0
Gateway sending update to database
08:04:27 Gateway/temperature 20.0
Gateway sending update to database
08:04:37 Temperature Sensor Gateway 20.0
08:04:37 Gateway/temperature 20.0
Gateway sending update to database
08:04:47 Gateway/temperature 20.0
08:04:47 Temperature Sensor Gateway 20.0
Gateway sending update to database
08:04:57 Temperature Sensor Gateway 20.0
08:04:57 Gateway/temperature 20.0
08:05:07 Temperature Sensor Gateway 20.0
Gateway sending update to database
08:05:07 Gateway/temperature 20.0
08:05:17 Temperature Sensor Gateway 20.0
Gateway sending update to database
08:05:17 Gateway/temperature 20.0
Gateway sending update to database
08:05:27 Temperature Sensor Gateway 20.0
08:05:27 Gateway/temperature 20.0
08:05:37 Temperature Sensor Gateway 20.0
Gateway sending update to database
08:05:37 Gateway/temperature 20.0
08:05:47 Temperature Sensor Gateway 20.0
Gateway sending update to database
08:05:47 Gateway/temperature 20.0
08:05:57 Temperature Sensor Gateway 20.0
Gateway sending update to database
08:05:57 Gateway/temperature 20.0
08:06:07 Temperature Sensor Gateway 20.0
Gateway sending update to database
08:06:07 Gateway/temperature 20.0
Gateway sending update to database
08:06:17 Gateway/temperature 20.0
08:06:17 Temperature Sensor Gateway 20.0
08:06:27 Temperature Sensor Gateway 20.0
Gateway sending update to database
08:06:27 Gateway/temperature 20.0
Gateway sending update to database
08:06:37 Temperature Sensor Gateway 20.0
08:06:37 Gateway/temperature 20.0
08:06:47 Temperature Sensor Gateway 20.0
Gateway sending update to database
08:06:47 Gateway/temperature 20.0
08:06:57 Temperature Sensor Gateway 20.0
Gateway sending update to database
08:06:57 Gateway/temperature 20.0
Gateway sending update to database
08:07:07 Temperature Sensor Gateway 20.0
08:07:07 Gateway/temperature 20.0
Gateway sending update to database
08:07:17 Temperature Sensor Gateway 20.0
08:07:17 Gateway/temperature 20.0
Gateway sending update to database
08:07:27 Temperature Sensor Gateway 20.0
08:07:27 Gateway/temperature 20.0
08:07:37 Temperature Sensor Gateway 20.0
Gateway sending update to database
08:07:37 Gateway/temperature 20.0
Gateway sending update to database
08:07:47 Temperature Sensor Gateway 20.0
08:07:47 Gateway/temperature 20.0
08:07:57 Temperature Sensor Gateway 20.0
Gateway sending update to database
08:07:57 Gateway/temperature 20.0
08:08:07 Temperature Sensor Gateway 20.0
Gateway sending update to database
08:08:07 Gateway/temperature 20.0
08:08:17 Temperature Sensor Gateway 20.0
Gateway sending update to database
08:08:17 Gateway/temperature 20.0
08:08:27 Temperature Sensor Gateway 20.0
Gateway sending update to database
08:08:27 Gateway/temperature 20.0
Gateway sending update to database
08:08:37 Gateway/temperature 20.0
08:08:37 Temperature Sensor Gateway 20.0
Gateway sending update to database
08:08:47 Temperature Sensor Gateway 20.0
08:08:47 Gateway/temperature 20.0
08:08:57 Temperature Sensor Gateway 20.0
Gateway sending update to database
08:08:57 Gateway/temperature 20.0
Gateway sending update to database
08:09:07 Temperature Sensor Gateway 20.0
08:09:07 Gateway/temperature 20.0
Gateway sending update to database
08:09:17 Temperature Sensor Gateway 20.0
08:09:17 Gateway/temperature 20.0
Gateway sending update to database
08:09:27 Temperature Sensor Gateway 20.0
08:09:27 Gateway/temperature 20.0
08:09:37 Temperature Sensor Gateway 20.0
Gateway sending update to database
08:09:37 Gateway/temperature 20.0
Gateway sending update to database
08:09:47 Temperature Sensor Gateway 20.0
08:09:47 Gateway/temperature 20.0
08:09:57 Temperature Sensor Gateway 20.0
Gateway sending update to database
08:09:57 Gateway/temperature 20.0
Gateway sending update to database
08:10:07 Temperature Sensor Gateway 20.0
08:10:07 Gateway/temperature 20.0
Gateway sending update to database
08:10:17 Temperature Sensor Gateway 20.0
08:10:17 Gateway/temperature 20.0
Gateway sending update to database
08:10:27 Temperature Sensor Gateway 20.0
08:10:27 Gateway/temperature 20.0
08:10:37 Temperature Sensor Gateway 20.0
Gateway sending update to database
08:10:37 Gateway/temperature 20.0
Gateway sending update to database
08:10:47 Temperature Sensor Gateway 20.0
08:10:47 Gateway/temperature 20.0
08:10:57 Temperature Sensor Gateway 20.0
Gateway sending update to database
08:10:57 Gateway/temperature 20.0
08:11:07 Temperature Sensor Gateway 20.0
Gateway sending update to database
08:11:07 Gateway/temperature 20.0
08:11:17 Temperature Sensor Gateway 20.0
Gateway sending update to database
08:11:17 Gateway/temperature 20.0
Gateway sending update to database
08:11:27 Temperature Sensor Gateway 20.0
08:11:27 Gateway/temperature 20.0
Gateway sending update to database
08:11:37 Temperature Sensor Gateway 20.0
08:11:37 Gateway/temperature 20.0
08:11:47 Temperature Sensor Gateway 20.0
Gateway sending update to database
08:11:47 Gateway/temperature 20.0
Gateway sending update to database
08:11:57 Gateway/temperature 20.0
08:11:57 Temperature Sensor Gateway 20.0
08:12:07 Temperature Sensor Gateway 20.0
Gateway sending update to database
08:12:07 Gateway/temperature 20.0
Gateway sending update to database
08:12:17 Temperature Sensor Gateway 20.0
08:12:17 Gateway/temperature 20.0
Gateway sending update to database
08:12:27 Temperature Sensor Gateway 20.0
08:12:27 Gateway/temperature 20.0
08:12:37 Temperature Sensor Gateway 20.0
Gateway sending update to database
08:12:37 Gateway/temperature 20.0
Gateway sending update to database
08:12:47 Temperature Sensor Gateway 20.0
08:12:47 Gateway/temperature 20.0
Gateway sending update to database
08:12:57 Temperature Sensor Gateway 20.0
08:12:57 Gateway/temperature 20.0
Gateway sending update to database
08:13:07 Temperature Sensor Gateway 20.0
08:13:07 Gateway/temperature 20.0
Gateway sending update to database
08:13:17 Temperature Sensor Gateway 20.0
08:13:17 Gateway/temperature 20.0
08:13:27 Temperature Sensor Gateway 20.0
Gateway sending update to database
08:13:27 Gateway/temperature 20.0
Gateway sending update to database
08:13:37 Temperature Sensor Gateway 20.0
08:13:37 Gateway/temperature 20.0
08:13:47 Temperature Sensor Gateway 20.0
Gateway sending update to database
08:13:47 Gateway/temperature 20.0
Gateway sending update to database
08:13:57 Temperature Sensor Gateway 20.0
08:13:57 Gateway/temperature 20.0
08:14:07 Temperature Sensor Gateway 20.0
Gateway sending update to database
08:14:07 Gateway/temperature 20.0
Gateway sending update to database
08:14:17 Temperature Sensor Gateway 20.0
08:14:17 Gateway/temperature 20.0
Gateway sending update to database
08:14:27 Temperature Sensor Gateway 20.0
08:14:27 Gateway/temperature 20.0
Gateway sending update to database
08:14:37 Temperature Sensor Gateway 20.0
08:14:37 Gateway/temperature 20.0
Gateway sending update to database
08:14:47 Temperature Sensor Gateway 20.0
08:14:47 Gateway/temperature 20.0
Gateway sending update to database
08:14:57 Temperature Sensor Gateway 20.0
08:14:57 Gateway/temperature 20.0
Gateway sending update to database
08:15:07 Gateway/temperature 20.0
08:15:07 Temperature Sensor Gateway 20.0
Gateway sending update to database
08:15:17 Temperature Sensor Gateway 20.0
08:15:17 Gateway/temperature 20.0
Gateway sending update to database
08:15:27 Temperature Sensor Gateway 20.0
08:15:27 Gateway/temperature 20.0
Gateway sending update to database
08:15:37 Temperature Sensor Gateway 20.0
08:15:37 Gateway/temperature 20.0
Gateway sending update to database
08:15:47 Temperature Sensor Gateway 20.0
08:15:47 Gateway/temperature 20.0
Gateway sending update to database
08:15:57 Temperature Sensor Gateway 20.0
08:15:57 Gateway/temperature 20.0
08:16:07 Temperature Sensor Gateway 20.0
Gateway sending update to database
08:16:07 Gateway/temperature 20.0
08:16:17 Temperature Sensor Gateway 20.0
Gateway sending update to database
08:16:17 Gateway/temperature 20.0
08:16:27 Temperature Sensor Gateway 20.0
Gateway sending update to database
08:16:27 Gateway/temperature 20.0
Gateway sending update to database
08:16:37 Temperature Sensor Gateway 20.0
08:16:37 Gateway/temperature 20.0
Gateway sending update to database
08:16:47 Temperature Sensor Gateway 20.0
08:16:47 Gateway/temperature 20.0
Gateway sending update to database
08:16:57 Temperature Sensor Gateway 20.0
08:16:57 Gateway/temperature 20.0
08:17:07 Temperature Sensor Gateway 20.0
Gateway sending update to database
08:17:07 Gateway/temperature 20.0
Gateway sending update to database
08:17:17 Temperature Sensor Gateway 20.0
08:17:17 Gateway/temperature 20.0
Gateway sending update to database
08:17:27 Temperature Sensor Gateway 20.0
08:17:27 Gateway/temperature 20.0
Gateway sending update to database
08:17:37 Temperature Sensor Gateway 20.0
08:17:37 Gateway/temperature 20.0
Gateway sending update to database
08:17:47 Temperature Sensor Gateway 20.0
08:17:47 Gateway/temperature 20.0
Gateway sending update to database
08:17:57 Gateway/temperature 20.0
08:17:57 Temperature Sensor Gateway 20.0
Gateway sending update to database
08:18:07 Temperature Sensor Gateway 20.0
08:18:07 Gateway/temperature 20.0
08:18:17 Temperature Sensor Gateway 20.0
Gateway sending update to database
08:18:17 Gateway/temperature 20.0
08:18:27 Temperature Sensor Gateway 20.0
Gateway sending update to database
08:18:27 Gateway/temperature 20.0
Gateway sending update to database
08:18:37 Temperature Sensor Gateway 20.0
08:18:37 Gateway/temperature 20.0
08:18:47 Temperature Sensor Gateway 20.0
Gateway sending update to database
08:18:47 Gateway/temperature 20.0
Gateway sending update to database
08:18:57 Temperature Sensor Gateway 20.0
08:18:57 Gateway/temperature 20.0
Gateway sending update to database
08:19:07 Temperature Sensor Gateway 20.0
08:19:07 Gateway/temperature 20.0
08:19:17 Temperature Sensor Gateway 20.0
Gateway sending update to database
08:19:17 Gateway/temperature 20.0
08:19:27 Temperature Sensor Gateway 20.0
Gateway sending update to database
08:19:27 Gateway/temperature 20.0
Gateway sending update to database
08:19:37 Temperature Sensor Gateway 20.0
08:19:37 Gateway/temperature 20.0
08:19:47 Temperature Sensor Gateway 20.0
Gateway sending update to database
08:19:47 Gateway/temperature 20.0
08:19:57 Temperature Sensor Gateway 20.0
Gateway sending update to database
08:19:57 Gateway/temperature 20.0
08:20:07 Temperature Sensor Gateway 20.0
Gateway sending update to database
08:20:07 Gateway/temperature 20.0
08:20:17 Temperature Sensor Gateway 20.0
Gateway sending update to database
08:20:17 Gateway/temperature 20.0
08:20:27 Temperature Sensor Gateway 20.0
Gateway sending update to database
08:20:27 Gateway/temperature 20.0
Gateway sending update to database
08:20:37 Temperature Sensor Gateway 20.0
08:20:37 Gateway/temperature 20.0
08:20:47 Temperature Sensor Gateway 20.0
Gateway sending update to database
08:20:47 Gateway/temperature 20.0
08:20:57 Temperature Sensor Gateway 20.0
Gateway sending update to database
08:20:57 Gateway/temperature 20.0
Gateway sending update to database
08:21:07 Temperature Sensor Gateway 20.0
08:21:07 Gateway/temperature 20.0
Gateway sending update to database
08:21:17 Temperature Sensor Gateway 20.0
08:21:17 Gateway/temperature 20.0
Gateway sending update to database
08:21:27 Temperature Sensor Gateway 20.0
08:21:27 Gateway/temperature 20.0
Gateway sending update to database
08:21:37 Temperature Sensor Gateway 20.0
08:21:37 Gateway/temperature 20.0
Gateway sending update to database
08:21:47 Temperature Sensor Gateway 20.0
08:21:47 Gateway/temperature 20.0
Gateway sending update to database
08:21:57 Temperature Sensor Gateway 20.0
08:21:57 Gateway/temperature 20.0
Gateway sending update to database
08:22:07 Temperature Sensor Gateway 20.0
08:22:07 Gateway/temperature 20.0
Gateway sending update to database
08:22:17 Temperature Sensor Gateway 20.0
08:22:17 Gateway/temperature 20.0
08:22:27 Temperature Sensor Gateway 20.0
Gateway sending update to database
08:22:27 Gateway/temperature 20.0
Gateway sending update to database
08:22:37 Temperature Sensor Gateway 20.0
08:22:37 Gateway/temperature 20.0
Gateway sending update to database
08:22:47 Temperature Sensor Gateway 20.0
08:22:47 Gateway/temperature 20.0
Gateway sending update to database
08:22:57 Temperature Sensor Gateway 20.0
08:22:57 Gateway/temperature 20.0
Gateway sending update to database
08:23:07 Temperature Sensor Gateway 20.0
08:23:07 Gateway/temperature 20.0
Gateway sending update to database
08:23:17 Temperature Sensor Gateway 20.0
08:23:17 Gateway/temperature 20.0
08:23:27 Temperature Sensor Gateway 20.0
Gateway sending update to database
08:23:27 Gateway/temperature 20.0
08:23:37 Temperature Sensor Gateway 20.0
Gateway sending update to database
08:23:37 Gateway/temperature 20.0
Gateway sending update to database
08:23:47 Temperature Sensor Gateway 20.0
08:23:47 Gateway/temperature 20.0
Gateway sending update to database
08:23:57 Temperature Sensor Gateway 20.0
08:23:57 Gateway/temperature 20.0
Gateway sending update to database
08:24:07 Temperature Sensor Gateway 20.0
08:24:07 Gateway/temperature 20.0
08:24:17 Temperature Sensor Gateway 20.0
Gateway sending update to database
08:24:17 Gateway/temperature 20.0
08:24:27 Temperature Sensor Gateway 20.0
Gateway sending update to database
08:24:27 Gateway/temperature 20.0
08:24:37 Temperature Sensor Gateway 20.0
Gateway sending update to database
08:24:37 Gateway/temperature 20.0
08:24:47 Temperature Sensor Gateway 20.0
Gateway sending update to database
08:24:47 Gateway/temperature 20.0
08:24:57 Temperature Sensor Gateway 20.0
Gateway sending update to database
08:24:57 Gateway/temperature 20.0
08:25:07 Temperature Sensor Gateway 20.0
Gateway sending update to database
08:25:07 Gateway/temperature 20.0
08:25:17 Temperature Sensor Gateway 20.0
Gateway sending update to database
08:25:17 Gateway/temperature 20.0
08:25:27 Temperature Sensor Gateway 20.0
Gateway sending update to database
08:25:27 Gateway/temperature 20.0
Gateway sending update to database
08:25:37 Temperature Sensor Gateway 20.0
08:25:37 Gateway/temperature 20.0
08:25:47 Temperature Sensor Gateway 20.0
Gateway sending update to database
08:25:47 Gateway/temperature 20.0
08:25:57 Temperature Sensor Gateway 20.0
Gateway sending update to database
08:25:57 Gateway/temperature 20.0
Gateway sending update to database
08:26:07 Temperature Sensor Gateway 20.0
08:26:07 Gateway/temperature 20.0
08:26:17 Temperature Sensor Gateway 20.0
Gateway sending update to database
08:26:17 Gateway/temperature 20.0
08:26:27 Temperature Sensor Gateway 20.0
Gateway sending update to database
08:26:27 Gateway/temperature 20.0
08:26:37 Temperature Sensor Gateway 20.0
Gateway sending update to database
08:26:37 Gateway/temperature 20.0
08:26:47 Temperature Sensor Gateway 20.0
Gateway sending update to database
08:26:47 Gateway/temperature 20.0
08:26:57 Temperature Sensor Gateway 20.0
Gateway sending update to database
08:26:57 Gateway/temperature 20.0
08:27:07 Temperature Sensor Gateway 20.0
Gateway sending update to database
08:27:07 Gateway/temperature 20.0
08:27:17 Temperature Sensor Gateway 20.0
Gateway sending update to database
08:27:17 Gateway/temperature 20.0
Gateway sending update to database
08:27:27 Temperature Sensor Gateway 20.0
08:27:27 Gateway/temperature 20.0
08:27:37 Temperature Sensor Gateway 20.0
Gateway sending update to database
08:27:37 Gateway/temperature 20.0
08:27:47 Temperature Sensor Gateway 20.0
Gateway sending update to database
08:27:47 Gateway/temperature 20.0
08:27:57 Temperature Sensor Gateway 20.0
Gateway sending update to database
08:27:57 Gateway/temperature 20.0
Gateway sending update to database
08:28:07 Temperature Sensor Gateway 20.0
08:28:07 Gateway/temperature 20.0
08:28:17 Temperature Sensor Gateway 20.0
Gateway sending update to database
08:28:17 Gateway/temperature 20.0
08:28:27 Temperature Sensor Gateway 20.0
Gateway sending update to database
08:28:27 Gateway/temperature 20.0
08:28:37 Temperature Sensor Gateway 20.0
Gateway sending update to database
08:28:37 Gateway/temperature 20.0
Gateway sending update to database
08:28:47 Temperature Sensor Gateway 20.0
08:28:47 Gateway/temperature 20.0
08:28:57 Temperature Sensor Gateway 20.0
Gateway sending update to database
08:28:57 Gateway/temperature 20.0
Gateway sending update to database
08:29:07 Temperature Sensor Gateway 20.0
08:29:07 Gateway/temperature 20.0
08:29:17 Temperature Sensor Gateway 20.0
Gateway sending update to database
08:29:17 Gateway/temperature 20.0
08:29:27 Temperature Sensor Gateway 20.0
Gateway sending update to database
08:29:27 Gateway/temperature 20.0
08:29:37 Temperature Sensor Gateway 20.0
Gateway sending update to database
08:29:37 Gateway/temperature 20.0
Gateway sending update to database
08:29:47 Temperature Sensor Gateway 20.0
08:29:47 Gateway/temperature 20.0
Gateway sending update to database
08:29:57 Temperature Sensor Gateway 20.0
08:29:57 Gateway/temperature 20.0
Gateway sending update to database
08:30:07 Gateway/temperature 20.0
08:30:07 Temperature Sensor Gateway 20.0
08:30:17 Temperature Sensor Gateway 20.0
Gateway sending update to database
08:30:17 Gateway/temperature 20.0
Gateway sending update to database
08:30:27 Temperature Sensor Gateway 20.0
08:30:27 Gateway/temperature 20.0
08:30:37 Temperature Sensor Gateway 20.0
Gateway sending update to database
08:30:37 Gateway/temperature 20.0
Gateway sending update to database
08:30:47 Temperature Sensor Gateway 20.0
08:30:47 Gateway/temperature 20.0
08:30:57 Temperature Sensor Gateway 20.0
Gateway sending update to database
08:30:57 Gateway/temperature 20.0
08:31:07 Temperature Sensor Gateway 20.0
Gateway sending update to database
08:31:07 Gateway/temperature 20.0
08:31:17 Temperature Sensor Gateway 20.0
Gateway sending update to database
08:31:17 Gateway/temperature 20.0
Gateway sending update to database
08:31:27 Temperature Sensor Gateway 20.0
08:31:27 Gateway/temperature 20.0
08:31:37 Temperature Sensor Gateway 20.0
Gateway sending update to database
08:31:37 Gateway/temperature 20.0
08:31:47 Temperature Sensor Gateway 20.0
Gateway sending update to database
08:31:47 Gateway/temperature 20.0
Gateway sending update to database
08:31:57 Temperature Sensor Gateway 20.0
08:31:57 Gateway/temperature 20.0
08:32:07 Temperature Sensor Gateway 20.0
Gateway sending update to database
08:32:07 Gateway/temperature 20.0
Gateway sending update to database
08:32:17 Temperature Sensor Gateway 20.0
08:32:17 Gateway/temperature 20.0
08:32:27 Temperature Sensor Gateway 20.0
Gateway sending update to database
08:32:27 Gateway/temperature 20.0
Gateway sending update to database
08:32:37 Temperature Sensor Gateway 20.0
08:32:37 Gateway/temperature 20.0
08:32:47 Temperature Sensor Gateway 20.0
Gateway sending update to database
08:32:47 Gateway/temperature 20.0
08:32:57 Temperature Sensor Gateway 20.0
Gateway sending update to database
08:32:57 Gateway/temperature 20.0
Gateway sending update to database
08:33:07 Gateway/temperature 20.0
08:33:07 Temperature Sensor Gateway 20.0
Gateway sending update to database
08:33:17 Gateway/temperature 20.0
08:33:17 Temperature Sensor Gateway 20.0
Gateway sending update to database
08:33:27 Temperature Sensor Gateway 20.0
08:33:27 Gateway/temperature 20.0
08:33:37 Temperature Sensor Gateway 20.0
Gateway sending update to database
08:33:37 Gateway/temperature 20.0
08:33:47 Temperature Sensor Gateway 20.0
Gateway sending update to database
08:33:47 Gateway/temperature 20.0
08:33:57 Temperature Sensor Gateway 20.0
Gateway sending update to database
08:33:57 Gateway/temperature 20.0
Gateway sending update to database
08:34:07 Temperature Sensor Gateway 20.0
08:34:07 Gateway/temperature 20.0
08:34:17 Temperature Sensor Gateway 20.0
Gateway sending update to database
08:34:17 Gateway/temperature 20.0
08:34:27 Temperature Sensor Gateway 20.0
Gateway sending update to database
08:34:27 Gateway/temperature 20.0
Gateway sending update to database
08:34:37 Temperature Sensor Gateway 20.0
08:34:37 Gateway/temperature 20.0
08:34:47 Temperature Sensor Gateway 20.0
Gateway sending update to database
08:34:47 Gateway/temperature 20.0
08:34:57 Temperature Sensor Gateway 20.0
Gateway sending update to database
08:34:57 Gateway/temperature 20.0
Gateway sending update to database
08:35:07 Temperature Sensor Gateway 20.0
08:35:07 Gateway/temperature 20.0
08:35:17 Temperature Sensor Gateway 20.0
Gateway sending update to database
08:35:17 Gateway/temperature 20.0
Gateway sending update to database
08:35:27 Gateway/temperature 20.0
08:35:27 Temperature Sensor Gateway 20.0
08:35:37 Temperature Sensor Gateway 20.0
Gateway sending update to database
08:35:37 Gateway/temperature 20.0
08:35:47 Temperature Sensor Gateway 20.0
Gateway sending update to database
08:35:47 Gateway/temperature 20.0
08:35:57 Temperature Sensor Gateway 20.0
Gateway sending update to database
08:35:57 Gateway/temperature 20.0
08:36:07 Temperature Sensor Gateway 20.0
Gateway sending update to database
08:36:07 Gateway/temperature 20.0
Gateway sending update to database
08:36:17 Temperature Sensor Gateway 20.0
08:36:17 Gateway/temperature 20.0
Gateway sending update to database
08:36:27 Temperature Sensor Gateway 20.0
08:36:27 Gateway/temperature 20.0
08:36:37 Temperature Sensor Gateway 20.0
Gateway sending update to database
08:36:37 Gateway/temperature 20.0
08:36:47 Temperature Sensor Gateway 20.0
Gateway sending update to database
08:36:47 Gateway/temperature 20.0
Gateway sending update to database
08:36:57 Temperature Sensor Gateway 20.0
08:36:57 Gateway/temperature 20.0
08:37:07 Temperature Sensor Gateway 20.0
Gateway sending update to database
08:37:07 Gateway/temperature 20.0
Gateway sending update to database
08:37:17 Temperature Sensor Gateway 20.0
08:37:17 Gateway/temperature 20.0
08:37:27 Temperature Sensor Gateway 20.0
Gateway sending update to database
08:37:27 Gateway/temperature 20.0
08:37:37 Temperature Sensor Gateway 20.0
Gateway sending update to database
08:37:37 Gateway/temperature 20.0
Gateway sending update to database
08:37:47 Temperature Sensor Gateway 20.0
08:37:47 Gateway/temperature 20.0
Gateway sending update to database
08:37:57 Temperature Sensor Gateway 20.0
08:37:57 Gateway/temperature 20.0
Gateway sending update to database
08:38:07 Temperature Sensor Gateway 20.0
08:38:07 Gateway/temperature 20.0
08:38:17 Temperature Sensor Gateway 20.0
Gateway sending update to database
08:38:17 Gateway/temperature 20.0
08:38:27 Temperature Sensor Gateway 20.0
Gateway sending update to database
08:38:27 Gateway/temperature 20.0
08:38:37 Temperature Sensor Gateway 20.0
Gateway sending update to database
08:38:37 Gateway/temperature 20.0
Gateway sending update to database
08:38:47 Temperature Sensor Gateway 20.0
08:38:47 Gateway/temperature 20.0
08:38:57 Temperature Sensor Gateway 20.0
Gateway sending update to database
08:38:57 Gateway/temperature 20.0
Gateway sending update to database
08:39:07 Temperature Sensor Gateway 20.0
08:39:07 Gateway/temperature 20.0
08:39:17 Temperature Sensor Gateway 20.0
Gateway sending update to database
08:39:17 Gateway/temperature 20.0
Gateway sending update to database
08:39:27 Temperature Sensor Gateway 20.0
08:39:27 Gateway/temperature 20.0
08:39:37 Temperature Sensor Gateway 20.0
Gateway sending update to database
08:39:37 Gateway/temperature 20.0
08:39:47 Temperature Sensor Gateway 20.0
Gateway sending update to database
08:39:47 Gateway/temperature 20.0
08:39:57 Temperature Sensor Gateway 20.0
Gateway sending update to database
08:39:57 Gateway/temperature 20.0
08:40:07 Temperature Sensor Gateway 20.0
Gateway sending update to database
08:40:07 Gateway/temperature 20.0
Gateway sending update to database
08:40:17 Temperature Sensor Gateway 20.0
08:40:17 Gateway/temperature 20.0
Gateway sending update to database
08:40:27 Temperature Sensor Gateway 20.0
08:40:27 Gateway/temperature 20.0
Gateway sending update to database
08:40:37 Temperature Sensor Gateway 20.0
08:40:37 Gateway/temperature 20.0
08:40:47 Temperature Sensor Gateway 20.0
Gateway sending update to database
08:40:47 Gateway/temperature 20.0
08:40:57 Temperature Sensor Gateway 20.0
Gateway sending update to database
08:40:57 Gateway/temperature 20.0
08:41:07 Temperature Sensor Gateway 20.0
Gateway sending update to database
08:41:07 Gateway/temperature 20.0
08:41:17 Temperature Sensor Gateway 20.0
Gateway sending update to database
08:41:17 Gateway/temperature 20.0
Gateway sending update to database
08:41:27 Temperature Sensor Gateway 20.0
08:41:27 Gateway/temperature 20.0
08:41:37 Temperature Sensor Gateway 20.0
Gateway sending update to database
08:41:37 Gateway/temperature 20.0
Gateway sending update to database
08:41:47 Temperature Sensor Gateway 20.0
08:41:47 Gateway/temperature 20.0
08:41:57 Temperature Sensor Gateway 20.0
Gateway sending update to database
08:41:57 Gateway/temperature 20.0
08:42:07 Temperature Sensor Gateway 20.0
Gateway sending update to database
08:42:07 Gateway/temperature 20.0
Gateway sending update to database
08:42:17 Temperature Sensor Gateway 20.0
08:42:17 Gateway/temperature 20.0
08:42:27 Temperature Sensor Gateway 20.0
Gateway sending update to database
08:42:27 Gateway/temperature 20.0
Gateway sending update to database
08:42:37 Temperature Sensor Gateway 20.0
08:42:37 Gateway/temperature 20.0
08:42:47 Temperature Sensor Gateway 20.0
Gateway sending update to database
08:42:47 Gateway/temperature 20.0
08:42:57 Temperature Sensor Gateway 20.0
Gateway sending update to database
08:42:57 Gateway/temperature 20.0
Gateway sending update to database
08:43:07 Temperature Sensor Gateway 20.0
08:43:07 Gateway/temperature 20.0
08:43:17 Temperature Sensor Gateway 20.0
Gateway sending update to database
08:43:17 Gateway/temperature 20.0
Gateway sending update to database
08:43:27 Gateway/temperature 20.0
08:43:27 Temperature Sensor Gateway 20.0
Gateway sending update to database
08:43:37 Temperature Sensor Gateway 20.0
08:43:37 Gateway/temperature 20.0
Gateway sending update to database
08:43:47 Temperature Sensor Gateway 20.0
08:43:47 Gateway/temperature 20.0
08:43:57 Temperature Sensor Gateway 20.0
Gateway sending update to database
08:43:57 Gateway/temperature 20.0
08:44:07 Temperature Sensor Gateway 20.0
Gateway sending update to database
08:44:07 Gateway/temperature 20.0
08:44:17 Temperature Sensor Gateway 20.0
Gateway sending update to database
08:44:17 Gateway/temperature 20.0
08:44:27 Temperature Sensor Gateway 20.0
Gateway sending update to database
08:44:27 Gateway/temperature 20.0
Gateway sending update to database
08:44:37 Temperature Sensor Gateway 20.0
08:44:37 Gateway/temperature 20.0
08:44:47 Temperature Sensor Gateway 20.0
Gateway sending update to database
08:44:47 Gateway/temperature 20.0
08:44:57 Temperature Sensor Gateway 20.0
Gateway sending update to database
08:44:57 Gateway/temperature 20.0
Gateway sending update to database
08:45:07 Temperature Sensor Gateway 20.0
08:45:07 Gateway/temperature 20.0
08:45:17 Temperature Sensor Gateway 20.0
Gateway sending update to database
08:45:17 Gateway/temperature 20.0
08:45:27 Temperature Sensor Gateway 20.0
Gateway sending update to database
08:45:27 Gateway/temperature 20.0
Gateway sending update to database
08:45:37 Temperature Sensor Gateway 20.0
08:45:37 Gateway/temperature 20.0
Gateway sending update to database
08:45:47 Temperature Sensor Gateway 20.0
08:45:47 Gateway/temperature 20.0
Gateway sending update to database
08:45:57 Temperature Sensor Gateway 20.0
08:45:57 Gateway/temperature 20.0
08:46:07 Temperature Sensor Gateway 20.0
Gateway sending update to database
08:46:07 Gateway/temperature 20.0
08:46:17 Temperature Sensor Gateway 20.0
Gateway sending update to database
08:46:17 Gateway/temperature 20.0
Gateway sending update to database
08:46:27 Temperature Sensor Gateway 20.0
08:46:27 Gateway/temperature 20.0
08:46:37 Temperature Sensor Gateway 20.0
Gateway sending update to database
08:46:37 Gateway/temperature 20.0
08:46:47 Temperature Sensor Gateway 20.0
Gateway sending update to database
08:46:47 Gateway/temperature 20.0
08:46:57 Temperature Sensor Gateway 20.0
Gateway sending update to database
08:46:57 Gateway/temperature 20.0
08:47:07 Temperature Sensor Gateway 20.0
Gateway sending update to database
08:47:07 Gateway/temperature 20.0
Gateway sending update to database
08:47:17 Temperature Sensor Gateway 20.0
08:47:17 Gateway/temperature 20.0
08:47:27 Temperature Sensor Gateway 20.0
Gateway sending update to database
08:47:27 Gateway/temperature 20.0
Gateway sending update to database
08:47:37 Temperature Sensor Gateway 20.0
08:47:37 Gateway/temperature 20.0
Gateway sending update to database
08:47:47 Temperature Sensor Gateway 20.0
08:47:47 Gateway/temperature 20.0
08:47:57 Temperature Sensor Gateway 20.0
Gateway sending update to database
08:47:57 Gateway/temperature 20.0
08:48:07 Temperature Sensor Gateway 20.0
Gateway sending update to database
08:48:07 Gateway/temperature 20.0
Gateway sending update to database
08:48:17 Gateway/temperature 20.0
08:48:17 Temperature Sensor Gateway 20.0
08:48:27 Temperature Sensor Gateway 20.0
Gateway sending update to database
08:48:27 Gateway/temperature 20.0
08:48:37 Temperature Sensor Gateway 20.0
Gateway sending update to database
08:48:37 Gateway/temperature 20.0
08:48:47 Temperature Sensor Gateway 20.0
Gateway sending update to database
08:48:47 Gateway/temperature 20.0
08:48:57 Temperature Sensor Gateway 20.0
Gateway sending update to database
08:48:57 Gateway/temperature 20.0
Gateway sending update to database
08:49:07 Gateway/temperature 20.0
08:49:07 Temperature Sensor Gateway 20.0
Gateway sending update to database
08:49:17 Temperature Sensor Gateway 20.0
08:49:17 Gateway/temperature 20.0
Gateway sending update to database
08:49:27 Temperature Sensor Gateway 20.0
08:49:27 Gateway/temperature 20.0
Gateway sending update to database
08:49:37 Temperature Sensor Gateway 20.0
08:49:37 Gateway/temperature 20.0
Gateway sending update to database
08:49:47 Temperature Sensor Gateway 20.0
08:49:47 Gateway/temperature 20.0
08:49:57 Temperature Sensor Gateway 20.0
Gateway sending update to database
08:49:57 Gateway/temperature 20.0
Gateway sending update to database
08:50:07 Temperature Sensor Gateway 20.0
08:50:07 Gateway/temperature 20.0
08:50:17 Temperature Sensor Gateway 20.0
Gateway sending update to database
08:50:17 Gateway/temperature 20.0
Gateway sending update to database
08:50:27 Temperature Sensor Gateway 20.0
08:50:27 Gateway/temperature 20.0
08:50:37 Temperature Sensor Gateway 20.0
Gateway sending update to database
08:50:37 Gateway/temperature 20.0
Gateway sending update to database
08:50:47 Temperature Sensor Gateway 20.0
08:50:47 Gateway/temperature 20.0
08:50:57 Temperature Sensor Gateway 20.0
Gateway sending update to database
08:50:57 Gateway/temperature 20.0
Gateway sending update to database
08:51:07 Temperature Sensor Gateway 20.0
08:51:07 Gateway/temperature 20.0
Gateway sending update to database
08:51:17 Temperature Sensor Gateway 20.0
08:51:17 Gateway/temperature 20.0
Gateway sending update to database
08:51:27 Temperature Sensor Gateway 20.0
08:51:27 Gateway/temperature 20.0
08:51:37 Temperature Sensor Gateway 20.0
Gateway sending update to database
08:51:37 Gateway/temperature 20.0
08:51:47 Temperature Sensor Gateway 20.0
Gateway sending update to database
08:51:47 Gateway/temperature 20.0
Gateway sending update to database
08:51:57 Temperature Sensor Gateway 20.0
08:51:57 Gateway/temperature 20.0
08:52:07 Temperature Sensor Gateway 20.0
Gateway sending update to database
08:52:07 Gateway/temperature 20.0
08:52:17 Temperature Sensor Gateway 20.0
Gateway sending update to database
08:52:17 Gateway/temperature 20.0
08:52:27 Temperature Sensor Gateway 20.0
Gateway sending update to database
08:52:27 Gateway/temperature 20.0
Gateway sending update to database
08:52:37 Gateway/temperature 20.0
08:52:37 Temperature Sensor Gateway 20.0
Gateway sending update to database
08:52:47 Temperature Sensor Gateway 20.0
08:52:47 Gateway/temperature 20.0
08:52:57 Temperature Sensor Gateway 20.0
Gateway sending update to database
08:52:57 Gateway/temperature 20.0
Gateway sending update to database
08:53:07 Temperature Sensor Gateway 20.0
08:53:07 Gateway/temperature 20.0
08:53:17 Temperature Sensor Gateway 20.0
Gateway sending update to database
08:53:17 Gateway/temperature 20.0
Gateway sending update to database
08:53:27 Temperature Sensor Gateway 20.0
08:53:27 Gateway/temperature 20.0
08:53:37 Temperature Sensor Gateway 20.0
Gateway sending update to database
08:53:37 Gateway/temperature 20.0
Gateway sending update to database
08:53:47 Temperature Sensor Gateway 20.0
08:53:47 Gateway/temperature 20.0
Gateway sending update to database
08:53:57 Temperature Sensor Gateway 20.0
08:53:57 Gateway/temperature 20.0
Gateway sending update to database
08:54:07 Temperature Sensor Gateway 20.0
08:54:07 Gateway/temperature 20.0
08:54:17 Temperature Sensor Gateway 20.0
Gateway sending update to database
08:54:17 Gateway/temperature 20.0
Gateway sending update to database
08:54:27 Temperature Sensor Gateway 20.0
08:54:27 Gateway/temperature 20.0
Gateway sending update to database
08:54:37 Temperature Sensor Gateway 20.0
08:54:37 Gateway/temperature 20.0
Gateway sending update to database
08:54:47 Temperature Sensor Gateway 20.0
08:54:47 Gateway/temperature 20.0
Gateway sending update to database
08:54:57 Temperature Sensor Gateway 20.0
08:54:57 Gateway/temperature 20.0
Gateway sending update to database
08:55:07 Temperature Sensor Gateway 20.0
08:55:07 Gateway/temperature 20.0
08:55:17 Temperature Sensor Gateway 20.0
Gateway sending update to database
08:55:17 Gateway/temperature 20.0
Gateway sending update to database
08:55:27 Temperature Sensor Gateway 20.0
08:55:27 Gateway/temperature 20.0
Gateway sending update to database
08:55:37 Temperature Sensor Gateway 20.0
08:55:37 Gateway/temperature 20.0
Gateway sending update to database
08:55:47 Temperature Sensor Gateway 20.0
08:55:47 Gateway/temperature 20.0
08:55:57 Temperature Sensor Gateway 20.0
Gateway sending update to database
08:55:57 Gateway/temperature 20.0
Gateway sending update to database
08:56:07 Temperature Sensor Gateway 20.0
08:56:07 Gateway/temperature 20.0
Gateway sending update to database
08:56:17 Temperature Sensor Gateway 20.0
08:56:17 Gateway/temperature 20.0
08:56:27 Temperature Sensor Gateway 20.0
Gateway sending update to database
08:56:27 Gateway/temperature 20.0
Gateway sending update to database
08:56:37 Temperature Sensor Gateway 20.0
08:56:37 Gateway/temperature 20.0
Gateway sending update to database
08:56:47 Temperature Sensor Gateway 20.0
08:56:47 Gateway/temperature 20.0
Gateway sending update to database
08:56:57 Temperature Sensor Gateway 20.0
08:56:57 Gateway/temperature 20.0
Gateway sending update to database
08:57:07 Temperature Sensor Gateway 20.0
08:57:07 Gateway/temperature 20.0
Gateway sending update to database
08:57:17 Temperature Sensor Gateway 20.0
08:57:17 Gateway/temperature 20.0
08:57:27 Temperature Sensor Gateway 20.0
Gateway sending update to database
08:57:27 Gateway/temperature 20.0
08:57:37 Temperature Sensor Gateway 20.0
Gateway sending update to database
08:57:37 Gateway/temperature 20.0
Gateway sending update to database
08:57:47 Gateway/temperature 20.0
08:57:47 Temperature Sensor Gateway 20.0
Gateway sending update to database
08:57:57 Temperature Sensor Gateway 20.0
08:57:57 Gateway/temperature 20.0
Gateway sending update to database
08:58:07 Temperature Sensor Gateway 20.0
08:58:07 Gateway/temperature 20.0
08:58:17 Temperature Sensor Gateway 20.0
Gateway sending update to database
08:58:17 Gateway/temperature 20.0
Gateway sending update to database
08:58:27 Temperature Sensor Gateway 20.0
08:58:27 Gateway/temperature 20.0
08:58:37 Temperature Sensor Gateway 20.0
Gateway sending update to database
08:58:37 Gateway/temperature 20.0
Gateway sending update to database
08:58:47 Temperature Sensor Gateway 20.0
08:58:47 Gateway/temperature 20.0
Gateway sending update to database
08:58:57 Temperature Sensor Gateway 20.0
08:58:57 Gateway/temperature 20.0
08:59:07 Temperature Sensor Gateway 20.0
Gateway sending update to database
08:59:07 Gateway/temperature 20.0
Gateway sending update to database
08:59:17 Temperature Sensor Gateway 20.0
08:59:17 Gateway/temperature 20.0
Gateway sending update to database
08:59:27 Temperature Sensor Gateway 20.0
08:59:27 Gateway/temperature 20.0
Gateway sending update to database
08:59:37 Temperature Sensor Gateway 20.0
08:59:37 Gateway/temperature 20.0
Gateway sending update to database
08:59:47 Temperature Sensor Gateway 20.0
08:59:47 Gateway/temperature 20.0
08:59:57 Temperature Sensor Gateway 20.0
Gateway sending update to database
08:59:57 Gateway/temperature 20.0
Gateway sending update to database
09:00:07 Temperature Sensor Gateway 20.0
09:00:07 Gateway/temperature 20.0
09:00:17 Temperature Sensor Gateway 20.0
Gateway sending update to database
09:00:17 Gateway/temperature 20.0
09:00:27 Temperature Sensor Gateway 20.0
Gateway sending update to database
09:00:27 Gateway/temperature 20.0
Gateway sending update to database
09:00:37 Temperature Sensor Gateway 20.0
09:00:37 Gateway/temperature 20.0
Gateway sending update to database
09:00:47 Temperature Sensor Gateway 20.0
09:00:47 Gateway/temperature 20.0
Gateway sending update to database
09:00:57 Temperature Sensor Gateway 20.0
09:00:57 Gateway/temperature 20.0
09:01:07 Temperature Sensor Gateway 20.0
Gateway sending update to database
09:01:07 Gateway/temperature 20.0
Gateway sending update to database
09:01:17 Temperature Sensor Gateway 20.0
09:01:17 Gateway/temperature 20.0
Gateway sending update to database
09:01:27 Temperature Sensor Gateway 20.0
09:01:27 Gateway/temperature 20.0
09:01:37 Temperature Sensor Gateway 20.0
Gateway sending update to database
09:01:37 Gateway/temperature 20.0
09:01:47 Temperature Sensor Gateway 20.0
Gateway sending update to database
09:01:47 Gateway/temperature 20.0
09:01:57 Temperature Sensor Gateway 20.0
Gateway sending update to database
09:01:57 Gateway/temperature 20.0
09:02:07 Temperature Sensor Gateway 20.0
Gateway sending update to database
09:02:07 Gateway/temperature 20.0
Gateway sending update to database
09:02:17 Temperature Sensor Gateway 20.0
09:02:17 Gateway/temperature 20.0
Gateway sending update to database
09:02:27 Temperature Sensor Gateway 20.0
09:02:27 Gateway/temperature 20.0
Gateway sending update to database
09:02:37 Temperature Sensor Gateway 20.0
09:02:37 Gateway/temperature 20.0
09:02:47 Temperature Sensor Gateway 20.0
Gateway sending update to database
09:02:47 Gateway/temperature 20.0
Gateway sending update to database
09:02:57 Temperature Sensor Gateway 20.0
09:02:57 Gateway/temperature 20.0
Gateway sending update to database
09:03:07 Temperature Sensor Gateway 20.0
09:03:07 Gateway/temperature 20.0
Gateway sending update to database
09:03:17 Temperature Sensor Gateway 20.0
09:03:17 Gateway/temperature 20.0
Gateway sending update to database
09:03:27 Temperature Sensor Gateway 20.0
09:03:27 Gateway/temperature 20.0
Gateway sending update to database
09:03:37 Temperature Sensor Gateway 20.0
09:03:37 Gateway/temperature 20.0
09:03:47 Temperature Sensor Gateway 20.0
Gateway sending update to database
09:03:47 Gateway/temperature 20.0
09:03:57 Temperature Sensor Gateway 20.0
Gateway sending update to database
09:03:57 Gateway/temperature 20.0
09:04:07 Temperature Sensor Gateway 20.0
Gateway sending update to database
09:04:07 Gateway/temperature 20.0
Gateway sending update to database
09:04:17 Temperature Sensor Gateway 20.0
09:04:17 Gateway/temperature 20.0
Gateway sending update to database
09:04:27 Temperature Sensor Gateway 20.0
09:04:27 Gateway/temperature 20.0
09:04:37 Temperature Sensor Gateway 20.0
Gateway sending update to database
09:04:37 Gateway/temperature 20.0
Gateway sending update to database
09:04:47 Temperature Sensor Gateway 20.0
09:04:47 Gateway/temperature 20.0
09:04:57 Temperature Sensor Gateway 20.0
Gateway sending update to database
09:04:57 Gateway/temperature 20.0
Gateway sending update to database
09:05:07 Temperature Sensor Gateway 20.0
09:05:07 Gateway/temperature 20.0
09:05:17 Temperature Sensor Gateway 20.0
Gateway sending update to database
09:05:19 Gateway/temperature 20.0
Gateway sending update to database
09:05:27 Temperature Sensor Gateway 20.0
09:05:49 Gateway/temperature 20.0
09:05:49 Temperature Sensor Gateway 20.0
Gateway sending update to database
09:05:49 Temperature Sensor Gateway 20.0
09:05:49 Gateway/temperature 20.0
Gateway sending update to database
09:05:49 Gateway/temperature 20.0
Gateway sending update to database
09:05:59 Gateway/temperature 20.0
09:05:57 Temperature Sensor Gateway 20.0
Gateway sending update to database
09:06:07 Temperature Sensor Gateway 20.0
09:06:07 Gateway/temperature 20.0
09:06:17 Temperature Sensor Gateway 20.0
Gateway sending update to database
09:06:17 Gateway/temperature 20.0
Gateway sending update to database
09:06:27 Temperature Sensor Gateway 20.0
09:06:27 Gateway/temperature 20.0
09:06:37 Temperature Sensor Gateway 20.0
Gateway sending update to database
09:06:37 Gateway/temperature 20.0
09:06:47 Temperature Sensor Gateway 20.0
Gateway sending update to database
09:06:47 Gateway/temperature 20.0
09:06:57 Temperature Sensor Gateway 20.0
Gateway sending update to database
09:06:57 Gateway/temperature 20.0
Gateway sending update to database
09:07:07 Temperature Sensor Gateway 20.0
09:07:07 Gateway/temperature 20.0
09:07:17 Temperature Sensor Gateway 20.0
Gateway sending update to database
09:07:17 Gateway/temperature 20.0
09:07:27 Temperature Sensor Gateway 20.0
Gateway sending update to database
09:07:30 Gateway/temperature 20.0
Gateway sending update to database
09:07:37 Gateway/temperature 20.0
09:07:37 Temperature Sensor Gateway 20.0
Gateway sending update to database
09:07:47 Temperature Sensor Gateway 20.0
09:07:47 Gateway/temperature 20.0
09:07:57 Temperature Sensor Gateway 20.0
Gateway sending update to database
09:07:58 Gateway/temperature 20.0
Gateway sending update to database
09:08:07 Temperature Sensor Gateway 20.0
09:08:07 Gateway/temperature 20.0
Gateway sending update to database
09:08:17 Temperature Sensor Gateway 20.0
09:08:17 Gateway/temperature 20.0
Gateway sending update to database
09:08:27 Temperature Sensor Gateway 20.0
09:08:27 Gateway/temperature 20.0
Gateway sending update to database
09:08:37 Temperature Sensor Gateway 20.0
09:08:37 Gateway/temperature 20.0
09:08:47 Temperature Sensor Gateway 20.0
Gateway sending update to database
09:08:47 Gateway/temperature 20.0
Gateway sending update to database
09:08:57 Temperature Sensor Gateway 20.0
09:08:57 Gateway/temperature 20.0
Gateway sending update to database
09:09:07 Temperature Sensor Gateway 20.0
09:09:07 Gateway/temperature 20.0
Gateway sending update to database
09:09:17 Temperature Sensor Gateway 20.0
09:09:17 Gateway/temperature 20.0
Gateway sending update to database
09:09:27 Temperature Sensor Gateway 20.0
09:09:27 Gateway/temperature 20.0
09:09:37 Temperature Sensor Gateway 20.0
Gateway sending update to database
09:09:37 Gateway/temperature 20.0
Gateway sending update to database
09:09:47 Temperature Sensor Gateway 20.0
09:09:47 Gateway/temperature 20.0
09:09:57 Temperature Sensor Gateway 20.0
Gateway sending update to database
09:09:57 Gateway/temperature 20.0
Gateway sending update to database
09:10:07 Temperature Sensor Gateway 20.0
09:10:07 Gateway/temperature 20.0
09:10:17 Temperature Sensor Gateway 20.0
Gateway sending update to database
09:10:17 Gateway/temperature 20.0
Gateway sending update to database
09:10:27 Temperature Sensor Gateway 20.0
09:10:27 Gateway/temperature 20.0
Gateway sending update to database
09:10:37 Temperature Sensor Gateway 20.0
09:10:37 Gateway/temperature 20.0
09:10:47 Temperature Sensor Gateway 20.0
Gateway sending update to database
09:10:47 Gateway/temperature 20.0
09:10:57 Temperature Sensor Gateway 20.0
Gateway sending update to database
09:10:57 Gateway/temperature 20.0
Gateway sending update to database
09:11:07 Temperature Sensor Gateway 20.0
09:11:07 Gateway/temperature 20.0
09:11:17 Temperature Sensor Gateway 20.0
Gateway sending update to database
09:11:17 Gateway/temperature 20.0
Gateway sending update to database
09:11:27 Temperature Sensor Gateway 20.0
09:11:27 Gateway/temperature 20.0
Gateway sending update to database
09:11:37 Temperature Sensor Gateway 20.0
09:11:37 Gateway/temperature 20.0
Gateway sending update to database
09:11:47 Temperature Sensor Gateway 20.0
09:11:47 Gateway/temperature 20.0
Gateway sending update to database
09:11:57 Temperature Sensor Gateway 20.0
09:11:57 Gateway/temperature 20.0
09:12:07 Temperature Sensor Gateway 20.0
Gateway sending update to database
09:12:07 Gateway/temperature 20.0
09:12:17 Temperature Sensor Gateway 20.0
Gateway sending update to database
09:12:17 Gateway/temperature 20.0
Gateway sending update to database
09:12:27 Temperature Sensor Gateway 20.0
09:12:27 Gateway/temperature 20.0
09:12:37 Temperature Sensor Gateway 20.0
Gateway sending update to database
09:12:37 Gateway/temperature 20.0
Gateway sending update to database
09:12:47 Temperature Sensor Gateway 20.0
09:12:47 Gateway/temperature 20.0
Gateway sending update to database
09:12:57 Temperature Sensor Gateway 20.0
09:12:57 Gateway/temperature 20.0
09:13:07 Temperature Sensor Gateway 20.0
Gateway sending update to database
09:13:07 Gateway/temperature 20.0
Gateway sending update to database
09:13:17 Temperature Sensor Gateway 20.0
09:13:17 Gateway/temperature 20.0
Gateway sending update to database
09:13:27 Temperature Sensor Gateway 20.0
09:13:27 Gateway/temperature 20.0
09:13:37 Temperature Sensor Gateway 20.0
Gateway sending update to database
09:13:37 Gateway/temperature 20.0
Gateway sending update to database
09:13:47 Temperature Sensor Gateway 20.0
09:13:47 Gateway/temperature 20.0
09:13:57 Temperature Sensor Gateway 20.0
Gateway sending update to database
09:13:57 Gateway/temperature 20.0
Gateway sending update to database
09:14:07 Temperature Sensor Gateway 20.0
09:14:07 Gateway/temperature 20.0
Gateway sending update to database
09:14:17 Temperature Sensor Gateway 20.0
09:14:17 Gateway/temperature 20.0
Gateway sending update to database
09:14:27 Temperature Sensor Gateway 20.0
09:14:27 Gateway/temperature 20.0
Gateway sending update to database
09:14:37 Temperature Sensor Gateway 20.0
09:14:37 Gateway/temperature 20.0
Gateway sending update to database
09:14:47 Temperature Sensor Gateway 20.0
09:14:47 Gateway/temperature 20.0
Gateway sending update to database
09:14:57 Temperature Sensor Gateway 20.0
09:14:57 Gateway/temperature 20.0
Gateway sending update to database
09:15:07 Temperature Sensor Gateway 20.0
09:15:07 Gateway/temperature 20.0
Gateway sending update to database
09:15:17 Temperature Sensor Gateway 20.0
09:15:17 Gateway/temperature 20.0
09:15:27 Temperature Sensor Gateway 20.0
Gateway sending update to database
09:15:27 Gateway/temperature 20.0
Gateway sending update to database
09:15:37 Temperature Sensor Gateway 20.0
09:15:37 Gateway/temperature 20.0
Gateway sending update to database
09:15:47 Temperature Sensor Gateway 20.0
09:15:47 Gateway/temperature 20.0
Gateway sending update to database
09:15:57 Temperature Sensor Gateway 20.0
09:15:57 Gateway/temperature 20.0
09:16:07 Temperature Sensor Gateway 20.0
Gateway sending update to database
09:16:07 Gateway/temperature 20.0
Gateway sending update to database
09:16:17 Temperature Sensor Gateway 20.0
09:16:17 Gateway/temperature 20.0
Gateway sending update to database
09:16:27 Temperature Sensor Gateway 20.0
09:16:27 Gateway/temperature 20.0
09:16:37 Temperature Sensor Gateway 20.0
Gateway sending update to database
09:16:37 Gateway/temperature 20.0
09:16:47 Temperature Sensor Gateway 20.0
Gateway sending update to database
09:16:47 Gateway/temperature 20.0
Gateway sending update to database
09:16:57 Temperature Sensor Gateway 20.0
09:16:57 Gateway/temperature 20.0
Gateway sending update to database
09:17:07 Temperature Sensor Gateway 20.0
09:17:07 Gateway/temperature 20.0
Gateway sending update to database
09:17:17 Temperature Sensor Gateway 20.0
09:17:17 Gateway/temperature 20.0
09:17:27 Temperature Sensor Gateway 20.0
Gateway sending update to database
09:17:27 Gateway/temperature 20.0
09:17:37 Temperature Sensor Gateway 20.0
Gateway sending update to database
09:17:37 Gateway/temperature 20.0
09:17:47 Temperature Sensor Gateway 20.0
Gateway sending update to database
09:17:47 Gateway/temperature 20.0
Gateway sending update to database
09:17:57 Temperature Sensor Gateway 20.0
09:17:57 Gateway/temperature 20.0
Gateway sending update to database
09:18:07 Temperature Sensor Gateway 20.0
09:18:07 Gateway/temperature 20.0
09:18:17 Temperature Sensor Gateway 20.0
Gateway sending update to database
09:18:17 Gateway/temperature 20.0
Gateway sending update to database
09:18:27 Temperature Sensor Gateway 20.0
09:18:27 Gateway/temperature 20.0
09:18:37 Temperature Sensor Gateway 20.0
Gateway sending update to database
09:18:37 Gateway/temperature 20.0
Gateway sending update to database
09:18:47 Temperature Sensor Gateway 20.0
09:18:47 Gateway/temperature 20.0
Gateway sending update to database
09:18:57 Temperature Sensor Gateway 20.0
09:18:57 Gateway/temperature 20.0
Gateway sending update to database
09:19:07 Temperature Sensor Gateway 20.0
09:19:07 Gateway/temperature 20.0
Gateway sending update to database
09:19:17 Temperature Sensor Gateway 20.0
09:19:17 Gateway/temperature 20.0
Gateway sending update to database
09:19:27 Temperature Sensor Gateway 20.0
09:19:27 Gateway/temperature 20.0
Gateway sending update to database
09:19:37 Temperature Sensor Gateway 20.0
09:19:37 Gateway/temperature 20.0
09:19:47 Temperature Sensor Gateway 20.0
Gateway sending update to database
09:19:47 Gateway/temperature 20.0
Gateway sending update to database
09:19:57 Temperature Sensor Gateway 20.0
09:19:57 Gateway/temperature 20.0
09:20:07 Temperature Sensor Gateway 20.0
Gateway sending update to database
09:20:07 Gateway/temperature 20.0
09:20:17 Temperature Sensor Gateway 20.0
Gateway sending update to database
09:20:17 Gateway/temperature 20.0
Gateway sending update to database
09:20:27 Temperature Sensor Gateway 20.0
09:20:27 Gateway/temperature 20.0
09:20:37 Temperature Sensor Gateway 20.0
Gateway sending update to database
09:20:37 Gateway/temperature 20.0
Gateway sending update to database
09:20:47 Temperature Sensor Gateway 20.0
09:20:47 Gateway/temperature 20.0
Gateway sending update to database
09:20:57 Temperature Sensor Gateway 20.0
09:20:57 Gateway/temperature 20.0
09:21:07 Temperature Sensor Gateway 20.0
Gateway sending update to database
09:21:07 Gateway/temperature 20.0
09:21:17 Temperature Sensor Gateway 20.0
Gateway sending update to database
09:21:17 Gateway/temperature 20.0
09:21:27 Temperature Sensor Gateway 20.0
Gateway sending update to database
09:21:27 Gateway/temperature 20.0
Gateway sending update to database
09:21:37 Temperature Sensor Gateway 20.0
09:21:37 Gateway/temperature 20.0
Gateway sending update to database
09:21:47 Temperature Sensor Gateway 20.0
09:21:47 Gateway/temperature 20.0
Gateway sending update to database
09:21:57 Temperature Sensor Gateway 20.0
09:21:57 Gateway/temperature 20.0
Gateway sending update to database
09:22:07 Temperature Sensor Gateway 20.0
09:22:07 Gateway/temperature 20.0
Gateway sending update to database
09:22:17 Temperature Sensor Gateway 20.0
09:22:17 Gateway/temperature 20.0
Gateway sending update to database
09:22:27 Temperature Sensor Gateway 20.0
09:22:27 Gateway/temperature 20.0
Gateway sending update to database
09:22:37 Temperature Sensor Gateway 20.0
09:22:37 Gateway/temperature 20.0
Gateway sending update to database
09:22:47 Temperature Sensor Gateway 20.0
09:22:47 Gateway/temperature 20.0
Gateway sending update to database
09:22:57 Temperature Sensor Gateway 20.0
09:22:57 Gateway/temperature 20.0
Gateway sending update to database
09:23:07 Temperature Sensor Gateway 20.0
09:23:07 Gateway/temperature 20.0
Gateway sending update to database
09:23:17 Temperature Sensor Gateway 20.0
09:23:17 Gateway/temperature 20.0
Gateway sending update to database
09:23:27 Temperature Sensor Gateway 20.0
09:23:27 Gateway/temperature 20.0
Gateway sending update to database
09:23:37 Temperature Sensor Gateway 20.0
09:23:37 Gateway/temperature 20.0
Gateway sending update to database
09:23:47 Temperature Sensor Gateway 20.0
09:23:47 Gateway/temperature 20.0
Gateway sending update to database
09:23:57 Temperature Sensor Gateway 20.0
09:23:57 Gateway/temperature 20.0
09:24:07 Temperature Sensor Gateway 20.0
Gateway sending update to database
09:24:07 Gateway/temperature 20.0
Gateway sending update to database
09:24:17 Temperature Sensor Gateway 20.0
09:24:17 Gateway/temperature 20.0
Gateway sending update to database
09:24:27 Temperature Sensor Gateway 20.0
09:24:27 Gateway/temperature 20.0
09:24:37 Temperature Sensor Gateway 20.0
Gateway sending update to database
09:24:37 Gateway/temperature 20.0
Gateway sending update to database
09:24:47 Temperature Sensor Gateway 20.0
09:24:47 Gateway/temperature 20.0
09:24:57 Temperature Sensor Gateway 20.0
Gateway sending update to database
09:24:57 Gateway/temperature 20.0
09:25:07 Temperature Sensor Gateway 20.0
Gateway sending update to database
09:25:07 Gateway/temperature 20.0
Gateway sending update to database
09:25:17 Temperature Sensor Gateway 20.0
09:25:17 Gateway/temperature 20.0
Gateway sending update to database
09:25:27 Temperature Sensor Gateway 20.0
09:25:27 Gateway/temperature 20.0
Gateway sending update to database
09:25:37 Temperature Sensor Gateway 20.0
09:25:37 Gateway/temperature 20.0
Gateway sending update to database
09:25:47 Temperature Sensor Gateway 20.0
09:25:47 Gateway/temperature 20.0
Gateway sending update to database
09:25:57 Temperature Sensor Gateway 20.0
09:25:57 Gateway/temperature 20.0
Gateway sending update to database
09:26:07 Temperature Sensor Gateway 20.0
09:26:07 Gateway/temperature 20.0
Gateway sending update to database
09:26:17 Temperature Sensor Gateway 20.0
09:26:17 Gateway/temperature 20.0
Gateway sending update to database
09:26:27 Temperature Sensor Gateway 20.0
09:26:27 Gateway/temperature 20.0
09:26:37 Temperature Sensor Gateway 20.0
Gateway sending update to database
09:26:37 Gateway/temperature 20.0
Gateway sending update to database
09:26:47 Temperature Sensor Gateway 20.0
09:26:47 Gateway/temperature 20.0
Gateway sending update to database
09:26:57 Temperature Sensor Gateway 20.0
09:26:57 Gateway/temperature 20.0
Gateway sending update to database
09:27:07 Temperature Sensor Gateway 20.0
09:27:07 Gateway/temperature 20.0
Gateway sending update to database
09:27:17 Temperature Sensor Gateway 20.0
09:27:17 Gateway/temperature 20.0
Gateway sending update to database
09:27:27 Temperature Sensor Gateway 20.0
09:27:27 Gateway/temperature 20.0
09:27:37 Temperature Sensor Gateway 20.0
Gateway sending update to database
09:27:37 Gateway/temperature 20.0
Gateway sending update to database
09:27:47 Temperature Sensor Gateway 20.0
09:27:47 Gateway/temperature 20.0
Gateway sending update to database
09:27:57 Temperature Sensor Gateway 20.0
09:27:57 Gateway/temperature 20.0
Gateway sending update to database
09:28:07 Temperature Sensor Gateway 20.0
09:28:07 Gateway/temperature 20.0
Gateway sending update to database
09:28:17 Temperature Sensor Gateway 20.0
09:28:17 Gateway/temperature 20.0
09:28:27 Temperature Sensor Gateway 20.0
Gateway sending update to database
09:28:27 Gateway/temperature 20.0
09:28:37 Temperature Sensor Gateway 20.0
Gateway sending update to database
09:28:37 Gateway/temperature 20.0
Gateway sending update to database
09:28:47 Temperature Sensor Gateway 20.0
09:28:47 Gateway/temperature 20.0
Gateway sending update to database
09:28:57 Temperature Sensor Gateway 20.0
09:28:57 Gateway/temperature 20.0
Gateway sending update to database
09:29:07 Temperature Sensor Gateway 20.0
09:29:07 Gateway/temperature 20.0
Gateway sending update to database
09:29:17 Temperature Sensor Gateway 20.0
09:29:17 Gateway/temperature 20.0
Gateway sending update to database
09:29:27 Temperature Sensor Gateway 20.0
09:29:27 Gateway/temperature 20.0
Gateway sending update to database
09:29:37 Temperature Sensor Gateway 20.0
09:29:37 Gateway/temperature 20.0
09:29:47 Temperature Sensor Gateway 20.0
Gateway sending update to database
09:29:47 Gateway/temperature 20.0
09:29:57 Temperature Sensor Gateway 20.0
Gateway sending update to database
09:29:57 Gateway/temperature 20.0
Gateway sending update to database
09:30:07 Temperature Sensor Gateway 20.0
09:30:07 Gateway/temperature 20.0
Gateway sending update to database
09:30:17 Temperature Sensor Gateway 20.0
09:30:17 Gateway/temperature 20.0
09:30:27 Temperature Sensor Gateway 20.0
Gateway sending update to database
09:30:27 Gateway/temperature 20.0
Gateway sending update to database
09:30:37 Temperature Sensor Gateway 20.0
09:30:37 Gateway/temperature 20.0
09:30:47 Temperature Sensor Gateway 20.0
Gateway sending update to database
09:30:47 Gateway/temperature 20.0
Gateway sending update to database
09:30:57 Temperature Sensor Gateway 20.0
09:30:57 Gateway/temperature 20.0
Gateway sending update to database
09:31:07 Temperature Sensor Gateway 20.0
09:31:07 Gateway/temperature 20.0
09:31:17 Temperature Sensor Gateway 20.0
Gateway sending update to database
09:31:17 Gateway/temperature 20.0
Gateway sending update to database
09:31:27 Temperature Sensor Gateway 20.0
09:31:27 Gateway/temperature 20.0
09:31:37 Temperature Sensor Gateway 20.0
Gateway sending update to database
09:31:37 Gateway/temperature 20.0
Gateway sending update to database
09:31:47 Temperature Sensor Gateway 20.0
09:31:47 Gateway/temperature 20.0
Gateway sending update to database
09:31:57 Temperature Sensor Gateway 20.0
09:31:57 Gateway/temperature 20.0
09:32:07 Temperature Sensor Gateway 20.0
Gateway sending update to database
09:32:07 Gateway/temperature 20.0
Gateway sending update to database
09:32:17 Temperature Sensor Gateway 20.0
09:32:17 Gateway/temperature 20.0
09:32:27 Temperature Sensor Gateway 20.0
Gateway sending update to database
09:32:27 Gateway/temperature 20.0
09:32:37 Temperature Sensor Gateway 20.0
Gateway sending update to database
09:32:37 Gateway/temperature 20.0
Gateway sending update to database
09:32:47 Temperature Sensor Gateway 20.0
09:32:47 Gateway/temperature 20.0
Gateway sending update to database
09:32:57 Temperature Sensor Gateway 20.0
09:32:57 Gateway/temperature 20.0
09:33:07 Temperature Sensor Gateway 20.0
Gateway sending update to database
09:33:07 Gateway/temperature 20.0
09:33:17 Temperature Sensor Gateway 20.0
Gateway sending update to database
09:33:17 Gateway/temperature 20.0
Gateway sending update to database
09:33:27 Temperature Sensor Gateway 20.0
09:33:27 Gateway/temperature 20.0
09:33:37 Temperature Sensor Gateway 20.0
Gateway sending update to database
09:33:37 Gateway/temperature 20.0
09:33:47 Temperature Sensor Gateway 20.0
Gateway sending update to database
09:33:47 Gateway/temperature 20.0
09:33:57 Temperature Sensor Gateway 20.0
Gateway sending update to database
09:33:57 Gateway/temperature 20.0
Gateway sending update to database
09:34:07 Temperature Sensor Gateway 20.0
09:34:07 Gateway/temperature 20.0
Gateway sending update to database
09:34:17 Temperature Sensor Gateway 20.0
09:34:17 Gateway/temperature 20.0
09:34:27 Temperature Sensor Gateway 20.0
Gateway sending update to database
09:34:27 Gateway/temperature 20.0
Gateway sending update to database
09:34:37 Temperature Sensor Gateway 20.0
09:34:37 Gateway/temperature 20.0
Gateway sending update to database
09:34:47 Temperature Sensor Gateway 20.0
09:34:47 Gateway/temperature 20.0
09:34:57 Temperature Sensor Gateway 20.0
Gateway sending update to database
09:34:57 Gateway/temperature 20.0
09:35:07 Temperature Sensor Gateway 20.0
Gateway sending update to database
09:35:07 Gateway/temperature 20.0
09:35:17 Temperature Sensor Gateway 20.0
Gateway sending update to database
09:35:17 Gateway/temperature 20.0
09:35:27 Temperature Sensor Gateway 20.0
Gateway sending update to database
09:35:27 Gateway/temperature 20.0
09:35:37 Temperature Sensor Gateway 20.0
Gateway sending update to database
09:35:37 Gateway/temperature 20.0
Gateway sending update to database
09:35:47 Temperature Sensor Gateway 20.0
09:35:47 Gateway/temperature 20.0
09:35:57 Temperature Sensor Gateway 20.0
Gateway sending update to database
09:35:57 Gateway/temperature 20.0
09:36:07 Temperature Sensor Gateway 20.0
Gateway sending update to database
09:36:07 Gateway/temperature 20.0
09:36:17 Temperature Sensor Gateway 20.0
Gateway sending update to database
09:36:17 Gateway/temperature 20.0
09:36:27 Temperature Sensor Gateway 20.0
Gateway sending update to database
09:36:27 Gateway/temperature 20.0
09:36:37 Temperature Sensor Gateway 20.0
Gateway sending update to database
09:36:37 Gateway/temperature 20.0
09:36:47 Temperature Sensor Gateway 20.0
Gateway sending update to database
09:36:47 Gateway/temperature 20.0
Gateway sending update to database
09:36:57 Temperature Sensor Gateway 20.0
09:36:57 Gateway/temperature 20.0
Gateway sending update to database
09:37:07 Temperature Sensor Gateway 20.0
09:37:07 Gateway/temperature 20.0
09:37:17 Temperature Sensor Gateway 20.0
Gateway sending update to database
09:37:17 Gateway/temperature 20.0
09:37:27 Temperature Sensor Gateway 20.0
Gateway sending update to database
09:37:27 Gateway/temperature 20.0
09:37:37 Temperature Sensor Gateway 20.0
Gateway sending update to database
09:37:37 Gateway/temperature 20.0
Gateway sending update to database
09:37:47 Temperature Sensor Gateway 20.0
09:37:47 Gateway/temperature 20.0
09:37:57 Temperature Sensor Gateway 20.0
Gateway sending update to database
09:37:57 Gateway/temperature 20.0
09:38:07 Temperature Sensor Gateway 20.0
Gateway sending update to database
09:38:07 Gateway/temperature 20.0
09:38:17 Temperature Sensor Gateway 20.0
Gateway sending update to database
09:38:17 Gateway/temperature 20.0
Gateway sending update to database
09:38:27 Temperature Sensor Gateway 20.0
09:38:27 Gateway/temperature 20.0
09:38:37 Temperature Sensor Gateway 20.0
Gateway sending update to database
09:38:37 Gateway/temperature 20.0
09:38:47 Temperature Sensor Gateway 20.0
Gateway sending update to database
09:38:47 Gateway/temperature 20.0
09:38:57 Temperature Sensor Gateway 20.0
Gateway sending update to database
09:38:57 Gateway/temperature 20.0
09:39:07 Temperature Sensor Gateway 20.0
Gateway sending update to database
09:39:07 Gateway/temperature 20.0
09:39:17 Temperature Sensor Gateway 20.0
Gateway sending update to database
09:39:17 Gateway/temperature 20.0
Gateway sending update to database
09:39:27 Temperature Sensor Gateway 20.0
09:39:27 Gateway/temperature 20.0
09:39:37 Temperature Sensor Gateway 20.0
Gateway sending update to database
09:39:37 Gateway/temperature 20.0
09:39:47 Temperature Sensor Gateway 20.0
Gateway sending update to database
09:39:47 Gateway/temperature 20.0
Gateway sending update to database
09:39:57 Temperature Sensor Gateway 20.0
09:39:57 Gateway/temperature 20.0
09:40:07 Temperature Sensor Gateway 20.0
Gateway sending update to database
09:40:07 Gateway/temperature 20.0
09:40:17 Temperature Sensor Gateway 20.0
Gateway sending update to database
09:40:17 Gateway/temperature 20.0
Gateway sending update to database
09:40:27 Temperature Sensor Gateway 20.0
09:40:27 Gateway/temperature 20.0
09:40:37 Temperature Sensor Gateway 20.0
Gateway sending update to database
09:40:37 Gateway/temperature 20.0
09:40:47 Temperature Sensor Gateway 20.0
Gateway sending update to database
09:40:47 Gateway/temperature 20.0
Gateway sending update to database
09:40:57 Temperature Sensor Gateway 20.0
09:40:57 Gateway/temperature 20.0
09:41:07 Temperature Sensor Gateway 20.0
Gateway sending update to database
09:41:07 Gateway/temperature 20.0
09:41:17 Temperature Sensor Gateway 20.0
Gateway sending update to database
09:41:17 Gateway/temperature 20.0
09:41:27 Temperature Sensor Gateway 20.0
Gateway sending update to database
09:41:27 Gateway/temperature 20.0
Gateway sending update to database
09:41:37 Temperature Sensor Gateway 20.0
09:41:37 Gateway/temperature 20.0
Gateway sending update to database
09:41:47 Temperature Sensor Gateway 20.0
09:41:47 Gateway/temperature 20.0
09:41:57 Temperature Sensor Gateway 20.0
Gateway sending update to database
09:41:57 Gateway/temperature 20.0
Gateway sending update to database
09:42:07 Temperature Sensor Gateway 20.0
09:42:07 Gateway/temperature 20.0
09:42:17 Temperature Sensor Gateway 20.0
Gateway sending update to database
09:42:17 Gateway/temperature 20.0
Gateway sending update to database
09:42:27 Temperature Sensor Gateway 20.0
09:42:27 Gateway/temperature 20.0
09:42:37 Temperature Sensor Gateway 20.0
Gateway sending update to database
09:42:37 Gateway/temperature 20.0
Gateway sending update to database
09:42:47 Temperature Sensor Gateway 20.0
09:42:47 Gateway/temperature 20.0
09:42:57 Temperature Sensor Gateway 20.0
Gateway sending update to database
09:42:57 Gateway/temperature 20.0
Gateway sending update to database
09:43:07 Temperature Sensor Gateway 20.0
09:43:07 Gateway/temperature 20.0
Gateway sending update to database
09:43:17 Temperature Sensor Gateway 20.0
09:43:17 Gateway/temperature 20.0
Gateway sending update to database
09:43:27 Temperature Sensor Gateway 20.0
09:43:27 Gateway/temperature 20.0
09:43:37 Temperature Sensor Gateway 20.0
Gateway sending update to database
09:43:37 Gateway/temperature 20.0
Gateway sending update to database
09:43:47 Temperature Sensor Gateway 20.0
09:43:47 Gateway/temperature 20.0
Gateway sending update to database
09:43:57 Temperature Sensor Gateway 20.0
09:43:57 Gateway/temperature 20.0
Gateway sending update to database
09:44:07 Temperature Sensor Gateway 20.0
09:44:07 Gateway/temperature 20.0
09:44:17 Temperature Sensor Gateway 20.0
Gateway sending update to database
09:44:17 Gateway/temperature 20.0
Gateway sending update to database
09:44:27 Temperature Sensor Gateway 20.0
09:44:27 Gateway/temperature 20.0
Gateway sending update to database
09:44:37 Temperature Sensor Gateway 20.0
09:44:37 Gateway/temperature 20.0
Gateway sending update to database
09:44:47 Temperature Sensor Gateway 20.0
09:44:47 Gateway/temperature 20.0
Gateway sending update to database
09:44:57 Temperature Sensor Gateway 20.0
09:44:57 Gateway/temperature 20.0
Gateway sending update to database
09:45:07 Temperature Sensor Gateway 20.0
09:45:07 Gateway/temperature 20.0
09:45:17 Temperature Sensor Gateway 20.0
Gateway sending update to database
09:45:17 Gateway/temperature 20.0
Gateway sending update to database
09:45:27 Temperature Sensor Gateway 20.0
09:45:27 Gateway/temperature 20.0
Gateway sending update to database
09:45:37 Temperature Sensor Gateway 20.0
09:45:37 Gateway/temperature 20.0
09:45:47 Temperature Sensor Gateway 20.0
Gateway sending update to database
09:45:47 Gateway/temperature 20.0
Gateway sending update to database
09:45:57 Temperature Sensor Gateway 20.0
09:45:57 Gateway/temperature 20.0
09:46:07 Temperature Sensor Gateway 20.0
Gateway sending update to database
09:46:07 Gateway/temperature 20.0
09:46:17 Temperature Sensor Gateway 20.0
Gateway sending update to database
09:46:17 Gateway/temperature 20.0
Gateway sending update to database
09:46:27 Temperature Sensor Gateway 20.0
09:46:27 Gateway/temperature 20.0
Gateway sending update to database
09:46:37 Temperature Sensor Gateway 20.0
09:46:37 Gateway/temperature 20.0
Gateway sending update to database
09:46:47 Gateway/temperature 20.0
09:46:47 Temperature Sensor Gateway 20.0
09:46:57 Temperature Sensor Gateway 20.0
Gateway sending update to database
09:46:57 Gateway/temperature 20.0
Gateway sending update to database
09:47:07 Temperature Sensor Gateway 20.0
09:47:07 Gateway/temperature 20.0
09:47:17 Temperature Sensor Gateway 20.0
Gateway sending update to database
09:47:17 Gateway/temperature 20.0
09:47:27 Temperature Sensor Gateway 20.0
Gateway sending update to database
09:47:27 Gateway/temperature 20.0
Gateway sending update to database
09:47:37 Temperature Sensor Gateway 20.0
09:47:37 Gateway/temperature 20.0
Gateway sending update to database
09:47:47 Temperature Sensor Gateway 20.0
09:47:47 Gateway/temperature 20.0
09:47:57 Temperature Sensor Gateway 20.0
Gateway sending update to database
09:47:57 Gateway/temperature 20.0
09:48:07 Temperature Sensor Gateway 20.0
Gateway sending update to database
09:48:07 Gateway/temperature 20.0
09:48:17 Temperature Sensor Gateway 20.0
Gateway sending update to database
09:48:17 Gateway/temperature 20.0
09:48:27 Temperature Sensor Gateway 20.0
Gateway sending update to database
09:48:27 Gateway/temperature 20.0
09:48:37 Temperature Sensor Gateway 20.0
Gateway sending update to database
09:48:37 Gateway/temperature 20.0
Gateway sending update to database
09:48:47 Temperature Sensor Gateway 20.0
09:48:47 Gateway/temperature 20.0
Gateway sending update to database
09:48:57 Temperature Sensor Gateway 20.0
09:48:57 Gateway/temperature 20.0
Gateway sending update to database
09:49:07 Temperature Sensor Gateway 20.0
09:49:07 Gateway/temperature 20.0
09:49:17 Temperature Sensor Gateway 20.0
Gateway sending update to database
09:49:17 Gateway/temperature 20.0
09:49:27 Temperature Sensor Gateway 20.0
Gateway sending update to database
09:49:27 Gateway/temperature 20.0
Gateway sending update to database
09:49:37 Temperature Sensor Gateway 20.0
09:49:37 Gateway/temperature 20.0
09:49:47 Temperature Sensor Gateway 20.0
Gateway sending update to database
09:49:47 Gateway/temperature 20.0
Gateway sending update to database
09:49:57 Temperature Sensor Gateway 20.0
09:49:57 Gateway/temperature 20.0
09:50:07 Temperature Sensor Gateway 20.0
Gateway sending update to database
09:50:07 Gateway/temperature 20.0
09:50:17 Temperature Sensor Gateway 20.0
Gateway sending update to database
09:50:17 Gateway/temperature 20.0
09:50:27 Temperature Sensor Gateway 20.0
Gateway sending update to database
09:50:27 Gateway/temperature 20.0
09:50:37 Temperature Sensor Gateway 20.0
Gateway sending update to database
09:50:37 Gateway/temperature 20.0
09:50:47 Temperature Sensor Gateway 20.0
Gateway sending update to database
09:50:47 Gateway/temperature 20.0
Gateway sending update to database
09:50:57 Temperature Sensor Gateway 20.0
09:50:57 Gateway/temperature 20.0
09:51:07 Temperature Sensor Gateway 20.0
Gateway sending update to database
09:51:07 Gateway/temperature 20.0
09:51:17 Temperature Sensor Gateway 20.0
Gateway sending update to database
09:51:17 Gateway/temperature 20.0
09:51:27 Temperature Sensor Gateway 20.0
Gateway sending update to database
09:51:27 Gateway/temperature 20.0
Gateway sending update to database
09:51:37 Temperature Sensor Gateway 20.0
09:51:37 Gateway/temperature 20.0
Gateway sending update to database
09:51:47 Temperature Sensor Gateway 20.0
09:51:47 Gateway/temperature 20.0
09:51:57 Temperature Sensor Gateway 20.0
Gateway sending update to database
09:51:57 Gateway/temperature 20.0
Gateway sending update to database
09:52:07 Temperature Sensor Gateway 20.0
09:52:07 Gateway/temperature 20.0
09:52:17 Temperature Sensor Gateway 20.0
Gateway sending update to database
09:52:17 Gateway/temperature 20.0
09:52:27 Temperature Sensor Gateway 20.0
Gateway sending update to database
09:52:27 Gateway/temperature 20.0
09:52:37 Temperature Sensor Gateway 20.0
Gateway sending update to database
09:52:37 Gateway/temperature 20.0
09:52:47 Temperature Sensor Gateway 20.0
Gateway sending update to database
09:52:47 Gateway/temperature 20.0
Gateway sending update to database
09:52:57 Temperature Sensor Gateway 20.0
09:52:57 Gateway/temperature 20.0
09:53:07 Temperature Sensor Gateway 20.0
Gateway sending update to database
09:53:07 Gateway/temperature 20.0
09:53:17 Temperature Sensor Gateway 20.0
Gateway sending update to database
09:53:17 Gateway/temperature 20.0
09:53:27 Temperature Sensor Gateway 20.0
Gateway sending update to database
09:53:27 Gateway/temperature 20.0
Gateway sending update to database
09:53:37 Temperature Sensor Gateway 20.0
09:53:37 Gateway/temperature 20.0
Gateway sending update to database
09:53:47 Temperature Sensor Gateway 20.0
09:53:47 Gateway/temperature 20.0
Gateway sending update to database
09:53:57 Temperature Sensor Gateway 20.0
09:53:57 Gateway/temperature 20.0
09:54:07 Temperature Sensor Gateway 20.0
Gateway sending update to database
09:54:07 Gateway/temperature 20.0
Gateway sending update to database
09:54:17 Temperature Sensor Gateway 20.0
09:54:17 Gateway/temperature 20.0
09:54:27 Temperature Sensor Gateway 20.0
Gateway sending update to database
09:54:27 Gateway/temperature 20.0
Gateway sending update to database
09:54:37 Temperature Sensor Gateway 20.0
09:54:37 Gateway/temperature 20.0
Gateway sending update to database
09:54:47 Temperature Sensor Gateway 20.0
09:54:47 Gateway/temperature 20.0
09:54:57 Temperature Sensor Gateway 20.0
Gateway sending update to database
09:54:57 Gateway/temperature 20.0
09:55:07 Temperature Sensor Gateway 20.0
Gateway sending update to database
09:55:07 Gateway/temperature 20.0
Gateway sending update to database
09:55:17 Temperature Sensor Gateway 20.0
09:55:17 Gateway/temperature 20.0
Gateway sending update to database
09:55:27 Temperature Sensor Gateway 20.0
09:55:27 Gateway/temperature 20.0
Gateway sending update to database
09:55:37 Temperature Sensor Gateway 20.0
09:55:37 Gateway/temperature 20.0
09:55:47 Temperature Sensor Gateway 20.0
Gateway sending update to database
09:55:47 Gateway/temperature 20.0
Gateway sending update to database
09:55:57 Gateway/temperature 20.0
09:55:57 Temperature Sensor Gateway 20.0
09:56:07 Temperature Sensor Gateway 20.0
Gateway sending update to database
09:56:07 Gateway/temperature 20.0
Gateway sending update to database
09:56:17 Temperature Sensor Gateway 20.0
09:56:17 Gateway/temperature 20.0
09:56:27 Temperature Sensor Gateway 20.0
Gateway sending update to database
09:56:27 Gateway/temperature 20.0
09:56:37 Temperature Sensor Gateway 20.0
Gateway sending update to database
09:56:37 Gateway/temperature 20.0
Gateway sending update to database
09:56:47 Temperature Sensor Gateway 20.0
09:56:47 Gateway/temperature 20.0
09:56:57 Temperature Sensor Gateway 20.0
Gateway sending update to database
09:56:57 Gateway/temperature 20.0
Gateway sending update to database
09:57:07 Temperature Sensor Gateway 20.0
09:57:07 Gateway/temperature 20.0
09:57:17 Temperature Sensor Gateway 20.0
Gateway sending update to database
09:57:17 Gateway/temperature 20.0
09:57:27 Temperature Sensor Gateway 20.0
Gateway sending update to database
09:57:27 Gateway/temperature 20.0
Gateway sending update to database
09:57:37 Temperature Sensor Gateway 20.0
09:57:37 Gateway/temperature 20.0
09:57:47 Temperature Sensor Gateway 20.0
Gateway sending update to database
09:57:47 Gateway/temperature 20.0
09:57:57 Temperature Sensor Gateway 20.0
Gateway sending update to database
09:57:57 Gateway/temperature 20.0
09:58:07 Temperature Sensor Gateway 20.0
Gateway sending update to database
09:58:07 Gateway/temperature 20.0
09:58:17 Temperature Sensor Gateway 20.0
Gateway sending update to database
09:58:17 Gateway/temperature 20.0
09:58:27 Temperature Sensor Gateway 20.0
Gateway sending update to database
09:58:27 Gateway/temperature 20.0
Gateway sending update to database
09:58:37 Temperature Sensor Gateway 20.0
09:58:37 Gateway/temperature 20.0
Gateway sending update to database
09:58:47 Temperature Sensor Gateway 20.0
09:58:47 Gateway/temperature 20.0
Gateway sending update to database
09:58:57 Temperature Sensor Gateway 20.0
09:58:57 Gateway/temperature 20.0
09:59:07 Temperature Sensor Gateway 20.0
Gateway sending update to database
09:59:07 Gateway/temperature 20.0
Gateway sending update to database
09:59:17 Temperature Sensor Gateway 20.0
09:59:17 Gateway/temperature 20.0
Gateway sending update to database
09:59:27 Temperature Sensor Gateway 20.0
09:59:27 Gateway/temperature 20.0
09:59:37 Temperature Sensor Gateway 20.0
Gateway sending update to database
09:59:37 Gateway/temperature 20.0
Gateway sending update to database
09:59:47 Temperature Sensor Gateway 20.0
09:59:47 Gateway/temperature 20.0
09:59:57 Temperature Sensor Gateway 20.0
Gateway sending update to database
09:59:57 Gateway/temperature 20.0
Gateway sending update to database
10:00:07 Temperature Sensor Gateway 20.0
10:00:07 Gateway/temperature 20.0
Gateway sending update to database
10:00:17 Temperature Sensor Gateway 20.0
10:00:17 Gateway/temperature 20.0
10:00:27 Temperature Sensor Gateway 20.0
Gateway sending update to database
10:00:27 Gateway/temperature 20.0
10:00:37 Temperature Sensor Gateway 20.0
Gateway sending update to database
10:00:37 Gateway/temperature 20.0
Gateway sending update to database
10:00:47 Temperature Sensor Gateway 20.0
10:00:47 Gateway/temperature 20.0
10:00:57 Temperature Sensor Gateway 20.0
Gateway sending update to database
10:00:57 Gateway/temperature 20.0
10:01:07 Temperature Sensor Gateway 20.0
Gateway sending update to database
10:01:07 Gateway/temperature 20.0
Gateway sending update to database
10:01:17 Temperature Sensor Gateway 20.0
10:01:17 Gateway/temperature 20.0
10:01:27 Temperature Sensor Gateway 20.0
Gateway sending update to database
10:01:27 Gateway/temperature 20.0
10:01:37 Temperature Sensor Gateway 20.0
Gateway sending update to database
10:01:37 Gateway/temperature 20.0
10:01:47 Temperature Sensor Gateway 20.0
Gateway sending update to database
10:01:47 Gateway/temperature 20.0
Gateway sending update to database
10:01:57 Temperature Sensor Gateway 20.0
10:01:57 Gateway/temperature 20.0
Gateway sending update to database
10:02:07 Temperature Sensor Gateway 20.0
10:02:07 Gateway/temperature 20.0
10:02:17 Temperature Sensor Gateway 20.0
Gateway sending update to database
10:02:17 Gateway/temperature 20.0
Gateway sending update to database
10:02:27 Temperature Sensor Gateway 20.0
10:02:27 Gateway/temperature 20.0
Gateway sending update to database
10:02:37 Temperature Sensor Gateway 20.0
10:02:37 Gateway/temperature 20.0
Gateway sending update to database
10:02:47 Temperature Sensor Gateway 20.0
10:02:47 Gateway/temperature 20.0
Gateway sending update to database
10:02:57 Temperature Sensor Gateway 20.0
10:02:57 Gateway/temperature 20.0
10:03:07 Temperature Sensor Gateway 20.0
Gateway sending update to database
10:03:07 Gateway/temperature 20.0
Gateway sending update to database
10:03:17 Temperature Sensor Gateway 20.0
10:03:17 Gateway/temperature 20.0
10:03:27 Temperature Sensor Gateway 20.0
Gateway sending update to database
10:03:27 Gateway/temperature 20.0
10:03:37 Temperature Sensor Gateway 20.0
Gateway sending update to database
10:03:37 Gateway/temperature 20.0
10:03:47 Temperature Sensor Gateway 20.0
Gateway sending update to database
10:03:47 Gateway/temperature 20.0
Gateway sending update to database
10:03:57 Temperature Sensor Gateway 20.0
10:03:57 Gateway/temperature 20.0
Gateway sending update to database
10:04:07 Temperature Sensor Gateway 20.0
10:04:07 Gateway/temperature 20.0
Gateway sending update to database
10:04:17 Temperature Sensor Gateway 20.0
10:04:17 Gateway/temperature 20.0
Gateway sending update to database
10:04:27 Temperature Sensor Gateway 20.0
10:04:27 Gateway/temperature 20.0
Gateway sending update to database
10:04:37 Temperature Sensor Gateway 20.0
10:04:37 Gateway/temperature 20.0
10:04:47 Temperature Sensor Gateway 20.0
Gateway sending update to database
10:04:47 Gateway/temperature 20.0
10:04:57 Temperature Sensor Gateway 20.0
Gateway sending update to database
10:04:57 Gateway/temperature 20.0
Gateway sending update to database
10:05:07 Temperature Sensor Gateway 20.0
10:05:07 Gateway/temperature 20.0
Gateway sending update to database
10:05:17 Temperature Sensor Gateway 20.0
10:05:17 Gateway/temperature 20.0
Gateway sending update to database
10:05:27 Temperature Sensor Gateway 20.0
10:05:27 Gateway/temperature 20.0
Gateway sending update to database
10:05:37 Temperature Sensor Gateway 20.0
10:05:37 Gateway/temperature 20.0
Gateway sending update to database
10:05:47 Gateway/temperature 20.0
10:05:47 Temperature Sensor Gateway 20.0
Gateway sending update to database
10:05:57 Temperature Sensor Gateway 20.0
10:05:57 Gateway/temperature 20.0
Gateway sending update to database
10:06:07 Temperature Sensor Gateway 20.0
10:06:07 Gateway/temperature 20.0
10:06:17 Temperature Sensor Gateway 20.0
Gateway sending update to database
10:06:17 Gateway/temperature 20.0
10:06:27 Temperature Sensor Gateway 20.0
Gateway sending update to database
10:06:27 Gateway/temperature 20.0
Gateway sending update to database
10:06:37 Temperature Sensor Gateway 20.0
10:06:37 Gateway/temperature 20.0
10:06:47 Temperature Sensor Gateway 20.0
Gateway sending update to database
10:06:47 Gateway/temperature 20.0
10:06:57 Temperature Sensor Gateway 20.0
Gateway sending update to database
10:06:57 Gateway/temperature 20.0
10:07:07 Temperature Sensor Gateway 20.0
Gateway sending update to database
10:07:07 Gateway/temperature 20.0
10:07:17 Temperature Sensor Gateway 20.0
Gateway sending update to database
10:07:17 Gateway/temperature 20.0
Gateway sending update to database
10:07:27 Temperature Sensor Gateway 20.0
10:07:27 Gateway/temperature 20.0
Gateway sending update to database
10:07:37 Temperature Sensor Gateway 20.0
10:07:37 Gateway/temperature 20.0
Gateway sending update to database
10:07:47 Temperature Sensor Gateway 20.0
10:07:47 Gateway/temperature 20.0
Gateway sending update to database
10:07:57 Temperature Sensor Gateway 20.0
10:07:57 Gateway/temperature 20.0
10:08:07 Temperature Sensor Gateway 20.0
Gateway sending update to database
10:08:07 Gateway/temperature 20.0
10:08:17 Temperature Sensor Gateway 20.0
Gateway sending update to database
10:08:17 Gateway/temperature 20.0
10:08:27 Temperature Sensor Gateway 20.0
Gateway sending update to database
10:08:27 Gateway/temperature 20.0
10:08:37 Temperature Sensor Gateway 20.0
Gateway sending update to database
10:08:37 Gateway/temperature 20.0
10:08:47 Temperature Sensor Gateway 20.0
Gateway sending update to database
10:08:47 Gateway/temperature 20.0
10:08:57 Temperature Sensor Gateway 20.0
Gateway sending update to database
10:08:57 Gateway/temperature 20.0
10:09:07 Temperature Sensor Gateway 20.0
Gateway sending update to database
10:09:07 Gateway/temperature 20.0
Gateway sending update to database
10:09:17 Temperature Sensor Gateway 20.0
10:09:17 Gateway/temperature 20.0
Gateway sending update to database
10:09:27 Temperature Sensor Gateway 20.0
10:09:27 Gateway/temperature 20.0
10:09:37 Temperature Sensor Gateway 20.0
Gateway sending update to database
10:09:37 Gateway/temperature 20.0
Gateway sending update to database
10:09:47 Gateway/temperature 20.0
10:09:47 Temperature Sensor Gateway 20.0
Gateway sending update to database
10:09:57 Temperature Sensor Gateway 20.0
10:09:57 Gateway/temperature 20.0
10:10:07 Temperature Sensor Gateway 20.0
Gateway sending update to database
10:10:07 Gateway/temperature 20.0
10:10:17 Temperature Sensor Gateway 20.0
Gateway sending update to database
10:10:17 Gateway/temperature 20.0
Gateway sending update to database
10:10:27 Temperature Sensor Gateway 20.0
10:10:27 Gateway/temperature 20.0
10:10:37 Temperature Sensor Gateway 20.0
Gateway sending update to database
10:10:37 Gateway/temperature 20.0
10:10:47 Temperature Sensor Gateway 20.0
Gateway sending update to database
10:10:47 Gateway/temperature 20.0
10:10:57 Temperature Sensor Gateway 20.0
Gateway sending update to database
10:10:57 Gateway/temperature 20.0
10:11:07 Temperature Sensor Gateway 20.0
Gateway sending update to database
10:11:07 Gateway/temperature 20.0
10:11:17 Temperature Sensor Gateway 20.0
Gateway sending update to database
10:11:17 Gateway/temperature 20.0
10:11:27 Temperature Sensor Gateway 20.0
Gateway sending update to database
10:11:27 Gateway/temperature 20.0
Gateway sending update to database
10:11:37 Temperature Sensor Gateway 20.0
10:11:37 Gateway/temperature 20.0
10:11:47 Temperature Sensor Gateway 20.0
Gateway sending update to database
10:11:47 Gateway/temperature 20.0
Gateway sending update to database
10:11:57 Temperature Sensor Gateway 20.0
10:11:57 Gateway/temperature 20.0
10:12:07 Temperature Sensor Gateway 20.0
Gateway sending update to database
10:12:07 Gateway/temperature 20.0
10:12:17 Temperature Sensor Gateway 20.0
Gateway sending update to database
10:12:17 Gateway/temperature 20.0
Gateway sending update to database
10:12:27 Temperature Sensor Gateway 20.0
10:12:27 Gateway/temperature 20.0
10:12:37 Temperature Sensor Gateway 20.0
Gateway sending update to database
10:12:37 Gateway/temperature 20.0
10:12:47 Temperature Sensor Gateway 20.0
Gateway sending update to database
10:12:47 Gateway/temperature 20.0
10:12:57 Temperature Sensor Gateway 20.0
Gateway sending update to database
10:12:57 Gateway/temperature 20.0
Gateway sending update to database
10:13:07 Temperature Sensor Gateway 20.0
10:13:07 Gateway/temperature 20.0
10:13:17 Temperature Sensor Gateway 20.0
Gateway sending update to database
10:13:17 Gateway/temperature 20.0
Gateway sending update to database
10:13:27 Temperature Sensor Gateway 20.0
10:13:27 Gateway/temperature 20.0
10:13:37 Temperature Sensor Gateway 20.0
Gateway sending update to database
10:13:37 Gateway/temperature 20.0
10:13:47 Temperature Sensor Gateway 20.0
Gateway sending update to database
10:13:47 Gateway/temperature 20.0
Gateway sending update to database
10:13:57 Temperature Sensor Gateway 20.0
10:13:57 Gateway/temperature 20.0
Gateway sending update to database
10:14:07 Temperature Sensor Gateway 20.0
10:14:07 Gateway/temperature 20.0
Gateway sending update to database
10:14:17 Temperature Sensor Gateway 20.0
10:14:17 Gateway/temperature 20.0
10:14:27 Temperature Sensor Gateway 20.0
Gateway sending update to database
10:14:27 Gateway/temperature 20.0
Gateway sending update to database
10:14:37 Temperature Sensor Gateway 20.0
10:14:37 Gateway/temperature 20.0
10:14:47 Temperature Sensor Gateway 20.0
Gateway sending update to database
10:14:47 Gateway/temperature 20.0
Gateway sending update to database
10:14:57 Temperature Sensor Gateway 20.0
10:14:57 Gateway/temperature 20.0
Gateway sending update to database
10:15:07 Temperature Sensor Gateway 20.0
10:15:07 Gateway/temperature 20.0
Gateway sending update to database
10:15:17 Temperature Sensor Gateway 20.0
10:15:17 Gateway/temperature 20.0
Gateway sending update to database
10:15:27 Temperature Sensor Gateway 20.0
10:15:27 Gateway/temperature 20.0
Gateway sending update to database
10:15:37 Temperature Sensor Gateway 20.0
10:15:37 Gateway/temperature 20.0
10:15:47 Temperature Sensor Gateway 20.0
Gateway sending update to database
10:15:47 Gateway/temperature 20.0
Gateway sending update to database
10:15:57 Temperature Sensor Gateway 20.0
10:15:57 Gateway/temperature 20.0
10:16:07 Temperature Sensor Gateway 20.0
Gateway sending update to database
10:16:07 Gateway/temperature 20.0
Gateway sending update to database
10:16:17 Temperature Sensor Gateway 20.0
10:16:17 Gateway/temperature 20.0
Gateway sending update to database
10:16:27 Temperature Sensor Gateway 20.0
10:16:27 Gateway/temperature 20.0
Gateway sending update to database
10:16:37 Temperature Sensor Gateway 20.0
10:16:37 Gateway/temperature 20.0
10:16:47 Temperature Sensor Gateway 20.0
Gateway sending update to database
10:16:47 Gateway/temperature 20.0
10:16:57 Temperature Sensor Gateway 20.0
Gateway sending update to database
10:16:57 Gateway/temperature 20.0
10:17:07 Temperature Sensor Gateway 20.0
Gateway sending update to database
10:17:07 Gateway/temperature 20.0
10:17:17 Temperature Sensor Gateway 20.0
Gateway sending update to database
10:17:17 Gateway/temperature 20.0
Gateway sending update to database
10:17:27 Temperature Sensor Gateway 20.0
10:17:27 Gateway/temperature 20.0
Gateway sending update to database
10:17:37 Temperature Sensor Gateway 20.0
10:17:37 Gateway/temperature 20.0
10:17:47 Temperature Sensor Gateway 20.0
Gateway sending update to database
10:17:47 Gateway/temperature 20.0
10:17:57 Temperature Sensor Gateway 20.0
Gateway sending update to database
10:17:57 Gateway/temperature 20.0
Gateway sending update to database
10:18:07 Temperature Sensor Gateway 20.0
10:18:07 Gateway/temperature 20.0
Gateway sending update to database
10:18:17 Temperature Sensor Gateway 20.0
10:18:17 Gateway/temperature 20.0
10:18:27 Temperature Sensor Gateway 20.0
Gateway sending update to database
10:18:27 Gateway/temperature 20.0
Gateway sending update to database
10:18:37 Temperature Sensor Gateway 20.0
10:18:37 Gateway/temperature 20.0
10:18:47 Temperature Sensor Gateway 20.0
Gateway sending update to database
10:18:47 Gateway/temperature 20.0
10:18:57 Temperature Sensor Gateway 20.0
Gateway sending update to database
10:18:57 Gateway/temperature 20.0
10:19:07 Temperature Sensor Gateway 20.0
Gateway sending update to database
10:19:07 Gateway/temperature 20.0
10:19:17 Temperature Sensor Gateway 20.0
Gateway sending update to database
10:19:17 Gateway/temperature 20.0
Gateway sending update to database
10:19:27 Temperature Sensor Gateway 20.0
10:19:27 Gateway/temperature 20.0
Gateway sending update to database
10:19:37 Temperature Sensor Gateway 20.0
10:19:37 Gateway/temperature 20.0
Gateway sending update to database
10:19:47 Temperature Sensor Gateway 20.0
10:19:47 Gateway/temperature 20.0
Gateway sending update to database
10:19:57 Temperature Sensor Gateway 20.0
10:19:57 Gateway/temperature 20.0
Gateway sending update to database
10:20:07 Temperature Sensor Gateway 20.0
10:20:07 Gateway/temperature 20.0
10:20:17 Temperature Sensor Gateway 20.0
Gateway sending update to database
10:20:17 Gateway/temperature 20.0
10:20:27 Temperature Sensor Gateway 20.0
Gateway sending update to database
10:20:27 Gateway/temperature 20.0
Gateway sending update to database
10:20:37 Temperature Sensor Gateway 20.0
10:20:37 Gateway/temperature 20.0
10:20:47 Temperature Sensor Gateway 20.0
Gateway sending update to database
10:20:47 Gateway/temperature 20.0
Gateway sending update to database
10:20:57 Temperature Sensor Gateway 20.0
10:20:57 Gateway/temperature 20.0
Gateway sending update to database
10:21:07 Temperature Sensor Gateway 20.0
10:21:07 Gateway/temperature 20.0
10:21:17 Temperature Sensor Gateway 20.0
Gateway sending update to database
10:21:17 Gateway/temperature 20.0
Gateway sending update to database
10:21:27 Temperature Sensor Gateway 20.0
10:21:27 Gateway/temperature 20.0
10:21:37 Temperature Sensor Gateway 20.0
Gateway sending update to database
10:21:37 Gateway/temperature 20.0
Gateway sending update to database
10:21:47 Temperature Sensor Gateway 20.0
10:21:47 Gateway/temperature 20.0
Gateway sending update to database
10:21:57 Temperature Sensor Gateway 20.0
10:21:57 Gateway/temperature 20.0
10:22:07 Temperature Sensor Gateway 20.0
Gateway sending update to database
10:22:07 Gateway/temperature 20.0
Gateway sending update to database
10:22:17 Temperature Sensor Gateway 20.0
10:22:17 Gateway/temperature 20.0
Gateway sending update to database
10:22:27 Temperature Sensor Gateway 20.0
10:22:27 Gateway/temperature 20.0
Gateway sending update to database
10:22:37 Temperature Sensor Gateway 20.0
10:22:37 Gateway/temperature 20.0
10:22:47 Temperature Sensor Gateway 20.0
Gateway sending update to database
10:22:47 Gateway/temperature 20.0
10:22:57 Temperature Sensor Gateway 20.0
Gateway sending update to database
10:22:57 Gateway/temperature 20.0
Gateway sending update to database
10:23:07 Temperature Sensor Gateway 20.0
10:23:07 Gateway/temperature 20.0
10:23:17 Temperature Sensor Gateway 20.0
Gateway sending update to database
10:23:17 Gateway/temperature 20.0
10:23:27 Temperature Sensor Gateway 20.0
Gateway sending update to database
10:23:27 Gateway/temperature 20.0
Gateway sending update to database
10:23:37 Temperature Sensor Gateway 20.0
10:23:37 Gateway/temperature 20.0
Gateway sending update to database
10:23:47 Temperature Sensor Gateway 20.0
10:23:47 Gateway/temperature 20.0
10:23:57 Temperature Sensor Gateway 20.0
Gateway sending update to database
10:23:57 Gateway/temperature 20.0
10:24:07 Temperature Sensor Gateway 20.0
Gateway sending update to database
10:24:07 Gateway/temperature 20.0
Gateway sending update to database
10:24:17 Temperature Sensor Gateway 20.0
10:24:17 Gateway/temperature 20.0
10:24:27 Temperature Sensor Gateway 20.0
Gateway sending update to database
10:24:27 Gateway/temperature 20.0
10:24:37 Temperature Sensor Gateway 20.0
Gateway sending update to database
10:24:37 Gateway/temperature 20.0
Gateway sending update to database
10:24:47 Temperature Sensor Gateway 20.0
10:24:47 Gateway/temperature 20.0
Gateway sending update to database
10:24:57 Temperature Sensor Gateway 20.0
10:24:57 Gateway/temperature 20.0
Gateway sending update to database
10:25:07 Temperature Sensor Gateway 20.0
10:25:07 Gateway/temperature 20.0
Gateway sending update to database
10:25:17 Temperature Sensor Gateway 20.0
10:25:17 Gateway/temperature 20.0
10:25:27 Temperature Sensor Gateway 20.0
Gateway sending update to database
10:25:27 Gateway/temperature 20.0
10:25:37 Temperature Sensor Gateway 20.0
Gateway sending update to database
10:25:37 Gateway/temperature 20.0
10:25:47 Temperature Sensor Gateway 20.0
Gateway sending update to database
10:25:47 Gateway/temperature 20.0
Gateway sending update to database
10:25:57 Temperature Sensor Gateway 20.0
10:25:57 Gateway/temperature 20.0
Gateway sending update to database
10:26:07 Temperature Sensor Gateway 20.0
10:26:07 Gateway/temperature 20.0
Gateway sending update to database
10:26:17 Temperature Sensor Gateway 20.0
10:26:17 Gateway/temperature 20.0
10:26:27 Temperature Sensor Gateway 20.0
Gateway sending update to database
10:26:27 Gateway/temperature 20.0
10:26:37 Temperature Sensor Gateway 20.0
Gateway sending update to database
10:26:37 Gateway/temperature 20.0
Gateway sending update to database
10:26:47 Temperature Sensor Gateway 20.0
10:26:47 Gateway/temperature 20.0
Gateway sending update to database
10:26:57 Temperature Sensor Gateway 20.0
10:26:57 Gateway/temperature 20.0
Gateway sending update to database
10:27:07 Temperature Sensor Gateway 20.0
10:27:07 Gateway/temperature 20.0
Gateway sending update to database
10:27:17 Temperature Sensor Gateway 20.0
10:27:17 Gateway/temperature 20.0
10:27:27 Temperature Sensor Gateway 20.0
Gateway sending update to database
10:27:27 Gateway/temperature 20.0
Gateway sending update to database
10:27:37 Temperature Sensor Gateway 20.0
10:27:37 Gateway/temperature 20.0
Gateway sending update to database
10:27:47 Temperature Sensor Gateway 20.0
10:27:47 Gateway/temperature 20.0
Gateway sending update to database
10:27:57 Temperature Sensor Gateway 20.0
10:27:57 Gateway/temperature 20.0
Gateway sending update to database
10:28:07 Temperature Sensor Gateway 20.0
10:28:07 Gateway/temperature 20.0
Gateway sending update to database
10:28:17 Temperature Sensor Gateway 20.0
10:28:17 Gateway/temperature 20.0
Gateway sending update to database
10:28:27 Temperature Sensor Gateway 20.0
10:28:27 Gateway/temperature 20.0
10:28:37 Temperature Sensor Gateway 20.0
Gateway sending update to database
10:28:37 Gateway/temperature 20.0
10:28:47 Temperature Sensor Gateway 20.0
Gateway sending update to database
10:28:47 Gateway/temperature 20.0
Gateway sending update to database
10:28:57 Temperature Sensor Gateway 20.0
10:28:57 Gateway/temperature 20.0
Gateway sending update to database
10:29:07 Temperature Sensor Gateway 20.0
10:29:07 Gateway/temperature 20.0
10:29:17 Temperature Sensor Gateway 20.0
Gateway sending update to database
10:29:17 Gateway/temperature 20.0
10:29:27 Temperature Sensor Gateway 20.0
Gateway sending update to database
10:29:27 Gateway/temperature 20.0
Gateway sending update to database
10:29:37 Temperature Sensor Gateway 20.0
10:29:37 Gateway/temperature 20.0
Gateway sending update to database
10:29:47 Temperature Sensor Gateway 20.0
10:29:47 Gateway/temperature 20.0
Gateway sending update to database
10:29:57 Temperature Sensor Gateway 20.0
10:29:57 Gateway/temperature 20.0
10:30:07 Temperature Sensor Gateway 20.0
Gateway sending update to database
10:30:07 Gateway/temperature 20.0
10:30:17 Temperature Sensor Gateway 20.0
Gateway sending update to database
10:30:17 Gateway/temperature 20.0
Gateway sending update to database
10:30:27 Temperature Sensor Gateway 20.0
10:30:27 Gateway/temperature 20.0
10:30:37 Temperature Sensor Gateway 20.0
Gateway sending update to database
10:30:37 Gateway/temperature 20.0
Gateway sending update to database
10:30:47 Temperature Sensor Gateway 20.0
10:30:47 Gateway/temperature 20.0
Gateway sending update to database
10:30:57 Temperature Sensor Gateway 20.0
10:30:57 Gateway/temperature 20.0
10:31:07 Temperature Sensor Gateway 20.0
Gateway sending update to database
10:31:07 Gateway/temperature 20.0
10:31:17 Temperature Sensor Gateway 20.0
Gateway sending update to database
10:31:17 Gateway/temperature 20.0
Gateway sending update to database
10:31:27 Temperature Sensor Gateway 20.0
10:31:27 Gateway/temperature 20.0
10:31:37 Temperature Sensor Gateway 20.0
Gateway sending update to database
10:31:37 Gateway/temperature 20.0
Gateway sending update to database
10:31:47 Gateway/temperature 20.0
10:31:47 Temperature Sensor Gateway 20.0
Gateway sending update to database
10:31:57 Temperature Sensor Gateway 20.0
10:31:57 Gateway/temperature 20.0
Gateway sending update to database
10:32:07 Temperature Sensor Gateway 20.0
10:32:07 Gateway/temperature 20.0
10:32:17 Temperature Sensor Gateway 20.0
Gateway sending update to database
10:32:17 Gateway/temperature 20.0
10:32:27 Temperature Sensor Gateway 20.0
Gateway sending update to database
10:32:27 Gateway/temperature 20.0
Gateway sending update to database
10:32:37 Temperature Sensor Gateway 20.0
10:32:37 Gateway/temperature 20.0
Gateway sending update to database
10:32:47 Temperature Sensor Gateway 20.0
10:32:47 Gateway/temperature 20.0
Gateway sending update to database
10:32:57 Temperature Sensor Gateway 20.0
10:32:57 Gateway/temperature 20.0
10:33:07 Temperature Sensor Gateway 20.0
Gateway sending update to database
10:33:07 Gateway/temperature 20.0
Gateway sending update to database
10:33:17 Temperature Sensor Gateway 20.0
10:33:17 Gateway/temperature 20.0
10:33:27 Temperature Sensor Gateway 20.0
Gateway sending update to database
10:33:27 Gateway/temperature 20.0
Gateway sending update to database
10:33:37 Temperature Sensor Gateway 20.0
10:33:37 Gateway/temperature 20.0
10:33:47 Temperature Sensor Gateway 20.0
Gateway sending update to database
10:33:47 Gateway/temperature 20.0
10:33:57 Temperature Sensor Gateway 20.0
Gateway sending update to database
10:33:57 Gateway/temperature 20.0
10:34:07 Temperature Sensor Gateway 20.0
Gateway sending update to database
10:34:07 Gateway/temperature 20.0
Gateway sending update to database
10:34:17 Gateway/temperature 20.0
10:34:17 Temperature Sensor Gateway 20.0
10:34:27 Temperature Sensor Gateway 20.0
Gateway sending update to database
10:34:27 Gateway/temperature 20.0
Gateway sending update to database
10:34:37 Temperature Sensor Gateway 20.0
10:34:37 Gateway/temperature 20.0
Gateway sending update to database
10:34:47 Temperature Sensor Gateway 20.0
10:34:47 Gateway/temperature 20.0
10:34:57 Temperature Sensor Gateway 20.0
Gateway sending update to database
10:34:57 Gateway/temperature 20.0
Gateway sending update to database
10:35:07 Temperature Sensor Gateway 20.0
10:35:07 Gateway/temperature 20.0
10:35:17 Temperature Sensor Gateway 20.0
Gateway sending update to database
10:35:17 Gateway/temperature 20.0
Gateway sending update to database
10:35:27 Temperature Sensor Gateway 20.0
10:35:27 Gateway/temperature 20.0
10:35:37 Temperature Sensor Gateway 20.0
Gateway sending update to database
10:35:37 Gateway/temperature 20.0
10:35:47 Temperature Sensor Gateway 20.0
Gateway sending update to database
10:35:47 Gateway/temperature 20.0
10:35:57 Temperature Sensor Gateway 20.0
Gateway sending update to database
10:35:57 Gateway/temperature 20.0
Gateway sending update to database
10:36:07 Temperature Sensor Gateway 20.0
10:36:07 Gateway/temperature 20.0
10:36:17 Temperature Sensor Gateway 20.0
Gateway sending update to database
10:36:17 Gateway/temperature 20.0
Gateway sending update to database
10:36:27 Gateway/temperature 20.0
10:36:27 Temperature Sensor Gateway 20.0
10:36:37 Temperature Sensor Gateway 20.0
Gateway sending update to database
10:36:37 Gateway/temperature 20.0
Gateway sending update to database
10:36:47 Temperature Sensor Gateway 20.0
10:36:47 Gateway/temperature 20.0
Gateway sending update to database
10:36:57 Temperature Sensor Gateway 20.0
10:36:57 Gateway/temperature 20.0
Gateway sending update to database
10:37:07 Temperature Sensor Gateway 20.0
10:37:07 Gateway/temperature 20.0
Gateway sending update to database
10:37:17 Temperature Sensor Gateway 20.0
10:37:17 Gateway/temperature 20.0
10:37:27 Temperature Sensor Gateway 20.0
Gateway sending update to database
10:37:27 Gateway/temperature 20.0
10:37:37 Temperature Sensor Gateway 20.0
Gateway sending update to database
10:37:37 Gateway/temperature 20.0
10:37:47 Temperature Sensor Gateway 20.0
Gateway sending update to database
10:37:47 Gateway/temperature 20.0
Gateway sending update to database
10:37:57 Temperature Sensor Gateway 20.0
10:37:57 Gateway/temperature 20.0
Gateway sending update to database
10:38:07 Temperature Sensor Gateway 20.0
10:38:07 Gateway/temperature 20.0
Gateway sending update to database
10:38:17 Temperature Sensor Gateway 20.0
10:38:17 Gateway/temperature 20.0
10:38:27 Temperature Sensor Gateway 20.0
Gateway sending update to database
10:38:27 Gateway/temperature 20.0
Gateway sending update to database
10:38:37 Temperature Sensor Gateway 20.0
10:38:37 Gateway/temperature 20.0
Gateway sending update to database
10:38:47 Temperature Sensor Gateway 20.0
10:38:47 Gateway/temperature 20.0
Gateway sending update to database
10:38:57 Temperature Sensor Gateway 20.0
10:38:57 Gateway/temperature 20.0
Gateway sending update to database
10:39:07 Temperature Sensor Gateway 20.0
10:39:07 Gateway/temperature 20.0
10:39:17 Temperature Sensor Gateway 20.0
Gateway sending update to database
10:39:17 Gateway/temperature 20.0
10:39:27 Temperature Sensor Gateway 20.0
Gateway sending update to database
10:39:27 Gateway/temperature 20.0
Gateway sending update to database
10:39:37 Temperature Sensor Gateway 20.0
10:39:37 Gateway/temperature 20.0
Gateway sending update to database
10:39:47 Temperature Sensor Gateway 20.0
10:39:47 Gateway/temperature 20.0
Gateway sending update to database
10:39:57 Temperature Sensor Gateway 20.0
10:39:57 Gateway/temperature 20.0
Gateway sending update to database
10:40:07 Temperature Sensor Gateway 20.0
10:40:07 Gateway/temperature 20.0
10:40:17 Temperature Sensor Gateway 20.0
Gateway sending update to database
10:40:17 Gateway/temperature 20.0
10:40:27 Temperature Sensor Gateway 20.0
Gateway sending update to database
10:40:27 Gateway/temperature 20.0
Gateway sending update to database
10:40:37 Temperature Sensor Gateway 20.0
10:40:37 Gateway/temperature 20.0
10:40:47 Temperature Sensor Gateway 20.0
Gateway sending update to database
10:40:47 Gateway/temperature 20.0
10:40:57 Temperature Sensor Gateway 20.0
Gateway sending update to database
10:40:57 Gateway/temperature 20.0
Gateway sending update to database
10:41:07 Temperature Sensor Gateway 20.0
10:41:07 Gateway/temperature 20.0
Gateway sending update to database
10:41:17 Temperature Sensor Gateway 20.0
10:41:17 Gateway/temperature 20.0
10:41:27 Temperature Sensor Gateway 20.0
Gateway sending update to database
10:41:27 Gateway/temperature 20.0
Gateway sending update to database
10:41:37 Temperature Sensor Gateway 20.0
10:41:37 Gateway/temperature 20.0
Gateway sending update to database
10:41:47 Temperature Sensor Gateway 20.0
10:41:47 Gateway/temperature 20.0
Gateway sending update to database
10:41:57 Temperature Sensor Gateway 20.0
10:41:57 Gateway/temperature 20.0
10:42:07 Temperature Sensor Gateway 20.0
Gateway sending update to database
10:42:07 Gateway/temperature 20.0
Gateway sending update to database
10:42:17 Temperature Sensor Gateway 20.0
10:42:17 Gateway/temperature 20.0
10:42:27 Temperature Sensor Gateway 20.0
Gateway sending update to database
10:42:27 Gateway/temperature 20.0
Gateway sending update to database
10:42:37 Temperature Sensor Gateway 20.0
10:42:37 Gateway/temperature 20.0
10:42:47 Temperature Sensor Gateway 20.0
Gateway sending update to database
10:42:47 Gateway/temperature 20.0
10:42:57 Temperature Sensor Gateway 20.0
Gateway sending update to database
10:42:57 Gateway/temperature 20.0
10:43:07 Temperature Sensor Gateway 20.0
Gateway sending update to database
10:43:07 Gateway/temperature 20.0
Gateway sending update to database
10:43:17 Temperature Sensor Gateway 20.0
10:43:17 Gateway/temperature 20.0
10:43:27 Temperature Sensor Gateway 20.0
Gateway sending update to database
10:43:27 Gateway/temperature 20.0
Gateway sending update to database
10:43:37 Temperature Sensor Gateway 20.0
10:43:37 Gateway/temperature 20.0
Gateway sending update to database
10:43:47 Temperature Sensor Gateway 20.0
10:43:47 Gateway/temperature 20.0
Gateway sending update to database
10:43:57 Temperature Sensor Gateway 20.0
10:43:57 Gateway/temperature 20.0
10:44:07 Temperature Sensor Gateway 20.0
Gateway sending update to database
10:44:07 Gateway/temperature 20.0
10:44:17 Temperature Sensor Gateway 20.0
Gateway sending update to database
10:44:17 Gateway/temperature 20.0
10:44:27 Temperature Sensor Gateway 20.0
Gateway sending update to database
10:44:27 Gateway/temperature 20.0
10:44:37 Temperature Sensor Gateway 20.0
Gateway sending update to database
10:44:37 Gateway/temperature 20.0
Gateway sending update to database
10:44:47 Temperature Sensor Gateway 20.0
10:44:47 Gateway/temperature 20.0
Gateway sending update to database
10:44:57 Temperature Sensor Gateway 20.0
10:44:57 Gateway/temperature 20.0
Gateway sending update to database
10:45:07 Temperature Sensor Gateway 20.0
10:45:07 Gateway/temperature 20.0
Gateway sending update to database
10:45:17 Temperature Sensor Gateway 20.0
10:45:17 Gateway/temperature 20.0
10:45:27 Temperature Sensor Gateway 20.0
Gateway sending update to database
10:45:27 Gateway/temperature 20.0
Gateway sending update to database
10:45:37 Temperature Sensor Gateway 20.0
10:45:37 Gateway/temperature 20.0
10:45:47 Temperature Sensor Gateway 20.0
Gateway sending update to database
10:45:47 Gateway/temperature 20.0
Gateway sending update to database
10:45:57 Gateway/temperature 20.0
10:45:57 Temperature Sensor Gateway 20.0
10:46:07 Temperature Sensor Gateway 20.0
Gateway sending update to database
10:46:07 Gateway/temperature 20.0
Gateway sending update to database
10:46:17 Temperature Sensor Gateway 20.0
10:46:17 Gateway/temperature 20.0
Gateway sending update to database
10:46:27 Temperature Sensor Gateway 20.0
10:46:27 Gateway/temperature 20.0
Gateway sending update to database
10:46:37 Temperature Sensor Gateway 20.0
10:46:37 Gateway/temperature 20.0
Gateway sending update to database
10:46:47 Temperature Sensor Gateway 20.0
10:46:47 Gateway/temperature 20.0
10:46:57 Temperature Sensor Gateway 20.0
Gateway sending update to database
10:46:57 Gateway/temperature 20.0
Gateway sending update to database
10:47:07 Temperature Sensor Gateway 20.0
10:47:07 Gateway/temperature 20.0
Gateway sending update to database
10:47:17 Temperature Sensor Gateway 20.0
10:47:17 Gateway/temperature 20.0
Gateway sending update to database
10:47:27 Temperature Sensor Gateway 20.0
10:47:27 Gateway/temperature 20.0
10:47:37 Temperature Sensor Gateway 20.0
Gateway sending update to database
10:47:37 Gateway/temperature 20.0
Gateway sending update to database
10:47:47 Temperature Sensor Gateway 20.0
10:47:47 Gateway/temperature 20.0
10:47:57 Temperature Sensor Gateway 20.0
Gateway sending update to database
10:47:57 Gateway/temperature 20.0
Gateway sending update to database
10:48:07 Temperature Sensor Gateway 20.0
10:48:07 Gateway/temperature 20.0
Gateway sending update to database
10:48:17 Temperature Sensor Gateway 20.0
10:48:17 Gateway/temperature 20.0
10:48:27 Temperature Sensor Gateway 20.0
Gateway sending update to database
10:48:27 Gateway/temperature 20.0
Gateway sending update to database
10:48:37 Gateway/temperature 20.0
10:48:37 Temperature Sensor Gateway 20.0
10:48:47 Temperature Sensor Gateway 20.0
Gateway sending update to database
10:48:47 Gateway/temperature 20.0
Gateway sending update to database
10:48:57 Temperature Sensor Gateway 20.0
10:48:57 Gateway/temperature 20.0
Gateway sending update to database
10:49:07 Temperature Sensor Gateway 20.0
10:49:07 Gateway/temperature 20.0
Gateway sending update to database
10:49:17 Temperature Sensor Gateway 20.0
10:49:17 Gateway/temperature 20.0
10:49:27 Temperature Sensor Gateway 20.0
Gateway sending update to database
10:49:27 Gateway/temperature 20.0
Gateway sending update to database
10:49:37 Temperature Sensor Gateway 20.0
10:49:37 Gateway/temperature 20.0
10:49:47 Temperature Sensor Gateway 20.0
Gateway sending update to database
10:49:47 Gateway/temperature 20.0
Gateway sending update to database
10:49:57 Temperature Sensor Gateway 20.0
10:49:57 Gateway/temperature 20.0
Gateway sending update to database
10:50:07 Temperature Sensor Gateway 20.0
10:50:07 Gateway/temperature 20.0
10:50:17 Temperature Sensor Gateway 20.0
Gateway sending update to database
10:50:17 Gateway/temperature 20.0
Gateway sending update to database
10:50:27 Temperature Sensor Gateway 20.0
10:50:27 Gateway/temperature 20.0
10:50:37 Temperature Sensor Gateway 20.0
Gateway sending update to database
10:50:37 Gateway/temperature 20.0
10:50:47 Temperature Sensor Gateway 20.0
Gateway sending update to database
10:50:47 Gateway/temperature 20.0
Gateway sending update to database
10:50:57 Temperature Sensor Gateway 20.0
10:50:57 Gateway/temperature 20.0
Gateway sending update to database
10:51:07 Temperature Sensor Gateway 20.0
10:51:07 Gateway/temperature 20.0
Gateway sending update to database
10:51:17 Gateway/temperature 20.0
10:51:17 Temperature Sensor Gateway 20.0
Gateway sending update to database
10:51:27 Temperature Sensor Gateway 20.0
10:51:27 Gateway/temperature 20.0
Gateway sending update to database
10:51:37 Temperature Sensor Gateway 20.0
10:51:37 Gateway/temperature 20.0
10:51:47 Temperature Sensor Gateway 20.0
Gateway sending update to database
10:51:47 Gateway/temperature 20.0
Gateway sending update to database
10:51:57 Temperature Sensor Gateway 20.0
10:51:57 Gateway/temperature 20.0
Gateway sending update to database
10:52:07 Temperature Sensor Gateway 20.0
10:52:07 Gateway/temperature 20.0
Gateway sending update to database
10:52:17 Temperature Sensor Gateway 20.0
10:52:17 Gateway/temperature 20.0
Gateway sending update to database
10:52:27 Temperature Sensor Gateway 20.0
10:52:27 Gateway/temperature 20.0
Gateway sending update to database
10:52:37 Temperature Sensor Gateway 20.0
10:52:37 Gateway/temperature 20.0
Gateway sending update to database
10:52:47 Temperature Sensor Gateway 20.0
10:52:47 Gateway/temperature 20.0
10:52:57 Temperature Sensor Gateway 20.0
Gateway sending update to database
10:52:57 Gateway/temperature 20.0
Gateway sending update to database
10:53:07 Temperature Sensor Gateway 20.0
10:53:07 Gateway/temperature 20.0
10:53:17 Temperature Sensor Gateway 20.0
Gateway sending update to database
10:53:17 Gateway/temperature 20.0
10:53:27 Temperature Sensor Gateway 20.0
Gateway sending update to database
10:53:27 Gateway/temperature 20.0
Gateway sending update to database
10:53:37 Temperature Sensor Gateway 20.0
10:53:37 Gateway/temperature 20.0
10:53:47 Temperature Sensor Gateway 20.0
Gateway sending update to database
10:53:47 Gateway/temperature 20.0
10:53:57 Temperature Sensor Gateway 20.0
Gateway sending update to database
10:53:57 Gateway/temperature 20.0
10:54:07 Temperature Sensor Gateway 20.0
Gateway sending update to database
10:54:08 Gateway/temperature 20.0
Gateway sending update to database
10:54:17 Temperature Sensor Gateway 20.0
10:54:17 Gateway/temperature 20.0
Gateway sending update to database
10:54:27 Temperature Sensor Gateway 20.0
10:54:27 Gateway/temperature 20.0
Gateway sending update to database
10:54:37 Temperature Sensor Gateway 20.0
10:54:37 Gateway/temperature 20.0
Gateway sending update to database
10:54:47 Temperature Sensor Gateway 20.0
10:54:47 Gateway/temperature 20.0
Gateway sending update to database
10:54:57 Temperature Sensor Gateway 20.0
10:54:57 Gateway/temperature 20.0
Gateway sending update to database
10:55:07 Temperature Sensor Gateway 20.0
10:55:07 Gateway/temperature 20.0
Gateway sending update to database
10:55:17 Temperature Sensor Gateway 20.0
10:55:17 Gateway/temperature 20.0
10:55:27 Temperature Sensor Gateway 20.0
Gateway sending update to database
10:55:27 Gateway/temperature 20.0
Gateway sending update to database
10:55:37 Temperature Sensor Gateway 20.0
10:55:37 Gateway/temperature 20.0
Gateway sending update to database
10:55:47 Temperature Sensor Gateway 20.0
10:55:47 Gateway/temperature 20.0
Gateway sending update to database
10:55:57 Temperature Sensor Gateway 20.0
10:55:57 Gateway/temperature 20.0
10:56:07 Temperature Sensor Gateway 20.0
Gateway sending update to database
10:56:07 Gateway/temperature 20.0
Gateway sending update to database
10:56:17 Temperature Sensor Gateway 20.0
10:56:17 Gateway/temperature 20.0
Gateway sending update to database
10:56:27 Temperature Sensor Gateway 20.0
10:56:27 Gateway/temperature 20.0
Gateway sending update to database
10:56:37 Temperature Sensor Gateway 20.0
10:56:37 Gateway/temperature 20.0
Gateway sending update to database
10:56:47 Temperature Sensor Gateway 20.0
10:56:47 Gateway/temperature 20.0
Gateway sending update to database
10:56:57 Temperature Sensor Gateway 20.0
10:56:57 Gateway/temperature 20.0
Gateway sending update to database
10:57:07 Temperature Sensor Gateway 20.0
10:57:07 Gateway/temperature 20.0
Gateway sending update to database
10:57:17 Temperature Sensor Gateway 20.0
10:57:17 Gateway/temperature 20.0
Gateway sending update to database
10:57:27 Temperature Sensor Gateway 20.0
10:57:27 Gateway/temperature 20.0
10:57:37 Temperature Sensor Gateway 20.0
Gateway sending update to database
10:57:37 Gateway/temperature 20.0
Gateway sending update to database
10:57:47 Temperature Sensor Gateway 20.0
10:57:47 Gateway/temperature 20.0
10:57:57 Temperature Sensor Gateway 20.0
Gateway sending update to database
10:57:57 Gateway/temperature 20.0
10:58:07 Temperature Sensor Gateway 20.0
Gateway sending update to database
10:58:07 Gateway/temperature 20.0
Gateway sending update to database
10:58:17 Temperature Sensor Gateway 20.0
10:58:17 Gateway/temperature 20.0
10:58:27 Temperature Sensor Gateway 20.0
Gateway sending update to database
10:58:27 Gateway/temperature 20.0
10:58:37 Temperature Sensor Gateway 20.0
Gateway sending update to database
10:58:37 Gateway/temperature 20.0
Gateway sending update to database
10:58:47 Temperature Sensor Gateway 20.0
10:58:47 Gateway/temperature 20.0
10:58:57 Temperature Sensor Gateway 20.0
Gateway sending update to database
10:58:57 Gateway/temperature 20.0
Gateway sending update to database
10:59:07 Temperature Sensor Gateway 20.0
10:59:07 Gateway/temperature 20.0
Gateway sending update to database
10:59:17 Temperature Sensor Gateway 20.0
10:59:17 Gateway/temperature 20.0
Gateway sending update to database
10:59:27 Temperature Sensor Gateway 20.0
10:59:27 Gateway/temperature 20.0
Gateway sending update to database
10:59:37 Temperature Sensor Gateway 20.0
10:59:37 Gateway/temperature 20.0
Gateway sending update to database
10:59:47 Temperature Sensor Gateway 20.0
10:59:47 Gateway/temperature 20.0
Gateway sending update to database
10:59:57 Temperature Sensor Gateway 20.0
10:59:57 Gateway/temperature 20.0
Gateway sending update to database
11:00:07 Temperature Sensor Gateway 20.0
11:00:07 Gateway/temperature 20.0
Gateway sending update to database
11:00:17 Temperature Sensor Gateway 20.0
11:00:17 Gateway/temperature 20.0
Gateway sending update to database
11:00:27 Temperature Sensor Gateway 20.0
11:00:27 Gateway/temperature 20.0
11:00:37 Temperature Sensor Gateway 20.0
Gateway sending update to database
11:00:37 Gateway/temperature 20.0
Gateway sending update to database
11:00:47 Temperature Sensor Gateway 20.0
11:00:47 Gateway/temperature 20.0
11:00:57 Temperature Sensor Gateway 20.0
Gateway sending update to database
11:00:57 Gateway/temperature 20.0
Gateway sending update to database
11:01:07 Temperature Sensor Gateway 20.0
11:01:07 Gateway/temperature 20.0
Gateway sending update to database
11:01:17 Temperature Sensor Gateway 20.0
11:01:17 Gateway/temperature 20.0
Gateway sending update to database
11:01:27 Temperature Sensor Gateway 20.0
11:01:27 Gateway/temperature 20.0
Gateway sending update to database
11:01:37 Temperature Sensor Gateway 20.0
11:01:37 Gateway/temperature 20.0
Gateway sending update to database
11:01:47 Temperature Sensor Gateway 20.0
11:01:47 Gateway/temperature 20.0
11:01:57 Temperature Sensor Gateway 20.0
Gateway sending update to database
11:01:57 Gateway/temperature 20.0
Gateway sending update to database
11:02:07 Temperature Sensor Gateway 20.0
11:02:07 Gateway/temperature 20.0
Gateway sending update to database
11:02:17 Temperature Sensor Gateway 20.0
11:02:17 Gateway/temperature 20.0
11:02:27 Temperature Sensor Gateway 20.0
Gateway sending update to database
11:02:27 Gateway/temperature 20.0
Gateway sending update to database
11:02:37 Temperature Sensor Gateway 20.0
11:02:37 Gateway/temperature 20.0
Gateway sending update to database
11:02:47 Temperature Sensor Gateway 20.0
11:02:47 Gateway/temperature 20.0
Gateway sending update to database
11:02:57 Temperature Sensor Gateway 20.0
11:02:57 Gateway/temperature 20.0
Gateway sending update to database
11:03:07 Temperature Sensor Gateway 20.0
11:03:07 Gateway/temperature 20.0
Gateway sending update to database
11:03:17 Temperature Sensor Gateway 20.0
11:03:17 Gateway/temperature 20.0
Gateway sending update to database
11:03:27 Temperature Sensor Gateway 20.0
11:03:27 Gateway/temperature 20.0
Gateway sending update to database
11:03:37 Temperature Sensor Gateway 20.0
11:03:37 Gateway/temperature 20.0
Gateway sending update to database
11:03:47 Temperature Sensor Gateway 20.0
11:03:47 Gateway/temperature 20.0
11:03:57 Temperature Sensor Gateway 20.0
Gateway sending update to database
11:03:57 Gateway/temperature 20.0
Gateway sending update to database
11:04:07 Temperature Sensor Gateway 20.0
11:04:07 Gateway/temperature 20.0
Gateway sending update to database
11:04:17 Temperature Sensor Gateway 20.0
11:04:17 Gateway/temperature 20.0
Gateway sending update to database
11:04:27 Temperature Sensor Gateway 20.0
11:04:27 Gateway/temperature 20.0
11:04:37 Temperature Sensor Gateway 20.0
Gateway sending update to database
11:04:37 Gateway/temperature 20.0
11:04:47 Temperature Sensor Gateway 20.0
Gateway sending update to database
11:04:47 Gateway/temperature 20.0
Gateway sending update to database
11:04:57 Temperature Sensor Gateway 20.0
11:04:57 Gateway/temperature 20.0
11:05:07 Temperature Sensor Gateway 20.0
Gateway sending update to database
11:05:07 Gateway/temperature 20.0
Gateway sending update to database
11:05:17 Temperature Sensor Gateway 20.0
11:05:17 Gateway/temperature 20.0
Gateway sending update to database
11:05:27 Temperature Sensor Gateway 20.0
11:05:27 Gateway/temperature 20.0
Gateway sending update to database
11:05:37 Temperature Sensor Gateway 20.0
11:05:37 Gateway/temperature 20.0
Gateway sending update to database
11:05:47 Temperature Sensor Gateway 20.0
11:05:47 Gateway/temperature 20.0
Gateway sending update to database
11:05:57 Temperature Sensor Gateway 20.0
11:05:57 Gateway/temperature 20.0
11:06:07 Temperature Sensor Gateway 20.0
Gateway sending update to database
11:06:07 Gateway/temperature 20.0
Gateway sending update to database
11:06:17 Temperature Sensor Gateway 20.0
11:06:17 Gateway/temperature 20.0
Gateway sending update to database
11:06:27 Temperature Sensor Gateway 20.0
11:06:27 Gateway/temperature 20.0
Gateway sending update to database
11:06:37 Temperature Sensor Gateway 20.0
11:06:37 Gateway/temperature 20.0
Gateway sending update to database
11:06:47 Temperature Sensor Gateway 20.0
11:06:47 Gateway/temperature 20.0
Gateway sending update to database
11:06:57 Temperature Sensor Gateway 20.0
11:06:57 Gateway/temperature 20.0
Gateway sending update to database
11:07:07 Temperature Sensor Gateway 20.0
11:07:07 Gateway/temperature 20.0
Gateway sending update to database
11:07:17 Temperature Sensor Gateway 20.0
11:07:17 Gateway/temperature 20.0
Gateway sending update to database
11:07:27 Temperature Sensor Gateway 20.0
11:07:27 Gateway/temperature 20.0
Gateway sending update to database
11:07:37 Temperature Sensor Gateway 20.0
11:07:37 Gateway/temperature 20.0
Gateway sending update to database
11:07:47 Temperature Sensor Gateway 20.0
11:07:47 Gateway/temperature 20.0
11:07:57 Temperature Sensor Gateway 20.0
Gateway sending update to database
11:07:57 Gateway/temperature 20.0
Gateway sending update to database
11:08:07 Temperature Sensor Gateway 20.0
11:08:07 Gateway/temperature 20.0
11:08:17 Temperature Sensor Gateway 20.0
Gateway sending update to database
11:08:17 Gateway/temperature 20.0
11:08:27 Temperature Sensor Gateway 20.0
Gateway sending update to database
11:08:27 Gateway/temperature 20.0
Gateway sending update to database
11:08:37 Temperature Sensor Gateway 20.0
11:08:37 Gateway/temperature 20.0
Gateway sending update to database
11:08:47 Temperature Sensor Gateway 20.0
11:08:47 Gateway/temperature 20.0
11:08:57 Temperature Sensor Gateway 20.0
Gateway sending update to database
11:08:57 Gateway/temperature 20.0
Gateway sending update to database
11:09:07 Temperature Sensor Gateway 20.0
11:09:07 Gateway/temperature 20.0
Gateway sending update to database
11:09:17 Temperature Sensor Gateway 20.0
11:09:17 Gateway/temperature 20.0
Gateway sending update to database
11:09:27 Temperature Sensor Gateway 20.0
11:09:27 Gateway/temperature 20.0
11:09:37 Temperature Sensor Gateway 20.0
Gateway sending update to database
11:09:37 Gateway/temperature 20.0
Gateway sending update to database
11:09:47 Temperature Sensor Gateway 20.0
11:09:47 Gateway/temperature 20.0
Gateway sending update to database
11:09:57 Temperature Sensor Gateway 20.0
11:09:57 Gateway/temperature 20.0
Gateway sending update to database
11:10:07 Gateway/temperature 20.0
11:10:07 Temperature Sensor Gateway 20.0
Gateway sending update to database
11:10:17 Temperature Sensor Gateway 20.0
11:10:17 Gateway/temperature 20.0
11:10:27 Temperature Sensor Gateway 20.0
Gateway sending update to database
11:10:27 Gateway/temperature 20.0
Gateway sending update to database
11:10:37 Temperature Sensor Gateway 20.0
11:10:37 Gateway/temperature 20.0
Gateway sending update to database
11:10:47 Temperature Sensor Gateway 20.0
11:10:47 Gateway/temperature 20.0
11:10:57 Temperature Sensor Gateway 20.0
Gateway sending update to database
11:10:57 Gateway/temperature 20.0
Gateway sending update to database
11:11:07 Temperature Sensor Gateway 20.0
11:11:07 Gateway/temperature 20.0
Gateway sending update to database
11:11:17 Temperature Sensor Gateway 20.0
11:11:17 Gateway/temperature 20.0
11:11:27 Temperature Sensor Gateway 20.0
Gateway sending update to database
11:11:27 Gateway/temperature 20.0
Gateway sending update to database
11:11:37 Temperature Sensor Gateway 20.0
11:11:37 Gateway/temperature 20.0
Gateway sending update to database
11:11:47 Temperature Sensor Gateway 20.0
11:11:47 Gateway/temperature 20.0
Gateway sending update to database
11:11:57 Temperature Sensor Gateway 20.0
11:11:57 Gateway/temperature 20.0
11:12:07 Temperature Sensor Gateway 20.0
Gateway sending update to database
11:12:07 Gateway/temperature 20.0
Gateway sending update to database
11:12:17 Temperature Sensor Gateway 20.0
11:12:17 Gateway/temperature 20.0
Gateway sending update to database
11:12:27 Temperature Sensor Gateway 20.0
11:12:27 Gateway/temperature 20.0
Gateway sending update to database
11:12:37 Temperature Sensor Gateway 20.0
11:12:37 Gateway/temperature 20.0
Gateway sending update to database
11:12:47 Temperature Sensor Gateway 20.0
11:12:47 Gateway/temperature 20.0
Gateway sending update to database
11:12:57 Temperature Sensor Gateway 20.0
11:12:57 Gateway/temperature 20.0
Gateway sending update to database
11:13:07 Temperature Sensor Gateway 20.0
11:13:07 Gateway/temperature 20.0
11:13:17 Temperature Sensor Gateway 20.0
Gateway sending update to database
11:13:17 Gateway/temperature 20.0
11:13:27 Temperature Sensor Gateway 20.0
Gateway sending update to database
11:13:27 Gateway/temperature 20.0
Gateway sending update to database
11:13:37 Temperature Sensor Gateway 20.0
11:13:37 Gateway/temperature 20.0
11:13:47 Temperature Sensor Gateway 20.0
Gateway sending update to database
11:13:47 Gateway/temperature 20.0
Gateway sending update to database
11:13:57 Temperature Sensor Gateway 20.0
11:13:57 Gateway/temperature 20.0
Gateway sending update to database
11:14:07 Temperature Sensor Gateway 20.0
11:14:07 Gateway/temperature 20.0
Gateway sending update to database
11:14:17 Temperature Sensor Gateway 20.0
11:14:17 Gateway/temperature 20.0
11:14:27 Temperature Sensor Gateway 20.0
Gateway sending update to database
11:14:27 Gateway/temperature 20.0
Gateway sending update to database
11:14:37 Temperature Sensor Gateway 20.0
11:14:37 Gateway/temperature 20.0
Gateway sending update to database
11:14:47 Temperature Sensor Gateway 20.0
11:14:47 Gateway/temperature 20.0
11:14:57 Temperature Sensor Gateway 20.0
Gateway sending update to database
11:14:57 Gateway/temperature 20.0
Gateway sending update to database
11:15:07 Temperature Sensor Gateway 20.0
11:15:07 Gateway/temperature 20.0
11:15:17 Temperature Sensor Gateway 20.0
Gateway sending update to database
11:15:17 Gateway/temperature 20.0
11:15:27 Temperature Sensor Gateway 20.0
Gateway sending update to database
11:15:27 Gateway/temperature 20.0
Gateway sending update to database
11:15:37 Temperature Sensor Gateway 20.0
11:15:37 Gateway/temperature 20.0
Gateway sending update to database
11:15:47 Temperature Sensor Gateway 20.0
11:15:47 Gateway/temperature 20.0
Gateway sending update to database
11:15:57 Temperature Sensor Gateway 20.0
11:15:57 Gateway/temperature 20.0
Gateway sending update to database
11:16:07 Temperature Sensor Gateway 20.0
11:16:07 Gateway/temperature 20.0
Gateway sending update to database
11:16:17 Temperature Sensor Gateway 20.0
11:16:17 Gateway/temperature 20.0
Gateway sending update to database
11:16:27 Temperature Sensor Gateway 20.0
11:16:27 Gateway/temperature 20.0
Gateway sending update to database
11:16:37 Temperature Sensor Gateway 20.0
11:16:37 Gateway/temperature 20.0
Gateway sending update to database
11:16:47 Temperature Sensor Gateway 20.0
11:16:47 Gateway/temperature 20.0
Gateway sending update to database
11:16:57 Temperature Sensor Gateway 20.0
11:16:57 Gateway/temperature 20.0
11:17:07 Temperature Sensor Gateway 20.0
Gateway sending update to database
11:17:07 Gateway/temperature 20.0
Gateway sending update to database
11:17:17 Temperature Sensor Gateway 20.0
11:17:17 Gateway/temperature 20.0
Gateway sending update to database
11:17:27 Temperature Sensor Gateway 20.0
11:17:27 Gateway/temperature 20.0
Gateway sending update to database
11:17:37 Temperature Sensor Gateway 20.0
11:17:37 Gateway/temperature 20.0
11:17:47 Temperature Sensor Gateway 20.0
Gateway sending update to database
11:17:47 Gateway/temperature 20.0
Gateway sending update to database
11:17:57 Temperature Sensor Gateway 20.0
11:17:57 Gateway/temperature 20.0
11:18:07 Temperature Sensor Gateway 20.0
Gateway sending update to database
11:18:07 Gateway/temperature 20.0
11:18:17 Temperature Sensor Gateway 20.0
Gateway sending update to database
11:18:17 Gateway/temperature 20.0
Gateway sending update to database
11:18:27 Temperature Sensor Gateway 20.0
11:18:28 Gateway/temperature 20.0
Gateway sending update to database
11:18:37 Temperature Sensor Gateway 20.0
11:18:37 Gateway/temperature 20.0
Gateway sending update to database
11:18:47 Temperature Sensor Gateway 20.0
11:18:47 Gateway/temperature 20.0
Gateway sending update to database
11:18:57 Temperature Sensor Gateway 20.0
11:18:57 Gateway/temperature 20.0
Gateway sending update to database
11:19:07 Temperature Sensor Gateway 20.0
11:19:07 Gateway/temperature 20.0
Gateway sending update to database
11:19:17 Temperature Sensor Gateway 20.0
11:19:17 Gateway/temperature 20.0
Gateway sending update to database
11:19:27 Temperature Sensor Gateway 20.0
11:19:27 Gateway/temperature 20.0
Gateway sending update to database
11:19:37 Temperature Sensor Gateway 20.0
11:19:37 Gateway/temperature 20.0
Gateway sending update to database
11:19:47 Temperature Sensor Gateway 20.0
11:19:47 Gateway/temperature 20.0
Gateway sending update to database
11:19:57 Temperature Sensor Gateway 20.0
11:19:57 Gateway/temperature 20.0
Gateway sending update to database
11:20:07 Temperature Sensor Gateway 20.0
11:20:07 Gateway/temperature 20.0
Gateway sending update to database
11:20:17 Temperature Sensor Gateway 20.0
11:20:17 Gateway/temperature 20.0
Gateway sending update to database
11:20:27 Temperature Sensor Gateway 20.0
11:20:27 Gateway/temperature 20.0
11:20:37 Temperature Sensor Gateway 20.0
Gateway sending update to database
11:20:38 Gateway/temperature 20.0
Gateway sending update to database
11:20:47 Gateway/temperature 20.0
11:20:47 Temperature Sensor Gateway 20.0
Gateway sending update to database
11:20:57 Temperature Sensor Gateway 20.0
11:20:57 Gateway/temperature 20.0
Gateway sending update to database
11:21:07 Temperature Sensor Gateway 20.0
11:21:07 Gateway/temperature 20.0
11:21:17 Temperature Sensor Gateway 20.0
Gateway sending update to database
11:21:17 Gateway/temperature 20.0
Gateway sending update to database
11:21:27 Temperature Sensor Gateway 20.0
11:21:27 Gateway/temperature 20.0
Gateway sending update to database
11:21:37 Temperature Sensor Gateway 20.0
11:21:37 Gateway/temperature 20.0
11:21:47 Temperature Sensor Gateway 20.0
Gateway sending update to database
11:21:47 Gateway/temperature 20.0
Gateway sending update to database
11:21:57 Temperature Sensor Gateway 20.0
11:21:57 Gateway/temperature 20.0
11:22:07 Temperature Sensor Gateway 20.0
Gateway sending update to database
11:22:08 Gateway/temperature 20.0
Gateway sending update to database
11:22:17 Temperature Sensor Gateway 20.0
11:22:17 Gateway/temperature 20.0
Gateway sending update to database
11:22:27 Temperature Sensor Gateway 20.0
11:22:27 Gateway/temperature 20.0
Gateway sending update to database
11:22:37 Temperature Sensor Gateway 20.0
11:22:38 Gateway/temperature 20.0
11:22:47 Temperature Sensor Gateway 20.0
Gateway sending update to database
11:22:47 Gateway/temperature 20.0
11:22:57 Temperature Sensor Gateway 20.0
Gateway sending update to database
11:22:57 Gateway/temperature 20.0
11:23:07 Temperature Sensor Gateway 20.0
Gateway sending update to database
11:23:07 Gateway/temperature 20.0
Gateway sending update to database
11:23:17 Temperature Sensor Gateway 20.0
11:23:17 Gateway/temperature 20.0
Gateway sending update to database
11:23:27 Temperature Sensor Gateway 20.0
11:23:27 Gateway/temperature 20.0
11:23:37 Temperature Sensor Gateway 20.0
Gateway sending update to database
11:23:37 Gateway/temperature 20.0
Gateway sending update to database
11:23:47 Temperature Sensor Gateway 20.0
11:23:48 Gateway/temperature 20.0
Gateway sending update to database
11:23:57 Temperature Sensor Gateway 20.0
11:23:57 Gateway/temperature 20.0
Gateway sending update to database
11:24:08 Gateway/temperature 20.0
11:24:07 Temperature Sensor Gateway 20.0
11:24:17 Temperature Sensor Gateway 20.0
Gateway sending update to database
11:24:17 Gateway/temperature 20.0
Gateway sending update to database
11:24:27 Temperature Sensor Gateway 20.0
11:24:27 Gateway/temperature 20.0
11:24:37 Temperature Sensor Gateway 20.0
Gateway sending update to database
11:24:37 Gateway/temperature 20.0
Gateway sending update to database
11:24:47 Temperature Sensor Gateway 20.0
11:24:48 Gateway/temperature 20.0
11:24:57 Temperature Sensor Gateway 20.0
Gateway sending update to database
11:24:57 Gateway/temperature 20.0
Gateway sending update to database
11:25:07 Temperature Sensor Gateway 20.0
11:25:07 Gateway/temperature 20.0
11:25:17 Temperature Sensor Gateway 20.0
Gateway sending update to database
11:25:17 Gateway/temperature 20.0
Gateway sending update to database
11:25:27 Temperature Sensor Gateway 20.0
11:25:27 Gateway/temperature 20.0
Gateway sending update to database
11:25:37 Temperature Sensor Gateway 20.0
11:25:37 Gateway/temperature 20.0
11:25:47 Temperature Sensor Gateway 20.0
Gateway sending update to database
11:25:47 Gateway/temperature 20.0
Gateway sending update to database
11:25:57 Temperature Sensor Gateway 20.0
11:25:58 Gateway/temperature 20.0
11:26:07 Temperature Sensor Gateway 20.0
Gateway sending update to database
11:26:08 Gateway/temperature 20.0
Gateway sending update to database
11:26:17 Temperature Sensor Gateway 20.0
11:26:17 Gateway/temperature 20.0
Gateway sending update to database
11:26:27 Temperature Sensor Gateway 20.0
11:26:27 Gateway/temperature 20.0
Gateway sending update to database
11:26:37 Temperature Sensor Gateway 20.0
11:26:37 Gateway/temperature 20.0
Gateway sending update to database
11:26:47 Temperature Sensor Gateway 20.0
11:26:47 Gateway/temperature 20.0
Gateway sending update to database
11:26:57 Temperature Sensor Gateway 20.0
11:26:57 Gateway/temperature 20.0
Gateway sending update to database
11:27:07 Temperature Sensor Gateway 20.0
11:27:07 Gateway/temperature 20.0
Gateway sending update to database
11:27:17 Temperature Sensor Gateway 20.0
11:27:17 Gateway/temperature 20.0
Gateway sending update to database
11:27:27 Temperature Sensor Gateway 20.0
11:27:27 Gateway/temperature 20.0
Gateway sending update to database
11:27:37 Temperature Sensor Gateway 20.0
11:27:37 Gateway/temperature 20.0
Gateway sending update to database
11:27:47 Temperature Sensor Gateway 20.0
11:27:47 Gateway/temperature 20.0
Gateway sending update to database
11:27:57 Temperature Sensor Gateway 20.0
11:27:57 Gateway/temperature 20.0
Gateway sending update to database
11:28:07 Temperature Sensor Gateway 20.0
11:28:07 Gateway/temperature 20.0
Gateway sending update to database
11:28:17 Temperature Sensor Gateway 20.0
11:28:17 Gateway/temperature 20.0
11:28:27 Temperature Sensor Gateway 20.0
Gateway sending update to database
11:28:27 Gateway/temperature 20.0
11:28:37 Temperature Sensor Gateway 20.0
Gateway sending update to database
11:28:37 Gateway/temperature 20.0
11:28:47 Temperature Sensor Gateway 20.0
Gateway sending update to database
11:28:47 Gateway/temperature 20.0
Gateway sending update to database
11:28:57 Temperature Sensor Gateway 20.0
11:28:57 Gateway/temperature 20.0
11:29:07 Temperature Sensor Gateway 20.0
Gateway sending update to database
11:29:07 Gateway/temperature 20.0
Gateway sending update to database
11:29:17 Temperature Sensor Gateway 20.0
11:29:18 Gateway/temperature 20.0
Gateway sending update to database
11:29:27 Temperature Sensor Gateway 20.0
11:29:27 Gateway/temperature 20.0
Gateway sending update to database
11:29:37 Temperature Sensor Gateway 20.0
11:29:37 Gateway/temperature 20.0
Gateway sending update to database
11:29:47 Temperature Sensor Gateway 20.0
11:29:47 Gateway/temperature 20.0
Gateway sending update to database
11:29:57 Temperature Sensor Gateway 20.0
11:29:57 Gateway/temperature 20.0
Gateway sending update to database
11:30:07 Temperature Sensor Gateway 20.0
11:30:07 Gateway/temperature 20.0
Gateway sending update to database
11:30:17 Temperature Sensor Gateway 20.0
11:30:17 Gateway/temperature 20.0
Gateway sending update to database
11:30:27 Temperature Sensor Gateway 20.0
11:30:28 Gateway/temperature 20.0
Gateway sending update to database
11:30:37 Temperature Sensor Gateway 20.0
11:30:37 Gateway/temperature 20.0
11:30:47 Temperature Sensor Gateway 20.0
Gateway sending update to database
11:30:47 Gateway/temperature 20.0
11:30:57 Temperature Sensor Gateway 20.0
Gateway sending update to database
11:30:57 Gateway/temperature 20.0
Gateway sending update to database
11:31:07 Temperature Sensor Gateway 20.0
11:31:08 Gateway/temperature 20.0
Gateway sending update to database
11:31:17 Temperature Sensor Gateway 20.0
11:31:17 Gateway/temperature 20.0
Gateway sending update to database
11:31:27 Temperature Sensor Gateway 20.0
11:31:27 Gateway/temperature 20.0
Gateway sending update to database
11:31:37 Temperature Sensor Gateway 20.0
11:31:38 Gateway/temperature 20.0
Gateway sending update to database
11:31:47 Temperature Sensor Gateway 20.0
11:31:48 Gateway/temperature 20.0
Gateway sending update to database
11:31:57 Temperature Sensor Gateway 20.0
11:31:57 Gateway/temperature 20.0
Gateway sending update to database
11:32:07 Temperature Sensor Gateway 20.0
11:32:07 Gateway/temperature 20.0
Gateway sending update to database
11:32:17 Temperature Sensor Gateway 20.0
11:32:17 Gateway/temperature 20.0
Gateway sending update to database
11:32:27 Temperature Sensor Gateway 20.0
11:32:27 Gateway/temperature 20.0
11:32:37 Temperature Sensor Gateway 20.0
Gateway sending update to database
11:32:37 Gateway/temperature 20.0
11:32:47 Temperature Sensor Gateway 20.0
Gateway sending update to database
11:32:47 Gateway/temperature 20.0
11:32:57 Temperature Sensor Gateway 20.0
Gateway sending update to database
11:32:57 Gateway/temperature 20.0
11:33:07 Temperature Sensor Gateway 20.0
Gateway sending update to database
11:33:07 Gateway/temperature 20.0
11:33:17 Temperature Sensor Gateway 20.0
Gateway sending update to database
11:33:19 Gateway/temperature 20.0
Gateway sending update to database
11:33:27 Temperature Sensor Gateway 20.0
11:33:27 Gateway/temperature 20.0
Gateway sending update to database
11:33:37 Temperature Sensor Gateway 20.0
11:33:37 Gateway/temperature 20.0
Gateway sending update to database
11:33:47 Temperature Sensor Gateway 20.0
11:33:47 Gateway/temperature 20.0
11:33:57 Temperature Sensor Gateway 20.0
Gateway sending update to database
11:33:57 Gateway/temperature 20.0
11:34:07 Temperature Sensor Gateway 20.0
Gateway sending update to database
11:34:07 Gateway/temperature 20.0
11:34:17 Temperature Sensor Gateway 20.0
Gateway sending update to database
11:34:17 Gateway/temperature 20.0
Gateway sending update to database
11:34:27 Temperature Sensor Gateway 20.0
11:34:27 Gateway/temperature 20.0
Gateway sending update to database
11:34:37 Temperature Sensor Gateway 20.0
11:34:37 Gateway/temperature 20.0
11:34:47 Temperature Sensor Gateway 20.0
Gateway sending update to database
11:34:47 Gateway/temperature 20.0
Gateway sending update to database
11:34:57 Temperature Sensor Gateway 20.0
11:34:57 Gateway/temperature 20.0
Gateway sending update to database
11:35:07 Temperature Sensor Gateway 20.0
11:35:07 Gateway/temperature 20.0
Gateway sending update to database
11:35:17 Temperature Sensor Gateway 20.0
11:35:17 Gateway/temperature 20.0
Gateway sending update to database
11:35:27 Temperature Sensor Gateway 20.0
11:35:27 Gateway/temperature 20.0
Gateway sending update to database
11:35:37 Temperature Sensor Gateway 20.0
11:35:37 Gateway/temperature 20.0
Gateway sending update to database
11:35:47 Temperature Sensor Gateway 20.0
11:35:47 Gateway/temperature 20.0
Gateway sending update to database
11:35:57 Temperature Sensor Gateway 20.0
11:35:57 Gateway/temperature 20.0
Gateway sending update to database
11:36:07 Temperature Sensor Gateway 20.0
11:36:07 Gateway/temperature 20.0
Gateway sending update to database
11:36:17 Temperature Sensor Gateway 20.0
11:36:17 Gateway/temperature 20.0
11:36:27 Temperature Sensor Gateway 20.0
Gateway sending update to database
11:36:27 Gateway/temperature 20.0
Gateway sending update to database
11:36:37 Temperature Sensor Gateway 20.0
11:36:37 Gateway/temperature 20.0
Gateway sending update to database
11:36:47 Temperature Sensor Gateway 20.0
11:36:47 Gateway/temperature 20.0
Gateway sending update to database
11:36:57 Temperature Sensor Gateway 20.0
11:36:57 Gateway/temperature 20.0
Gateway sending update to database
11:37:07 Temperature Sensor Gateway 20.0
11:37:07 Gateway/temperature 20.0
Gateway sending update to database
11:37:17 Temperature Sensor Gateway 20.0
11:37:17 Gateway/temperature 20.0
Gateway sending update to database
11:37:27 Temperature Sensor Gateway 20.0
11:37:27 Gateway/temperature 20.0
Gateway sending update to database
11:37:37 Temperature Sensor Gateway 20.0
11:37:37 Gateway/temperature 20.0
11:37:47 Temperature Sensor Gateway 20.0
Gateway sending update to database
11:37:47 Gateway/temperature 20.0
11:37:57 Temperature Sensor Gateway 20.0
Gateway sending update to database
11:37:57 Gateway/temperature 20.0
Gateway sending update to database
11:38:07 Temperature Sensor Gateway 20.0
11:38:07 Gateway/temperature 20.0
11:38:17 Temperature Sensor Gateway 20.0
Gateway sending update to database
11:38:17 Gateway/temperature 20.0
Gateway sending update to database
11:38:27 Temperature Sensor Gateway 20.0
11:38:27 Gateway/temperature 20.0
Gateway sending update to database
11:38:37 Gateway/temperature 20.0
11:38:37 Temperature Sensor Gateway 20.0
11:38:47 Temperature Sensor Gateway 20.0
Gateway sending update to database
11:38:47 Gateway/temperature 20.0
Gateway sending update to database
11:38:57 Temperature Sensor Gateway 20.0
11:38:57 Gateway/temperature 20.0
Gateway sending update to database
11:39:07 Gateway/temperature 20.0
11:39:07 Temperature Sensor Gateway 20.0
Gateway sending update to database
11:39:17 Temperature Sensor Gateway 20.0
11:39:17 Gateway/temperature 20.0
Gateway sending update to database
11:39:27 Temperature Sensor Gateway 20.0
11:39:27 Gateway/temperature 20.0
Gateway sending update to database
11:39:37 Temperature Sensor Gateway 20.0
11:39:37 Gateway/temperature 20.0
11:39:47 Temperature Sensor Gateway 20.0
Gateway sending update to database
11:39:47 Gateway/temperature 20.0
Gateway sending update to database
11:39:57 Temperature Sensor Gateway 20.0
11:39:57 Gateway/temperature 20.0
Gateway sending update to database
11:40:07 Gateway/temperature 20.0
11:40:07 Temperature Sensor Gateway 20.0
Gateway sending update to database
11:40:17 Temperature Sensor Gateway 20.0
11:40:17 Gateway/temperature 20.0
Gateway sending update to database
11:40:27 Temperature Sensor Gateway 20.0
11:40:27 Gateway/temperature 20.0
11:40:37 Temperature Sensor Gateway 20.0
Gateway sending update to database
11:40:37 Gateway/temperature 20.0
Gateway sending update to database
11:40:47 Temperature Sensor Gateway 20.0
11:40:47 Gateway/temperature 20.0
Gateway sending update to database
11:40:57 Temperature Sensor Gateway 20.0
11:40:57 Gateway/temperature 20.0
Gateway sending update to database
11:41:07 Temperature Sensor Gateway 20.0
11:41:07 Gateway/temperature 20.0
Gateway sending update to database
11:41:17 Temperature Sensor Gateway 20.0
11:41:17 Gateway/temperature 20.0
Gateway sending update to database
11:41:27 Temperature Sensor Gateway 20.0
11:41:27 Gateway/temperature 20.0
11:41:37 Temperature Sensor Gateway 20.0
Gateway sending update to database
11:41:37 Gateway/temperature 20.0
11:41:47 Temperature Sensor Gateway 20.0
Gateway sending update to database
11:41:47 Gateway/temperature 20.0
Gateway sending update to database
11:41:57 Temperature Sensor Gateway 20.0
11:41:57 Gateway/temperature 20.0
Gateway sending update to database
11:42:07 Temperature Sensor Gateway 20.0
11:42:07 Gateway/temperature 20.0
11:42:17 Temperature Sensor Gateway 20.0
Gateway sending update to database
11:42:17 Gateway/temperature 20.0
Gateway sending update to database
11:42:27 Temperature Sensor Gateway 20.0
11:42:27 Gateway/temperature 20.0
Gateway sending update to database
11:42:37 Temperature Sensor Gateway 20.0
11:42:37 Gateway/temperature 20.0
11:42:47 Temperature Sensor Gateway 20.0
Gateway sending update to database
11:42:47 Gateway/temperature 20.0
11:42:57 Temperature Sensor Gateway 20.0
Gateway sending update to database
11:42:57 Gateway/temperature 20.0
11:43:07 Temperature Sensor Gateway 20.0
Gateway sending update to database
11:43:07 Gateway/temperature 20.0
11:43:17 Temperature Sensor Gateway 20.0
Gateway sending update to database
11:43:17 Gateway/temperature 20.0
Gateway sending update to database
11:43:27 Temperature Sensor Gateway 20.0
11:43:27 Gateway/temperature 20.0
Gateway sending update to database
11:43:37 Temperature Sensor Gateway 20.0
11:43:37 Gateway/temperature 20.0
Gateway sending update to database
11:43:47 Temperature Sensor Gateway 20.0
11:43:47 Gateway/temperature 20.0
Gateway sending update to database
11:43:57 Temperature Sensor Gateway 20.0
11:43:57 Gateway/temperature 20.0
11:44:07 Temperature Sensor Gateway 20.0
Gateway sending update to database
11:44:07 Gateway/temperature 20.0
Gateway sending update to database
11:44:17 Temperature Sensor Gateway 20.0
11:44:17 Gateway/temperature 20.0
Gateway sending update to database
11:44:27 Temperature Sensor Gateway 20.0
11:44:27 Gateway/temperature 20.0
Gateway sending update to database
11:44:37 Temperature Sensor Gateway 20.0
11:44:37 Gateway/temperature 20.0
11:44:47 Temperature Sensor Gateway 20.0
Gateway sending update to database
11:44:47 Gateway/temperature 20.0
Gateway sending update to database
11:44:57 Temperature Sensor Gateway 20.0
11:44:57 Gateway/temperature 20.0
11:45:07 Temperature Sensor Gateway 20.0
Gateway sending update to database
11:45:07 Gateway/temperature 20.0
Gateway sending update to database
11:45:17 Temperature Sensor Gateway 20.0
11:45:17 Gateway/temperature 20.0
11:45:27 Temperature Sensor Gateway 20.0
Gateway sending update to database
11:45:27 Gateway/temperature 20.0
11:45:37 Temperature Sensor Gateway 20.0
Gateway sending update to database
11:45:37 Gateway/temperature 20.0
Gateway sending update to database
11:45:47 Temperature Sensor Gateway 20.0
11:45:47 Gateway/temperature 20.0
Gateway sending update to database
11:45:57 Temperature Sensor Gateway 20.0
11:45:57 Gateway/temperature 20.0
Gateway sending update to database
11:46:07 Temperature Sensor Gateway 20.0
11:46:07 Gateway/temperature 20.0
Gateway sending update to database
11:46:17 Temperature Sensor Gateway 20.0
11:46:17 Gateway/temperature 20.0
Gateway sending update to database
11:46:27 Temperature Sensor Gateway 20.0
11:46:27 Gateway/temperature 20.0
Gateway sending update to database
11:46:37 Temperature Sensor Gateway 20.0
11:46:37 Gateway/temperature 20.0
Gateway sending update to database
11:46:47 Temperature Sensor Gateway 20.0
11:46:47 Gateway/temperature 20.0
Gateway sending update to database
11:46:57 Temperature Sensor Gateway 20.0
11:46:57 Gateway/temperature 20.0
Gateway sending update to database
11:47:07 Temperature Sensor Gateway 20.0
11:47:07 Gateway/temperature 20.0
11:47:17 Temperature Sensor Gateway 20.0
Gateway sending update to database
11:47:18 Gateway/temperature 20.0
11:47:27 Temperature Sensor Gateway 20.0
Gateway sending update to database
11:47:27 Gateway/temperature 20.0
Gateway sending update to database
11:47:37 Gateway/temperature 20.0
11:47:37 Temperature Sensor Gateway 20.0
Gateway sending update to database
11:47:47 Temperature Sensor Gateway 20.0
11:47:47 Gateway/temperature 20.0
Gateway sending update to database
11:47:57 Temperature Sensor Gateway 20.0
11:47:57 Gateway/temperature 20.0
Gateway sending update to database
11:48:07 Temperature Sensor Gateway 20.0
11:48:07 Gateway/temperature 20.0
11:48:17 Temperature Sensor Gateway 20.0
Gateway sending update to database
11:48:17 Gateway/temperature 20.0
Gateway sending update to database
11:48:27 Temperature Sensor Gateway 20.0
11:48:27 Gateway/temperature 20.0
Gateway sending update to database
11:48:37 Temperature Sensor Gateway 20.0
11:48:37 Gateway/temperature 20.0
Gateway sending update to database
11:48:47 Temperature Sensor Gateway 20.0
11:48:47 Gateway/temperature 20.0
11:48:57 Temperature Sensor Gateway 20.0
Gateway sending update to database
11:48:57 Gateway/temperature 20.0
Gateway sending update to database
11:49:07 Temperature Sensor Gateway 20.0
11:49:07 Gateway/temperature 20.0
Gateway sending update to database
11:49:17 Temperature Sensor Gateway 20.0
11:49:17 Gateway/temperature 20.0
Gateway sending update to database
11:49:27 Temperature Sensor Gateway 20.0
11:49:27 Gateway/temperature 20.0
Gateway sending update to database
11:49:37 Temperature Sensor Gateway 20.0
11:49:37 Gateway/temperature 20.0
Gateway sending update to database
11:49:47 Temperature Sensor Gateway 20.0
11:49:47 Gateway/temperature 20.0
Gateway sending update to database
11:49:57 Temperature Sensor Gateway 20.0
11:49:57 Gateway/temperature 20.0
Gateway sending update to database
11:50:07 Temperature Sensor Gateway 20.0
11:50:07 Gateway/temperature 20.0
Gateway sending update to database
11:50:17 Temperature Sensor Gateway 20.0
11:50:17 Gateway/temperature 20.0
Gateway sending update to database
11:50:27 Temperature Sensor Gateway 20.0
11:50:27 Gateway/temperature 20.0
11:50:37 Temperature Sensor Gateway 20.0
Gateway sending update to database
11:50:37 Gateway/temperature 20.0
Gateway sending update to database
11:50:47 Temperature Sensor Gateway 20.0
11:50:47 Gateway/temperature 20.0
Gateway sending update to database
11:50:57 Temperature Sensor Gateway 20.0
11:50:57 Gateway/temperature 20.0
Gateway sending update to database
11:51:07 Temperature Sensor Gateway 20.0
11:51:07 Gateway/temperature 20.0
Gateway sending update to database
11:51:17 Temperature Sensor Gateway 20.0
11:51:17 Gateway/temperature 20.0
Gateway sending update to database
11:51:27 Temperature Sensor Gateway 20.0
11:51:27 Gateway/temperature 20.0
Gateway sending update to database
11:51:37 Temperature Sensor Gateway 20.0
11:51:37 Gateway/temperature 20.0
11:51:47 Temperature Sensor Gateway 20.0
Gateway sending update to database
11:51:47 Gateway/temperature 20.0
Gateway sending update to database
11:51:57 Temperature Sensor Gateway 20.0
11:51:57 Gateway/temperature 20.0
11:52:07 Temperature Sensor Gateway 20.0
Gateway sending update to database
11:52:07 Gateway/temperature 20.0
11:52:17 Temperature Sensor Gateway 20.0
Gateway sending update to database
11:52:17 Gateway/temperature 20.0
Gateway sending update to database
11:52:27 Temperature Sensor Gateway 20.0
11:52:27 Gateway/temperature 20.0
Gateway sending update to database
11:52:37 Temperature Sensor Gateway 20.0
11:52:37 Gateway/temperature 20.0
11:52:47 Temperature Sensor Gateway 20.0
Gateway sending update to database
11:52:47 Gateway/temperature 20.0
Gateway sending update to database
11:52:57 Temperature Sensor Gateway 20.0
11:52:57 Gateway/temperature 20.0
Gateway sending update to database
11:53:07 Temperature Sensor Gateway 20.0
11:53:07 Gateway/temperature 20.0
Gateway sending update to database
11:53:17 Temperature Sensor Gateway 20.0
11:53:17 Gateway/temperature 20.0
Gateway sending update to database
11:53:27 Temperature Sensor Gateway 20.0
11:53:27 Gateway/temperature 20.0
Gateway sending update to database
11:53:37 Temperature Sensor Gateway 20.0
11:53:37 Gateway/temperature 20.0
11:53:47 Temperature Sensor Gateway 20.0
Gateway sending update to database
11:53:47 Gateway/temperature 20.0
Gateway sending update to database
11:53:57 Temperature Sensor Gateway 20.0
11:53:57 Gateway/temperature 20.0
11:54:07 Temperature Sensor Gateway 20.0
Gateway sending update to database
11:54:07 Gateway/temperature 20.0
Gateway sending update to database
11:54:17 Temperature Sensor Gateway 20.0
11:54:17 Gateway/temperature 20.0
Gateway sending update to database
11:54:27 Temperature Sensor Gateway 20.0
11:54:27 Gateway/temperature 20.0
11:54:37 Temperature Sensor Gateway 20.0
Gateway sending update to database
11:54:37 Gateway/temperature 20.0
Gateway sending update to database
11:54:47 Temperature Sensor Gateway 20.0
11:54:47 Gateway/temperature 20.0
Gateway sending update to database
11:54:57 Temperature Sensor Gateway 20.0
11:54:57 Gateway/temperature 20.0
11:55:07 Temperature Sensor Gateway 20.0
Gateway sending update to database
11:55:07 Gateway/temperature 20.0
Gateway sending update to database
11:55:17 Temperature Sensor Gateway 20.0
11:55:17 Gateway/temperature 20.0
11:55:27 Temperature Sensor Gateway 20.0
Gateway sending update to database
11:55:27 Gateway/temperature 20.0
Gateway sending update to database
11:55:37 Temperature Sensor Gateway 20.0
11:55:37 Gateway/temperature 20.0
11:55:47 Temperature Sensor Gateway 20.0
Gateway sending update to database
11:55:47 Gateway/temperature 20.0
Gateway sending update to database
11:55:57 Temperature Sensor Gateway 20.0
11:55:57 Gateway/temperature 20.0
Gateway sending update to database
11:56:07 Temperature Sensor Gateway 20.0
11:56:07 Gateway/temperature 20.0
11:56:17 Temperature Sensor Gateway 20.0
Gateway sending update to database
11:56:17 Gateway/temperature 20.0
Gateway sending update to database
11:56:27 Temperature Sensor Gateway 20.0
11:56:27 Gateway/temperature 20.0
Gateway sending update to database
11:56:37 Temperature Sensor Gateway 20.0
11:56:37 Gateway/temperature 20.0
Gateway sending update to database
11:56:47 Temperature Sensor Gateway 20.0
11:56:47 Gateway/temperature 20.0
Gateway sending update to database
11:56:57 Temperature Sensor Gateway 20.0
11:56:57 Gateway/temperature 20.0
Gateway sending update to database
11:57:07 Temperature Sensor Gateway 20.0
11:57:07 Gateway/temperature 20.0
11:57:17 Temperature Sensor Gateway 20.0
Gateway sending update to database
11:57:17 Gateway/temperature 20.0
Gateway sending update to database
11:57:27 Temperature Sensor Gateway 20.0
11:57:27 Gateway/temperature 20.0
Gateway sending update to database
11:57:37 Temperature Sensor Gateway 20.0
11:57:37 Gateway/temperature 20.0
Gateway sending update to database
11:57:47 Temperature Sensor Gateway 20.0
11:57:47 Gateway/temperature 20.0
11:57:57 Temperature Sensor Gateway 20.0
Gateway sending update to database
11:57:57 Gateway/temperature 20.0
Gateway sending update to database
11:58:07 Temperature Sensor Gateway 20.0
11:58:07 Gateway/temperature 20.0
11:58:17 Temperature Sensor Gateway 20.0
Gateway sending update to database
11:58:17 Gateway/temperature 20.0
Gateway sending update to database
11:58:27 Temperature Sensor Gateway 20.0
11:58:27 Gateway/temperature 20.0
Gateway sending update to database
11:58:37 Temperature Sensor Gateway 20.0
11:58:37 Gateway/temperature 20.0
Gateway sending update to database
11:58:47 Temperature Sensor Gateway 20.0
11:58:47 Gateway/temperature 20.0
Gateway sending update to database
11:58:57 Temperature Sensor Gateway 20.0
11:58:57 Gateway/temperature 20.0
11:59:07 Temperature Sensor Gateway 20.0
Gateway sending update to database
11:59:07 Gateway/temperature 20.0
Gateway sending update to database
11:59:17 Temperature Sensor Gateway 20.0
11:59:17 Gateway/temperature 20.0
Gateway sending update to database
11:59:27 Temperature Sensor Gateway 20.0
11:59:27 Gateway/temperature 20.0
11:59:37 Temperature Sensor Gateway 20.0
Gateway sending update to database
11:59:37 Gateway/temperature 20.0
Gateway sending update to database
11:59:47 Temperature Sensor Gateway 20.0
11:59:47 Gateway/temperature 20.0
Gateway sending update to database
11:59:57 Temperature Sensor Gateway 20.0
11:59:57 Gateway/temperature 20.0
Gateway sending update to database
12:00:07 Temperature Sensor Gateway 20.0
12:00:07 Gateway/temperature 20.0
Gateway sending update to database
12:00:17 Temperature Sensor Gateway 20.0
12:00:17 Gateway/temperature 20.0
Gateway sending update to database
12:00:27 Temperature Sensor Gateway 20.0
12:00:27 Gateway/temperature 20.0
Gateway sending update to database
12:00:37 Temperature Sensor Gateway 20.0
12:00:37 Gateway/temperature 20.0
Gateway sending update to database
12:00:47 Temperature Sensor Gateway 20.0
12:00:47 Gateway/temperature 20.0
Gateway sending update to database
12:00:57 Temperature Sensor Gateway 20.0
12:00:57 Gateway/temperature 20.0
Gateway sending update to database
12:01:07 Temperature Sensor Gateway 20.0
12:01:07 Gateway/temperature 20.0
Gateway sending update to database
12:01:17 Temperature Sensor Gateway 20.0
12:01:17 Gateway/temperature 20.0
Gateway sending update to database
12:01:27 Temperature Sensor Gateway 20.0
12:01:27 Gateway/temperature 20.0
Gateway sending update to database
12:01:37 Temperature Sensor Gateway 20.0
12:01:37 Gateway/temperature 20.0
Gateway sending update to database
12:01:47 Temperature Sensor Gateway 20.0
12:01:47 Gateway/temperature 20.0
Gateway sending update to database
12:01:57 Temperature Sensor Gateway 20.0
12:01:57 Gateway/temperature 20.0
Gateway sending update to database
12:02:07 Temperature Sensor Gateway 20.0
12:02:07 Gateway/temperature 20.0
Gateway sending update to database
12:02:17 Temperature Sensor Gateway 20.0
12:02:17 Gateway/temperature 20.0
12:02:27 Temperature Sensor Gateway 20.0
Gateway sending update to database
12:02:27 Gateway/temperature 20.0
12:02:37 Temperature Sensor Gateway 20.0
Gateway sending update to database
12:02:37 Gateway/temperature 20.0
Gateway sending update to database
12:02:47 Temperature Sensor Gateway 20.0
12:02:47 Gateway/temperature 20.0
12:02:57 Temperature Sensor Gateway 20.0
Gateway sending update to database
12:02:57 Gateway/temperature 20.0
Gateway sending update to database
12:03:07 Temperature Sensor Gateway 20.0
12:03:07 Gateway/temperature 20.0
Gateway sending update to database
12:03:17 Temperature Sensor Gateway 20.0
12:03:17 Gateway/temperature 20.0
Gateway sending update to database
12:03:27 Temperature Sensor Gateway 20.0
12:03:27 Gateway/temperature 20.0
12:03:37 Temperature Sensor Gateway 20.0
Gateway sending update to database
12:03:37 Gateway/temperature 20.0
Gateway sending update to database
12:03:47 Temperature Sensor Gateway 20.0
12:03:47 Gateway/temperature 20.0
Gateway sending update to database
12:03:57 Temperature Sensor Gateway 20.0
12:03:57 Gateway/temperature 20.0
Gateway sending update to database
12:04:07 Temperature Sensor Gateway 20.0
12:04:07 Gateway/temperature 20.0
Gateway sending update to database
12:04:17 Temperature Sensor Gateway 20.0
12:04:17 Gateway/temperature 20.0
Gateway sending update to database
12:04:27 Temperature Sensor Gateway 20.0
12:04:27 Gateway/temperature 20.0
Gateway sending update to database
12:04:37 Temperature Sensor Gateway 20.0
12:04:37 Gateway/temperature 20.0
12:04:47 Temperature Sensor Gateway 20.0
Gateway sending update to database
12:04:47 Gateway/temperature 20.0
Gateway sending update to database
12:04:57 Temperature Sensor Gateway 20.0
12:04:57 Gateway/temperature 20.0
12:05:07 Temperature Sensor Gateway 20.0
Gateway sending update to database
12:05:07 Gateway/temperature 20.0
Gateway sending update to database
12:05:17 Temperature Sensor Gateway 20.0
12:05:17 Gateway/temperature 20.0
Gateway sending update to database
12:05:27 Temperature Sensor Gateway 20.0
12:05:27 Gateway/temperature 20.0
12:05:37 Temperature Sensor Gateway 20.0
Gateway sending update to database
12:05:37 Gateway/temperature 20.0
Gateway sending update to database
12:05:47 Temperature Sensor Gateway 20.0
12:05:47 Gateway/temperature 20.0
12:06:09 Gateway TemperatureSensor registered
DataBase component not registered yet! Cant update db
12:06:10 Temperature Sensor Gateway 0.0
12:06:18 Gateway TemperatureSensor registered
DataBase component not registered yet! Cant update db
12:06:18 Temperature Sensor Gateway 0.0
12:06:19 Temperature Sensor Gateway 0.0
DataBase component not registered yet! Cant update db
12:06:28 Temperature Sensor Gateway 0.0
DataBase component not registered yet! Cant update db
12:06:30 Temperature Sensor Gateway 0.0
DataBase component not registered yet! Cant update db
12:06:38 Temperature Sensor Gateway 0.0
DataBase component not registered yet! Cant update db
DataBase component not registered yet! Cant update db
12:06:40 Temperature Sensor Gateway 0.0
DataBase component not registered yet! Cant update db
12:06:48 Temperature Sensor Gateway 0.0
DataBase component not registered yet! Cant update db
12:06:49 Temperature Sensor Gateway 0.0
12:06:53 Gateway DataBase registered
12:06:58 Temperature Sensor Gateway 0.0
Gateway sending update to database
12:07:00 Temperature Sensor Gateway 0.0
Gateway sending update to database
12:07:08 Temperature Sensor Gateway 0.0
Gateway sending update to database
12:07:10 Temperature Sensor Gateway 0.0
Gateway sending update to database
12:07:18 Temperature Sensor Gateway 0.0
Gateway sending update to database
Gateway sending update to database
12:07:20 Temperature Sensor Gateway 0.0
Gateway sending update to database
12:07:28 Temperature Sensor Gateway 0.0
Gateway sending update to database
12:07:30 Temperature Sensor Gateway 0.0
12:07:38 Temperature Sensor Gateway 0.0
Gateway sending update to database
Gateway sending update to database
12:07:39 Temperature Sensor Gateway 0.0
Gateway sending update to database
12:07:48 Temperature Sensor Gateway 0.0
12:12:07 Gateway DataBase registered
12:12:16 Gateway MotionSensor registered
12:12:24 Gateway TemperatureSensor registered
Gateway sending update to database
Gateway sending update to database
12:12:24 Temperature Sensor Gateway 0.0
Gateway sending update to database
12:12:34 Temperature Sensor Gateway 0.0
Gateway sending update to database
12:12:44 Temperature Sensor Gateway 0.0
Gateway sending update to database
Gateway sending update to database
Gateway sending update to database
12:12:54 Temperature Sensor Gateway 0.0
Gateway sending update to database
Gateway sending update to database
12:13:04 Temperature Sensor Gateway 0.0
Gateway sending update to database
Gateway sending update to database
12:13:14 Temperature Sensor Gateway 0.0
Gateway sending update to database
Gateway sending update to database
12:13:24 Temperature Sensor Gateway 0.0
Gateway sending update to database
12:13:34 Temperature Sensor Gateway 0.0
Gateway sending update to database
Gateway sending update to database
12:13:44 Temperature Sensor Gateway 0.0
Gateway sending update to database
Gateway sending update to database
12:13:54 Temperature Sensor Gateway 0.0
Gateway sending update to database
Gateway sending update to database
12:14:04 Temperature Sensor Gateway 0.0
Gateway sending update to database
Gateway sending update to database
12:14:14 Temperature Sensor Gateway 0.0
Gateway sending update to database
Gateway sending update to database
12:14:24 Temperature Sensor Gateway 0.0
Gateway sending update to database
Gateway sending update to database
Gateway sending update to database
12:14:34 Temperature Sensor Gateway 0.0
Gateway sending update to database
Gateway sending update to database
12:14:44 Temperature Sensor Gateway 0.0
Gateway sending update to database
12:14:54 Temperature Sensor Gateway 0.0
Gateway sending update to database
Gateway sending update to database
Gateway sending update to database
12:15:04 Temperature Sensor Gateway 0.0
Gateway sending update to database
Gateway sending update to database
12:15:14 Temperature Sensor Gateway 0.0
Gateway sending update to database
Gateway sending update to database
12:15:24 Temperature Sensor Gateway 0.0
Gateway sending update to database
12:15:34 Temperature Sensor Gateway 0.0
Gateway sending update to database
Gateway sending update to database
Gateway sending update to database
12:15:44 Temperature Sensor Gateway 0.0
Gateway sending update to database
12:15:54 Temperature Sensor Gateway 0.0
Gateway sending update to database
Gateway sending update to database
Gateway sending update to database
12:16:04 Temperature Sensor Gateway 0.0
Gateway sending update to database
Gateway sending update to database
12:16:14 Temperature Sensor Gateway 0.0
Gateway sending update to database
12:16:24 Temperature Sensor Gateway 0.0
Gateway sending update to database
Gateway sending update to database
Gateway sending update to database
12:16:34 Temperature Sensor Gateway 0.0
Gateway sending update to database
Gateway sending update to database
12:16:44 Temperature Sensor Gateway 0.0
Gateway sending update to database
Gateway sending update to database
12:16:54 Temperature Sensor Gateway 0.0
Gateway sending update to database
12:17:04 Temperature Sensor Gateway 0.0
Gateway sending update to database
Gateway sending update to database
Gateway sending update to database
12:17:14 Temperature Sensor Gateway 0.0
Gateway sending update to database
Gateway sending update to database
12:17:24 Temperature Sensor Gateway 0.0
Gateway sending update to database
12:17:34 Temperature Sensor Gateway 0.0
Gateway sending update to database
Gateway sending update to database
Gateway sending update to database
12:17:44 Temperature Sensor Gateway 0.0
Gateway sending update to database
Gateway sending update to database
12:17:54 Temperature Sensor Gateway 0.0
Gateway sending update to database
12:18:04 Temperature Sensor Gateway 0.0
Gateway sending update to database
Gateway sending update to database
Gateway sending update to database
12:18:14 Temperature Sensor Gateway 0.0
Gateway sending update to database
Gateway sending update to database
12:18:24 Temperature Sensor Gateway 0.0
Gateway sending update to database
Gateway sending update to database
12:18:34 Temperature Sensor Gateway 0.0
Gateway sending update to database
Gateway sending update to database
12:18:44 Temperature Sensor Gateway 0.0
Gateway sending update to database
Gateway sending update to database
12:18:54 Temperature Sensor Gateway 0.0
Gateway sending update to database
Gateway sending update to database
Gateway sending update to database
12:19:04 Temperature Sensor Gateway 0.0
12:19:14 Temperature Sensor Gateway 0.0
Gateway sending update to database
Gateway sending update to database
12:20:18 Gateway Outlet registered
12:20:27 Gateway MotionSensor registered
12:20:34 Gateway DataBase registered
12:20:40 Temperature Sensor Gateway 0.0
12:20:40 Gateway TemperatureSensor registered
Gateway sending update to database
Gateway sending update to database
12:20:40 Gateway/temperature 0.0
12:20:45 MotionSensor Gateway message:1
Gateway sending update to database
12:20:50 Temperature Sensor Gateway 0.0
12:21:00 Temperature Sensor Gateway 0.0
12:21:10 Temperature Sensor Gateway 0.0
12:21:20 Temperature Sensor Gateway 0.0
12:21:30 Temperature Sensor Gateway 0.0
12:21:40 Temperature Sensor Gateway 0.0
12:21:50 Temperature Sensor Gateway 0.0
12:22:00 Temperature Sensor Gateway 0.0
12:22:10 Temperature Sensor Gateway 0.0
12:22:20 Temperature Sensor Gateway 0.0
12:22:30 Temperature Sensor Gateway 0.0
12:22:40 Temperature Sensor Gateway 0.0
12:22:50 Temperature Sensor Gateway 0.0
12:24:00 Gateway DataBase registered
12:24:08 Gateway LightBulb registered
12:24:17 Gateway TemperatureSensor registered
Gateway sending update to database
Gateway sending update to database
12:24:17 Temperature Sensor Gateway 0.0
12:24:25 Gateway MotionSensor registered
12:24:27 Temperature Sensor Gateway 0.0
Gateway sending update to database
Gateway sending update to database
12:24:28 MotionSensor Gateway message:1
Gateway sending update to database
Door Sensor not registered yet!
12:24:31 MotionSensor Gateway message:12
Gateway sending update to database
Door Sensor not registered yet!
12:24:37 Temperature Sensor Gateway 0.0
Gateway sending update to database
Gateway sending update to database
12:24:40 Gateway DoorSensor registered
12:24:47 Temperature Sensor Gateway 0.0
Gateway sending update to database
Gateway sending update to database
Gateway sending update to database
12:24:57 Temperature Sensor Gateway 0.0
Gateway sending update to database
12:25:00 MotionSensor Gateway message:1
Gateway sending update to database
12:25:00 Gateway/motion 1
Gateway sending update to database
12:25:00 Gateway/motion 1
Gateway sending update to database
12:25:00 Gateway/motion 1
Gateway sending update to database
12:25:00 Gateway/motion 1
Gateway sending update to database
12:25:00 Gateway/motion 1
Gateway sending update to database
12:25:00 Gateway/motion 1
Gateway sending update to database
12:25:00 Gateway/motion 1
Gateway sending update to database
12:25:00 Gateway/motion 1
Gateway sending update to database
12:25:00 Gateway/motion 1
Gateway sending update to database
12:25:00 Gateway/motion 1
Gateway sending update to database
12:25:00 Gateway/motion 1
Gateway sending update to database
12:25:00 Gateway/motion 1
Gateway sending update to database
12:25:00 Gateway/motion 1
Gateway sending update to database
12:25:00 Gateway/motion 1
Gateway sending update to database
12:25:00 Gateway/motion 1
Gateway sending update to database
12:25:00 Gateway/motion 1
Gateway sending update to database
12:25:00 Gateway/motion 1
Gateway sending update to database
12:25:00 Gateway/motion 1
Gateway sending update to database
12:25:00 Gateway/motion 1
Gateway sending update to database
12:25:00 Gateway/motion 1
Gateway sending update to database
12:25:00 Gateway/motion 1
Gateway sending update to database
12:25:00 Gateway/motion 1
Gateway sending update to database
12:25:00 Gateway/motion 1
Gateway sending update to database
12:25:00 Gateway/motion 1
Gateway sending update to database
12:25:00 Gateway/motion 1
Gateway sending update to database
12:25:00 Gateway/motion 1
Gateway sending update to database
12:25:00 Gateway/motion 1
Gateway sending update to database
12:25:00 Gateway/motion 1
Gateway sending update to database
12:25:00 Gateway/motion 1
Gateway sending update to database
12:25:00 Gateway/motion 1
Gateway sending update to database
12:25:00 Gateway/motion 1
Gateway sending update to database
12:25:00 Gateway/motion 1
Gateway sending update to database
12:25:00 Gateway/motion 1
Gateway sending update to database
12:25:00 Gateway/motion 1
Gateway sending update to database
12:25:00 Gateway/motion 1
Gateway sending update to database
12:25:00 Gateway/motion 1
Gateway sending update to database
12:25:00 Gateway/motion 1
Gateway sending update to database
12:25:00 Gateway/motion 1
Gateway sending update to database
12:25:00 Gateway/motion 1
Gateway sending update to database
12:25:00 Gateway/motion 1
Gateway sending update to database
12:25:00 Gateway/motion 1
Gateway sending update to database
12:25:00 Gateway/motion 1
Gateway sending update to database
12:25:00 Gateway/motion 1
Gateway sending update to database
12:25:00 Gateway/motion 1
Gateway sending update to database
12:25:00 Gateway/motion 1
Gateway sending update to database
12:25:00 Gateway/motion 1
Gateway sending update to database
12:25:00 Gateway/motion 1
Gateway sending update to database
12:25:00 Gateway/motion 1
Gateway sending update to database
12:25:00 Gateway/motion 1
Gateway sending update to database
12:25:00 Gateway/motion 1
Gateway sending update to database
12:25:00 Gateway/motion 1
Gateway sending update to database
12:25:00 Gateway/motion 1
Gateway sending update to database
12:25:00 Gateway/motion 1
Gateway sending update to database
12:25:00 Gateway/motion 1
Gateway sending update to database
12:25:00 Gateway/motion 1
Gateway sending update to database
12:25:00 Gateway/motion 1
Gateway sending update to database
12:25:00 Gateway/motion 1
Gateway sending update to database
12:25:00 Gateway/motion 1
Gateway sending update to database
12:25:00 Gateway/motion 1
Gateway sending update to database
12:25:00 Gateway/motion 1
Gateway sending update to database
12:25:00 Gateway/motion 1
Gateway sending update to database
12:25:00 Gateway/motion 1
Gateway sending update to database
12:25:00 Gateway/motion 1
Gateway sending update to database
12:25:00 Gateway/motion 1
Gateway sending update to database
12:25:00 Gateway/motion 1
Gateway sending update to database
12:25:00 Gateway/motion 1
Gateway sending update to database
12:25:00 Gateway/motion 1
Gateway sending update to database
12:25:00 Gateway/motion 1
Gateway sending update to database
12:25:00 Gateway/motion 1
Gateway sending update to database
12:25:00 Gateway/motion 1
Gateway sending update to database
12:25:00 Gateway/motion 1
Gateway sending update to database
12:25:00 Gateway/motion 1
Gateway sending update to database
12:25:00 Gateway/motion 1
Gateway sending update to database
12:25:00 Gateway/motion 1
Gateway sending update to database
12:25:00 Gateway/motion 1
Gateway sending update to database
12:25:00 Gateway/motion 1
Gateway sending update to database
12:25:00 Gateway/motion 1
Gateway sending update to database
12:25:00 Gateway/motion 1
Gateway sending update to database
12:25:01 Gateway/motion 1
Gateway sending update to database
12:25:01 Gateway/motion 1
Gateway sending update to database
12:25:01 Gateway/motion 1
Gateway sending update to database
12:25:01 Gateway/motion 1
Gateway sending update to database
12:25:01 Gateway/motion 1
Gateway sending update to database
12:25:01 Gateway/motion 1
Gateway sending update to database
12:25:01 Gateway/motion 1
Gateway sending update to database
12:25:01 Gateway/motion 1
Gateway sending update to database
12:25:01 Gateway/motion 1
Gateway sending update to database
12:25:01 Gateway/motion 1
Gateway sending update to database
12:25:01 Gateway/motion 1
Gateway sending update to database
12:25:01 Gateway/motion 1
Gateway sending update to database
12:25:01 Gateway/motion 1
Gateway sending update to database
12:25:01 Gateway/motion 1
Gateway sending update to database
12:25:01 Gateway/motion 1
Gateway sending update to database
12:25:01 Gateway/motion 1
Gateway sending update to database
12:25:01 Gateway/motion 1
Gateway sending update to database
12:25:01 Gateway/motion 1
Gateway sending update to database
12:25:01 Gateway/motion 1
Gateway sending update to database
12:25:01 Gateway/motion 1
Gateway sending update to database
12:25:01 Gateway/motion 1
Gateway sending update to database
12:25:01 Gateway/motion 1
Gateway sending update to database
12:25:01 Gateway/motion 1
Gateway sending update to database
12:25:01 Gateway/motion 1
Gateway sending update to database
12:25:01 Gateway/motion 1
Gateway sending update to database
12:25:01 Gateway/motion 1
Gateway sending update to database
12:25:01 Gateway/motion 1
Gateway sending update to database
12:25:01 Gateway/motion 1
Gateway sending update to database
12:25:01 Gateway/motion 1
Gateway sending update to database
12:25:01 Gateway/motion 1
Gateway sending update to database
12:25:01 Gateway/motion 1
Gateway sending update to database
12:25:01 Gateway/motion 1
Gateway sending update to database
12:25:01 Gateway/motion 1
Gateway sending update to database
12:25:01 Gateway/motion 1
Gateway sending update to database
12:25:01 Gateway/motion 1
Gateway sending update to database
12:25:01 Gateway/motion 1
Gateway sending update to database
12:25:01 Gateway/motion 1
Gateway sending update to database
12:25:01 Gateway/motion 1
Gateway sending update to database
12:25:01 Gateway/motion 1
Gateway sending update to database
12:25:01 Gateway/motion 1
Gateway sending update to database
12:25:01 Gateway/motion 1
Gateway sending update to database
12:25:01 Gateway/motion 1
Gateway sending update to database
12:25:01 Gateway/motion 1
Gateway sending update to database
12:25:01 Gateway/motion 1
Gateway sending update to database
12:25:01 Gateway/motion 1
Gateway sending update to database
12:25:01 Gateway/motion 1
Gateway sending update to database
12:25:01 Gateway/motion 1
Gateway sending update to database
12:25:01 Gateway/motion 1
Gateway sending update to database
12:25:01 Gateway/motion 1
Gateway sending update to database
12:25:01 Gateway/motion 1
Gateway sending update to database
12:25:01 Gateway/motion 1
Gateway sending update to database
12:25:01 Gateway/motion 1
Gateway sending update to database
12:25:01 Gateway/motion 1
Gateway sending update to database
12:25:01 Gateway/motion 1
Gateway sending update to database
12:25:01 Gateway/motion 1
Gateway sending update to database
12:25:01 Gateway/motion 1
Gateway sending update to database
12:25:01 Gateway/motion 1
Gateway sending update to database
12:25:01 Gateway/motion 1
Gateway sending update to database
12:25:01 Gateway/motion 1
Gateway sending update to database
12:25:01 Gateway/motion 1
Gateway sending update to database
12:25:01 Gateway/motion 1
Gateway sending update to database
12:25:01 Gateway/motion 1
Gateway sending update to database
12:25:01 Gateway/motion 1
Gateway sending update to database
12:25:01 Gateway/motion 1
Gateway sending update to database
12:25:01 Gateway/motion 1
Gateway sending update to database
12:25:01 Gateway/motion 1
Gateway sending update to database
12:25:01 Gateway/motion 1
Gateway sending update to database
12:25:01 Gateway/motion 1
Gateway sending update to database
12:25:01 Gateway/motion 1
Gateway sending update to database
12:25:01 Gateway/motion 1
Gateway sending update to database
12:25:01 Gateway/motion 1
Gateway sending update to database
12:25:01 Gateway/motion 1
Gateway sending update to database
12:25:01 Gateway/motion 1
Gateway sending update to database
12:25:01 Gateway/motion 1
Gateway sending update to database
12:25:01 Gateway/motion 1
Gateway sending update to database
12:25:01 Gateway/motion 1
Gateway sending update to database
12:25:01 Gateway/motion 1
Gateway sending update to database
12:25:01 Gateway/motion 1
Gateway sending update to database
12:25:01 Gateway/motion 1
Gateway sending update to database
12:25:01 Gateway/motion 1
Gateway sending update to database
12:25:01 Gateway/motion 1
Gateway sending update to database
12:25:01 Gateway/motion 1
Gateway sending update to database
12:25:01 Gateway/motion 1
Gateway sending update to database
12:25:01 Gateway/motion 1
Gateway sending update to database
12:25:01 Gateway/motion 1
Gateway sending update to database
12:25:01 Gateway/motion 1
Gateway sending update to database
12:25:01 Gateway/motion 1
Gateway sending update to database
12:25:01 Gateway/motion 1
Gateway sending update to database
12:25:01 Gateway/motion 1
Gateway sending update to database
12:25:01 Gateway/motion 1
Gateway sending update to database
12:25:01 Gateway/motion 1
Gateway sending update to database
12:25:01 Gateway/motion 1
Gateway sending update to database
12:25:01 Gateway/motion 1
Gateway sending update to database
12:25:01 Gateway/motion 1
Gateway sending update to database
12:25:01 Gateway/motion 1
Gateway sending update to database
12:25:01 Gateway/motion 1
Gateway sending update to database
12:25:01 Gateway/motion 1
Gateway sending update to database
12:25:01 Gateway/motion 1
Gateway sending update to database
12:25:01 Gateway/motion 1
Gateway sending update to database
12:25:01 Gateway/motion 1
Gateway sending update to database
12:25:01 Gateway/motion 1
Gateway sending update to database
12:25:01 Gateway/motion 1
Gateway sending update to database
12:25:01 Gateway/motion 1
Gateway sending update to database
12:25:01 Gateway/motion 1
Gateway sending update to database
12:25:01 Gateway/motion 1
Gateway sending update to database
12:25:01 Gateway/motion 1
Gateway sending update to database
12:25:01 Gateway/motion 1
Gateway sending update to database
12:25:01 Gateway/motion 1
Gateway sending update to database
12:25:01 Gateway/motion 1
Gateway sending update to database
12:25:01 Gateway/motion 1
Gateway sending update to database
12:25:01 Gateway/motion 1
Gateway sending update to database
12:25:01 Gateway/motion 1
Gateway sending update to database
12:25:01 Gateway/motion 1
Gateway sending update to database
12:25:01 Gateway/motion 1
Gateway sending update to database
12:25:01 Gateway/motion 1
Gateway sending update to database
12:25:01 Gateway/motion 1
Gateway sending update to database
12:25:01 Gateway/motion 1
Gateway sending update to database
12:25:01 Gateway/motion 1
Gateway sending update to database
12:25:01 Gateway/motion 1
Gateway sending update to database
12:25:01 Gateway/motion 1
Gateway sending update to database
12:25:01 Gateway/motion 1
Gateway sending update to database
12:25:01 Gateway/motion 1
Gateway sending update to database
12:25:01 Gateway/motion 1
Gateway sending update to database
12:25:01 Gateway/motion 1
Gateway sending update to database
12:25:01 Gateway/motion 1
Gateway sending update to database
12:25:01 Gateway/motion 1
Gateway sending update to database
12:25:01 Gateway/motion 1
Gateway sending update to database
12:25:01 Gateway/motion 1
Gateway sending update to database
12:25:01 Gateway/motion 1
Gateway sending update to database
12:25:01 Gateway/motion 1
Gateway sending update to database
12:25:01 Gateway/motion 1
Gateway sending update to database
12:25:01 Gateway/motion 1
Gateway sending update to database
12:25:01 Gateway/motion 1
Gateway sending update to database
12:25:01 Gateway/motion 1
Gateway sending update to database
12:25:01 Gateway/motion 1
Gateway sending update to database
12:25:01 Gateway/motion 1
Gateway sending update to database
12:25:01 Gateway/motion 1
Gateway sending update to database
12:25:01 Gateway/motion 1
Gateway sending update to database
12:25:01 Gateway/motion 1
Gateway sending update to database
12:25:01 Gateway/motion 1
Gateway sending update to database
12:25:01 Gateway/motion 1
Gateway sending update to database
12:25:01 Gateway/motion 1
Gateway sending update to database
12:25:01 Gateway/motion 1
Gateway sending update to database
12:25:01 Gateway/motion 1
Gateway sending update to database
12:25:01 Gateway/motion 1
Gateway sending update to database
12:25:01 Gateway/motion 1
Gateway sending update to database
12:25:01 Gateway/motion 1
Gateway sending update to database
12:25:01 Gateway/motion 1
Gateway sending update to database
12:25:01 Gateway/motion 1
Gateway sending update to database
12:25:01 Gateway/motion 1
Gateway sending update to database
12:25:01 Gateway/motion 1
Gateway sending update to database
12:25:01 Gateway/motion 1
Gateway sending update to database
12:25:01 Gateway/motion 1
Gateway sending update to database
12:25:01 Gateway/motion 1
Gateway sending update to database
12:25:01 Gateway/motion 1
Gateway sending update to database
12:25:01 Gateway/motion 1
Gateway sending update to database
12:25:01 Gateway/motion 1
Gateway sending update to database
12:25:01 Gateway/motion 1
Gateway sending update to database
12:25:01 Gateway/motion 1
Gateway sending update to database
12:25:01 Gateway/motion 1
Gateway sending update to database
12:25:01 Gateway/motion 1
Gateway sending update to database
12:25:01 Gateway/motion 1
Gateway sending update to database
12:25:01 Gateway/motion 1
Gateway sending update to database
12:25:01 Gateway/motion 1
Gateway sending update to database
12:25:01 Gateway/motion 1
Gateway sending update to database
12:25:01 Gateway/motion 1
Gateway sending update to database
12:25:01 Gateway/motion 1
Gateway sending update to database
12:25:01 Gateway/motion 1
Gateway sending update to database
12:25:01 Gateway/motion 1
Gateway sending update to database
12:25:01 Gateway/motion 1
Gateway sending update to database
12:25:01 Gateway/motion 1
Gateway sending update to database
12:25:01 Gateway/motion 1
Gateway sending update to database
12:25:01 Gateway/motion 1
Gateway sending update to database
12:25:01 Gateway/motion 1
Gateway sending update to database
12:25:01 Gateway/motion 1
Gateway sending update to database
12:25:01 Gateway/motion 1
Gateway sending update to database
12:25:01 Gateway/motion 1
Gateway sending update to database
12:25:01 Gateway/motion 1
Gateway sending update to database
12:25:01 Gateway/motion 1
Gateway sending update to database
12:25:01 Gateway/motion 1
Gateway sending update to database
12:25:01 Gateway/motion 1
Gateway sending update to database
12:25:01 Gateway/motion 1
Gateway sending update to database
12:25:01 Gateway/motion 1
Gateway sending update to database
12:25:01 Gateway/motion 1
Gateway sending update to database
12:25:01 Gateway/motion 1
Gateway sending update to database
12:25:01 Gateway/motion 1
Gateway sending update to database
12:25:01 Gateway/motion 1
Gateway sending update to database
12:25:01 Gateway/motion 1
Gateway sending update to database
12:25:01 Gateway/motion 1
Gateway sending update to database
12:25:01 Gateway/motion 1
Gateway sending update to database
12:25:01 Gateway/motion 1
Gateway sending update to database
12:25:01 Gateway/motion 1
Gateway sending update to database
12:25:01 Gateway/motion 1
Gateway sending update to database
12:25:02 Gateway/motion 1
Gateway sending update to database
12:25:02 Gateway/motion 1
Gateway sending update to database
12:25:02 Gateway/motion 1
Gateway sending update to database
12:25:02 Gateway/motion 1
Gateway sending update to database
12:25:02 Gateway/motion 1
Gateway sending update to database
12:25:02 Gateway/motion 1
Gateway sending update to database
12:25:02 Gateway/motion 1
Gateway sending update to database
12:25:02 Gateway/motion 1
Gateway sending update to database
12:25:02 Gateway/motion 1
Gateway sending update to database
12:25:02 Gateway/motion 1
Gateway sending update to database
12:25:02 Gateway/motion 1
Gateway sending update to database
12:25:02 Gateway/motion 1
Gateway sending update to database
12:25:02 Gateway/motion 1
Gateway sending update to database
12:25:02 Gateway/motion 1
Gateway sending update to database
12:25:02 Gateway/motion 1
Gateway sending update to database
12:25:02 Gateway/motion 1
Gateway sending update to database
12:25:02 Gateway/motion 1
Gateway sending update to database
12:25:02 Gateway/motion 1
Gateway sending update to database
12:25:02 Gateway/motion 1
Gateway sending update to database
12:25:02 Gateway/motion 1
Gateway sending update to database
12:25:02 Gateway/motion 1
Gateway sending update to database
12:25:02 Gateway/motion 1
Gateway sending update to database
12:25:02 Gateway/motion 1
Gateway sending update to database
12:25:02 Gateway/motion 1
Gateway sending update to database
12:25:02 Gateway/motion 1
Gateway sending update to database
12:25:02 Gateway/motion 1
Gateway sending update to database
12:25:02 Gateway/motion 1
Gateway sending update to database
12:25:02 Gateway/motion 1
Gateway sending update to database
12:25:02 Gateway/motion 1
Gateway sending update to database
12:25:02 Gateway/motion 1
Gateway sending update to database
12:25:02 Gateway/motion 1
Gateway sending update to database
12:25:02 Gateway/motion 1
Gateway sending update to database
12:25:02 Gateway/motion 1
Gateway sending update to database
12:25:02 Gateway/motion 1
Gateway sending update to database
12:25:02 Gateway/motion 1
Gateway sending update to database
12:25:02 Gateway/motion 1
Gateway sending update to database
12:25:02 Gateway/motion 1
Gateway sending update to database
12:25:02 Gateway/motion 1
Gateway sending update to database
12:25:02 Gateway/motion 1
Gateway sending update to database
12:25:02 Gateway/motion 1
Gateway sending update to database
12:25:02 Gateway/motion 1
Gateway sending update to database
12:25:02 Gateway/motion 1
Gateway sending update to database
12:25:02 Gateway/motion 1
Gateway sending update to database
12:25:02 Gateway/motion 1
Gateway sending update to database
12:25:02 Gateway/motion 1
Gateway sending update to database
12:25:02 Gateway/motion 1
Gateway sending update to database
12:25:02 Gateway/motion 1
Gateway sending update to database
12:25:02 Gateway/motion 1
Gateway sending update to database
12:25:02 Gateway/motion 1
Gateway sending update to database
12:25:02 Gateway/motion 1
Gateway sending update to database
12:25:02 Gateway/motion 1
Gateway sending update to database
12:25:02 Gateway/motion 1
Gateway sending update to database
12:25:02 Gateway/motion 1
Gateway sending update to database
12:25:02 Gateway/motion 1
Gateway sending update to database
12:25:02 Gateway/motion 1
Gateway sending update to database
12:25:02 Gateway/motion 1
Gateway sending update to database
12:25:02 Gateway/motion 1
Gateway sending update to database
12:25:02 Gateway/motion 1
Gateway sending update to database
12:25:02 Gateway/motion 1
Gateway sending update to database
12:25:02 Gateway/motion 1
Gateway sending update to database
12:25:02 Gateway/motion 1
Gateway sending update to database
12:25:02 Gateway/motion 1
Gateway sending update to database
12:25:02 Gateway/motion 1
Gateway sending update to database
12:25:02 Gateway/motion 1
Gateway sending update to database
12:25:02 Gateway/motion 1
Gateway sending update to database
12:25:02 Gateway/motion 1
Gateway sending update to database
12:25:02 Gateway/motion 1
Gateway sending update to database
12:25:02 Gateway/motion 1
Gateway sending update to database
12:25:02 Gateway/motion 1
Gateway sending update to database
12:25:02 Gateway/motion 1
Gateway sending update to database
12:25:02 Gateway/motion 1
Gateway sending update to database
12:25:02 Gateway/motion 1
Gateway sending update to database
12:25:02 Gateway/motion 1
Gateway sending update to database
12:25:02 Gateway/motion 1
Gateway sending update to database
12:25:02 Gateway/motion 1
Gateway sending update to database
12:25:02 Gateway/motion 1
Gateway sending update to database
12:25:02 Gateway/motion 1
Gateway sending update to database
12:25:02 Gateway/motion 1
Gateway sending update to database
12:25:02 Gateway/motion 1
Gateway sending update to database
12:25:02 Gateway/motion 1
Gateway sending update to database
12:25:02 Gateway/motion 1
Gateway sending update to database
12:25:02 Gateway/motion 1
Gateway sending update to database
12:25:02 Gateway/motion 1
Gateway sending update to database
12:25:02 Gateway/motion 1
Gateway sending update to database
12:25:02 Gateway/motion 1
Gateway sending update to database
12:25:02 Gateway/motion 1
Gateway sending update to database
12:25:02 Gateway/motion 1
Gateway sending update to database
12:25:02 Gateway/motion 1
Gateway sending update to database
12:25:02 Gateway/motion 1
Gateway sending update to database
12:25:02 Gateway/motion 1
Gateway sending update to database
12:25:02 Gateway/motion 1
Gateway sending update to database
12:25:02 Gateway/motion 1
Gateway sending update to database
12:25:02 Gateway/motion 1
Gateway sending update to database
12:25:02 Gateway/motion 1
Gateway sending update to database
12:25:02 Gateway/motion 1
Gateway sending update to database
12:25:02 Gateway/motion 1
Gateway sending update to database
12:25:02 Gateway/motion 1
Gateway sending update to database
12:25:02 Gateway/motion 1
Gateway sending update to database
12:25:02 Gateway/motion 1
Gateway sending update to database
12:25:02 Gateway/motion 1
Gateway sending update to database
12:25:02 Gateway/motion 1
Gateway sending update to database
12:25:02 Gateway/motion 1
Gateway sending update to database
12:25:02 Gateway/motion 1
Gateway sending update to database
12:25:02 Gateway/motion 1
Gateway sending update to database
12:25:02 Gateway/motion 1
Gateway sending update to database
12:25:02 Gateway/motion 1
Gateway sending update to database
12:25:02 Gateway/motion 1
Gateway sending update to database
12:25:02 Gateway/motion 1
Gateway sending update to database
12:25:02 Gateway/motion 1
Gateway sending update to database
12:25:02 Gateway/motion 1
Gateway sending update to database
12:25:02 Gateway/motion 1
Gateway sending update to database
12:25:02 Gateway/motion 1
Gateway sending update to database
12:25:02 Gateway/motion 1
Gateway sending update to database
12:25:02 Gateway/motion 1
Gateway sending update to database
12:25:02 Gateway/motion 1
Gateway sending update to database
12:25:02 Gateway/motion 1
Gateway sending update to database
12:25:02 Gateway/motion 1
Gateway sending update to database
12:25:02 Gateway/motion 1
Gateway sending update to database
12:25:02 Gateway/motion 1
Gateway sending update to database
12:25:02 Gateway/motion 1
Gateway sending update to database
12:25:02 Gateway/motion 1
Gateway sending update to database
12:25:02 Gateway/motion 1
Gateway sending update to database
12:25:02 Gateway/motion 1
Gateway sending update to database
12:25:02 Gateway/motion 1
Gateway sending update to database
12:25:02 Gateway/motion 1
Gateway sending update to database
12:25:02 Gateway/motion 1
Gateway sending update to database
12:25:02 Gateway/motion 1
Gateway sending update to database
12:25:02 Gateway/motion 1
Gateway sending update to database
12:25:02 Gateway/motion 1
Gateway sending update to database
12:25:02 Gateway/motion 1
Gateway sending update to database
12:25:02 Gateway/motion 1
Gateway sending update to database
12:25:02 Gateway/motion 1
Gateway sending update to database
12:25:02 Gateway/motion 1
Gateway sending update to database
12:25:02 Gateway/motion 1
Gateway sending update to database
12:25:02 Gateway/motion 1
Gateway sending update to database
12:25:02 Gateway/motion 1
Gateway sending update to database
12:25:02 Gateway/motion 1
Gateway sending update to database
12:25:02 Gateway/motion 1
Gateway sending update to database
12:25:02 Gateway/motion 1
Gateway sending update to database
12:25:02 Gateway/motion 1
Gateway sending update to database
12:25:02 Gateway/motion 1
Gateway sending update to database
12:25:02 Gateway/motion 1
Gateway sending update to database
12:25:02 Gateway/motion 1
Gateway sending update to database
12:25:02 Gateway/motion 1
Gateway sending update to database
12:25:02 Gateway/motion 1
Gateway sending update to database
12:25:02 Gateway/motion 1
Gateway sending update to database
12:25:02 Gateway/motion 1
Gateway sending update to database
12:25:02 Gateway/motion 1
Gateway sending update to database
12:25:02 Gateway/motion 1
Gateway sending update to database
12:25:02 Gateway/motion 1
Gateway sending update to database
12:25:02 Gateway/motion 1
Gateway sending update to database
12:25:02 Gateway/motion 1
Gateway sending update to database
12:25:02 Gateway/motion 1
Gateway sending update to database
12:25:02 Gateway/motion 1
Gateway sending update to database
12:25:02 Gateway/motion 1
Gateway sending update to database
12:25:02 Gateway/motion 1
Gateway sending update to database
12:25:02 Gateway/motion 1
Gateway sending update to database
12:25:02 Gateway/motion 1
Gateway sending update to database
12:25:02 Gateway/motion 1
Gateway sending update to database
12:25:02 Gateway/motion 1
Gateway sending update to database
12:25:02 Gateway/motion 1
Gateway sending update to database
12:25:02 Gateway/motion 1
Gateway sending update to database
12:25:02 Gateway/motion 1
Gateway sending update to database
12:25:02 Gateway/motion 1
Gateway sending update to database
12:25:02 Gateway/motion 1
Gateway sending update to database
12:25:02 Gateway/motion 1
Gateway sending update to database
12:25:02 Gateway/motion 1
Gateway sending update to database
12:25:02 Gateway/motion 1
Gateway sending update to database
12:25:02 Gateway/motion 1
Gateway sending update to database
12:25:02 Gateway/motion 1
Gateway sending update to database
12:25:02 Gateway/motion 1
Gateway sending update to database
12:25:02 Gateway/motion 1
Gateway sending update to database
12:25:02 Gateway/motion 1
Gateway sending update to database
12:25:02 Gateway/motion 1
Gateway sending update to database
12:25:02 Gateway/motion 1
Gateway sending update to database
12:25:02 Gateway/motion 1
Gateway sending update to database
12:25:02 Gateway/motion 1
Gateway sending update to database
12:25:02 Gateway/motion 1
Gateway sending update to database
12:25:02 Gateway/motion 1
Gateway sending update to database
12:25:02 Gateway/motion 1
Gateway sending update to database
12:25:02 Gateway/motion 1
Gateway sending update to database
12:25:02 Gateway/motion 1
Gateway sending update to database
12:25:02 Gateway/motion 1
Gateway sending update to database
12:25:02 Gateway/motion 1
Gateway sending update to database
12:25:02 Gateway/motion 1
Gateway sending update to database
12:25:02 Gateway/motion 1
Gateway sending update to database
12:25:02 Gateway/motion 1
Gateway sending update to database
12:25:02 Gateway/motion 1
Gateway sending update to database
12:25:02 Gateway/motion 1
Gateway sending update to database
12:25:02 Gateway/motion 1
Gateway sending update to database
12:25:02 Gateway/motion 1
Gateway sending update to database
12:25:02 Gateway/motion 1
Gateway sending update to database
12:25:02 Gateway/motion 1
Gateway sending update to database
12:25:02 Gateway/motion 1
Gateway sending update to database
12:25:02 Gateway/motion 1
Gateway sending update to database
12:25:02 Gateway/motion 1
Gateway sending update to database
12:25:02 Gateway/motion 1
Gateway sending update to database
12:25:02 Gateway/motion 1
Gateway sending update to database
12:25:02 Gateway/motion 1
Gateway sending update to database
12:25:02 Gateway/motion 1
Gateway sending update to database
12:25:02 Gateway/motion 1
Gateway sending update to database
12:25:02 Gateway/motion 1
Gateway sending update to database
12:25:02 Gateway/motion 1
Gateway sending update to database
12:25:02 Gateway/motion 1
Gateway sending update to database
12:25:02 Gateway/motion 1
Gateway sending update to database
12:25:02 Gateway/motion 1
Gateway sending update to database
12:25:02 Gateway/motion 1
Gateway sending update to database
12:25:02 Gateway/motion 1
Gateway sending update to database
12:25:02 Gateway/motion 1
Gateway sending update to database
12:25:02 Gateway/motion 1
Gateway sending update to database
12:25:02 Gateway/motion 1
Gateway sending update to database
12:25:02 Gateway/motion 1
Gateway sending update to database
12:25:02 Gateway/motion 1
Gateway sending update to database
12:25:02 Gateway/motion 1
Gateway sending update to database
12:25:02 Gateway/motion 1
Gateway sending update to database
12:25:02 Gateway/motion 1
Gateway sending update to database
12:25:02 Gateway/motion 1
Gateway sending update to database
12:25:02 Gateway/motion 1
Gateway sending update to database
12:25:02 Gateway/motion 1
Gateway sending update to database
12:25:02 Gateway/motion 1
Gateway sending update to database
12:25:02 Gateway/motion 1
Gateway sending update to database
12:25:02 Gateway/motion 1
Gateway sending update to database
12:25:02 Gateway/motion 1
Gateway sending update to database
12:25:02 Gateway/motion 1
Gateway sending update to database
12:25:02 Gateway/motion 1
Gateway sending update to database
12:25:02 Gateway/motion 1
Gateway sending update to database
12:25:02 Gateway/motion 1
Gateway sending update to database
12:25:02 Gateway/motion 1
Gateway sending update to database
12:25:02 Gateway/motion 1
Gateway sending update to database
12:25:02 Gateway/motion 1
Gateway sending update to database
12:25:02 Gateway/motion 1
Gateway sending update to database
12:25:02 Gateway/motion 1
Gateway sending update to database
12:25:02 Gateway/motion 1
Gateway sending update to database
12:25:02 Gateway/motion 1
Gateway sending update to database
12:25:02 Gateway/motion 1
Gateway sending update to database
12:25:02 Gateway/motion 1
Gateway sending update to database
12:25:02 Gateway/motion 1
Gateway sending update to database
12:25:02 Gateway/motion 1
Gateway sending update to database
12:25:02 Gateway/motion 1
Gateway sending update to database
12:25:02 Gateway/motion 1
Gateway sending update to database
12:25:02 Gateway/motion 1
Gateway sending update to database
12:25:02 Gateway/motion 1
Gateway sending update to database
12:25:02 Gateway/motion 1
Gateway sending update to database
12:25:02 Gateway/motion 1
Gateway sending update to database
12:25:02 Gateway/motion 1
Gateway sending update to database
12:25:02 Gateway/motion 1
Gateway sending update to database
12:25:02 Gateway/motion 1
Gateway sending update to database
12:25:02 Gateway/motion 1
Gateway sending update to database
12:25:02 Gateway/motion 1
Gateway sending update to database
12:25:02 Gateway/motion 1
Gateway sending update to database
12:25:02 Gateway/motion 1
Gateway sending update to database
12:25:02 Gateway/motion 1
Gateway sending update to database
12:25:02 Gateway/motion 1
Gateway sending update to database
12:25:02 Gateway/motion 1
Gateway sending update to database
12:25:02 Gateway/motion 1
Gateway sending update to database
12:25:02 Gateway/motion 1
Gateway sending update to database
12:25:02 Gateway/motion 1
Gateway sending update to database
12:25:02 Gateway/motion 1
Gateway sending update to database
12:25:02 Gateway/motion 1
Gateway sending update to database
12:25:02 Gateway/motion 1
Gateway sending update to database
12:25:02 Gateway/motion 1
Gateway sending update to database
12:25:02 Gateway/motion 1
Gateway sending update to database
12:25:02 Gateway/motion 1
Gateway sending update to database
12:25:02 Gateway/motion 1
Gateway sending update to database
12:25:02 Gateway/motion 1
Gateway sending update to database
12:25:02 Gateway/motion 1
Gateway sending update to database
12:25:02 Gateway/motion 1
Gateway sending update to database
12:25:02 Gateway/motion 1
Gateway sending update to database
12:25:02 Gateway/motion 1
Gateway sending update to database
12:25:02 Gateway/motion 1
Gateway sending update to database
12:25:02 Gateway/motion 1
Gateway sending update to database
12:25:02 Gateway/motion 1
Gateway sending update to database
12:25:02 Gateway/motion 1
Gateway sending update to database
12:25:02 Gateway/motion 1
Gateway sending update to database
12:25:02 Gateway/motion 1
Gateway sending update to database
12:25:02 Gateway/motion 1
Gateway sending update to database
12:25:02 Gateway/motion 1
Gateway sending update to database
12:25:02 Gateway/motion 1
Gateway sending update to database
12:25:02 Gateway/motion 1
Gateway sending update to database
12:25:02 Gateway/motion 1
Gateway sending update to database
12:25:02 Gateway/motion 1
Gateway sending update to database
12:25:02 Gateway/motion 1
Gateway sending update to database
12:25:02 Gateway/motion 1
Gateway sending update to database
12:25:02 Gateway/motion 1
Gateway sending update to database
12:25:02 Gateway/motion 1
Gateway sending update to database
12:25:02 Gateway/motion 1
Gateway sending update to database
12:25:02 Gateway/motion 1
Gateway sending update to database
12:25:02 Gateway/motion 1
Gateway sending update to database
12:25:02 Gateway/motion 1
Gateway sending update to database
12:25:02 Gateway/motion 1
Gateway sending update to database
12:25:02 Gateway/motion 1
Gateway sending update to database
12:25:02 Gateway/motion 1
Gateway sending update to database
12:25:02 Gateway/motion 1
Gateway sending update to database
12:25:02 Gateway/motion 1
Gateway sending update to database
12:25:02 Gateway/motion 1
Gateway sending update to database
12:25:02 Gateway/motion 1
Gateway sending update to database
12:25:02 Gateway/motion 1
Gateway sending update to database
12:25:02 Gateway/motion 1
Gateway sending update to database
12:25:02 Gateway/motion 1
Gateway sending update to database
12:25:02 Gateway/motion 1
Gateway sending update to database
12:25:02 Gateway/motion 1
Gateway sending update to database
12:25:02 Gateway/motion 1
Gateway sending update to database
12:25:02 Gateway/motion 1
Gateway sending update to database
12:25:02 Gateway/motion 1
Gateway sending update to database
12:25:03 Gateway/motion 1
Gateway sending update to database
12:25:03 Gateway/motion 1
Gateway sending update to database
12:25:03 Gateway/motion 1
Gateway sending update to database
12:25:03 Gateway/motion 1
Gateway sending update to database
12:25:03 Gateway/motion 1
Gateway sending update to database
12:25:03 Gateway/motion 1
Gateway sending update to database
12:25:03 Gateway/motion 1
Gateway sending update to database
12:25:03 Gateway/motion 1
Gateway sending update to database
12:25:03 Gateway/motion 1
Gateway sending update to database
12:25:03 Gateway/motion 1
Gateway sending update to database
12:25:03 Gateway/motion 1
Gateway sending update to database
12:25:03 Gateway/motion 1
Gateway sending update to database
12:25:03 Gateway/motion 1
Gateway sending update to database
12:25:03 Gateway/motion 1
Gateway sending update to database
12:25:03 Gateway/motion 1
Gateway sending update to database
12:25:03 Gateway/motion 1
Gateway sending update to database
12:25:03 Gateway/motion 1
Gateway sending update to database
12:25:03 Gateway/motion 1
Gateway sending update to database
12:25:03 Gateway/motion 1
Gateway sending update to database
12:25:03 Gateway/motion 1
Gateway sending update to database
12:25:03 Gateway/motion 1
Gateway sending update to database
12:25:03 Gateway/motion 1
Gateway sending update to database
12:25:03 Gateway/motion 1
Gateway sending update to database
12:25:03 Gateway/motion 1
Gateway sending update to database
12:25:03 Gateway/motion 1
Gateway sending update to database
12:25:03 Gateway/motion 1
Gateway sending update to database
12:25:03 Gateway/motion 1
Gateway sending update to database
12:25:03 Gateway/motion 1
Gateway sending update to database
12:25:03 Gateway/motion 1
Gateway sending update to database
12:25:03 Gateway/motion 1
Gateway sending update to database
12:25:03 Gateway/motion 1
Gateway sending update to database
12:25:03 Gateway/motion 1
Gateway sending update to database
12:25:03 Gateway/motion 1
Gateway sending update to database
12:25:03 Gateway/motion 1
Gateway sending update to database
12:25:03 Gateway/motion 1
Gateway sending update to database
12:25:03 Gateway/motion 1
Gateway sending update to database
12:25:03 Gateway/motion 1
Gateway sending update to database
12:25:03 Gateway/motion 1
Gateway sending update to database
12:25:03 Gateway/motion 1
Gateway sending update to database
12:25:03 Gateway/motion 1
Gateway sending update to database
12:25:03 Gateway/motion 1
Gateway sending update to database
12:25:03 Gateway/motion 1
Gateway sending update to database
12:25:03 Gateway/motion 1
Gateway sending update to database
12:25:03 Gateway/motion 1
Gateway sending update to database
12:25:03 Gateway/motion 1
Gateway sending update to database
12:25:03 Gateway/motion 1
Gateway sending update to database
12:25:03 Gateway/motion 1
Gateway sending update to database
12:25:03 Gateway/motion 1
Gateway sending update to database
12:25:03 Gateway/motion 1
Gateway sending update to database
12:25:03 Gateway/motion 1
Gateway sending update to database
12:25:03 Gateway/motion 1
Gateway sending update to database
12:25:03 Gateway/motion 1
Gateway sending update to database
12:25:03 Gateway/motion 1
Gateway sending update to database
12:25:03 Gateway/motion 1
Gateway sending update to database
12:25:03 Gateway/motion 1
Gateway sending update to database
12:25:03 Gateway/motion 1
Gateway sending update to database
12:25:03 Gateway/motion 1
Gateway sending update to database
12:25:03 Gateway/motion 1
Gateway sending update to database
12:25:03 Gateway/motion 1
Gateway sending update to database
12:25:03 Gateway/motion 1
Gateway sending update to database
12:25:03 Gateway/motion 1
Gateway sending update to database
12:25:03 Gateway/motion 1
Gateway sending update to database
12:25:03 Gateway/motion 1
Gateway sending update to database
12:25:03 Gateway/motion 1
Gateway sending update to database
12:25:03 Gateway/motion 1
Gateway sending update to database
12:25:03 Gateway/motion 1
Gateway sending update to database
12:25:03 Gateway/motion 1
Gateway sending update to database
12:25:03 Gateway/motion 1
Gateway sending update to database
12:25:03 Gateway/motion 1
Gateway sending update to database
12:25:03 Gateway/motion 1
Gateway sending update to database
12:25:03 Gateway/motion 1
Gateway sending update to database
12:25:03 Gateway/motion 1
Gateway sending update to database
12:25:03 Gateway/motion 1
Gateway sending update to database
12:25:03 Gateway/motion 1
Gateway sending update to database
12:25:03 Gateway/motion 1
Gateway sending update to database
12:25:03 Gateway/motion 1
Gateway sending update to database
12:25:03 Gateway/motion 1
Gateway sending update to database
12:25:03 Gateway/motion 1
Gateway sending update to database
12:25:03 Gateway/motion 1
Gateway sending update to database
12:25:03 Gateway/motion 1
Gateway sending update to database
12:25:03 Gateway/motion 1
Gateway sending update to database
12:25:03 Gateway/motion 1
Gateway sending update to database
12:25:03 Gateway/motion 1
Gateway sending update to database
12:25:03 Gateway/motion 1
Gateway sending update to database
12:25:03 Gateway/motion 1
Gateway sending update to database
12:25:03 Gateway/motion 1
Gateway sending update to database
12:25:03 Gateway/motion 1
Gateway sending update to database
12:25:03 Gateway/motion 1
Gateway sending update to database
12:25:03 Gateway/motion 1
Gateway sending update to database
12:25:03 Gateway/motion 1
Gateway sending update to database
12:25:03 Gateway/motion 1
Gateway sending update to database
12:25:03 Gateway/motion 1
Gateway sending update to database
12:25:03 Gateway/motion 1
Gateway sending update to database
12:25:03 Gateway/motion 1
Gateway sending update to database
12:25:03 Gateway/motion 1
Gateway sending update to database
12:25:03 Gateway/motion 1
Gateway sending update to database
12:25:03 Gateway/motion 1
Gateway sending update to database
12:25:03 Gateway/motion 1
Gateway sending update to database
12:25:03 Gateway/motion 1
Gateway sending update to database
12:25:03 Gateway/motion 1
Gateway sending update to database
12:25:03 Gateway/motion 1
Gateway sending update to database
12:25:03 Gateway/motion 1
Gateway sending update to database
12:25:03 Gateway/motion 1
Gateway sending update to database
12:25:03 Gateway/motion 1
Gateway sending update to database
12:25:03 Gateway/motion 1
Gateway sending update to database
12:25:03 Gateway/motion 1
Gateway sending update to database
12:25:03 Gateway/motion 1
Gateway sending update to database
12:25:03 Gateway/motion 1
Gateway sending update to database
12:25:03 Gateway/motion 1
Gateway sending update to database
12:25:03 Gateway/motion 1
Gateway sending update to database
12:25:03 Gateway/motion 1
Gateway sending update to database
12:25:03 Gateway/motion 1
Gateway sending update to database
12:25:03 Gateway/motion 1
Gateway sending update to database
12:25:03 Gateway/motion 1
Gateway sending update to database
12:25:03 Gateway/motion 1
Gateway sending update to database
12:25:03 Gateway/motion 1
Gateway sending update to database
12:25:03 Gateway/motion 1
Gateway sending update to database
12:25:03 Gateway/motion 1
Gateway sending update to database
12:25:03 Gateway/motion 1
Gateway sending update to database
12:25:03 Gateway/motion 1
Gateway sending update to database
12:25:03 Gateway/motion 1
Gateway sending update to database
12:25:03 Gateway/motion 1
Gateway sending update to database
12:25:03 Gateway/motion 1
Gateway sending update to database
12:25:03 Gateway/motion 1
Gateway sending update to database
12:25:03 Gateway/motion 1
Gateway sending update to database
12:25:03 Gateway/motion 1
Gateway sending update to database
12:25:03 Gateway/motion 1
Gateway sending update to database
12:25:03 Gateway/motion 1
Gateway sending update to database
12:25:03 Gateway/motion 1
Gateway sending update to database
12:25:03 Gateway/motion 1
Gateway sending update to database
12:25:03 Gateway/motion 1
Gateway sending update to database
12:25:03 Gateway/motion 1
Gateway sending update to database
12:25:03 Gateway/motion 1
Gateway sending update to database
12:25:03 Gateway/motion 1
Gateway sending update to database
12:25:03 Gateway/motion 1
Gateway sending update to database
12:25:03 Gateway/motion 1
Gateway sending update to database
12:25:03 Gateway/motion 1
Gateway sending update to database
12:25:03 Gateway/motion 1
Gateway sending update to database
12:25:03 Gateway/motion 1
Gateway sending update to database
12:25:03 Gateway/motion 1
Gateway sending update to database
12:25:03 Gateway/motion 1
Gateway sending update to database
12:25:03 Gateway/motion 1
Gateway sending update to database
12:25:03 Gateway/motion 1
Gateway sending update to database
12:25:03 Gateway/motion 1
Gateway sending update to database
12:25:03 Gateway/motion 1
Gateway sending update to database
12:25:03 Gateway/motion 1
Gateway sending update to database
12:25:03 Gateway/motion 1
Gateway sending update to database
12:25:03 Gateway/motion 1
Gateway sending update to database
12:25:03 Gateway/motion 1
Gateway sending update to database
12:25:03 Gateway/motion 1
Gateway sending update to database
12:25:03 Gateway/motion 1
Gateway sending update to database
12:25:03 Gateway/motion 1
Gateway sending update to database
12:25:03 Gateway/motion 1
Gateway sending update to database
12:25:03 Gateway/motion 1
Gateway sending update to database
12:25:03 Gateway/motion 1
Gateway sending update to database
12:25:03 Gateway/motion 1
Gateway sending update to database
12:25:03 Gateway/motion 1
Gateway sending update to database
12:25:03 Gateway/motion 1
Gateway sending update to database
12:25:03 Gateway/motion 1
Gateway sending update to database
12:25:03 Gateway/motion 1
Gateway sending update to database
12:25:03 Gateway/motion 1
Gateway sending update to database
12:25:03 Gateway/motion 1
Gateway sending update to database
12:25:03 Gateway/motion 1
Gateway sending update to database
12:25:03 Gateway/motion 1
Gateway sending update to database
12:25:03 Gateway/motion 1
Gateway sending update to database
12:25:03 Gateway/motion 1
Gateway sending update to database
12:25:03 Gateway/motion 1
Gateway sending update to database
12:25:03 Gateway/motion 1
Gateway sending update to database
12:25:03 Gateway/motion 1
Gateway sending update to database
12:25:03 Gateway/motion 1
Gateway sending update to database
12:25:03 Gateway/motion 1
Gateway sending update to database
12:25:03 Gateway/motion 1
Gateway sending update to database
12:25:03 Gateway/motion 1
Gateway sending update to database
12:25:03 Gateway/motion 1
Gateway sending update to database
12:25:03 Gateway/motion 1
Gateway sending update to database
12:25:03 Gateway/motion 1
Gateway sending update to database
12:25:03 Gateway/motion 1
Gateway sending update to database
12:25:03 Gateway/motion 1
Gateway sending update to database
12:25:03 Gateway/motion 1
Gateway sending update to database
12:25:03 Gateway/motion 1
Gateway sending update to database
12:25:03 Gateway/motion 1
Gateway sending update to database
12:25:03 Gateway/motion 1
Gateway sending update to database
12:25:03 Gateway/motion 1
Gateway sending update to database
12:25:03 Gateway/motion 1
Gateway sending update to database
12:25:03 Gateway/motion 1
Gateway sending update to database
12:25:03 Gateway/motion 1
Gateway sending update to database
12:25:03 Gateway/motion 1
Gateway sending update to database
12:25:03 Gateway/motion 1
Gateway sending update to database
12:25:03 Gateway/motion 1
Gateway sending update to database
12:25:03 Gateway/motion 1
Gateway sending update to database
12:25:03 Gateway/motion 1
Gateway sending update to database
12:25:03 Gateway/motion 1
Gateway sending update to database
12:25:03 Gateway/motion 1
Gateway sending update to database
12:25:03 Gateway/motion 1
Gateway sending update to database
12:25:03 Gateway/motion 1
Gateway sending update to database
12:25:03 Gateway/motion 1
Gateway sending update to database
12:25:03 Gateway/motion 1
Gateway sending update to database
12:25:03 Gateway/motion 1
Gateway sending update to database
12:25:03 Gateway/motion 1
Gateway sending update to database
12:25:03 Gateway/motion 1
Gateway sending update to database
12:25:03 Gateway/motion 1
Gateway sending update to database
12:25:03 Gateway/motion 1
Gateway sending update to database
12:25:03 Gateway/motion 1
Gateway sending update to database
12:25:03 Gateway/motion 1
Gateway sending update to database
12:25:03 Gateway/motion 1
Gateway sending update to database
12:25:03 Gateway/motion 1
Gateway sending update to database
12:25:03 Gateway/motion 1
Gateway sending update to database
12:25:03 Gateway/motion 1
Gateway sending update to database
12:25:03 Gateway/motion 1
Gateway sending update to database
12:25:03 Gateway/motion 1
Gateway sending update to database
12:25:03 Gateway/motion 1
Gateway sending update to database
12:25:03 Gateway/motion 1
Gateway sending update to database
12:25:03 Gateway/motion 1
Gateway sending update to database
12:25:03 Gateway/motion 1
Gateway sending update to database
12:25:03 Gateway/motion 1
Gateway sending update to database
12:25:03 Gateway/motion 1
Gateway sending update to database
12:25:03 Gateway/motion 1
Gateway sending update to database
12:25:03 Gateway/motion 1
Gateway sending update to database
12:25:03 Gateway/motion 1
Gateway sending update to database
12:25:03 Gateway/motion 1
Gateway sending update to database
12:25:03 Gateway/motion 1
Gateway sending update to database
12:25:03 Gateway/motion 1
Gateway sending update to database
12:25:03 Gateway/motion 1
Gateway sending update to database
12:25:03 Gateway/motion 1
Gateway sending update to database
12:25:03 Gateway/motion 1
Gateway sending update to database
12:25:03 Gateway/motion 1
Gateway sending update to database
12:25:03 Gateway/motion 1
Gateway sending update to database
12:25:03 Gateway/motion 1
Gateway sending update to database
12:25:03 Gateway/motion 1
Gateway sending update to database
12:25:03 Gateway/motion 1
Gateway sending update to database
12:25:03 Gateway/motion 1
Gateway sending update to database
12:25:03 Gateway/motion 1
Gateway sending update to database
12:25:03 Gateway/motion 1
Gateway sending update to database
12:25:03 Gateway/motion 1
Gateway sending update to database
12:25:03 Gateway/motion 1
Gateway sending update to database
12:25:03 Gateway/motion 1
Gateway sending update to database
12:25:03 Gateway/motion 1
Gateway sending update to database
12:25:03 Gateway/motion 1
Gateway sending update to database
12:25:03 Gateway/motion 1
Gateway sending update to database
12:25:03 Gateway/motion 1
Gateway sending update to database
12:25:03 Gateway/motion 1
Gateway sending update to database
12:25:03 Gateway/motion 1
Gateway sending update to database
12:25:03 Gateway/motion 1
Gateway sending update to database
12:25:03 Gateway/motion 1
Gateway sending update to database
12:25:03 Gateway/motion 1
Gateway sending update to database
12:25:03 Gateway/motion 1
Gateway sending update to database
12:25:03 Gateway/motion 1
Gateway sending update to database
12:25:03 Gateway/motion 1
Gateway sending update to database
12:25:03 Gateway/motion 1
Gateway sending update to database
12:25:03 Gateway/motion 1
Gateway sending update to database
12:25:03 Gateway/motion 1
Gateway sending update to database
12:25:03 Gateway/motion 1
Gateway sending update to database
12:25:03 Gateway/motion 1
Gateway sending update to database
12:25:03 Gateway/motion 1
Gateway sending update to database
12:25:03 Gateway/motion 1
Gateway sending update to database
12:25:03 Gateway/motion 1
Gateway sending update to database
12:25:03 Gateway/motion 1
Gateway sending update to database
12:25:03 Gateway/motion 1
Gateway sending update to database
12:25:03 Gateway/motion 1
Gateway sending update to database
12:25:03 Gateway/motion 1
Gateway sending update to database
12:25:03 Gateway/motion 1
Gateway sending update to database
12:25:03 Gateway/motion 1
Gateway sending update to database
12:25:03 Gateway/motion 1
Gateway sending update to database
12:25:03 Gateway/motion 1
Gateway sending update to database
12:25:03 Gateway/motion 1
Gateway sending update to database
12:25:03 Gateway/motion 1
Gateway sending update to database
12:25:03 Gateway/motion 1
Gateway sending update to database
12:25:03 Gateway/motion 1
Gateway sending update to database
12:25:03 Gateway/motion 1
Gateway sending update to database
12:25:03 Gateway/motion 1
Gateway sending update to database
12:25:03 Gateway/motion 1
Gateway sending update to database
12:25:03 Gateway/motion 1
Gateway sending update to database
12:25:03 Gateway/motion 1
Gateway sending update to database
12:25:03 Gateway/motion 1
Gateway sending update to database
12:25:03 Gateway/motion 1
Gateway sending update to database
12:25:03 Gateway/motion 1
Gateway sending update to database
12:25:03 Gateway/motion 1
Gateway sending update to database
12:25:03 Gateway/motion 1
Gateway sending update to database
12:25:03 Gateway/motion 1
Gateway sending update to database
12:25:03 Gateway/motion 1
Gateway sending update to database
12:25:03 Gateway/motion 1
Gateway sending update to database
12:25:03 Gateway/motion 1
Gateway sending update to database
12:25:03 Gateway/motion 1
Gateway sending update to database
12:25:03 Gateway/motion 1
Gateway sending update to database
12:25:03 Gateway/motion 1
Gateway sending update to database
12:25:03 Gateway/motion 1
Gateway sending update to database
12:25:03 Gateway/motion 1
Gateway sending update to database
12:25:03 Gateway/motion 1
Gateway sending update to database
12:25:03 Gateway/motion 1
Gateway sending update to database
12:25:03 Gateway/motion 1
Gateway sending update to database
12:25:03 Gateway/motion 1
Gateway sending update to database
12:25:03 Gateway/motion 1
Gateway sending update to database
12:25:03 Gateway/motion 1
Gateway sending update to database
12:25:03 Gateway/motion 1
Gateway sending update to database
12:25:03 Gateway/motion 1
Gateway sending update to database
12:25:03 Gateway/motion 1
Gateway sending update to database
12:25:03 Gateway/motion 1
Gateway sending update to database
12:25:03 Gateway/motion 1
Gateway sending update to database
12:25:03 Gateway/motion 1
Gateway sending update to database
12:25:03 Gateway/motion 1
Gateway sending update to database
12:25:03 Gateway/motion 1
Gateway sending update to database
12:25:03 Gateway/motion 1
Gateway sending update to database
12:25:03 Gateway/motion 1
Gateway sending update to database
12:25:03 Gateway/motion 1
Gateway sending update to database
12:25:03 Gateway/motion 1
Gateway sending update to database
12:25:03 Gateway/motion 1
Gateway sending update to database
12:25:03 Gateway/motion 1
Gateway sending update to database
12:25:03 Gateway/motion 1
Gateway sending update to database
12:25:03 Gateway/motion 1
Gateway sending update to database
12:25:03 Gateway/motion 1
Gateway sending update to database
12:25:03 Gateway/motion 1
Gateway sending update to database
12:25:03 Gateway/motion 1
Gateway sending update to database
12:25:03 Gateway/motion 1
Gateway sending update to database
12:25:03 Gateway/motion 1
Gateway sending update to database
12:25:03 Gateway/motion 1
Gateway sending update to database
12:25:03 Gateway/motion 1
Gateway sending update to database
12:25:03 Gateway/motion 1
Gateway sending update to database
12:25:03 Gateway/motion 1
Gateway sending update to database
12:25:03 Gateway/motion 1
Gateway sending update to database
12:25:03 Gateway/motion 1
Gateway sending update to database
12:25:03 Gateway/motion 1
Gateway sending update to database
12:25:03 Gateway/motion 1
Gateway sending update to database
12:25:03 Gateway/motion 1
Gateway sending update to database
12:25:03 Gateway/motion 1
Gateway sending update to database
12:25:03 Gateway/motion 1
Gateway sending update to database
12:25:03 Gateway/motion 1
Gateway sending update to database
12:25:03 Gateway/motion 1
Gateway sending update to database
12:25:03 Gateway/motion 1
Gateway sending update to database
12:25:03 Gateway/motion 1
Gateway sending update to database
12:25:03 Gateway/motion 1
Gateway sending update to database
12:25:03 Gateway/motion 1
Gateway sending update to database
12:25:03 Gateway/motion 1
Gateway sending update to database
12:25:03 Gateway/motion 1
Gateway sending update to database
12:25:03 Gateway/motion 1
Gateway sending update to database
12:25:03 Gateway/motion 1
Gateway sending update to database
12:25:03 Gateway/motion 1
Gateway sending update to database
12:25:03 Gateway/motion 1
Gateway sending update to database
12:25:03 Gateway/motion 1
Gateway sending update to database
12:25:03 Gateway/motion 1
Gateway sending update to database
12:25:03 Gateway/motion 1
Gateway sending update to database
12:25:03 Gateway/motion 1
Gateway sending update to database
12:25:03 Gateway/motion 1
Gateway sending update to database
12:25:03 Gateway/motion 1
Gateway sending update to database
12:25:03 Gateway/motion 1
Gateway sending update to database
12:25:03 Gateway/motion 1
Gateway sending update to database
12:25:03 Gateway/motion 1
Gateway sending update to database
12:25:03 Gateway/motion 1
Gateway sending update to database
12:25:03 Gateway/motion 1
Gateway sending update to database
12:25:03 Gateway/motion 1
Gateway sending update to database
12:25:03 Gateway/motion 1
Gateway sending update to database
12:25:03 Gateway/motion 1
Gateway sending update to database
12:25:03 Gateway/motion 1
Gateway sending update to database
12:25:03 Gateway/motion 1
Gateway sending update to database
12:25:03 Gateway/motion 1
Gateway sending update to database
12:25:03 Gateway/motion 1
Gateway sending update to database
12:25:03 Gateway/motion 1
Gateway sending update to database
12:25:03 Gateway/motion 1
Gateway sending update to database
12:25:03 Gateway/motion 1
Gateway sending update to database
12:25:03 Gateway/motion 1
Gateway sending update to database
12:25:03 Gateway/motion 1
Gateway sending update to database
12:25:03 Gateway/motion 1
Gateway sending update to database
12:25:03 Gateway/motion 1
Gateway sending update to database
12:25:03 Gateway/motion 1
Gateway sending update to database
12:25:03 Gateway/motion 1
Gateway sending update to database
12:25:03 Gateway/motion 1
Gateway sending update to database
12:25:03 Gateway/motion 1
Gateway sending update to database
12:25:03 Gateway/motion 1
Gateway sending update to database
12:25:03 Gateway/motion 1
Gateway sending update to database
12:25:03 Gateway/motion 1
Gateway sending update to database
12:25:03 Gateway/motion 1
Gateway sending update to database
12:25:03 Gateway/motion 1
Gateway sending update to database
12:25:03 Gateway/motion 1
Gateway sending update to database
12:25:04 Gateway/motion 1
Gateway sending update to database
12:25:04 Gateway/motion 1
Gateway sending update to database
12:25:04 Gateway/motion 1
Gateway sending update to database
12:25:04 Gateway/motion 1
Gateway sending update to database
12:25:04 Gateway/motion 1
Gateway sending update to database
12:25:04 Gateway/motion 1
Gateway sending update to database
12:25:04 Gateway/motion 1
Gateway sending update to database
12:25:04 Gateway/motion 1
Gateway sending update to database
12:25:04 Gateway/motion 1
Gateway sending update to database
12:25:04 Gateway/motion 1
Gateway sending update to database
12:25:04 Gateway/motion 1
Gateway sending update to database
12:25:04 Gateway/motion 1
Gateway sending update to database
12:25:04 Gateway/motion 1
Gateway sending update to database
12:25:04 Gateway/motion 1
Gateway sending update to database
12:25:04 Gateway/motion 1
Gateway sending update to database
12:25:04 Gateway/motion 1
Gateway sending update to database
12:25:04 Gateway/motion 1
Gateway sending update to database
12:25:04 Gateway/motion 1
Gateway sending update to database
12:25:04 Gateway/motion 1
Gateway sending update to database
12:25:04 Gateway/motion 1
Gateway sending update to database
12:25:04 Gateway/motion 1
Gateway sending update to database
12:25:04 Gateway/motion 1
Gateway sending update to database
12:25:04 Gateway/motion 1
Gateway sending update to database
12:25:04 Gateway/motion 1
Gateway sending update to database
12:25:04 Gateway/motion 1
Gateway sending update to database
12:25:04 Gateway/motion 1
Gateway sending update to database
12:25:04 Gateway/motion 1
Gateway sending update to database
12:25:04 Gateway/motion 1
Gateway sending update to database
12:25:04 Gateway/motion 1
Gateway sending update to database
12:25:04 Gateway/motion 1
Gateway sending update to database
12:25:04 Gateway/motion 1
Gateway sending update to database
12:25:04 Gateway/motion 1
Gateway sending update to database
12:25:04 Gateway/motion 1
Gateway sending update to database
12:25:04 Gateway/motion 1
Gateway sending update to database
12:25:04 Gateway/motion 1
Gateway sending update to database
12:25:04 Gateway/motion 1
Gateway sending update to database
12:25:04 Gateway/motion 1
Gateway sending update to database
12:25:04 Gateway/motion 1
Gateway sending update to database
12:25:04 Gateway/motion 1
Gateway sending update to database
12:25:04 Gateway/motion 1
Gateway sending update to database
12:25:04 Gateway/motion 1
Gateway sending update to database
12:25:04 Gateway/motion 1
Gateway sending update to database
12:25:04 Gateway/motion 1
Gateway sending update to database
12:25:04 Gateway/motion 1
Gateway sending update to database
12:25:04 Gateway/motion 1
Gateway sending update to database
12:25:04 Gateway/motion 1
Gateway sending update to database
12:25:04 Gateway/motion 1
Gateway sending update to database
12:25:04 Gateway/motion 1
Gateway sending update to database
12:25:04 Gateway/motion 1
Gateway sending update to database
12:25:04 Gateway/motion 1
Gateway sending update to database
12:25:04 Gateway/motion 1
Gateway sending update to database
12:25:04 Gateway/motion 1
Gateway sending update to database
12:25:04 Gateway/motion 1
Gateway sending update to database
12:25:04 Gateway/motion 1
Gateway sending update to database
12:25:04 Gateway/motion 1
Gateway sending update to database
12:25:04 Gateway/motion 1
Gateway sending update to database
12:25:04 Gateway/motion 1
Gateway sending update to database
12:25:04 Gateway/motion 1
Gateway sending update to database
12:25:04 Gateway/motion 1
Gateway sending update to database
12:25:04 Gateway/motion 1
Gateway sending update to database
12:25:04 Gateway/motion 1
Gateway sending update to database
12:25:04 Gateway/motion 1
Gateway sending update to database
12:25:04 Gateway/motion 1
Gateway sending update to database
12:25:04 Gateway/motion 1
Gateway sending update to database
12:25:04 Gateway/motion 1
Gateway sending update to database
12:25:04 Gateway/motion 1
Gateway sending update to database
12:25:04 Gateway/motion 1
Gateway sending update to database
12:25:04 Gateway/motion 1
Gateway sending update to database
12:25:04 Gateway/motion 1
Gateway sending update to database
12:25:04 Gateway/motion 1
Gateway sending update to database
12:25:04 Gateway/motion 1
Gateway sending update to database
12:25:04 Gateway/motion 1
Gateway sending update to database
12:25:04 Gateway/motion 1
Gateway sending update to database
12:25:04 Gateway/motion 1
Gateway sending update to database
12:25:04 Gateway/motion 1
Gateway sending update to database
12:25:04 Gateway/motion 1
Gateway sending update to database
12:25:04 Gateway/motion 1
Gateway sending update to database
12:25:04 Gateway/motion 1
Gateway sending update to database
12:25:04 Gateway/motion 1
Gateway sending update to database
12:25:04 Gateway/motion 1
Gateway sending update to database
12:25:04 Gateway/motion 1
Gateway sending update to database
12:25:04 Gateway/motion 1
Gateway sending update to database
12:25:04 Gateway/motion 1
Gateway sending update to database
12:25:04 Gateway/motion 1
Gateway sending update to database
12:25:04 Gateway/motion 1
Gateway sending update to database
12:25:04 Gateway/motion 1
Gateway sending update to database
12:25:04 Gateway/motion 1
Gateway sending update to database
12:25:04 Gateway/motion 1
Gateway sending update to database
12:25:04 Gateway/motion 1
Gateway sending update to database
12:25:04 Gateway/motion 1
Gateway sending update to database
12:25:04 Gateway/motion 1
Gateway sending update to database
12:25:04 Gateway/motion 1
Gateway sending update to database
12:25:04 Gateway/motion 1
Gateway sending update to database
12:25:04 Gateway/motion 1
Gateway sending update to database
12:25:04 Gateway/motion 1
Gateway sending update to database
12:25:04 Gateway/motion 1
Gateway sending update to database
12:25:04 Gateway/motion 1
Gateway sending update to database
12:25:04 Gateway/motion 1
Gateway sending update to database
12:25:04 Gateway/motion 1
Gateway sending update to database
12:25:04 Gateway/motion 1
Gateway sending update to database
12:25:04 Gateway/motion 1
Gateway sending update to database
12:25:04 Gateway/motion 1
Gateway sending update to database
12:25:04 Gateway/motion 1
Gateway sending update to database
12:25:04 Gateway/motion 1
Gateway sending update to database
12:25:04 Gateway/motion 1
Gateway sending update to database
12:25:04 Gateway/motion 1
Gateway sending update to database
12:25:04 Gateway/motion 1
Gateway sending update to database
12:25:04 Gateway/motion 1
Gateway sending update to database
12:25:04 Gateway/motion 1
Gateway sending update to database
12:25:04 Gateway/motion 1
Gateway sending update to database
12:25:04 Gateway/motion 1
Gateway sending update to database
12:25:04 Gateway/motion 1
Gateway sending update to database
12:25:04 Gateway/motion 1
Gateway sending update to database
12:25:04 Gateway/motion 1
Gateway sending update to database
12:25:04 Gateway/motion 1
Gateway sending update to database
12:25:04 Gateway/motion 1
Gateway sending update to database
12:25:04 Gateway/motion 1
Gateway sending update to database
12:25:04 Gateway/motion 1
Gateway sending update to database
12:25:04 Gateway/motion 1
Gateway sending update to database
12:25:04 Gateway/motion 1
Gateway sending update to database
12:25:04 Gateway/motion 1
Gateway sending update to database
12:25:04 Gateway/motion 1
Gateway sending update to database
12:25:04 Gateway/motion 1
Gateway sending update to database
12:25:04 Gateway/motion 1
Gateway sending update to database
12:25:04 Gateway/motion 1
Gateway sending update to database
12:25:04 Gateway/motion 1
Gateway sending update to database
12:25:04 Gateway/motion 1
Gateway sending update to database
12:25:04 Gateway/motion 1
Gateway sending update to database
12:25:04 Gateway/motion 1
Gateway sending update to database
12:25:04 Gateway/motion 1
Gateway sending update to database
12:25:04 Gateway/motion 1
Gateway sending update to database
12:25:04 Gateway/motion 1
Gateway sending update to database
12:25:04 Gateway/motion 1
Gateway sending update to database
12:25:04 Gateway/motion 1
Gateway sending update to database
12:25:04 Gateway/motion 1
Gateway sending update to database
12:25:04 Gateway/motion 1
Gateway sending update to database
12:25:04 Gateway/motion 1
Gateway sending update to database
12:25:04 Gateway/motion 1
Gateway sending update to database
12:25:04 Gateway/motion 1
Gateway sending update to database
12:25:04 Gateway/motion 1
Gateway sending update to database
12:25:04 Gateway/motion 1
Gateway sending update to database
12:25:04 Gateway/motion 1
Gateway sending update to database
12:25:04 Gateway/motion 1
Gateway sending update to database
12:25:04 Gateway/motion 1
Gateway sending update to database
12:25:04 Gateway/motion 1
Gateway sending update to database
12:25:04 Gateway/motion 1
Gateway sending update to database
12:25:04 Gateway/motion 1
Gateway sending update to database
12:25:04 Gateway/motion 1
Gateway sending update to database
12:25:04 Gateway/motion 1
Gateway sending update to database
12:25:04 Gateway/motion 1
Gateway sending update to database
12:25:04 Gateway/motion 1
Gateway sending update to database
12:25:04 Gateway/motion 1
Gateway sending update to database
12:25:04 Gateway/motion 1
Gateway sending update to database
12:25:04 Gateway/motion 1
Gateway sending update to database
12:25:04 Gateway/motion 1
Gateway sending update to database
12:25:04 Gateway/motion 1
Gateway sending update to database
12:25:04 Gateway/motion 1
Gateway sending update to database
12:25:04 Gateway/motion 1
Gateway sending update to database
12:25:04 Gateway/motion 1
Gateway sending update to database
12:25:04 Gateway/motion 1
Gateway sending update to database
12:25:04 Gateway/motion 1
Gateway sending update to database
12:25:04 Gateway/motion 1
Gateway sending update to database
12:25:04 Gateway/motion 1
Gateway sending update to database
12:25:04 Gateway/motion 1
Gateway sending update to database
12:25:04 Gateway/motion 1
Gateway sending update to database
12:25:04 Gateway/motion 1
Gateway sending update to database
12:25:04 Gateway/motion 1
Gateway sending update to database
12:25:04 Gateway/motion 1
Gateway sending update to database
12:25:04 Gateway/motion 1
Gateway sending update to database
12:25:04 Gateway/motion 1
Gateway sending update to database
12:25:04 Gateway/motion 1
Gateway sending update to database
12:25:04 Gateway/motion 1
Gateway sending update to database
12:25:04 Gateway/motion 1
Gateway sending update to database
12:25:04 Gateway/motion 1
Gateway sending update to database
12:25:04 Gateway/motion 1
Gateway sending update to database
12:25:04 Gateway/motion 1
Gateway sending update to database
12:25:04 Gateway/motion 1
Gateway sending update to database
12:25:04 Gateway/motion 1
Gateway sending update to database
12:25:04 Gateway/motion 1
Gateway sending update to database
12:25:04 Gateway/motion 1
Gateway sending update to database
12:25:04 Gateway/motion 1
Gateway sending update to database
12:25:04 Gateway/motion 1
Gateway sending update to database
12:25:04 Gateway/motion 1
Gateway sending update to database
12:25:04 Gateway/motion 1
Gateway sending update to database
12:25:04 Gateway/motion 1
Gateway sending update to database
12:25:04 Gateway/motion 1
Gateway sending update to database
12:25:04 Gateway/motion 1
Gateway sending update to database
12:25:04 Gateway/motion 1
Gateway sending update to database
12:25:04 Gateway/motion 1
Gateway sending update to database
12:25:04 Gateway/motion 1
Gateway sending update to database
12:25:04 Gateway/motion 1
Gateway sending update to database
12:25:04 Gateway/motion 1
Gateway sending update to database
12:25:04 Gateway/motion 1
Gateway sending update to database
12:25:04 Gateway/motion 1
Gateway sending update to database
12:25:04 Gateway/motion 1
Gateway sending update to database
12:25:04 Gateway/motion 1
Gateway sending update to database
12:25:04 Gateway/motion 1
Gateway sending update to database
12:25:04 Gateway/motion 1
Gateway sending update to database
12:25:04 Gateway/motion 1
Gateway sending update to database
12:25:04 Gateway/motion 1
Gateway sending update to database
12:25:04 Gateway/motion 1
Gateway sending update to database
12:25:04 Gateway/motion 1
Gateway sending update to database
12:25:04 Gateway/motion 1
Gateway sending update to database
12:25:04 Gateway/motion 1
Gateway sending update to database
12:25:04 Gateway/motion 1
Gateway sending update to database
12:25:04 Gateway/motion 1
Gateway sending update to database
12:25:04 Gateway/motion 1
Gateway sending update to database
12:25:04 Gateway/motion 1
Gateway sending update to database
12:25:04 Gateway/motion 1
Gateway sending update to database
12:25:04 Gateway/motion 1
Gateway sending update to database
12:25:04 Gateway/motion 1
Gateway sending update to database
12:25:04 Gateway/motion 1
Gateway sending update to database
12:25:04 Gateway/motion 1
Gateway sending update to database
12:25:04 Gateway/motion 1
Gateway sending update to database
12:25:04 Gateway/motion 1
Gateway sending update to database
12:25:04 Gateway/motion 1
Gateway sending update to database
12:25:04 Gateway/motion 1
Gateway sending update to database
12:25:04 Gateway/motion 1
Gateway sending update to database
12:25:04 Gateway/motion 1
Gateway sending update to database
12:25:04 Gateway/motion 1
Gateway sending update to database
12:25:04 Gateway/motion 1
Gateway sending update to database
12:25:04 Gateway/motion 1
Gateway sending update to database
12:25:04 Gateway/motion 1
Gateway sending update to database
12:25:04 Gateway/motion 1
Gateway sending update to database
12:25:04 Gateway/motion 1
Gateway sending update to database
12:25:04 Gateway/motion 1
Gateway sending update to database
12:25:04 Gateway/motion 1
Gateway sending update to database
12:25:04 Gateway/motion 1
Gateway sending update to database
12:25:04 Gateway/motion 1
Gateway sending update to database
12:25:04 Gateway/motion 1
Gateway sending update to database
12:25:04 Gateway/motion 1
Gateway sending update to database
12:25:04 Gateway/motion 1
Gateway sending update to database
12:25:04 Gateway/motion 1
Gateway sending update to database
12:25:04 Gateway/motion 1
Gateway sending update to database
12:25:04 Gateway/motion 1
Gateway sending update to database
12:25:04 Gateway/motion 1
Gateway sending update to database
12:25:04 Gateway/motion 1
Gateway sending update to database
12:25:04 Gateway/motion 1
Gateway sending update to database
12:25:04 Gateway/motion 1
Gateway sending update to database
12:25:04 Gateway/motion 1
Gateway sending update to database
12:25:04 Gateway/motion 1
Gateway sending update to database
12:25:04 Gateway/motion 1
Gateway sending update to database
12:25:04 Gateway/motion 1
Gateway sending update to database
12:25:04 Gateway/motion 1
Gateway sending update to database
12:25:04 Gateway/motion 1
Gateway sending update to database
12:25:04 Gateway/motion 1
Gateway sending update to database
12:25:04 Gateway/motion 1
Gateway sending update to database
12:25:04 Gateway/motion 1
Gateway sending update to database
12:25:04 Gateway/motion 1
Gateway sending update to database
12:25:04 Gateway/motion 1
Gateway sending update to database
12:25:04 Gateway/motion 1
Gateway sending update to database
12:25:04 Gateway/motion 1
Gateway sending update to database
12:25:04 Gateway/motion 1
Gateway sending update to database
12:25:04 Gateway/motion 1
Gateway sending update to database
12:25:04 Gateway/motion 1
Gateway sending update to database
12:25:04 Gateway/motion 1
Gateway sending update to database
12:25:04 Gateway/motion 1
Gateway sending update to database
12:25:04 Gateway/motion 1
Gateway sending update to database
12:25:04 Gateway/motion 1
Gateway sending update to database
12:25:04 Gateway/motion 1
Gateway sending update to database
12:25:04 Gateway/motion 1
Gateway sending update to database
12:25:04 Gateway/motion 1
Gateway sending update to database
12:25:04 Gateway/motion 1
Gateway sending update to database
12:25:04 Gateway/motion 1
Gateway sending update to database
12:25:04 Gateway/motion 1
Gateway sending update to database
12:25:04 Gateway/motion 1
Gateway sending update to database
12:25:04 Gateway/motion 1
Gateway sending update to database
12:25:04 Gateway/motion 1
Gateway sending update to database
12:25:04 Gateway/motion 1
Gateway sending update to database
12:25:04 Gateway/motion 1
Gateway sending update to database
12:25:04 Gateway/motion 1
Gateway sending update to database
12:25:04 Gateway/motion 1
Gateway sending update to database
12:25:04 Gateway/motion 1
Gateway sending update to database
12:25:04 Gateway/motion 1
Gateway sending update to database
12:25:04 Gateway/motion 1
Gateway sending update to database
12:25:04 Gateway/motion 1
Gateway sending update to database
12:25:04 Gateway/motion 1
Gateway sending update to database
12:25:04 Gateway/motion 1
Gateway sending update to database
12:25:04 Gateway/motion 1
Gateway sending update to database
12:25:04 Gateway/motion 1
Gateway sending update to database
12:25:04 Gateway/motion 1
Gateway sending update to database
12:25:04 Gateway/motion 1
Gateway sending update to database
12:25:04 Gateway/motion 1
Gateway sending update to database
12:25:04 Gateway/motion 1
Gateway sending update to database
12:25:04 Gateway/motion 1
Gateway sending update to database
12:25:04 Gateway/motion 1
Gateway sending update to database
12:25:04 Gateway/motion 1
Gateway sending update to database
12:25:04 Gateway/motion 1
Gateway sending update to database
12:25:04 Gateway/motion 1
Gateway sending update to database
12:25:04 Gateway/motion 1
Gateway sending update to database
12:25:04 Gateway/motion 1
Gateway sending update to database
12:25:04 Gateway/motion 1
Gateway sending update to database
12:25:04 Gateway/motion 1
Gateway sending update to database
12:25:04 Gateway/motion 1
Gateway sending update to database
12:25:04 Gateway/motion 1
Gateway sending update to database
12:25:04 Gateway/motion 1
Gateway sending update to database
12:25:04 Gateway/motion 1
Gateway sending update to database
12:25:04 Gateway/motion 1
Gateway sending update to database
12:25:04 Gateway/motion 1
Gateway sending update to database
12:25:04 Gateway/motion 1
Gateway sending update to database
12:25:04 Gateway/motion 1
Gateway sending update to database
12:25:04 Gateway/motion 1
Gateway sending update to database
12:25:04 Gateway/motion 1
Gateway sending update to database
12:25:04 Gateway/motion 1
Gateway sending update to database
12:25:04 Gateway/motion 1
Gateway sending update to database
12:25:04 Gateway/motion 1
Gateway sending update to database
12:25:04 Gateway/motion 1
Gateway sending update to database
12:25:04 Gateway/motion 1
Gateway sending update to database
12:25:04 Gateway/motion 1
Gateway sending update to database
12:25:04 Gateway/motion 1
Gateway sending update to database
12:25:04 Gateway/motion 1
Gateway sending update to database
12:25:04 Gateway/motion 1
Gateway sending update to database
12:25:04 Gateway/motion 1
Gateway sending update to database
12:25:04 Gateway/motion 1
Gateway sending update to database
12:25:04 Gateway/motion 1
Gateway sending update to database
12:25:04 Gateway/motion 1
Gateway sending update to database
12:25:05 Gateway/motion 1
Gateway sending update to database
12:25:05 Gateway/motion 1
Gateway sending update to database
12:25:05 Gateway/motion 1
Gateway sending update to database
12:25:05 Gateway/motion 1
Gateway sending update to database
12:25:05 Gateway/motion 1
Gateway sending update to database
12:25:05 Gateway/motion 1
Gateway sending update to database
12:25:05 Gateway/motion 1
Gateway sending update to database
12:25:05 Gateway/motion 1
Gateway sending update to database
12:25:05 Gateway/motion 1
Gateway sending update to database
12:25:05 Gateway/motion 1
Gateway sending update to database
12:25:05 Gateway/motion 1
Gateway sending update to database
12:25:05 Gateway/motion 1
Gateway sending update to database
12:25:05 Gateway/motion 1
Gateway sending update to database
12:25:05 Gateway/motion 1
Gateway sending update to database
12:25:05 Gateway/motion 1
Gateway sending update to database
12:25:05 Gateway/motion 1
Gateway sending update to database
12:25:05 Gateway/motion 1
Gateway sending update to database
12:25:05 Gateway/motion 1
Gateway sending update to database
12:25:05 Gateway/motion 1
Gateway sending update to database
12:25:05 Gateway/motion 1
Gateway sending update to database
12:25:05 Gateway/motion 1
Gateway sending update to database
12:25:05 Gateway/motion 1
Gateway sending update to database
12:25:05 Gateway/motion 1
Gateway sending update to database
12:25:05 Gateway/motion 1
Gateway sending update to database
12:25:05 Gateway/motion 1
Gateway sending update to database
12:25:05 Gateway/motion 1
Gateway sending update to database
12:25:05 Gateway/motion 1
Gateway sending update to database
12:25:05 Gateway/motion 1
Gateway sending update to database
12:25:05 Gateway/motion 1
Gateway sending update to database
12:25:05 Gateway/motion 1
Gateway sending update to database
12:25:05 Gateway/motion 1
Gateway sending update to database
12:25:05 Gateway/motion 1
Gateway sending update to database
12:25:05 Gateway/motion 1
Gateway sending update to database
12:25:05 Gateway/motion 1
Gateway sending update to database
12:25:05 Gateway/motion 1
Gateway sending update to database
12:25:05 Gateway/motion 1
Gateway sending update to database
12:25:05 Gateway/motion 1
Gateway sending update to database
12:25:05 Gateway/motion 1
Gateway sending update to database
12:25:05 Gateway/motion 1
Gateway sending update to database
12:25:05 Gateway/motion 1
Gateway sending update to database
12:25:05 Gateway/motion 1
Gateway sending update to database
12:25:05 Gateway/motion 1
Gateway sending update to database
12:25:05 Gateway/motion 1
Gateway sending update to database
12:25:05 Gateway/motion 1
Gateway sending update to database
12:25:05 Gateway/motion 1
Gateway sending update to database
12:25:05 Gateway/motion 1
Gateway sending update to database
12:25:05 Gateway/motion 1
Gateway sending update to database
12:25:05 Gateway/motion 1
Gateway sending update to database
12:25:05 Gateway/motion 1
Gateway sending update to database
12:25:05 Gateway/motion 1
Gateway sending update to database
12:25:05 Gateway/motion 1
Gateway sending update to database
12:25:05 Gateway/motion 1
Gateway sending update to database
12:25:05 Gateway/motion 1
Gateway sending update to database
12:25:05 Gateway/motion 1
Gateway sending update to database
12:25:05 Gateway/motion 1
Gateway sending update to database
12:25:05 Gateway/motion 1
Gateway sending update to database
12:25:05 Gateway/motion 1
Gateway sending update to database
12:25:05 Gateway/motion 1
Gateway sending update to database
12:25:05 Gateway/motion 1
Gateway sending update to database
12:25:05 Gateway/motion 1
Gateway sending update to database
12:25:05 Gateway/motion 1
Gateway sending update to database
12:25:05 Gateway/motion 1
Gateway sending update to database
12:25:05 Gateway/motion 1
Gateway sending update to database
12:25:05 Gateway/motion 1
Gateway sending update to database
12:25:05 Gateway/motion 1
Gateway sending update to database
12:25:05 Gateway/motion 1
Gateway sending update to database
12:25:05 Gateway/motion 1
Gateway sending update to database
12:25:05 Gateway/motion 1
Gateway sending update to database
12:25:05 Gateway/motion 1
Gateway sending update to database
12:25:05 Gateway/motion 1
Gateway sending update to database
12:25:05 Gateway/motion 1
Gateway sending update to database
12:25:05 Gateway/motion 1
Gateway sending update to database
12:25:05 Gateway/motion 1
Gateway sending update to database
12:25:05 Gateway/motion 1
Gateway sending update to database
12:25:05 Gateway/motion 1
Gateway sending update to database
12:25:05 Gateway/motion 1
Gateway sending update to database
12:25:05 Gateway/motion 1
Gateway sending update to database
12:25:05 Gateway/motion 1
Gateway sending update to database
12:25:05 Gateway/motion 1
Gateway sending update to database
12:25:05 Gateway/motion 1
Gateway sending update to database
12:25:05 Gateway/motion 1
Gateway sending update to database
12:25:05 Gateway/motion 1
Gateway sending update to database
12:25:05 Gateway/motion 1
Gateway sending update to database
12:25:05 Gateway/motion 1
Gateway sending update to database
12:25:05 Gateway/motion 1
Gateway sending update to database
12:25:05 Gateway/motion 1
Gateway sending update to database
12:25:05 Gateway/motion 1
Gateway sending update to database
12:25:05 Gateway/motion 1
Gateway sending update to database
12:25:05 Gateway/motion 1
Gateway sending update to database
12:25:05 Gateway/motion 1
Gateway sending update to database
12:25:05 Gateway/motion 1
Gateway sending update to database
12:25:05 Gateway/motion 1
Gateway sending update to database
12:25:05 Gateway/motion 1
Gateway sending update to database
12:25:05 Gateway/motion 1
Gateway sending update to database
12:25:05 Gateway/motion 1
Gateway sending update to database
12:25:05 Gateway/motion 1
Gateway sending update to database
12:25:05 Gateway/motion 1
Gateway sending update to database
12:25:05 Gateway/motion 1
Gateway sending update to database
12:25:05 Gateway/motion 1
Gateway sending update to database
12:25:05 Gateway/motion 1
Gateway sending update to database
12:25:05 Gateway/motion 1
Gateway sending update to database
12:25:05 Gateway/motion 1
Gateway sending update to database
12:25:05 Gateway/motion 1
Gateway sending update to database
12:25:05 Gateway/motion 1
Gateway sending update to database
12:25:05 Gateway/motion 1
Gateway sending update to database
12:25:05 Gateway/motion 1
Gateway sending update to database
12:25:05 Gateway/motion 1
Gateway sending update to database
12:25:05 Gateway/motion 1
Gateway sending update to database
12:25:05 Gateway/motion 1
Gateway sending update to database
12:25:05 Gateway/motion 1
Gateway sending update to database
12:25:05 Gateway/motion 1
Gateway sending update to database
12:25:05 Gateway/motion 1
Gateway sending update to database
12:25:05 Gateway/motion 1
Gateway sending update to database
12:25:05 Gateway/motion 1
Gateway sending update to database
12:25:05 Gateway/motion 1
Gateway sending update to database
12:25:05 Gateway/motion 1
Gateway sending update to database
12:25:05 Gateway/motion 1
Gateway sending update to database
12:25:05 Gateway/motion 1
Gateway sending update to database
12:25:05 Gateway/motion 1
Gateway sending update to database
12:25:05 Gateway/motion 1
Gateway sending update to database
12:25:05 Gateway/motion 1
Gateway sending update to database
12:25:05 Gateway/motion 1
Gateway sending update to database
12:25:05 Gateway/motion 1
Gateway sending update to database
12:25:05 Gateway/motion 1
Gateway sending update to database
12:25:05 Gateway/motion 1
Gateway sending update to database
12:25:05 Gateway/motion 1
Gateway sending update to database
12:25:05 Gateway/motion 1
Gateway sending update to database
12:25:05 Gateway/motion 1
Gateway sending update to database
12:25:05 Gateway/motion 1
Gateway sending update to database
12:25:05 Gateway/motion 1
Gateway sending update to database
12:25:05 Gateway/motion 1
Gateway sending update to database
12:25:05 Gateway/motion 1
Gateway sending update to database
12:25:05 Gateway/motion 1
Gateway sending update to database
12:25:05 Gateway/motion 1
Gateway sending update to database
12:25:05 Gateway/motion 1
Gateway sending update to database
12:25:05 Gateway/motion 1
Gateway sending update to database
12:25:05 Gateway/motion 1
Gateway sending update to database
12:25:05 Gateway/motion 1
Gateway sending update to database
12:25:05 Gateway/motion 1
Gateway sending update to database
12:25:05 Gateway/motion 1
Gateway sending update to database
12:25:05 Gateway/motion 1
Gateway sending update to database
12:25:05 Gateway/motion 1
Gateway sending update to database
12:25:05 Gateway/motion 1
Gateway sending update to database
12:25:05 Gateway/motion 1
Gateway sending update to database
12:25:05 Gateway/motion 1
Gateway sending update to database
12:25:05 Gateway/motion 1
Gateway sending update to database
12:25:05 Gateway/motion 1
Gateway sending update to database
12:25:05 Gateway/motion 1
Gateway sending update to database
12:25:05 Gateway/motion 1
Gateway sending update to database
12:25:05 Gateway/motion 1
Gateway sending update to database
12:25:05 Gateway/motion 1
Gateway sending update to database
12:25:05 Gateway/motion 1
Gateway sending update to database
12:25:05 Gateway/motion 1
Gateway sending update to database
12:25:05 Gateway/motion 1
Gateway sending update to database
12:25:05 Gateway/motion 1
Gateway sending update to database
12:25:05 Gateway/motion 1
Gateway sending update to database
12:25:05 Gateway/motion 1
Gateway sending update to database
12:25:05 Gateway/motion 1
Gateway sending update to database
12:25:05 Gateway/motion 1
Gateway sending update to database
12:25:05 Gateway/motion 1
Gateway sending update to database
12:25:05 Gateway/motion 1
Gateway sending update to database
12:25:05 Gateway/motion 1
Gateway sending update to database
12:25:05 Gateway/motion 1
Gateway sending update to database
12:25:05 Gateway/motion 1
Gateway sending update to database
12:25:05 Gateway/motion 1
Gateway sending update to database
12:25:05 Gateway/motion 1
Gateway sending update to database
12:25:05 Gateway/motion 1
Gateway sending update to database
12:25:05 Gateway/motion 1
Gateway sending update to database
12:25:05 Gateway/motion 1
Gateway sending update to database
12:25:05 Gateway/motion 1
Gateway sending update to database
12:25:05 Gateway/motion 1
Gateway sending update to database
12:25:05 Gateway/motion 1
Gateway sending update to database
12:25:05 Gateway/motion 1
Gateway sending update to database
12:25:05 Gateway/motion 1
Gateway sending update to database
12:25:05 Gateway/motion 1
Gateway sending update to database
12:25:05 Gateway/motion 1
Gateway sending update to database
12:25:05 Gateway/motion 1
Gateway sending update to database
12:25:05 Gateway/motion 1
Gateway sending update to database
12:25:05 Gateway/motion 1
Gateway sending update to database
12:25:05 Gateway/motion 1
Gateway sending update to database
12:25:05 Gateway/motion 1
Gateway sending update to database
12:25:05 Gateway/motion 1
Gateway sending update to database
12:25:05 Gateway/motion 1
Gateway sending update to database
12:25:05 Gateway/motion 1
Gateway sending update to database
12:25:05 Gateway/motion 1
Gateway sending update to database
12:25:05 Gateway/motion 1
Gateway sending update to database
12:25:05 Gateway/motion 1
Gateway sending update to database
12:25:05 Gateway/motion 1
Gateway sending update to database
12:25:05 Gateway/motion 1
Gateway sending update to database
12:25:05 Gateway/motion 1
Gateway sending update to database
12:25:05 Gateway/motion 1
Gateway sending update to database
12:25:05 Gateway/motion 1
Gateway sending update to database
12:25:05 Gateway/motion 1
Gateway sending update to database
12:25:05 Gateway/motion 1
Gateway sending update to database
12:25:05 Gateway/motion 1
Gateway sending update to database
12:25:05 Gateway/motion 1
Gateway sending update to database
12:25:05 Gateway/motion 1
Gateway sending update to database
12:25:05 Gateway/motion 1
Gateway sending update to database
12:25:05 Gateway/motion 1
Gateway sending update to database
12:25:05 Gateway/motion 1
Gateway sending update to database
12:25:05 Gateway/motion 1
Gateway sending update to database
12:25:05 Gateway/motion 1
Gateway sending update to database
12:25:05 Gateway/motion 1
Gateway sending update to database
12:25:05 Gateway/motion 1
Gateway sending update to database
12:25:05 Gateway/motion 1
Gateway sending update to database
12:25:05 Gateway/motion 1
Gateway sending update to database
12:25:05 Gateway/motion 1
Gateway sending update to database
12:25:05 Gateway/motion 1
Gateway sending update to database
12:25:05 Gateway/motion 1
Gateway sending update to database
12:25:05 Gateway/motion 1
Gateway sending update to database
12:25:05 Gateway/motion 1
Gateway sending update to database
12:25:05 Gateway/motion 1
Gateway sending update to database
12:25:05 Gateway/motion 1
Gateway sending update to database
12:25:05 Gateway/motion 1
Gateway sending update to database
12:25:05 Gateway/motion 1
Gateway sending update to database
12:25:05 Gateway/motion 1
Gateway sending update to database
12:25:05 Gateway/motion 1
Gateway sending update to database
12:25:05 Gateway/motion 1
Gateway sending update to database
12:25:05 Gateway/motion 1
Gateway sending update to database
12:25:05 Gateway/motion 1
Gateway sending update to database
12:25:05 Gateway/motion 1
Gateway sending update to database
12:25:05 Gateway/motion 1
Gateway sending update to database
12:25:05 Gateway/motion 1
Gateway sending update to database
12:25:05 Gateway/motion 1
Gateway sending update to database
12:25:05 Gateway/motion 1
Gateway sending update to database
12:25:05 Gateway/motion 1
Gateway sending update to database
12:25:05 Gateway/motion 1
Gateway sending update to database
12:25:05 Gateway/motion 1
Gateway sending update to database
12:25:05 Gateway/motion 1
Gateway sending update to database
12:25:05 Gateway/motion 1
Gateway sending update to database
12:25:05 Gateway/motion 1
Gateway sending update to database
12:25:05 Gateway/motion 1
Gateway sending update to database
12:25:05 Gateway/motion 1
Gateway sending update to database
12:25:05 Gateway/motion 1
Gateway sending update to database
12:25:05 Gateway/motion 1
Gateway sending update to database
12:25:05 Gateway/motion 1
Gateway sending update to database
12:25:05 Gateway/motion 1
Gateway sending update to database
12:25:05 Gateway/motion 1
Gateway sending update to database
12:25:05 Gateway/motion 1
Gateway sending update to database
12:25:05 Gateway/motion 1
Gateway sending update to database
12:25:05 Gateway/motion 1
Gateway sending update to database
12:25:05 Gateway/motion 1
Gateway sending update to database
12:25:05 Gateway/motion 1
Gateway sending update to database
12:25:05 Gateway/motion 1
Gateway sending update to database
12:25:05 Gateway/motion 1
Gateway sending update to database
12:25:05 Gateway/motion 1
Gateway sending update to database
12:25:05 Gateway/motion 1
Gateway sending update to database
12:25:05 Gateway/motion 1
Gateway sending update to database
12:25:05 Gateway/motion 1
Gateway sending update to database
12:25:05 Gateway/motion 1
Gateway sending update to database
12:25:05 Gateway/motion 1
Gateway sending update to database
12:25:05 Gateway/motion 1
Gateway sending update to database
12:25:05 Gateway/motion 1
Gateway sending update to database
12:25:05 Gateway/motion 1
Gateway sending update to database
12:25:05 Gateway/motion 1
Gateway sending update to database
12:25:05 Gateway/motion 1
Gateway sending update to database
12:25:05 Gateway/motion 1
Gateway sending update to database
12:25:05 Gateway/motion 1
Gateway sending update to database
12:25:05 Gateway/motion 1
Gateway sending update to database
12:25:05 Gateway/motion 1
Gateway sending update to database
12:25:05 Gateway/motion 1
Gateway sending update to database
12:25:05 Gateway/motion 1
Gateway sending update to database
12:25:05 Gateway/motion 1
Gateway sending update to database
12:25:05 Gateway/motion 1
Gateway sending update to database
12:25:05 Gateway/motion 1
Gateway sending update to database
12:25:05 Gateway/motion 1
Gateway sending update to database
12:25:05 Gateway/motion 1
Gateway sending update to database
12:25:05 Gateway/motion 1
Gateway sending update to database
12:25:05 Gateway/motion 1
Gateway sending update to database
12:25:05 Gateway/motion 1
Gateway sending update to database
12:25:05 Gateway/motion 1
Gateway sending update to database
12:25:05 Gateway/motion 1
Gateway sending update to database
12:25:05 Gateway/motion 1
Gateway sending update to database
12:25:05 Gateway/motion 1
Gateway sending update to database
12:25:05 Gateway/motion 1
Gateway sending update to database
12:25:05 Gateway/motion 1
Gateway sending update to database
12:25:05 Gateway/motion 1
Gateway sending update to database
12:25:05 Gateway/motion 1
Gateway sending update to database
12:25:05 Gateway/motion 1
Gateway sending update to database
12:25:05 Gateway/motion 1
Gateway sending update to database
12:25:05 Gateway/motion 1
Gateway sending update to database
12:25:05 Gateway/motion 1
Gateway sending update to database
12:25:05 Gateway/motion 1
Gateway sending update to database
12:25:05 Gateway/motion 1
Gateway sending update to database
12:25:05 Gateway/motion 1
Gateway sending update to database
12:25:05 Gateway/motion 1
Gateway sending update to database
12:25:05 Gateway/motion 1
Gateway sending update to database
12:25:05 Gateway/motion 1
Gateway sending update to database
12:25:05 Gateway/motion 1
Gateway sending update to database
12:25:05 Gateway/motion 1
Gateway sending update to database
12:25:05 Gateway/motion 1
Gateway sending update to database
12:25:05 Gateway/motion 1
Gateway sending update to database
12:25:05 Gateway/motion 1
Gateway sending update to database
12:25:05 Gateway/motion 1
Gateway sending update to database
12:25:05 Gateway/motion 1
Gateway sending update to database
12:25:05 Gateway/motion 1
Gateway sending update to database
12:25:05 Gateway/motion 1
Gateway sending update to database
12:25:05 Gateway/motion 1
Gateway sending update to database
12:25:05 Gateway/motion 1
Gateway sending update to database
12:25:05 Gateway/motion 1
Gateway sending update to database
12:25:05 Gateway/motion 1
Gateway sending update to database
12:25:05 Gateway/motion 1
Gateway sending update to database
12:25:05 Gateway/motion 1
Gateway sending update to database
12:25:05 Gateway/motion 1
Gateway sending update to database
12:25:05 Gateway/motion 1
Gateway sending update to database
12:25:05 Gateway/motion 1
Gateway sending update to database
12:25:05 Gateway/motion 1
Gateway sending update to database
12:25:05 Gateway/motion 1
Gateway sending update to database
12:25:05 Gateway/motion 1
Gateway sending update to database
12:25:05 Gateway/motion 1
Gateway sending update to database
12:25:05 Gateway/motion 1
Gateway sending update to database
12:25:05 Gateway/motion 1
Gateway sending update to database
12:25:05 Gateway/motion 1
Gateway sending update to database
12:25:05 Gateway/motion 1
Gateway sending update to database
12:25:05 Gateway/motion 1
Gateway sending update to database
12:25:05 Gateway/motion 1
Gateway sending update to database
12:25:05 Gateway/motion 1
Gateway sending update to database
12:25:06 Gateway/motion 1
Gateway sending update to database
12:25:06 Gateway/motion 1
Gateway sending update to database
12:25:06 Gateway/motion 1
Gateway sending update to database
12:25:06 Gateway/motion 1
Gateway sending update to database
12:25:06 Gateway/motion 1
Gateway sending update to database
12:25:06 Gateway/motion 1
Gateway sending update to database
12:25:06 Gateway/motion 1
Gateway sending update to database
12:25:06 Gateway/motion 1
Gateway sending update to database
12:25:06 Gateway/motion 1
Gateway sending update to database
12:25:06 Gateway/motion 1
Gateway sending update to database
12:25:06 Gateway/motion 1
Gateway sending update to database
12:25:06 Gateway/motion 1
Gateway sending update to database
12:25:06 Gateway/motion 1
Gateway sending update to database
12:25:06 Gateway/motion 1
Gateway sending update to database
12:25:06 Gateway/motion 1
Gateway sending update to database
12:25:06 Gateway/motion 1
Gateway sending update to database
12:25:06 Gateway/motion 1
Gateway sending update to database
12:25:06 Gateway/motion 1
Gateway sending update to database
12:25:06 Gateway/motion 1
Gateway sending update to database
12:25:06 Gateway/motion 1
Gateway sending update to database
12:25:06 Gateway/motion 1
Gateway sending update to database
12:25:06 Gateway/motion 1
Gateway sending update to database
12:25:06 Gateway/motion 1
Gateway sending update to database
12:25:06 Gateway/motion 1
Gateway sending update to database
12:25:06 Gateway/motion 1
Gateway sending update to database
12:25:06 Gateway/motion 1
Gateway sending update to database
12:25:06 Gateway/motion 1
Gateway sending update to database
12:25:06 Gateway/motion 1
Gateway sending update to database
12:25:06 Gateway/motion 1
Gateway sending update to database
12:25:06 Gateway/motion 1
Gateway sending update to database
12:25:06 Gateway/motion 1
Gateway sending update to database
12:25:06 Gateway/motion 1
Gateway sending update to database
12:25:06 Gateway/motion 1
Gateway sending update to database
12:25:06 Gateway/motion 1
Gateway sending update to database
12:25:06 Gateway/motion 1
Gateway sending update to database
12:25:06 Gateway/motion 1
Gateway sending update to database
12:25:06 Gateway/motion 1
Gateway sending update to database
12:25:06 Gateway/motion 1
Gateway sending update to database
12:25:06 Gateway/motion 1
Gateway sending update to database
12:25:06 Gateway/motion 1
Gateway sending update to database
12:25:06 Gateway/motion 1
Gateway sending update to database
12:25:06 Gateway/motion 1
Gateway sending update to database
12:25:06 Gateway/motion 1
Gateway sending update to database
12:25:06 Gateway/motion 1
Gateway sending update to database
12:25:06 Gateway/motion 1
Gateway sending update to database
12:25:06 Gateway/motion 1
Gateway sending update to database
12:25:06 Gateway/motion 1
Gateway sending update to database
12:25:06 Gateway/motion 1
Gateway sending update to database
12:25:06 Gateway/motion 1
Gateway sending update to database
12:25:06 Gateway/motion 1
Gateway sending update to database
12:25:06 Gateway/motion 1
Gateway sending update to database
12:25:06 Gateway/motion 1
Gateway sending update to database
12:25:06 Gateway/motion 1
Gateway sending update to database
12:25:06 Gateway/motion 1
Gateway sending update to database
12:25:06 Gateway/motion 1
Gateway sending update to database
12:25:06 Gateway/motion 1
Gateway sending update to database
12:25:06 Gateway/motion 1
Gateway sending update to database
12:25:06 Gateway/motion 1
Gateway sending update to database
12:25:06 Gateway/motion 1
Gateway sending update to database
12:25:06 Gateway/motion 1
Gateway sending update to database
12:25:06 Gateway/motion 1
Gateway sending update to database
12:25:06 Gateway/motion 1
Gateway sending update to database
12:25:06 Gateway/motion 1
Gateway sending update to database
12:25:06 Gateway/motion 1
Gateway sending update to database
12:25:06 Gateway/motion 1
Gateway sending update to database
12:25:06 Gateway/motion 1
Gateway sending update to database
12:25:06 Gateway/motion 1
Gateway sending update to database
12:25:06 Gateway/motion 1
Gateway sending update to database
12:25:06 Gateway/motion 1
Gateway sending update to database
12:25:06 Gateway/motion 1
Gateway sending update to database
12:25:06 Gateway/motion 1
Gateway sending update to database
12:25:06 Gateway/motion 1
Gateway sending update to database
12:25:06 Gateway/motion 1
Gateway sending update to database
12:25:06 Gateway/motion 1
Gateway sending update to database
12:25:06 Gateway/motion 1
Gateway sending update to database
12:25:06 Gateway/motion 1
Gateway sending update to database
12:25:06 Gateway/motion 1
Gateway sending update to database
12:25:06 Gateway/motion 1
Gateway sending update to database
12:25:06 Gateway/motion 1
Gateway sending update to database
12:25:06 Gateway/motion 1
Gateway sending update to database
12:25:06 Gateway/motion 1
Gateway sending update to database
12:25:06 Gateway/motion 1
Gateway sending update to database
12:25:06 Gateway/motion 1
Gateway sending update to database
12:25:06 Gateway/motion 1
Gateway sending update to database
12:25:06 Gateway/motion 1
Gateway sending update to database
12:25:06 Gateway/motion 1
Gateway sending update to database
12:25:06 Gateway/motion 1
Gateway sending update to database
12:25:06 Gateway/motion 1
Gateway sending update to database
12:25:06 Gateway/motion 1
Gateway sending update to database
12:25:06 Gateway/motion 1
Gateway sending update to database
12:25:06 Gateway/motion 1
Gateway sending update to database
12:25:06 Gateway/motion 1
Gateway sending update to database
12:25:06 Gateway/motion 1
Gateway sending update to database
12:25:06 Gateway/motion 1
Gateway sending update to database
12:25:06 Gateway/motion 1
Gateway sending update to database
12:25:06 Gateway/motion 1
Gateway sending update to database
12:25:06 Gateway/motion 1
Gateway sending update to database
12:25:06 Gateway/motion 1
Gateway sending update to database
12:25:06 Gateway/motion 1
Gateway sending update to database
12:25:06 Gateway/motion 1
Gateway sending update to database
12:25:06 Gateway/motion 1
Gateway sending update to database
12:25:06 Gateway/motion 1
Gateway sending update to database
12:25:06 Gateway/motion 1
Gateway sending update to database
12:25:06 Gateway/motion 1
Gateway sending update to database
12:25:06 Gateway/motion 1
Gateway sending update to database
12:25:06 Gateway/motion 1
Gateway sending update to database
12:25:06 Gateway/motion 1
Gateway sending update to database
12:25:06 Gateway/motion 1
Gateway sending update to database
12:25:06 Gateway/motion 1
Gateway sending update to database
12:25:06 Gateway/motion 1
Gateway sending update to database
12:25:06 Gateway/motion 1
Gateway sending update to database
12:25:06 Gateway/motion 1
Gateway sending update to database
12:25:06 Gateway/motion 1
Gateway sending update to database
12:25:06 Gateway/motion 1
Gateway sending update to database
12:25:06 Gateway/motion 1
Gateway sending update to database
12:25:06 Gateway/motion 1
Gateway sending update to database
12:25:06 Gateway/motion 1
Gateway sending update to database
12:25:06 Gateway/motion 1
Gateway sending update to database
12:25:06 Gateway/motion 1
Gateway sending update to database
12:25:06 Gateway/motion 1
Gateway sending update to database
12:25:06 Gateway/motion 1
Gateway sending update to database
12:25:06 Gateway/motion 1
Gateway sending update to database
12:25:06 Gateway/motion 1
Gateway sending update to database
12:25:06 Gateway/motion 1
Gateway sending update to database
12:25:06 Gateway/motion 1
Gateway sending update to database
12:25:06 Gateway/motion 1
Gateway sending update to database
12:25:06 Gateway/motion 1
Gateway sending update to database
12:25:06 Gateway/motion 1
Gateway sending update to database
12:25:06 Gateway/motion 1
Gateway sending update to database
12:25:06 Gateway/motion 1
Gateway sending update to database
12:25:06 Gateway/motion 1
Gateway sending update to database
12:25:06 Gateway/motion 1
Gateway sending update to database
12:25:06 Gateway/motion 1
Gateway sending update to database
12:25:06 Gateway/motion 1
Gateway sending update to database
12:25:06 Gateway/motion 1
Gateway sending update to database
12:25:06 Gateway/motion 1
Gateway sending update to database
12:25:06 Gateway/motion 1
Gateway sending update to database
12:25:06 Gateway/motion 1
Gateway sending update to database
12:25:06 Gateway/motion 1
Gateway sending update to database
12:25:06 Gateway/motion 1
Gateway sending update to database
12:25:06 Gateway/motion 1
Gateway sending update to database
12:25:06 Gateway/motion 1
Gateway sending update to database
12:25:06 Gateway/motion 1
Gateway sending update to database
12:25:06 Gateway/motion 1
Gateway sending update to database
12:25:06 Gateway/motion 1
Gateway sending update to database
12:25:06 Gateway/motion 1
Gateway sending update to database
12:25:06 Gateway/motion 1
Gateway sending update to database
12:25:06 Gateway/motion 1
Gateway sending update to database
12:25:06 Gateway/motion 1
Gateway sending update to database
12:25:06 Gateway/motion 1
Gateway sending update to database
12:25:06 Gateway/motion 1
Gateway sending update to database
12:25:06 Gateway/motion 1
Gateway sending update to database
12:25:06 Gateway/motion 1
Gateway sending update to database
12:25:06 Gateway/motion 1
Gateway sending update to database
12:25:06 Gateway/motion 1
Gateway sending update to database
12:25:06 Gateway/motion 1
Gateway sending update to database
12:25:06 Gateway/motion 1
Gateway sending update to database
12:25:06 Gateway/motion 1
Gateway sending update to database
12:25:06 Gateway/motion 1
Gateway sending update to database
12:25:06 Gateway/motion 1
Gateway sending update to database
12:25:06 Gateway/motion 1
Gateway sending update to database
12:25:06 Gateway/motion 1
Gateway sending update to database
12:25:06 Gateway/motion 1
Gateway sending update to database
12:25:06 Gateway/motion 1
Gateway sending update to database
12:25:06 Gateway/motion 1
Gateway sending update to database
12:25:06 Gateway/motion 1
Gateway sending update to database
12:25:06 Gateway/motion 1
Gateway sending update to database
12:25:06 Gateway/motion 1
Gateway sending update to database
12:25:06 Gateway/motion 1
Gateway sending update to database
12:25:06 Gateway/motion 1
Gateway sending update to database
12:25:06 Gateway/motion 1
Gateway sending update to database
12:25:06 Gateway/motion 1
Gateway sending update to database
12:25:06 Gateway/motion 1
Gateway sending update to database
12:25:06 Gateway/motion 1
Gateway sending update to database
12:25:06 Gateway/motion 1
Gateway sending update to database
12:25:06 Gateway/motion 1
Gateway sending update to database
12:25:06 Gateway/motion 1
Gateway sending update to database
12:25:06 Gateway/motion 1
Gateway sending update to database
12:25:06 Gateway/motion 1
Gateway sending update to database
12:25:06 Gateway/motion 1
Gateway sending update to database
12:25:06 Gateway/motion 1
Gateway sending update to database
12:25:06 Gateway/motion 1
Gateway sending update to database
12:25:06 Gateway/motion 1
Gateway sending update to database
12:25:06 Gateway/motion 1
Gateway sending update to database
12:25:06 Gateway/motion 1
Gateway sending update to database
12:25:06 Gateway/motion 1
Gateway sending update to database
12:25:06 Gateway/motion 1
Gateway sending update to database
12:25:06 Gateway/motion 1
Gateway sending update to database
12:25:06 Gateway/motion 1
Gateway sending update to database
12:25:06 Gateway/motion 1
Gateway sending update to database
12:25:06 Gateway/motion 1
Gateway sending update to database
12:25:06 Gateway/motion 1
Gateway sending update to database
12:25:06 Gateway/motion 1
Gateway sending update to database
12:25:06 Gateway/motion 1
Gateway sending update to database
12:25:06 Gateway/motion 1
Gateway sending update to database
12:25:06 Gateway/motion 1
Gateway sending update to database
12:25:06 Gateway/motion 1
Gateway sending update to database
12:25:06 Gateway/motion 1
Gateway sending update to database
12:25:06 Gateway/motion 1
Gateway sending update to database
12:25:06 Gateway/motion 1
Gateway sending update to database
12:25:06 Gateway/motion 1
Gateway sending update to database
12:25:06 Gateway/motion 1
Gateway sending update to database
12:25:06 Gateway/motion 1
Gateway sending update to database
12:25:06 Gateway/motion 1
Gateway sending update to database
12:25:06 Gateway/motion 1
Gateway sending update to database
12:25:06 Gateway/motion 1
Gateway sending update to database
12:25:06 Gateway/motion 1
Gateway sending update to database
12:25:06 Gateway/motion 1
Gateway sending update to database
12:25:06 Gateway/motion 1
Gateway sending update to database
12:25:06 Gateway/motion 1
Gateway sending update to database
12:25:06 Gateway/motion 1
Gateway sending update to database
12:25:06 Gateway/motion 1
Gateway sending update to database
12:25:06 Gateway/motion 1
Gateway sending update to database
12:25:07 Gateway/motion 1
Gateway sending update to database
12:25:07 Gateway/motion 1
Gateway sending update to database
12:25:07 Gateway/motion 1
Gateway sending update to database
12:25:07 Gateway/motion 1
Gateway sending update to database
12:25:07 Gateway/motion 1
Gateway sending update to database
12:25:07 Gateway/motion 1
Gateway sending update to database
12:25:07 Gateway/motion 1
Gateway sending update to database
12:25:07 Gateway/motion 1
Gateway sending update to database
12:25:07 Gateway/motion 1
Gateway sending update to database
12:25:07 Gateway/motion 1
Gateway sending update to database
12:25:07 Gateway/motion 1
Gateway sending update to database
12:25:07 Gateway/motion 1
Gateway sending update to database
12:25:07 Gateway/motion 1
Gateway sending update to database
12:25:07 Gateway/motion 1
Gateway sending update to database
12:25:07 Gateway/motion 1
Gateway sending update to database
12:25:07 Gateway/motion 1
Gateway sending update to database
12:25:07 Gateway/motion 1
Gateway sending update to database
12:25:07 Gateway/motion 1
Gateway sending update to database
12:25:07 Gateway/motion 1
Gateway sending update to database
12:25:07 Gateway/motion 1
Gateway sending update to database
12:25:07 Gateway/motion 1
Gateway sending update to database
12:25:07 Gateway/motion 1
Gateway sending update to database
12:25:07 Gateway/motion 1
Gateway sending update to database
12:25:07 Gateway/motion 1
Gateway sending update to database
12:25:07 Gateway/motion 1
Gateway sending update to database
12:25:07 Gateway/motion 1
Gateway sending update to database
12:25:07 Gateway/motion 1
Gateway sending update to database
12:25:07 Gateway/motion 1
Gateway sending update to database
12:25:07 Gateway/motion 1
Gateway sending update to database
12:25:07 Gateway/motion 1
Gateway sending update to database
12:25:07 Gateway/motion 1
Gateway sending update to database
12:25:07 Gateway/motion 1
Gateway sending update to database
12:25:07 Gateway/motion 1
Gateway sending update to database
12:25:07 Gateway/motion 1
Gateway sending update to database
12:25:07 Gateway/motion 1
Gateway sending update to database
12:25:07 Gateway/motion 1
Gateway sending update to database
12:25:07 Gateway/motion 1
Gateway sending update to database
12:25:07 Gateway/motion 1
Gateway sending update to database
12:25:07 Gateway/motion 1
Gateway sending update to database
12:25:07 Gateway/motion 1
Gateway sending update to database
12:25:07 Gateway/motion 1
Gateway sending update to database
12:25:07 Gateway/motion 1
Gateway sending update to database
12:25:07 Gateway/motion 1
Gateway sending update to database
12:25:07 Gateway/motion 1
12:25:07 Temperature Sensor Gateway 0.0
Gateway sending update to database
Gateway sending update to database
Gateway sending update to database
12:25:07 Gateway/motion 1
Gateway sending update to database
12:25:07 Gateway/motion 1
Gateway sending update to database
12:25:07 Gateway/motion 1
Gateway sending update to database
12:25:07 Gateway/motion 1
Gateway sending update to database
12:25:07 Gateway/motion 1
Gateway sending update to database
12:25:07 Gateway/motion 1
Gateway sending update to database
12:25:07 Gateway/motion 1
Gateway sending update to database
12:25:07 Gateway/motion 1
Gateway sending update to database
12:25:07 Gateway/motion 1
Gateway sending update to database
12:25:07 Gateway/motion 1
Gateway sending update to database
12:25:07 Gateway/motion 1
Gateway sending update to database
12:25:07 Gateway/motion 1
Gateway sending update to database
12:25:07 Gateway/motion 1
Gateway sending update to database
12:25:07 Gateway/motion 1
Gateway sending update to database
12:25:07 Gateway/motion 1
Gateway sending update to database
12:25:07 Gateway/motion 1
Gateway sending update to database
12:25:07 Gateway/motion 1
Gateway sending update to database
12:25:07 Gateway/motion 1
Gateway sending update to database
12:25:07 Gateway/motion 1
Gateway sending update to database
12:25:07 Gateway/motion 1
Gateway sending update to database
12:25:07 Gateway/motion 1
Gateway sending update to database
12:25:07 Gateway/motion 1
Gateway sending update to database
12:25:07 Gateway/motion 1
Gateway sending update to database
12:25:07 Gateway/motion 1
Gateway sending update to database
12:25:07 Gateway/motion 1
Gateway sending update to database
12:25:07 Gateway/motion 1
Gateway sending update to database
12:25:07 Gateway/motion 1
Gateway sending update to database
12:25:07 Gateway/motion 1
Gateway sending update to database
12:25:07 Gateway/motion 1
Gateway sending update to database
12:25:07 Gateway/motion 1
Gateway sending update to database
12:25:07 Gateway/motion 1
Gateway sending update to database
12:25:07 Gateway/motion 1
Gateway sending update to database
12:25:07 Gateway/motion 1
Gateway sending update to database
12:25:07 Gateway/motion 1
Gateway sending update to database
12:25:07 Gateway/motion 1
Gateway sending update to database
12:25:07 Gateway/motion 1
Gateway sending update to database
12:25:07 Gateway/motion 1
Gateway sending update to database
12:25:07 Gateway/motion 1
Gateway sending update to database
12:25:07 Gateway/motion 1
Gateway sending update to database
12:25:07 Gateway/motion 1
Gateway sending update to database
12:25:07 Gateway/motion 1
Gateway sending update to database
12:25:07 Gateway/motion 1
Gateway sending update to database
12:25:07 Gateway/motion 1
Gateway sending update to database
12:25:07 Gateway/motion 1
Gateway sending update to database
12:25:07 Gateway/motion 1
Gateway sending update to database
12:25:07 Gateway/motion 1
Gateway sending update to database
12:25:07 Gateway/motion 1
Gateway sending update to database
12:25:07 Gateway/motion 1
Gateway sending update to database
12:25:07 Gateway/motion 1
Gateway sending update to database
12:25:07 Gateway/motion 1
Gateway sending update to database
12:25:07 Gateway/motion 1
Gateway sending update to database
12:25:07 Gateway/motion 1
Gateway sending update to database
12:25:07 Gateway/motion 1
Gateway sending update to database
12:25:07 Gateway/motion 1
Gateway sending update to database
12:25:07 Gateway/motion 1
Gateway sending update to database
12:25:07 Gateway/motion 1
Gateway sending update to database
12:25:07 Gateway/motion 1
Gateway sending update to database
12:25:07 Gateway/motion 1
Gateway sending update to database
12:25:07 Gateway/motion 1
Gateway sending update to database
12:25:07 Gateway/motion 1
Gateway sending update to database
12:25:07 Gateway/motion 1
Gateway sending update to database
12:25:07 Gateway/motion 1
Gateway sending update to database
12:25:07 Gateway/motion 1
Gateway sending update to database
12:25:07 Gateway/motion 1
Gateway sending update to database
12:25:07 Gateway/motion 1
Gateway sending update to database
12:25:07 Gateway/motion 1
Gateway sending update to database
12:25:07 Gateway/motion 1
Gateway sending update to database
12:25:07 Gateway/motion 1
Gateway sending update to database
12:25:07 Gateway/motion 1
Gateway sending update to database
12:25:07 Gateway/motion 1
Gateway sending update to database
12:25:07 Gateway/motion 1
Gateway sending update to database
12:25:07 Gateway/motion 1
Gateway sending update to database
12:25:07 Gateway/motion 1
Gateway sending update to database
12:25:07 Gateway/motion 1
Gateway sending update to database
12:25:07 Gateway/motion 1
Gateway sending update to database
12:25:07 Gateway/motion 1
Gateway sending update to database
12:25:07 Gateway/motion 1
Gateway sending update to database
12:25:07 Gateway/motion 1
Gateway sending update to database
12:25:07 Gateway/motion 1
Gateway sending update to database
12:25:07 Gateway/motion 1
Gateway sending update to database
12:25:07 Gateway/motion 1
Gateway sending update to database
12:25:07 Gateway/motion 1
Gateway sending update to database
12:25:07 Gateway/motion 1
Gateway sending update to database
12:25:07 Gateway/motion 1
Gateway sending update to database
12:25:07 Gateway/motion 1
Gateway sending update to database
12:25:07 Gateway/motion 1
Gateway sending update to database
12:25:07 Gateway/motion 1
Gateway sending update to database
12:25:07 Gateway/motion 1
Gateway sending update to database
12:25:07 Gateway/motion 1
Gateway sending update to database
12:25:07 Gateway/motion 1
Gateway sending update to database
12:25:07 Gateway/motion 1
Gateway sending update to database
12:25:07 Gateway/motion 1
Gateway sending update to database
12:25:07 Gateway/motion 1
Gateway sending update to database
12:25:07 Gateway/motion 1
Gateway sending update to database
12:25:07 Gateway/motion 1
Gateway sending update to database
12:25:07 Gateway/motion 1
Gateway sending update to database
12:25:07 Gateway/motion 1
Gateway sending update to database
12:25:07 Gateway/motion 1
Gateway sending update to database
12:25:07 Gateway/motion 1
Gateway sending update to database
12:25:07 Gateway/motion 1
Gateway sending update to database
12:25:07 Gateway/motion 1
Gateway sending update to database
12:25:07 Gateway/motion 1
Gateway sending update to database
12:25:07 Gateway/motion 1
Gateway sending update to database
12:25:07 Gateway/motion 1
Gateway sending update to database
12:25:07 Gateway/motion 1
Gateway sending update to database
12:25:07 Gateway/motion 1
Gateway sending update to database
12:25:07 Gateway/motion 1
Gateway sending update to database
12:25:07 Gateway/motion 1
Gateway sending update to database
12:25:07 Gateway/motion 1
Gateway sending update to database
12:25:07 Gateway/motion 1
Gateway sending update to database
12:25:07 Gateway/motion 1
Gateway sending update to database
12:25:07 Gateway/motion 1
Gateway sending update to database
12:25:07 Gateway/motion 1
Gateway sending update to database
12:25:07 Gateway/motion 1
Gateway sending update to database
12:25:07 Gateway/motion 1
Gateway sending update to database
12:25:07 Gateway/motion 1
Gateway sending update to database
12:25:07 Gateway/motion 1
Gateway sending update to database
12:25:07 Gateway/motion 1
Gateway sending update to database
12:25:07 Gateway/motion 1
Gateway sending update to database
12:25:07 Gateway/motion 1
Gateway sending update to database
12:25:07 Gateway/motion 1
Gateway sending update to database
12:25:07 Gateway/motion 1
Gateway sending update to database
12:25:07 Gateway/motion 1
Gateway sending update to database
12:25:07 Gateway/motion 1
Gateway sending update to database
12:25:07 Gateway/motion 1
Gateway sending update to database
12:25:07 Gateway/motion 1
Gateway sending update to database
12:25:07 Gateway/motion 1
Gateway sending update to database
12:25:07 Gateway/motion 1
Gateway sending update to database
12:25:07 Gateway/motion 1
Gateway sending update to database
12:25:07 Gateway/motion 1
Gateway sending update to database
12:25:07 Gateway/motion 1
Gateway sending update to database
12:25:07 Gateway/motion 1
Gateway sending update to database
12:25:07 Gateway/motion 1
Gateway sending update to database
12:25:07 Gateway/motion 1
Gateway sending update to database
12:25:07 Gateway/motion 1
Gateway sending update to database
12:25:07 Gateway/motion 1
Gateway sending update to database
12:25:07 Gateway/motion 1
Gateway sending update to database
12:25:07 Gateway/motion 1
Gateway sending update to database
12:25:07 Gateway/motion 1
Gateway sending update to database
12:25:07 Gateway/motion 1
Gateway sending update to database
12:25:07 Gateway/motion 1
Gateway sending update to database
12:25:07 Gateway/motion 1
Gateway sending update to database
12:25:07 Gateway/motion 1
Gateway sending update to database
12:25:07 Gateway/motion 1
Gateway sending update to database
12:25:07 Gateway/motion 1
Gateway sending update to database
12:25:07 Gateway/motion 1
Gateway sending update to database
12:25:07 Gateway/motion 1
Gateway sending update to database
12:25:07 Gateway/motion 1
Gateway sending update to database
12:25:07 Gateway/motion 1
Gateway sending update to database
12:25:07 Gateway/motion 1
Gateway sending update to database
12:25:07 Gateway/motion 1
Gateway sending update to database
12:25:07 Gateway/motion 1
Gateway sending update to database
12:25:07 Gateway/motion 1
Gateway sending update to database
12:25:07 Gateway/motion 1
Gateway sending update to database
12:25:07 Gateway/motion 1
Gateway sending update to database
12:25:07 Gateway/motion 1
Gateway sending update to database
12:25:07 Gateway/motion 1
Gateway sending update to database
12:25:07 Gateway/motion 1
Gateway sending update to database
12:25:07 Gateway/motion 1
Gateway sending update to database
12:25:07 Gateway/motion 1
Gateway sending update to database
12:25:07 Gateway/motion 1
Gateway sending update to database
12:25:07 Gateway/motion 1
Gateway sending update to database
12:25:07 Gateway/motion 1
Gateway sending update to database
12:25:07 Gateway/motion 1
Gateway sending update to database
12:25:07 Gateway/motion 1
Gateway sending update to database
12:25:07 Gateway/motion 1
Gateway sending update to database
12:25:07 Gateway/motion 1
Gateway sending update to database
12:25:07 Gateway/motion 1
Gateway sending update to database
12:25:07 Gateway/motion 1
Gateway sending update to database
12:25:07 Gateway/motion 1
Gateway sending update to database
12:25:07 Gateway/motion 1
Gateway sending update to database
12:25:07 Gateway/motion 1
Gateway sending update to database
12:25:07 Gateway/motion 1
Gateway sending update to database
12:25:07 Gateway/motion 1
Gateway sending update to database
12:25:07 Gateway/motion 1
Gateway sending update to database
12:25:07 Gateway/motion 1
Gateway sending update to database
12:25:07 Gateway/motion 1
Gateway sending update to database
12:25:07 Gateway/motion 1
Gateway sending update to database
12:25:07 Gateway/motion 1
Gateway sending update to database
12:25:07 Gateway/motion 1
Gateway sending update to database
12:25:07 Gateway/motion 1
Gateway sending update to database
12:25:07 Gateway/motion 1
Gateway sending update to database
12:25:07 Gateway/motion 1
Gateway sending update to database
12:25:07 Gateway/motion 1
Gateway sending update to database
12:25:07 Gateway/motion 1
Gateway sending update to database
12:25:07 Gateway/motion 1
Gateway sending update to database
12:25:07 Gateway/motion 1
Gateway sending update to database
12:25:07 Gateway/motion 1
Gateway sending update to database
12:25:07 Gateway/motion 1
Gateway sending update to database
12:25:07 Gateway/motion 1
Gateway sending update to database
12:25:07 Gateway/motion 1
Gateway sending update to database
12:25:07 Gateway/motion 1
Gateway sending update to database
12:25:07 Gateway/motion 1
Gateway sending update to database
12:25:07 Gateway/motion 1
Gateway sending update to database
12:25:07 Gateway/motion 1
Gateway sending update to database
12:25:07 Gateway/motion 1
Gateway sending update to database
12:25:07 Gateway/motion 1
Gateway sending update to database
12:25:07 Gateway/motion 1
Gateway sending update to database
12:25:07 Gateway/motion 1
Gateway sending update to database
12:25:07 Gateway/motion 1
Gateway sending update to database
12:25:07 Gateway/motion 1
Gateway sending update to database
12:25:07 Gateway/motion 1
Gateway sending update to database
12:25:07 Gateway/motion 1
Gateway sending update to database
12:25:07 Gateway/motion 1
Gateway sending update to database
12:25:07 Gateway/motion 1
Gateway sending update to database
12:25:07 Gateway/motion 1
Gateway sending update to database
12:25:07 Gateway/motion 1
Gateway sending update to database
12:25:07 Gateway/motion 1
Gateway sending update to database
12:25:07 Gateway/motion 1
Gateway sending update to database
12:25:07 Gateway/motion 1
Gateway sending update to database
12:25:07 Gateway/motion 1
Gateway sending update to database
12:25:07 Gateway/motion 1
Gateway sending update to database
12:25:07 Gateway/motion 1
Gateway sending update to database
12:25:07 Gateway/motion 1
Gateway sending update to database
12:25:07 Gateway/motion 1
Gateway sending update to database
12:25:07 Gateway/motion 1
Gateway sending update to database
12:25:07 Gateway/motion 1
Gateway sending update to database
12:25:07 Gateway/motion 1
Gateway sending update to database
12:25:07 Gateway/motion 1
Gateway sending update to database
12:25:07 Gateway/motion 1
Gateway sending update to database
12:25:07 Gateway/motion 1
Gateway sending update to database
12:25:07 Gateway/motion 1
Gateway sending update to database
12:25:07 Gateway/motion 1
Gateway sending update to database
12:25:07 Gateway/motion 1
Gateway sending update to database
12:25:07 Gateway/motion 1
Gateway sending update to database
12:25:07 Gateway/motion 1
Gateway sending update to database
12:25:07 Gateway/motion 1
Gateway sending update to database
12:25:07 Gateway/motion 1
Gateway sending update to database
12:25:07 Gateway/motion 1
Gateway sending update to database
12:25:07 Gateway/motion 1
Gateway sending update to database
12:25:07 Gateway/motion 1
Gateway sending update to database
12:25:07 Gateway/motion 1
Gateway sending update to database
12:25:07 Gateway/motion 1
Gateway sending update to database
12:25:07 Gateway/motion 1
Gateway sending update to database
12:25:07 Gateway/motion 1
Gateway sending update to database
12:25:07 Gateway/motion 1
Gateway sending update to database
12:25:07 Gateway/motion 1
Gateway sending update to database
12:25:07 Gateway/motion 1
Gateway sending update to database
12:25:07 Gateway/motion 1
Gateway sending update to database
12:25:07 Gateway/motion 1
Gateway sending update to database
12:25:07 Gateway/motion 1
Gateway sending update to database
12:25:07 Gateway/motion 1
Gateway sending update to database
12:25:07 Gateway/motion 1
Gateway sending update to database
12:25:07 Gateway/motion 1
Gateway sending update to database
12:25:07 Gateway/motion 1
Gateway sending update to database
12:25:07 Gateway/motion 1
Gateway sending update to database
12:25:07 Gateway/motion 1
Gateway sending update to database
12:25:07 Gateway/motion 1
Gateway sending update to database
12:25:07 Gateway/motion 1
Gateway sending update to database
12:25:07 Gateway/motion 1
Gateway sending update to database
12:25:07 Gateway/motion 1
Gateway sending update to database
12:25:07 Gateway/motion 1
Gateway sending update to database
12:25:07 Gateway/motion 1
Gateway sending update to database
12:25:07 Gateway/motion 1
Gateway sending update to database
12:25:07 Gateway/motion 1
Gateway sending update to database
12:25:07 Gateway/motion 1
Gateway sending update to database
12:25:07 Gateway/motion 1
Gateway sending update to database
12:25:07 Gateway/motion 1
Gateway sending update to database
12:25:07 Gateway/motion 1
Gateway sending update to database
12:25:07 Gateway/motion 1
Gateway sending update to database
12:25:07 Gateway/motion 1
Gateway sending update to database
12:25:07 Gateway/motion 1
Gateway sending update to database
12:25:07 Gateway/motion 1
Gateway sending update to database
12:25:07 Gateway/motion 1
Gateway sending update to database
12:25:07 Gateway/motion 1
Gateway sending update to database
12:25:07 Gateway/motion 1
Gateway sending update to database
12:25:07 Gateway/motion 1
Gateway sending update to database
12:25:07 Gateway/motion 1
Gateway sending update to database
12:25:07 Gateway/motion 1
Gateway sending update to database
12:25:07 Gateway/motion 1
Gateway sending update to database
12:25:07 Gateway/motion 1
Gateway sending update to database
12:25:07 Gateway/motion 1
Gateway sending update to database
12:25:07 Gateway/motion 1
Gateway sending update to database
12:25:07 Gateway/motion 1
Gateway sending update to database
12:25:07 Gateway/motion 1
Gateway sending update to database
12:25:07 Gateway/motion 1
Gateway sending update to database
12:25:07 Gateway/motion 1
Gateway sending update to database
12:25:07 Gateway/motion 1
Gateway sending update to database
12:25:07 Gateway/motion 1
Gateway sending update to database
12:25:07 Gateway/motion 1
Gateway sending update to database
12:25:07 Gateway/motion 1
Gateway sending update to database
12:25:07 Gateway/motion 1
Gateway sending update to database
12:25:07 Gateway/motion 1
Gateway sending update to database
12:25:07 Gateway/motion 1
Gateway sending update to database
12:25:07 Gateway/motion 1
Gateway sending update to database
12:25:07 Gateway/motion 1
Gateway sending update to database
12:25:07 Gateway/motion 1
Gateway sending update to database
12:25:07 Gateway/motion 1
Gateway sending update to database
12:25:07 Gateway/motion 1
Gateway sending update to database
12:25:07 Gateway/motion 1
Gateway sending update to database
12:25:07 Gateway/motion 1
Gateway sending update to database
12:25:07 Gateway/motion 1
Gateway sending update to database
12:25:07 Gateway/motion 1
Gateway sending update to database
12:25:07 Gateway/motion 1
Gateway sending update to database
12:25:07 Gateway/motion 1
Gateway sending update to database
12:25:07 Gateway/motion 1
Gateway sending update to database
12:25:07 Gateway/motion 1
Gateway sending update to database
12:25:07 Gateway/motion 1
Gateway sending update to database
12:25:07 Gateway/motion 1
Gateway sending update to database
12:25:07 Gateway/motion 1
Gateway sending update to database
12:25:07 Gateway/motion 1
Gateway sending update to database
12:25:07 Gateway/motion 1
Gateway sending update to database
12:25:08 Gateway/motion 1
Gateway sending update to database
12:25:08 Gateway/motion 1
Gateway sending update to database
12:25:08 Gateway/motion 1
Gateway sending update to database
12:25:08 Gateway/motion 1
Gateway sending update to database
12:25:08 Gateway/motion 1
Gateway sending update to database
12:25:08 Gateway/motion 1
Gateway sending update to database
12:25:08 Gateway/motion 1
Gateway sending update to database
12:25:08 Gateway/motion 1
Gateway sending update to database
12:25:08 Gateway/motion 1
Gateway sending update to database
12:25:08 Gateway/motion 1
Gateway sending update to database
12:25:08 Gateway/motion 1
Gateway sending update to database
12:25:08 Gateway/motion 1
Gateway sending update to database
12:25:08 Gateway/motion 1
Gateway sending update to database
12:25:08 Gateway/motion 1
Gateway sending update to database
12:25:08 Gateway/motion 1
Gateway sending update to database
12:25:08 Gateway/motion 1
Gateway sending update to database
12:25:08 Gateway/motion 1
Gateway sending update to database
12:25:08 Gateway/motion 1
Gateway sending update to database
12:25:08 Gateway/motion 1
Gateway sending update to database
12:25:08 Gateway/motion 1
Gateway sending update to database
12:25:08 Gateway/motion 1
Gateway sending update to database
12:25:08 Gateway/motion 1
Gateway sending update to database
12:25:08 Gateway/motion 1
Gateway sending update to database
12:25:08 Gateway/motion 1
Gateway sending update to database
12:25:08 Gateway/motion 1
Gateway sending update to database
12:25:08 Gateway/motion 1
Gateway sending update to database
12:25:08 Gateway/motion 1
Gateway sending update to database
12:25:08 Gateway/motion 1
Gateway sending update to database
12:25:08 Gateway/motion 1
Gateway sending update to database
12:25:08 Gateway/motion 1
Gateway sending update to database
12:25:08 Gateway/motion 1
Gateway sending update to database
12:25:08 Gateway/motion 1
Gateway sending update to database
12:25:08 Gateway/motion 1
Gateway sending update to database
12:25:08 Gateway/motion 1
Gateway sending update to database
12:25:08 Gateway/motion 1
Gateway sending update to database
12:25:08 Gateway/motion 1
Gateway sending update to database
12:25:08 Gateway/motion 1
Gateway sending update to database
12:25:08 Gateway/motion 1
Gateway sending update to database
12:25:08 Gateway/motion 1
Gateway sending update to database
12:25:08 Gateway/motion 1
Gateway sending update to database
12:25:08 Gateway/motion 1
Gateway sending update to database
12:25:08 Gateway/motion 1
Gateway sending update to database
12:25:08 Gateway/motion 1
Gateway sending update to database
12:25:08 Gateway/motion 1
Gateway sending update to database
12:25:08 Gateway/motion 1
Gateway sending update to database
12:25:08 Gateway/motion 1
Gateway sending update to database
12:25:08 Gateway/motion 1
Gateway sending update to database
12:25:08 Gateway/motion 1
Gateway sending update to database
12:25:08 Gateway/motion 1
Gateway sending update to database
12:25:08 Gateway/motion 1
Gateway sending update to database
12:25:08 Gateway/motion 1
Gateway sending update to database
12:25:08 Gateway/motion 1
Gateway sending update to database
12:25:08 Gateway/motion 1
Gateway sending update to database
12:25:08 Gateway/motion 1
Gateway sending update to database
12:25:08 Gateway/motion 1
Gateway sending update to database
12:25:08 Gateway/motion 1
Gateway sending update to database
12:25:08 Gateway/motion 1
Gateway sending update to database
12:25:08 Gateway/motion 1
Gateway sending update to database
12:25:08 Gateway/motion 1
Gateway sending update to database
12:25:08 Gateway/motion 1
Gateway sending update to database
12:25:08 Gateway/motion 1
Gateway sending update to database
12:25:08 Gateway/motion 1
Gateway sending update to database
12:25:08 Gateway/motion 1
Gateway sending update to database
12:25:08 Gateway/motion 1
Gateway sending update to database
12:25:08 Gateway/motion 1
Gateway sending update to database
12:25:08 Gateway/motion 1
Gateway sending update to database
12:25:08 Gateway/motion 1
Gateway sending update to database
12:25:08 Gateway/motion 1
Gateway sending update to database
12:25:08 Gateway/motion 1
Gateway sending update to database
12:25:08 Gateway/motion 1
Gateway sending update to database
12:25:08 Gateway/motion 1
Gateway sending update to database
12:25:08 Gateway/motion 1
Gateway sending update to database
12:25:08 Gateway/motion 1
Gateway sending update to database
12:25:08 Gateway/motion 1
Gateway sending update to database
12:25:08 Gateway/motion 1
Gateway sending update to database
12:25:08 Gateway/motion 1
Gateway sending update to database
12:25:08 Gateway/motion 1
Gateway sending update to database
12:25:08 Gateway/motion 1
Gateway sending update to database
12:25:08 Gateway/motion 1
Gateway sending update to database
12:25:08 Gateway/motion 1
Gateway sending update to database
12:25:08 Gateway/motion 1
Gateway sending update to database
12:25:08 Gateway/motion 1
Gateway sending update to database
12:25:08 Gateway/motion 1
Gateway sending update to database
12:25:08 Gateway/motion 1
Gateway sending update to database
12:25:08 Gateway/motion 1
Gateway sending update to database
12:25:08 Gateway/motion 1
Gateway sending update to database
12:25:08 Gateway/motion 1
Gateway sending update to database
12:25:08 Gateway/motion 1
Gateway sending update to database
12:25:08 Gateway/motion 1
Gateway sending update to database
12:25:08 Gateway/motion 1
Gateway sending update to database
12:25:08 Gateway/motion 1
Gateway sending update to database
12:25:08 Gateway/motion 1
Gateway sending update to database
12:25:08 Gateway/motion 1
Gateway sending update to database
12:25:08 Gateway/motion 1
Gateway sending update to database
12:25:08 Gateway/motion 1
Gateway sending update to database
12:25:08 Gateway/motion 1
Gateway sending update to database
12:25:08 Gateway/motion 1
Gateway sending update to database
12:25:08 Gateway/motion 1
Gateway sending update to database
12:25:08 Gateway/motion 1
Gateway sending update to database
12:25:08 Gateway/motion 1
Gateway sending update to database
12:25:08 Gateway/motion 1
Gateway sending update to database
12:25:08 Gateway/motion 1
Gateway sending update to database
12:25:08 Gateway/motion 1
Gateway sending update to database
12:25:08 Gateway/motion 1
Gateway sending update to database
12:25:08 Gateway/motion 1
Gateway sending update to database
12:25:08 Gateway/motion 1
Gateway sending update to database
12:25:08 Gateway/motion 1
Gateway sending update to database
12:25:08 Gateway/motion 1
Gateway sending update to database
12:25:08 Gateway/motion 1
Gateway sending update to database
12:25:08 Gateway/motion 1
Gateway sending update to database
12:25:08 Gateway/motion 1
Gateway sending update to database
12:25:08 Gateway/motion 1
Gateway sending update to database
12:25:08 Gateway/motion 1
Gateway sending update to database
12:25:08 Gateway/motion 1
Gateway sending update to database
12:25:08 Gateway/motion 1
Gateway sending update to database
12:25:08 Gateway/motion 1
Gateway sending update to database
12:25:08 Gateway/motion 1
Gateway sending update to database
12:25:08 Gateway/motion 1
Gateway sending update to database
12:25:08 Gateway/motion 1
Gateway sending update to database
12:25:08 Gateway/motion 1
Gateway sending update to database
12:25:08 Gateway/motion 1
Gateway sending update to database
12:25:08 Gateway/motion 1
Gateway sending update to database
12:25:08 Gateway/motion 1
Gateway sending update to database
12:25:08 Gateway/motion 1
Gateway sending update to database
12:25:08 Gateway/motion 1
Gateway sending update to database
12:25:08 Gateway/motion 1
Gateway sending update to database
12:25:08 Gateway/motion 1
Gateway sending update to database
12:25:08 Gateway/motion 1
Gateway sending update to database
12:25:08 Gateway/motion 1
Gateway sending update to database
12:25:08 Gateway/motion 1
Gateway sending update to database
12:25:08 Gateway/motion 1
Gateway sending update to database
12:25:08 Gateway/motion 1
Gateway sending update to database
12:25:08 Gateway/motion 1
Gateway sending update to database
12:25:08 Gateway/motion 1
Gateway sending update to database
12:25:08 Gateway/motion 1
Gateway sending update to database
12:25:08 Gateway/motion 1
Gateway sending update to database
12:25:08 Gateway/motion 1
Gateway sending update to database
12:25:08 Gateway/motion 1
Gateway sending update to database
12:25:08 Gateway/motion 1
Gateway sending update to database
12:25:08 Gateway/motion 1
Gateway sending update to database
12:25:08 Gateway/motion 1
Gateway sending update to database
12:25:08 Gateway/motion 1
Gateway sending update to database
12:25:08 Gateway/motion 1
Gateway sending update to database
12:25:08 Gateway/motion 1
Gateway sending update to database
12:25:08 Gateway/motion 1
Gateway sending update to database
12:25:08 Gateway/motion 1
Gateway sending update to database
12:25:08 Gateway/motion 1
Gateway sending update to database
12:25:08 Gateway/motion 1
Gateway sending update to database
12:25:08 Gateway/motion 1
Gateway sending update to database
12:25:08 Gateway/motion 1
Gateway sending update to database
12:25:08 Gateway/motion 1
Gateway sending update to database
12:25:08 Gateway/motion 1
Gateway sending update to database
12:25:08 Gateway/motion 1
Gateway sending update to database
12:25:08 Gateway/motion 1
Gateway sending update to database
12:25:08 Gateway/motion 1
Gateway sending update to database
12:25:08 Gateway/motion 1
Gateway sending update to database
12:25:08 Gateway/motion 1
Gateway sending update to database
12:25:08 Gateway/motion 1
Gateway sending update to database
12:25:08 Gateway/motion 1
Gateway sending update to database
12:25:08 Gateway/motion 1
Gateway sending update to database
12:25:08 Gateway/motion 1
Gateway sending update to database
12:25:08 Gateway/motion 1
Gateway sending update to database
12:25:08 Gateway/motion 1
Gateway sending update to database
12:25:08 Gateway/motion 1
Gateway sending update to database
12:25:08 Gateway/motion 1
Gateway sending update to database
12:25:08 Gateway/motion 1
Gateway sending update to database
12:25:08 Gateway/motion 1
Gateway sending update to database
12:25:08 Gateway/motion 1
Gateway sending update to database
12:25:08 Gateway/motion 1
Gateway sending update to database
12:25:08 Gateway/motion 1
Gateway sending update to database
12:25:08 Gateway/motion 1
Gateway sending update to database
12:25:08 Gateway/motion 1
Gateway sending update to database
12:25:08 Gateway/motion 1
Gateway sending update to database
12:25:08 Gateway/motion 1
Gateway sending update to database
12:25:08 Gateway/motion 1
Gateway sending update to database
12:25:08 Gateway/motion 1
Gateway sending update to database
12:25:08 Gateway/motion 1
Gateway sending update to database
12:25:08 Gateway/motion 1
Gateway sending update to database
12:25:08 Gateway/motion 1
Gateway sending update to database
12:25:08 Gateway/motion 1
Gateway sending update to database
12:25:08 Gateway/motion 1
Gateway sending update to database
12:25:08 Gateway/motion 1
Gateway sending update to database
12:25:08 Gateway/motion 1
Gateway sending update to database
12:25:08 Gateway/motion 1
Gateway sending update to database
12:25:08 Gateway/motion 1
Gateway sending update to database
12:25:08 Gateway/motion 1
Gateway sending update to database
12:25:08 Gateway/motion 1
Gateway sending update to database
12:25:08 Gateway/motion 1
Gateway sending update to database
12:25:08 Gateway/motion 1
Gateway sending update to database
12:25:08 Gateway/motion 1
Gateway sending update to database
12:25:08 Gateway/motion 1
Gateway sending update to database
12:25:08 Gateway/motion 1
Gateway sending update to database
12:25:08 Gateway/motion 1
Gateway sending update to database
12:25:08 Gateway/motion 1
Gateway sending update to database
12:25:08 Gateway/motion 1
Gateway sending update to database
12:25:08 Gateway/motion 1
Gateway sending update to database
12:25:08 Gateway/motion 1
Gateway sending update to database
12:25:08 Gateway/motion 1
Gateway sending update to database
12:25:08 Gateway/motion 1
Gateway sending update to database
12:25:08 Gateway/motion 1
Gateway sending update to database
12:25:08 Gateway/motion 1
Gateway sending update to database
12:25:08 Gateway/motion 1
Gateway sending update to database
12:25:08 Gateway/motion 1
Gateway sending update to database
12:25:08 Gateway/motion 1
Gateway sending update to database
12:25:08 Gateway/motion 1
Gateway sending update to database
12:25:08 Gateway/motion 1
Gateway sending update to database
12:25:08 Gateway/motion 1
Gateway sending update to database
12:25:08 Gateway/motion 1
Gateway sending update to database
12:25:08 Gateway/motion 1
Gateway sending update to database
12:25:08 Gateway/motion 1
Gateway sending update to database
12:25:08 Gateway/motion 1
Gateway sending update to database
12:25:08 Gateway/motion 1
Gateway sending update to database
12:25:08 Gateway/motion 1
Gateway sending update to database
12:25:08 Gateway/motion 1
Gateway sending update to database
12:25:08 Gateway/motion 1
Gateway sending update to database
12:25:08 Gateway/motion 1
Gateway sending update to database
12:25:08 Gateway/motion 1
Gateway sending update to database
12:25:08 Gateway/motion 1
Gateway sending update to database
12:25:08 Gateway/motion 1
Gateway sending update to database
12:25:08 Gateway/motion 1
Gateway sending update to database
12:25:08 Gateway/motion 1
Gateway sending update to database
12:25:08 Gateway/motion 1
Gateway sending update to database
12:25:08 Gateway/motion 1
Gateway sending update to database
12:25:08 Gateway/motion 1
Gateway sending update to database
12:25:08 Gateway/motion 1
Gateway sending update to database
12:25:08 Gateway/motion 1
Gateway sending update to database
12:25:08 Gateway/motion 1
Gateway sending update to database
12:25:08 Gateway/motion 1
Gateway sending update to database
12:25:08 Gateway/motion 1
Gateway sending update to database
12:25:08 Gateway/motion 1
Gateway sending update to database
12:25:08 Gateway/motion 1
Gateway sending update to database
12:25:08 Gateway/motion 1
Gateway sending update to database
12:25:08 Gateway/motion 1
Gateway sending update to database
12:25:08 Gateway/motion 1
Gateway sending update to database
12:25:08 Gateway/motion 1
Gateway sending update to database
12:25:08 Gateway/motion 1
Gateway sending update to database
12:25:08 Gateway/motion 1
Gateway sending update to database
12:25:08 Gateway/motion 1
Gateway sending update to database
12:25:08 Gateway/motion 1
Gateway sending update to database
12:25:08 Gateway/motion 1
Gateway sending update to database
12:25:08 Gateway/motion 1
Gateway sending update to database
12:25:08 Gateway/motion 1
Gateway sending update to database
12:25:08 Gateway/motion 1
Gateway sending update to database
12:25:08 Gateway/motion 1
Gateway sending update to database
12:25:08 Gateway/motion 1
Gateway sending update to database
12:25:08 Gateway/motion 1
Gateway sending update to database
12:25:08 Gateway/motion 1
Gateway sending update to database
12:25:08 Gateway/motion 1
Gateway sending update to database
12:25:08 Gateway/motion 1
Gateway sending update to database
12:25:08 Gateway/motion 1
Gateway sending update to database
12:25:08 Gateway/motion 1
Gateway sending update to database
12:25:08 Gateway/motion 1
Gateway sending update to database
12:25:08 Gateway/motion 1
Gateway sending update to database
12:25:08 Gateway/motion 1
Gateway sending update to database
12:25:08 Gateway/motion 1
Gateway sending update to database
12:25:08 Gateway/motion 1
Gateway sending update to database
12:25:08 Gateway/motion 1
Gateway sending update to database
12:25:08 Gateway/motion 1
Gateway sending update to database
12:25:08 Gateway/motion 1
Gateway sending update to database
12:25:08 Gateway/motion 1
Gateway sending update to database
12:25:08 Gateway/motion 1
Gateway sending update to database
12:25:08 Gateway/motion 1
Gateway sending update to database
12:25:08 Gateway/motion 1
Gateway sending update to database
12:25:08 Gateway/motion 1
Gateway sending update to database
12:25:08 Gateway/motion 1
Gateway sending update to database
12:25:08 Gateway/motion 1
Gateway sending update to database
12:25:08 Gateway/motion 1
Gateway sending update to database
12:25:08 Gateway/motion 1
Gateway sending update to database
12:25:08 Gateway/motion 1
Gateway sending update to database
12:25:08 Gateway/motion 1
Gateway sending update to database
12:25:08 Gateway/motion 1
Gateway sending update to database
12:25:08 Gateway/motion 1
Gateway sending update to database
12:25:08 Gateway/motion 1
Gateway sending update to database
12:25:08 Gateway/motion 1
Gateway sending update to database
12:25:08 Gateway/motion 1
Gateway sending update to database
12:25:08 Gateway/motion 1
Gateway sending update to database
12:25:08 Gateway/motion 1
Gateway sending update to database
12:25:08 Gateway/motion 1
Gateway sending update to database
12:25:08 Gateway/motion 1
Gateway sending update to database
12:25:08 Gateway/motion 1
Gateway sending update to database
12:25:08 Gateway/motion 1
Gateway sending update to database
12:25:08 Gateway/motion 1
Gateway sending update to database
12:25:08 Gateway/motion 1
Gateway sending update to database
12:25:08 Gateway/motion 1
Gateway sending update to database
12:25:08 Gateway/motion 1
Gateway sending update to database
12:25:08 Gateway/motion 1
Gateway sending update to database
12:25:08 Gateway/motion 1
Gateway sending update to database
12:25:08 Gateway/motion 1
Gateway sending update to database
12:25:08 Gateway/motion 1
Gateway sending update to database
12:25:08 Gateway/motion 1
Gateway sending update to database
12:25:08 Gateway/motion 1
Gateway sending update to database
12:25:08 Gateway/motion 1
Gateway sending update to database
12:25:08 Gateway/motion 1
Gateway sending update to database
12:25:08 Gateway/motion 1
Gateway sending update to database
12:25:08 Gateway/motion 1
Gateway sending update to database
12:25:08 Gateway/motion 1
Gateway sending update to database
12:25:08 Gateway/motion 1
Gateway sending update to database
12:25:08 Gateway/motion 1
Gateway sending update to database
12:25:08 Gateway/motion 1
Gateway sending update to database
12:25:08 Gateway/motion 1
Gateway sending update to database
12:25:08 Gateway/motion 1
Gateway sending update to database
12:25:08 Gateway/motion 1
Gateway sending update to database
12:25:08 Gateway/motion 1
Gateway sending update to database
12:25:08 Gateway/motion 1
Gateway sending update to database
12:25:08 Gateway/motion 1
Gateway sending update to database
12:25:08 Gateway/motion 1
Gateway sending update to database
12:25:08 Gateway/motion 1
Gateway sending update to database
12:25:08 Gateway/motion 1
Gateway sending update to database
12:25:08 Gateway/motion 1
Gateway sending update to database
12:25:08 Gateway/motion 1
Gateway sending update to database
12:25:08 Gateway/motion 1
Gateway sending update to database
12:25:08 Gateway/motion 1
Gateway sending update to database
12:25:08 Gateway/motion 1
Gateway sending update to database
12:25:08 Gateway/motion 1
Gateway sending update to database
12:25:08 Gateway/motion 1
Gateway sending update to database
12:25:08 Gateway/motion 1
Gateway sending update to database
12:25:08 Gateway/motion 1
Gateway sending update to database
12:25:08 Gateway/motion 1
Gateway sending update to database
12:25:08 Gateway/motion 1
Gateway sending update to database
12:25:08 Gateway/motion 1
Gateway sending update to database
12:25:08 Gateway/motion 1
Gateway sending update to database
12:25:08 Gateway/motion 1
Gateway sending update to database
12:25:08 Gateway/motion 1
Gateway sending update to database
12:25:08 Gateway/motion 1
Gateway sending update to database
12:25:08 Gateway/motion 1
Gateway sending update to database
12:25:08 Gateway/motion 1
Gateway sending update to database
12:25:08 Gateway/motion 1
Gateway sending update to database
12:25:08 Gateway/motion 1
Gateway sending update to database
12:25:08 Gateway/motion 1
Gateway sending update to database
12:25:08 Gateway/motion 1
Gateway sending update to database
12:25:08 Gateway/motion 1
Gateway sending update to database
12:25:08 Gateway/motion 1
Gateway sending update to database
12:25:08 Gateway/motion 1
Gateway sending update to database
12:25:08 Gateway/motion 1
Gateway sending update to database
12:25:08 Gateway/motion 1
Gateway sending update to database
12:25:08 Gateway/motion 1
Gateway sending update to database
12:25:08 Gateway/motion 1
Gateway sending update to database
12:25:08 Gateway/motion 1
Gateway sending update to database
12:25:08 Gateway/motion 1
Gateway sending update to database
12:25:08 Gateway/motion 1
Gateway sending update to database
12:25:08 Gateway/motion 1
Gateway sending update to database
12:25:08 Gateway/motion 1
Gateway sending update to database
12:25:08 Gateway/motion 1
Gateway sending update to database
12:25:08 Gateway/motion 1
Gateway sending update to database
12:25:08 Gateway/motion 1
Gateway sending update to database
12:25:08 Gateway/motion 1
Gateway sending update to database
12:25:08 Gateway/motion 1
Gateway sending update to database
12:25:08 Gateway/motion 1
Gateway sending update to database
12:25:08 Gateway/motion 1
Gateway sending update to database
12:25:08 Gateway/motion 1
Gateway sending update to database
12:25:08 Gateway/motion 1
Gateway sending update to database
12:25:08 Gateway/motion 1
Gateway sending update to database
12:25:08 Gateway/motion 1
Gateway sending update to database
12:25:08 Gateway/motion 1
Gateway sending update to database
12:25:08 Gateway/motion 1
Gateway sending update to database
12:25:08 Gateway/motion 1
Gateway sending update to database
12:25:08 Gateway/motion 1
Gateway sending update to database
12:25:08 Gateway/motion 1
Gateway sending update to database
12:25:08 Gateway/motion 1
Gateway sending update to database
12:25:08 Gateway/motion 1
Gateway sending update to database
12:25:08 Gateway/motion 1
Gateway sending update to database
12:25:08 Gateway/motion 1
Gateway sending update to database
12:25:08 Gateway/motion 1
Gateway sending update to database
12:25:08 Gateway/motion 1
Gateway sending update to database
12:25:08 Gateway/motion 1
Gateway sending update to database
12:25:08 Gateway/motion 1
Gateway sending update to database
12:25:08 Gateway/motion 1
Gateway sending update to database
12:25:08 Gateway/motion 1
Gateway sending update to database
12:25:08 Gateway/motion 1
Gateway sending update to database
12:25:08 Gateway/motion 1
Gateway sending update to database
12:25:08 Gateway/motion 1
Gateway sending update to database
12:25:08 Gateway/motion 1
Gateway sending update to database
12:25:08 Gateway/motion 1
Gateway sending update to database
12:25:08 Gateway/motion 1
Gateway sending update to database
12:25:08 Gateway/motion 1
Gateway sending update to database
12:25:08 Gateway/motion 1
Gateway sending update to database
12:25:08 Gateway/motion 1
Gateway sending update to database
12:25:08 Gateway/motion 1
Gateway sending update to database
12:25:08 Gateway/motion 1
Gateway sending update to database
12:25:08 Gateway/motion 1
Gateway sending update to database
12:25:08 Gateway/motion 1
Gateway sending update to database
12:25:08 Gateway/motion 1
Gateway sending update to database
12:25:08 Gateway/motion 1
Gateway sending update to database
12:25:08 Gateway/motion 1
Gateway sending update to database
12:25:08 Gateway/motion 1
Gateway sending update to database
12:25:08 Gateway/motion 1
Gateway sending update to database
12:25:08 Gateway/motion 1
Gateway sending update to database
12:25:08 Gateway/motion 1
Gateway sending update to database
12:25:08 Gateway/motion 1
Gateway sending update to database
12:25:08 Gateway/motion 1
Gateway sending update to database
12:25:08 Gateway/motion 1
Gateway sending update to database
12:25:08 Gateway/motion 1
Gateway sending update to database
12:25:08 Gateway/motion 1
Gateway sending update to database
12:25:08 Gateway/motion 1
Gateway sending update to database
12:25:08 Gateway/motion 1
Gateway sending update to database
12:25:08 Gateway/motion 1
Gateway sending update to database
12:25:08 Gateway/motion 1
Gateway sending update to database
12:25:08 Gateway/motion 1
Gateway sending update to database
12:25:08 Gateway/motion 1
Gateway sending update to database
12:25:08 Gateway/motion 1
Gateway sending update to database
12:25:08 Gateway/motion 1
Gateway sending update to database
12:25:08 Gateway/motion 1
Gateway sending update to database
12:25:08 Gateway/motion 1
Gateway sending update to database
12:25:08 Gateway/motion 1
Gateway sending update to database
12:25:08 Gateway/motion 1
Gateway sending update to database
12:25:08 Gateway/motion 1
Gateway sending update to database
12:25:08 Gateway/motion 1
Gateway sending update to database
12:25:08 Gateway/motion 1
Gateway sending update to database
12:25:08 Gateway/motion 1
Gateway sending update to database
12:25:08 Gateway/motion 1
Gateway sending update to database
12:25:08 Gateway/motion 1
Gateway sending update to database
12:25:08 Gateway/motion 1
Gateway sending update to database
12:25:08 Gateway/motion 1
Gateway sending update to database
12:25:08 Gateway/motion 1
Gateway sending update to database
12:25:08 Gateway/motion 1
Gateway sending update to database
12:25:08 Gateway/motion 1
Gateway sending update to database
12:25:08 Gateway/motion 1
Gateway sending update to database
12:25:08 Gateway/motion 1
Gateway sending update to database
12:25:08 Gateway/motion 1
Gateway sending update to database
12:25:08 Gateway/motion 1
Gateway sending update to database
12:25:08 Gateway/motion 1
Gateway sending update to database
12:25:08 Gateway/motion 1
Gateway sending update to database
12:25:08 Gateway/motion 1
Gateway sending update to database
12:25:08 Gateway/motion 1
Gateway sending update to database
12:25:08 Gateway/motion 1
Gateway sending update to database
12:25:08 Gateway/motion 1
Gateway sending update to database
12:25:08 Gateway/motion 1
Gateway sending update to database
12:25:08 Gateway/motion 1
Gateway sending update to database
12:25:08 Gateway/motion 1
Gateway sending update to database
12:25:08 Gateway/motion 1
Gateway sending update to database
12:25:08 Gateway/motion 1
Gateway sending update to database
12:25:08 Gateway/motion 1
Gateway sending update to database
12:25:08 Gateway/motion 1
Gateway sending update to database
12:25:08 Gateway/motion 1
Gateway sending update to database
12:25:08 Gateway/motion 1
Gateway sending update to database
12:25:08 Gateway/motion 1
Gateway sending update to database
12:25:08 Gateway/motion 1
Gateway sending update to database
12:25:08 Gateway/motion 1
Gateway sending update to database
12:25:08 Gateway/motion 1
Gateway sending update to database
12:25:08 Gateway/motion 1
Gateway sending update to database
12:25:08 Gateway/motion 1
Gateway sending update to database
12:25:08 Gateway/motion 1
Gateway sending update to database
12:25:08 Gateway/motion 1
Gateway sending update to database
12:25:08 Gateway/motion 1
Gateway sending update to database
12:25:08 Gateway/motion 1
Gateway sending update to database
12:25:08 Gateway/motion 1
Gateway sending update to database
12:25:08 Gateway/motion 1
Gateway sending update to database
12:25:08 Gateway/motion 1
Gateway sending update to database
12:25:08 Gateway/motion 1
Gateway sending update to database
12:25:08 Gateway/motion 1
Gateway sending update to database
12:25:08 Gateway/motion 1
Gateway sending update to database
12:25:08 Gateway/motion 1
Gateway sending update to database
12:25:08 Gateway/motion 1
Gateway sending update to database
12:25:08 Gateway/motion 1
Gateway sending update to database
12:25:08 Gateway/motion 1
Gateway sending update to database
12:25:08 Gateway/motion 1
Gateway sending update to database
12:25:08 Gateway/motion 1
Gateway sending update to database
12:25:08 Gateway/motion 1
Gateway sending update to database
12:25:08 Gateway/motion 1
Gateway sending update to database
12:25:08 Gateway/motion 1
Gateway sending update to database
12:25:08 Gateway/motion 1
Gateway sending update to database
12:25:08 Gateway/motion 1
Gateway sending update to database
12:25:08 Gateway/motion 1
Gateway sending update to database
12:25:08 Gateway/motion 1
Gateway sending update to database
12:25:08 Gateway/motion 1
Gateway sending update to database
12:25:08 Gateway/motion 1
Gateway sending update to database
12:25:08 Gateway/motion 1
Gateway sending update to database
12:25:08 Gateway/motion 1
Gateway sending update to database
12:25:08 Gateway/motion 1
Gateway sending update to database
12:25:08 Gateway/motion 1
Gateway sending update to database
12:25:08 Gateway/motion 1
Gateway sending update to database
12:25:08 Gateway/motion 1
Gateway sending update to database
12:25:08 Gateway/motion 1
Gateway sending update to database
12:25:08 Gateway/motion 1
Gateway sending update to database
12:25:08 Gateway/motion 1
Gateway sending update to database
12:25:08 Gateway/motion 1
Gateway sending update to database
12:25:09 Gateway/motion 1
Gateway sending update to database
12:25:09 Gateway/motion 1
Gateway sending update to database
12:25:09 Gateway/motion 1
Gateway sending update to database
12:25:09 Gateway/motion 1
Gateway sending update to database
12:25:09 Gateway/motion 1
Gateway sending update to database
12:25:09 Gateway/motion 1
Gateway sending update to database
12:25:09 Gateway/motion 1
Gateway sending update to database
12:25:09 Gateway/motion 1
Gateway sending update to database
12:25:09 Gateway/motion 1
Gateway sending update to database
12:25:09 Gateway/motion 1
Gateway sending update to database
12:25:09 Gateway/motion 1
Gateway sending update to database
12:25:09 Gateway/motion 1
Gateway sending update to database
12:25:09 Gateway/motion 1
Gateway sending update to database
12:25:09 Gateway/motion 1
Gateway sending update to database
12:25:09 Gateway/motion 1
Gateway sending update to database
12:25:09 Gateway/motion 1
Gateway sending update to database
12:25:09 Gateway/motion 1
Gateway sending update to database
12:25:09 Gateway/motion 1
Gateway sending update to database
12:25:09 Gateway/motion 1
Gateway sending update to database
12:25:09 Gateway/motion 1
Gateway sending update to database
12:25:09 Gateway/motion 1
Gateway sending update to database
12:25:09 Gateway/motion 1
Gateway sending update to database
12:25:09 Gateway/motion 1
Gateway sending update to database
12:25:09 Gateway/motion 1
Gateway sending update to database
12:25:09 Gateway/motion 1
Gateway sending update to database
12:25:09 Gateway/motion 1
Gateway sending update to database
12:25:09 Gateway/motion 1
Gateway sending update to database
12:25:09 Gateway/motion 1
Gateway sending update to database
12:25:09 Gateway/motion 1
Gateway sending update to database
12:25:09 Gateway/motion 1
Gateway sending update to database
12:25:09 Gateway/motion 1
Gateway sending update to database
12:25:09 Gateway/motion 1
Gateway sending update to database
12:25:09 Gateway/motion 1
Gateway sending update to database
12:25:09 Gateway/motion 1
Gateway sending update to database
12:25:09 Gateway/motion 1
Gateway sending update to database
12:25:09 Gateway/motion 1
Gateway sending update to database
12:25:09 Gateway/motion 1
Gateway sending update to database
12:25:09 Gateway/motion 1
Gateway sending update to database
12:25:09 Gateway/motion 1
Gateway sending update to database
12:25:09 Gateway/motion 1
Gateway sending update to database
12:25:09 Gateway/motion 1
Gateway sending update to database
12:25:09 Gateway/motion 1
Gateway sending update to database
12:25:09 Gateway/motion 1
Gateway sending update to database
12:25:09 Gateway/motion 1
Gateway sending update to database
12:25:09 Gateway/motion 1
Gateway sending update to database
12:25:09 Gateway/motion 1
Gateway sending update to database
12:25:09 Gateway/motion 1
Gateway sending update to database
12:25:09 Gateway/motion 1
Gateway sending update to database
12:25:09 Gateway/motion 1
Gateway sending update to database
12:25:09 Gateway/motion 1
Gateway sending update to database
12:25:09 Gateway/motion 1
Gateway sending update to database
12:25:09 Gateway/motion 1
Gateway sending update to database
12:25:09 Gateway/motion 1
Gateway sending update to database
12:25:09 Gateway/motion 1
Gateway sending update to database
12:25:09 Gateway/motion 1
Gateway sending update to database
12:25:09 Gateway/motion 1
Gateway sending update to database
12:25:09 Gateway/motion 1
Gateway sending update to database
12:25:09 Gateway/motion 1
Gateway sending update to database
12:25:09 Gateway/motion 1
Gateway sending update to database
12:25:09 Gateway/motion 1
Gateway sending update to database
12:25:09 Gateway/motion 1
Gateway sending update to database
12:25:09 Gateway/motion 1
Gateway sending update to database
12:25:09 Gateway/motion 1
Gateway sending update to database
12:25:09 Gateway/motion 1
Gateway sending update to database
12:25:09 Gateway/motion 1
Gateway sending update to database
12:25:09 Gateway/motion 1
Gateway sending update to database
12:25:09 Gateway/motion 1
Gateway sending update to database
12:25:09 Gateway/motion 1
Gateway sending update to database
12:25:09 Gateway/motion 1
Gateway sending update to database
12:25:09 Gateway/motion 1
Gateway sending update to database
12:25:09 Gateway/motion 1
Gateway sending update to database
12:25:09 Gateway/motion 1
Gateway sending update to database
12:25:09 Gateway/motion 1
Gateway sending update to database
12:25:09 Gateway/motion 1
Gateway sending update to database
12:25:09 Gateway/motion 1
Gateway sending update to database
12:25:09 Gateway/motion 1
Gateway sending update to database
12:25:09 Gateway/motion 1
Gateway sending update to database
12:25:09 Gateway/motion 1
Gateway sending update to database
12:25:09 Gateway/motion 1
Gateway sending update to database
12:25:09 Gateway/motion 1
Gateway sending update to database
12:25:09 Gateway/motion 1
Gateway sending update to database
12:25:09 Gateway/motion 1
Gateway sending update to database
12:25:09 Gateway/motion 1
Gateway sending update to database
12:25:09 Gateway/motion 1
Gateway sending update to database
12:25:09 Gateway/motion 1
Gateway sending update to database
12:25:09 Gateway/motion 1
Gateway sending update to database
12:25:09 Gateway/motion 1
Gateway sending update to database
12:25:09 Gateway/motion 1
Gateway sending update to database
12:25:09 Gateway/motion 1
Gateway sending update to database
12:25:09 Gateway/motion 1
Gateway sending update to database
12:25:09 Gateway/motion 1
Gateway sending update to database
12:25:09 Gateway/motion 1
Gateway sending update to database
12:25:09 Gateway/motion 1
Gateway sending update to database
12:25:09 Gateway/motion 1
Gateway sending update to database
12:25:09 Gateway/motion 1
Gateway sending update to database
12:25:09 Gateway/motion 1
Gateway sending update to database
12:25:09 Gateway/motion 1
Gateway sending update to database
12:25:09 Gateway/motion 1
Gateway sending update to database
12:25:09 Gateway/motion 1
Gateway sending update to database
12:25:09 Gateway/motion 1
Gateway sending update to database
12:25:09 Gateway/motion 1
Gateway sending update to database
12:25:09 Gateway/motion 1
Gateway sending update to database
12:25:09 Gateway/motion 1
Gateway sending update to database
12:25:09 Gateway/motion 1
Gateway sending update to database
12:25:09 Gateway/motion 1
Gateway sending update to database
12:25:09 Gateway/motion 1
Gateway sending update to database
12:25:09 Gateway/motion 1
Gateway sending update to database
12:25:09 Gateway/motion 1
Gateway sending update to database
12:25:09 Gateway/motion 1
Gateway sending update to database
12:25:09 Gateway/motion 1
Gateway sending update to database
12:25:09 Gateway/motion 1
Gateway sending update to database
12:25:09 Gateway/motion 1
Gateway sending update to database
12:25:09 Gateway/motion 1
Gateway sending update to database
12:25:09 Gateway/motion 1
Gateway sending update to database
12:25:09 Gateway/motion 1
Gateway sending update to database
12:25:09 Gateway/motion 1
Gateway sending update to database
12:25:09 Gateway/motion 1
Gateway sending update to database
12:25:09 Gateway/motion 1
Gateway sending update to database
12:25:09 Gateway/motion 1
Gateway sending update to database
12:25:09 Gateway/motion 1
Gateway sending update to database
12:25:09 Gateway/motion 1
Gateway sending update to database
12:25:09 Gateway/motion 1
Gateway sending update to database
12:25:09 Gateway/motion 1
Gateway sending update to database
12:25:09 Gateway/motion 1
Gateway sending update to database
12:25:09 Gateway/motion 1
Gateway sending update to database
12:25:09 Gateway/motion 1
Gateway sending update to database
12:25:09 Gateway/motion 1
Gateway sending update to database
12:25:09 Gateway/motion 1
Gateway sending update to database
12:25:09 Gateway/motion 1
Gateway sending update to database
12:25:09 Gateway/motion 1
Gateway sending update to database
12:25:09 Gateway/motion 1
Gateway sending update to database
12:25:09 Gateway/motion 1
Gateway sending update to database
12:25:09 Gateway/motion 1
Gateway sending update to database
12:25:09 Gateway/motion 1
Gateway sending update to database
12:25:09 Gateway/motion 1
Gateway sending update to database
12:25:11 Gateway/motion 1
Gateway sending update to database
12:25:11 Gateway/motion 1
Gateway sending update to database
12:25:11 Gateway/motion 1
Gateway sending update to database
12:25:11 Gateway/motion 1
Gateway sending update to database
12:25:11 Gateway/motion 1
Gateway sending update to database
12:25:11 Gateway/motion 1
Gateway sending update to database
12:25:11 Gateway/motion 1
Gateway sending update to database
12:25:11 Gateway/motion 1
Gateway sending update to database
12:25:11 Gateway/motion 1
Gateway sending update to database
12:25:11 Gateway/motion 1
Gateway sending update to database
12:25:11 Gateway/motion 1
Gateway sending update to database
12:25:11 Gateway/motion 1
Gateway sending update to database
12:25:11 Gateway/motion 1
Gateway sending update to database
12:25:11 Gateway/motion 1
Gateway sending update to database
12:25:11 Gateway/motion 1
Gateway sending update to database
12:25:11 Gateway/motion 1
Gateway sending update to database
12:25:11 Gateway/motion 1
Gateway sending update to database
12:25:11 Gateway/motion 1
Gateway sending update to database
12:25:11 Gateway/motion 1
Gateway sending update to database
12:25:11 Gateway/motion 1
Gateway sending update to database
12:25:11 Gateway/motion 1
Gateway sending update to database
12:25:11 Gateway/motion 1
Gateway sending update to database
12:25:11 Gateway/motion 1
Gateway sending update to database
12:25:11 Gateway/motion 1
Gateway sending update to database
12:25:11 Gateway/motion 1
Gateway sending update to database
12:25:11 Gateway/motion 1
Gateway sending update to database
12:25:11 Gateway/motion 1
Gateway sending update to database
12:25:11 Gateway/motion 1
Gateway sending update to database
12:25:11 Gateway/motion 1
Gateway sending update to database
12:25:11 Gateway/motion 1
Gateway sending update to database
12:25:11 Gateway/motion 1
Gateway sending update to database
12:25:11 Gateway/motion 1
Gateway sending update to database
12:25:11 Gateway/motion 1
Gateway sending update to database
12:25:11 Gateway/motion 1
Gateway sending update to database
12:25:11 Gateway/motion 1
Gateway sending update to database
12:25:11 Gateway/motion 1
Gateway sending update to database
12:25:11 Gateway/motion 1
Gateway sending update to database
12:25:11 Gateway/motion 1
Gateway sending update to database
12:25:11 Gateway/motion 1
Gateway sending update to database
12:25:11 Gateway/motion 1
Gateway sending update to database
12:25:11 Gateway/motion 1
Gateway sending update to database
12:25:11 Gateway/motion 1
Gateway sending update to database
12:25:11 Gateway/motion 1
Gateway sending update to database
12:25:11 Gateway/motion 1
Gateway sending update to database
12:25:11 Gateway/motion 1
Gateway sending update to database
12:25:11 Gateway/motion 1
Gateway sending update to database
12:25:11 Gateway/motion 1
Gateway sending update to database
12:25:11 Gateway/motion 1
Gateway sending update to database
12:25:11 Gateway/motion 1
Gateway sending update to database
12:25:11 Gateway/motion 1
Gateway sending update to database
12:25:11 Gateway/motion 1
Gateway sending update to database
12:25:11 Gateway/motion 1
Gateway sending update to database
12:25:11 Gateway/motion 1
Gateway sending update to database
12:25:11 Gateway/motion 1
Gateway sending update to database
12:25:11 Gateway/motion 1
Gateway sending update to database
12:25:11 Gateway/motion 1
Gateway sending update to database
12:25:11 Gateway/motion 1
Gateway sending update to database
12:25:11 Gateway/motion 1
Gateway sending update to database
12:25:11 Gateway/motion 1
Gateway sending update to database
12:25:11 Gateway/motion 1
Gateway sending update to database
12:25:11 Gateway/motion 1
Gateway sending update to database
12:25:11 Gateway/motion 1
Gateway sending update to database
12:25:11 Gateway/motion 1
Gateway sending update to database
12:25:11 Gateway/motion 1
Gateway sending update to database
12:25:11 Gateway/motion 1
Gateway sending update to database
12:25:11 Gateway/motion 1
Gateway sending update to database
12:25:11 Gateway/motion 1
Gateway sending update to database
12:25:11 Gateway/motion 1
Gateway sending update to database
12:25:11 Gateway/motion 1
Gateway sending update to database
12:25:11 Gateway/motion 1
Gateway sending update to database
12:25:11 Gateway/motion 1
Gateway sending update to database
12:25:11 Gateway/motion 1
Gateway sending update to database
12:25:11 Gateway/motion 1
Gateway sending update to database
12:25:11 Gateway/motion 1
Gateway sending update to database
12:25:11 Gateway/motion 1
Gateway sending update to database
12:25:11 Gateway/motion 1
Gateway sending update to database
12:25:11 Gateway/motion 1
Gateway sending update to database
12:25:11 Gateway/motion 1
Gateway sending update to database
12:25:11 Gateway/motion 1
Gateway sending update to database
12:25:11 Gateway/motion 1
Gateway sending update to database
12:25:11 Gateway/motion 1
Gateway sending update to database
12:25:11 Gateway/motion 1
Gateway sending update to database
12:25:11 Gateway/motion 1
Gateway sending update to database
12:25:11 Gateway/motion 1
Gateway sending update to database
12:25:11 Gateway/motion 1
Gateway sending update to database
12:25:11 Gateway/motion 1
Gateway sending update to database
12:25:11 Gateway/motion 1
Gateway sending update to database
12:25:11 Gateway/motion 1
Gateway sending update to database
12:25:11 Gateway/motion 1
Gateway sending update to database
12:25:11 Gateway/motion 1
Gateway sending update to database
12:25:11 Gateway/motion 1
Gateway sending update to database
12:25:11 Gateway/motion 1
Gateway sending update to database
12:25:11 Gateway/motion 1
Gateway sending update to database
12:25:11 Gateway/motion 1
Gateway sending update to database
12:25:11 Gateway/motion 1
Gateway sending update to database
12:25:11 Gateway/motion 1
Gateway sending update to database
12:25:11 Gateway/motion 1
Gateway sending update to database
12:25:11 Gateway/motion 1
Gateway sending update to database
12:25:11 Gateway/motion 1
Gateway sending update to database
12:25:11 Gateway/motion 1
Gateway sending update to database
12:25:11 Gateway/motion 1
Gateway sending update to database
12:25:11 Gateway/motion 1
Gateway sending update to database
12:25:11 Gateway/motion 1
Gateway sending update to database
12:25:11 Gateway/motion 1
Gateway sending update to database
12:25:11 Gateway/motion 1
Gateway sending update to database
12:25:11 Gateway/motion 1
Gateway sending update to database
12:25:11 Gateway/motion 1
Gateway sending update to database
12:25:11 Gateway/motion 1
Gateway sending update to database
12:25:11 Gateway/motion 1
Gateway sending update to database
12:25:11 Gateway/motion 1
Gateway sending update to database
12:25:11 Gateway/motion 1
Gateway sending update to database
12:25:11 Gateway/motion 1
Gateway sending update to database
12:25:11 Gateway/motion 1
Gateway sending update to database
12:25:11 Gateway/motion 1
Gateway sending update to database
12:25:11 Gateway/motion 1
Gateway sending update to database
12:25:11 Gateway/motion 1
Gateway sending update to database
12:25:11 Gateway/motion 1
Gateway sending update to database
12:25:11 Gateway/motion 1
Gateway sending update to database
12:25:11 Gateway/motion 1
Gateway sending update to database
12:25:11 Gateway/motion 1
Gateway sending update to database
12:25:11 Gateway/motion 1
Gateway sending update to database
12:25:11 Gateway/motion 1
Gateway sending update to database
12:25:11 Gateway/motion 1
Gateway sending update to database
12:25:11 Gateway/motion 1
Gateway sending update to database
12:25:11 Gateway/motion 1
Gateway sending update to database
12:25:11 Gateway/motion 1
Gateway sending update to database
12:25:11 Gateway/motion 1
Gateway sending update to database
12:25:11 Gateway/motion 1
Gateway sending update to database
12:25:11 Gateway/motion 1
Gateway sending update to database
12:25:11 Gateway/motion 1
Gateway sending update to database
12:25:11 Gateway/motion 1
Gateway sending update to database
12:25:11 Gateway/motion 1
Gateway sending update to database
12:25:11 Gateway/motion 1
Gateway sending update to database
12:25:11 Gateway/motion 1
Gateway sending update to database
12:25:11 Gateway/motion 1
Gateway sending update to database
12:25:11 Gateway/motion 1
Gateway sending update to database
12:25:11 Gateway/motion 1
Gateway sending update to database
12:25:11 Gateway/motion 1
Gateway sending update to database
12:25:11 Gateway/motion 1
Gateway sending update to database
12:25:11 Gateway/motion 1
Gateway sending update to database
12:25:11 Gateway/motion 1
Gateway sending update to database
12:25:11 Gateway/motion 1
Gateway sending update to database
12:25:11 Gateway/motion 1
Gateway sending update to database
12:25:11 Gateway/motion 1
Gateway sending update to database
12:25:11 Gateway/motion 1
Gateway sending update to database
12:25:11 Gateway/motion 1
Gateway sending update to database
12:25:11 Gateway/motion 1
Gateway sending update to database
12:25:11 Gateway/motion 1
Gateway sending update to database
12:25:11 Gateway/motion 1
Gateway sending update to database
12:25:11 Gateway/motion 1
Gateway sending update to database
12:25:11 Gateway/motion 1
Gateway sending update to database
12:25:11 Gateway/motion 1
Gateway sending update to database
12:25:11 Gateway/motion 1
Gateway sending update to database
12:25:11 Gateway/motion 1
Gateway sending update to database
12:25:11 Gateway/motion 1
Gateway sending update to database
12:25:11 Gateway/motion 1
Gateway sending update to database
12:25:11 Gateway/motion 1
Gateway sending update to database
12:25:11 Gateway/motion 1
Gateway sending update to database
12:25:11 Gateway/motion 1
Gateway sending update to database
12:25:11 Gateway/motion 1
Gateway sending update to database
12:25:11 Gateway/motion 1
Gateway sending update to database
12:25:11 Gateway/motion 1
Gateway sending update to database
12:25:11 Gateway/motion 1
Gateway sending update to database
12:25:11 Gateway/motion 1
Gateway sending update to database
12:25:11 Gateway/motion 1
Gateway sending update to database
12:25:11 Gateway/motion 1
Gateway sending update to database
12:25:11 Gateway/motion 1
Gateway sending update to database
12:25:11 Gateway/motion 1
Gateway sending update to database
12:25:11 Gateway/motion 1
Gateway sending update to database
12:25:11 Gateway/motion 1
Gateway sending update to database
12:25:11 Gateway/motion 1
Gateway sending update to database
12:25:11 Gateway/motion 1
Gateway sending update to database
12:25:11 Gateway/motion 1
Gateway sending update to database
12:25:11 Gateway/motion 1
Gateway sending update to database
12:25:11 Gateway/motion 1
Gateway sending update to database
12:25:11 Gateway/motion 1
Gateway sending update to database
12:25:11 Gateway/motion 1
Gateway sending update to database
12:25:11 Gateway/motion 1
Gateway sending update to database
12:25:11 Gateway/motion 1
Gateway sending update to database
12:25:11 Gateway/motion 1
Gateway sending update to database
12:25:11 Gateway/motion 1
Gateway sending update to database
12:25:11 Gateway/motion 1
Gateway sending update to database
12:25:11 Gateway/motion 1
Gateway sending update to database
12:25:11 Gateway/motion 1
Gateway sending update to database
12:25:11 Gateway/motion 1
Gateway sending update to database
12:25:11 Gateway/motion 1
Gateway sending update to database
12:25:11 Gateway/motion 1
Gateway sending update to database
12:25:11 Gateway/motion 1
Gateway sending update to database
12:25:11 Gateway/motion 1
Gateway sending update to database
12:25:11 Gateway/motion 1
Gateway sending update to database
12:25:11 Gateway/motion 1
Gateway sending update to database
12:25:11 Gateway/motion 1
Gateway sending update to database
12:25:11 Gateway/motion 1
Gateway sending update to database
12:25:11 Gateway/motion 1
Gateway sending update to database
12:25:11 Gateway/motion 1
Gateway sending update to database
12:25:11 Gateway/motion 1
Gateway sending update to database
12:25:11 Gateway/motion 1
Gateway sending update to database
12:25:11 Gateway/motion 1
Gateway sending update to database
12:25:11 Gateway/motion 1
Gateway sending update to database
12:25:11 Gateway/motion 1
Gateway sending update to database
12:25:11 Gateway/motion 1
Gateway sending update to database
12:25:11 Gateway/motion 1
Gateway sending update to database
12:25:11 Gateway/motion 1
Gateway sending update to database
12:25:11 Gateway/motion 1
Gateway sending update to database
12:25:11 Gateway/motion 1
Gateway sending update to database
12:25:11 Gateway/motion 1
Gateway sending update to database
12:25:11 Gateway/motion 1
Gateway sending update to database
12:25:11 Gateway/motion 1
Gateway sending update to database
12:25:11 Gateway/motion 1
Gateway sending update to database
12:25:11 Gateway/motion 1
Gateway sending update to database
12:25:11 Gateway/motion 1
Gateway sending update to database
12:25:11 Gateway/motion 1
Gateway sending update to database
12:25:11 Gateway/motion 1
Gateway sending update to database
12:25:11 Gateway/motion 1
Gateway sending update to database
12:25:11 Gateway/motion 1
Gateway sending update to database
12:25:11 Gateway/motion 1
Gateway sending update to database
12:25:11 Gateway/motion 1
Gateway sending update to database
12:25:11 Gateway/motion 1
Gateway sending update to database
12:25:11 Gateway/motion 1
Gateway sending update to database
12:25:11 Gateway/motion 1
Gateway sending update to database
12:25:11 Gateway/motion 1
Gateway sending update to database
12:25:11 Gateway/motion 1
Gateway sending update to database
12:25:11 Gateway/motion 1
Gateway sending update to database
12:25:11 Gateway/motion 1
Gateway sending update to database
12:25:11 Gateway/motion 1
Gateway sending update to database
12:25:11 Gateway/motion 1
Gateway sending update to database
12:25:11 Gateway/motion 1
Gateway sending update to database
12:25:11 Gateway/motion 1
Gateway sending update to database
12:25:11 Gateway/motion 1
Gateway sending update to database
12:25:11 Gateway/motion 1
Gateway sending update to database
12:25:11 Gateway/motion 1
Gateway sending update to database
12:25:11 Gateway/motion 1
Gateway sending update to database
12:25:11 Gateway/motion 1
Gateway sending update to database
12:25:11 Gateway/motion 1
Gateway sending update to database
12:25:11 Gateway/motion 1
Gateway sending update to database
12:25:11 Gateway/motion 1
Gateway sending update to database
12:25:11 Gateway/motion 1
Gateway sending update to database
12:25:11 Gateway/motion 1
Gateway sending update to database
12:25:11 Gateway/motion 1
Gateway sending update to database
12:25:11 Gateway/motion 1
Gateway sending update to database
12:25:11 Gateway/motion 1
Gateway sending update to database
12:25:11 Gateway/motion 1
Gateway sending update to database
12:25:11 Gateway/motion 1
Gateway sending update to database
12:25:11 Gateway/motion 1
Gateway sending update to database
12:25:11 Gateway/motion 1
Gateway sending update to database
12:25:11 Gateway/motion 1
Gateway sending update to database
12:25:11 Gateway/motion 1
Gateway sending update to database
12:25:11 Gateway/motion 1
Gateway sending update to database
12:25:11 Gateway/motion 1
Gateway sending update to database
12:25:11 Gateway/motion 1
Gateway sending update to database
12:25:11 Gateway/motion 1
Gateway sending update to database
12:25:11 Gateway/motion 1
Gateway sending update to database
12:25:11 Gateway/motion 1
Gateway sending update to database
12:25:11 Gateway/motion 1
Gateway sending update to database
12:25:11 Gateway/motion 1
Gateway sending update to database
12:25:11 Gateway/motion 1
Gateway sending update to database
12:25:11 Gateway/motion 1
Gateway sending update to database
12:25:11 Gateway/motion 1
Gateway sending update to database
12:25:11 Gateway/motion 1
Gateway sending update to database
12:25:11 Gateway/motion 1
Gateway sending update to database
12:25:11 Gateway/motion 1
Gateway sending update to database
12:25:11 Gateway/motion 1
Gateway sending update to database
12:25:11 Gateway/motion 1
Gateway sending update to database
12:25:11 Gateway/motion 1
Gateway sending update to database
12:25:11 Gateway/motion 1
Gateway sending update to database
12:25:11 Gateway/motion 1
Gateway sending update to database
12:25:11 Gateway/motion 1
Gateway sending update to database
12:25:11 Gateway/motion 1
Gateway sending update to database
12:25:11 Gateway/motion 1
Gateway sending update to database
12:25:11 Gateway/motion 1
Gateway sending update to database
12:25:11 Gateway/motion 1
Gateway sending update to database
12:25:11 Gateway/motion 1
Gateway sending update to database
12:25:11 Gateway/motion 1
Gateway sending update to database
12:25:11 Gateway/motion 1
Gateway sending update to database
12:25:11 Gateway/motion 1
Gateway sending update to database
12:25:11 Gateway/motion 1
Gateway sending update to database
12:25:11 Gateway/motion 1
Gateway sending update to database
12:25:11 Gateway/motion 1
Gateway sending update to database
12:25:11 Gateway/motion 1
Gateway sending update to database
12:25:11 Gateway/motion 1
Gateway sending update to database
12:25:11 Gateway/motion 1
Gateway sending update to database
12:25:11 Gateway/motion 1
Gateway sending update to database
12:25:11 Gateway/motion 1
Gateway sending update to database
12:25:11 Gateway/motion 1
Gateway sending update to database
12:25:11 Gateway/motion 1
Gateway sending update to database
12:25:11 Gateway/motion 1
Gateway sending update to database
12:25:11 Gateway/motion 1
Gateway sending update to database
12:25:11 Gateway/motion 1
Gateway sending update to database
12:25:11 Gateway/motion 1
Gateway sending update to database
12:25:11 Gateway/motion 1
Gateway sending update to database
12:25:11 Gateway/motion 1
Gateway sending update to database
12:25:11 Gateway/motion 1
Gateway sending update to database
12:25:11 Gateway/motion 1
Gateway sending update to database
12:25:11 Gateway/motion 1
Gateway sending update to database
12:25:11 Gateway/motion 1
Gateway sending update to database
12:25:11 Gateway/motion 1
Gateway sending update to database
12:25:11 Gateway/motion 1
Gateway sending update to database
12:25:11 Gateway/motion 1
Gateway sending update to database
12:25:11 Gateway/motion 1
Gateway sending update to database
12:25:11 Gateway/motion 1
Gateway sending update to database
12:25:11 Gateway/motion 1
Gateway sending update to database
12:25:11 Gateway/motion 1
Gateway sending update to database
12:25:11 Gateway/motion 1
Gateway sending update to database
12:25:11 Gateway/motion 1
Gateway sending update to database
12:25:11 Gateway/motion 1
Gateway sending update to database
12:25:11 Gateway/motion 1
Gateway sending update to database
12:25:11 Gateway/motion 1
Gateway sending update to database
12:25:11 Gateway/motion 1
Gateway sending update to database
12:25:11 Gateway/motion 1
Gateway sending update to database
12:25:11 Gateway/motion 1
Gateway sending update to database
12:25:11 Gateway/motion 1
Gateway sending update to database
12:25:11 Gateway/motion 1
Gateway sending update to database
12:25:11 Gateway/motion 1
Gateway sending update to database
12:25:11 Gateway/motion 1
Gateway sending update to database
12:25:11 Gateway/motion 1
Gateway sending update to database
12:25:11 Gateway/motion 1
Gateway sending update to database
12:25:11 Gateway/motion 1
Gateway sending update to database
12:25:11 Gateway/motion 1
Gateway sending update to database
12:25:11 Gateway/motion 1
Gateway sending update to database
12:25:11 Gateway/motion 1
Gateway sending update to database
12:25:11 Gateway/motion 1
Gateway sending update to database
12:25:11 Gateway/motion 1
Gateway sending update to database
12:25:11 Gateway/motion 1
Gateway sending update to database
12:25:11 Gateway/motion 1
Gateway sending update to database
12:25:11 Gateway/motion 1
Gateway sending update to database
12:25:11 Gateway/motion 1
Gateway sending update to database
12:25:11 Gateway/motion 1
Gateway sending update to database
12:25:11 Gateway/motion 1
Gateway sending update to database
12:25:11 Gateway/motion 1
Gateway sending update to database
12:25:11 Gateway/motion 1
Gateway sending update to database
12:25:11 Gateway/motion 1
Gateway sending update to database
12:25:11 Gateway/motion 1
Gateway sending update to database
12:25:11 Gateway/motion 1
Gateway sending update to database
12:25:11 Gateway/motion 1
Gateway sending update to database
12:25:11 Gateway/motion 1
Gateway sending update to database
12:25:11 Gateway/motion 1
Gateway sending update to database
12:25:11 Gateway/motion 1
Gateway sending update to database
12:25:11 Gateway/motion 1
Gateway sending update to database
12:25:11 Gateway/motion 1
Gateway sending update to database
12:25:11 Gateway/motion 1
Gateway sending update to database
12:25:11 Gateway/motion 1
Gateway sending update to database
12:25:11 Gateway/motion 1
Gateway sending update to database
12:25:11 Gateway/motion 1
Gateway sending update to database
12:25:11 Gateway/motion 1
Gateway sending update to database
12:25:11 Gateway/motion 1
Gateway sending update to database
12:25:11 Gateway/motion 1
Gateway sending update to database
12:25:11 Gateway/motion 1
Gateway sending update to database
12:25:11 Gateway/motion 1
Gateway sending update to database
12:25:11 Gateway/motion 1
Gateway sending update to database
12:25:11 Gateway/motion 1
Gateway sending update to database
12:25:11 Gateway/motion 1
Gateway sending update to database
12:25:11 Gateway/motion 1
Gateway sending update to database
12:25:11 Gateway/motion 1
Gateway sending update to database
12:25:11 Gateway/motion 1
Gateway sending update to database
12:25:11 Gateway/motion 1
Gateway sending update to database
12:25:11 Gateway/motion 1
Gateway sending update to database
12:25:11 Gateway/motion 1
Gateway sending update to database
12:25:11 Gateway/motion 1
Gateway sending update to database
12:25:11 Gateway/motion 1
Gateway sending update to database
12:25:11 Gateway/motion 1
Gateway sending update to database
12:25:11 Gateway/motion 1
Gateway sending update to database
12:25:11 Gateway/motion 1
Gateway sending update to database
12:25:11 Gateway/motion 1
Gateway sending update to database
12:25:11 Gateway/motion 1
Gateway sending update to database
12:25:11 Gateway/motion 1
Gateway sending update to database
12:25:11 Gateway/motion 1
Gateway sending update to database
12:25:11 Gateway/motion 1
Gateway sending update to database
12:25:11 Gateway/motion 1
Gateway sending update to database
12:25:11 Gateway/motion 1
Gateway sending update to database
12:25:11 Gateway/motion 1
Gateway sending update to database
12:25:11 Gateway/motion 1
Gateway sending update to database
12:25:11 Gateway/motion 1
Gateway sending update to database
12:25:11 Gateway/motion 1
Gateway sending update to database
12:25:11 Gateway/motion 1
Gateway sending update to database
12:25:11 Gateway/motion 1
Gateway sending update to database
12:25:11 Gateway/motion 1
Gateway sending update to database
12:25:11 Gateway/motion 1
Gateway sending update to database
12:25:11 Gateway/motion 1
Gateway sending update to database
12:25:11 Gateway/motion 1
Gateway sending update to database
12:25:11 Gateway/motion 1
Gateway sending update to database
12:25:11 Gateway/motion 1
Gateway sending update to database
12:25:11 Gateway/motion 1
Gateway sending update to database
12:25:11 Gateway/motion 1
Gateway sending update to database
12:25:11 Gateway/motion 1
Gateway sending update to database
12:25:11 Gateway/motion 1
Gateway sending update to database
12:25:11 Gateway/motion 1
Gateway sending update to database
12:25:11 Gateway/motion 1
Gateway sending update to database
12:25:11 Gateway/motion 1
Gateway sending update to database
12:25:11 Gateway/motion 1
Gateway sending update to database
12:25:11 Gateway/motion 1
Gateway sending update to database
12:25:11 Gateway/motion 1
Gateway sending update to database
12:25:11 Gateway/motion 1
Gateway sending update to database
12:25:11 Gateway/motion 1
Gateway sending update to database
12:25:11 Gateway/motion 1
Gateway sending update to database
12:25:11 Gateway/motion 1
Gateway sending update to database
12:25:11 Gateway/motion 1
Gateway sending update to database
12:25:11 Gateway/motion 1
Gateway sending update to database
12:25:11 Gateway/motion 1
Gateway sending update to database
12:25:11 Gateway/motion 1
Gateway sending update to database
12:25:11 Gateway/motion 1
Gateway sending update to database
12:25:11 Gateway/motion 1
Gateway sending update to database
12:25:11 Gateway/motion 1
Gateway sending update to database
12:25:11 Gateway/motion 1
Gateway sending update to database
12:25:11 Gateway/motion 1
Gateway sending update to database
12:25:11 Gateway/motion 1
Gateway sending update to database
12:25:11 Gateway/motion 1
Gateway sending update to database
12:25:11 Gateway/motion 1
Gateway sending update to database
12:25:11 Gateway/motion 1
Gateway sending update to database
12:25:11 Gateway/motion 1
Gateway sending update to database
12:25:11 Gateway/motion 1
Gateway sending update to database
12:25:11 Gateway/motion 1
Gateway sending update to database
12:25:11 Gateway/motion 1
Gateway sending update to database
12:25:12 Gateway/motion 1
Gateway sending update to database
12:25:12 Gateway/motion 1
Gateway sending update to database
12:25:12 Gateway/motion 1
Gateway sending update to database
12:25:12 Gateway/motion 1
Gateway sending update to database
12:25:12 Gateway/motion 1
Gateway sending update to database
12:25:12 Gateway/motion 1
Gateway sending update to database
12:25:12 Gateway/motion 1
Gateway sending update to database
12:25:12 Gateway/motion 1
Gateway sending update to database
12:25:12 Gateway/motion 1
Gateway sending update to database
12:25:12 Gateway/motion 1
Gateway sending update to database
12:25:12 Gateway/motion 1
Gateway sending update to database
12:25:12 Gateway/motion 1
Gateway sending update to database
12:25:12 Gateway/motion 1
Gateway sending update to database
12:25:12 Gateway/motion 1
Gateway sending update to database
12:25:12 Gateway/motion 1
Gateway sending update to database
12:25:12 Gateway/motion 1
Gateway sending update to database
12:25:12 Gateway/motion 1
Gateway sending update to database
12:25:12 Gateway/motion 1
Gateway sending update to database
12:25:12 Gateway/motion 1
Gateway sending update to database
12:25:12 Gateway/motion 1
Gateway sending update to database
12:25:12 Gateway/motion 1
Gateway sending update to database
12:25:12 Gateway/motion 1
Gateway sending update to database
12:25:12 Gateway/motion 1
Gateway sending update to database
12:25:12 Gateway/motion 1
Gateway sending update to database
12:25:12 Gateway/motion 1
Gateway sending update to database
12:25:12 Gateway/motion 1
Gateway sending update to database
12:25:12 Gateway/motion 1
Gateway sending update to database
12:25:12 Gateway/motion 1
Gateway sending update to database
12:25:12 Gateway/motion 1
Gateway sending update to database
12:25:12 Gateway/motion 1
Gateway sending update to database
12:25:12 Gateway/motion 1
Gateway sending update to database
12:25:12 Gateway/motion 1
Gateway sending update to database
12:25:12 Gateway/motion 1
Gateway sending update to database
12:25:12 Gateway/motion 1
Gateway sending update to database
12:25:12 Gateway/motion 1
Gateway sending update to database
12:25:12 Gateway/motion 1
Gateway sending update to database
12:25:12 Gateway/motion 1
Gateway sending update to database
12:25:12 Gateway/motion 1
Gateway sending update to database
12:25:12 Gateway/motion 1
Gateway sending update to database
12:25:12 Gateway/motion 1
Gateway sending update to database
12:25:12 Gateway/motion 1
Gateway sending update to database
12:25:12 Gateway/motion 1
Gateway sending update to database
12:25:12 Gateway/motion 1
Gateway sending update to database
12:25:12 Gateway/motion 1
Gateway sending update to database
12:25:12 Gateway/motion 1
Gateway sending update to database
12:25:12 Gateway/motion 1
Gateway sending update to database
12:25:12 Gateway/motion 1
Gateway sending update to database
12:25:12 Gateway/motion 1
Gateway sending update to database
12:25:12 Gateway/motion 1
Gateway sending update to database
12:25:12 Gateway/motion 1
Gateway sending update to database
12:25:12 Gateway/motion 1
Gateway sending update to database
12:25:12 Gateway/motion 1
Gateway sending update to database
12:25:12 Gateway/motion 1
Gateway sending update to database
12:25:12 Gateway/motion 1
Gateway sending update to database
12:25:12 Gateway/motion 1
Gateway sending update to database
12:25:12 Gateway/motion 1
Gateway sending update to database
12:25:12 Gateway/motion 1
Gateway sending update to database
12:25:12 Gateway/motion 1
Gateway sending update to database
12:25:12 Gateway/motion 1
Gateway sending update to database
12:25:12 Gateway/motion 1
Gateway sending update to database
12:25:12 Gateway/motion 1
Gateway sending update to database
12:25:12 Gateway/motion 1
Gateway sending update to database
12:25:12 Gateway/motion 1
Gateway sending update to database
12:25:12 Gateway/motion 1
Gateway sending update to database
12:25:12 Gateway/motion 1
Gateway sending update to database
12:25:12 Gateway/motion 1
Gateway sending update to database
12:25:12 Gateway/motion 1
Gateway sending update to database
12:25:12 Gateway/motion 1
Gateway sending update to database
12:25:12 Gateway/motion 1
Gateway sending update to database
12:25:12 Gateway/motion 1
Gateway sending update to database
12:25:12 Gateway/motion 1
Gateway sending update to database
12:25:12 Gateway/motion 1
Gateway sending update to database
12:25:12 Gateway/motion 1
Gateway sending update to database
12:25:12 Gateway/motion 1
Gateway sending update to database
12:25:12 Gateway/motion 1
Gateway sending update to database
12:25:12 Gateway/motion 1
Gateway sending update to database
12:25:12 Gateway/motion 1
Gateway sending update to database
12:25:12 Gateway/motion 1
Gateway sending update to database
12:25:12 Gateway/motion 1
Gateway sending update to database
12:25:12 Gateway/motion 1
Gateway sending update to database
12:25:12 Gateway/motion 1
Gateway sending update to database
12:25:12 Gateway/motion 1
Gateway sending update to database
12:25:12 Gateway/motion 1
Gateway sending update to database
12:25:12 Gateway/motion 1
Gateway sending update to database
12:25:12 Gateway/motion 1
Gateway sending update to database
12:25:12 Gateway/motion 1
Gateway sending update to database
12:25:12 Gateway/motion 1
Gateway sending update to database
12:25:12 Gateway/motion 1
Gateway sending update to database
12:25:12 Gateway/motion 1
Gateway sending update to database
12:25:12 Gateway/motion 1
Gateway sending update to database
12:25:12 Gateway/motion 1
Gateway sending update to database
12:25:12 Gateway/motion 1
Gateway sending update to database
12:25:12 Gateway/motion 1
Gateway sending update to database
12:25:12 Gateway/motion 1
Gateway sending update to database
12:25:12 Gateway/motion 1
Gateway sending update to database
12:25:12 Gateway/motion 1
Gateway sending update to database
12:25:12 Gateway/motion 1
Gateway sending update to database
12:25:12 Gateway/motion 1
Gateway sending update to database
12:25:12 Gateway/motion 1
Gateway sending update to database
12:25:12 Gateway/motion 1
Gateway sending update to database
12:25:12 Gateway/motion 1
Gateway sending update to database
12:25:12 Gateway/motion 1
Gateway sending update to database
12:25:12 Gateway/motion 1
Gateway sending update to database
12:25:12 Gateway/motion 1
Gateway sending update to database
12:25:12 Gateway/motion 1
Gateway sending update to database
12:25:12 Gateway/motion 1
Gateway sending update to database
12:25:12 Gateway/motion 1
Gateway sending update to database
12:25:12 Gateway/motion 1
Gateway sending update to database
12:25:12 Gateway/motion 1
Gateway sending update to database
12:25:12 Gateway/motion 1
Gateway sending update to database
12:25:12 Gateway/motion 1
Gateway sending update to database
12:25:12 Gateway/motion 1
Gateway sending update to database
12:25:12 Gateway/motion 1
Gateway sending update to database
12:25:12 Gateway/motion 1
Gateway sending update to database
12:25:12 Gateway/motion 1
Gateway sending update to database
12:25:12 Gateway/motion 1
Gateway sending update to database
12:25:12 Gateway/motion 1
Gateway sending update to database
12:25:12 Gateway/motion 1
Gateway sending update to database
12:25:12 Gateway/motion 1
Gateway sending update to database
12:25:12 Gateway/motion 1
Gateway sending update to database
12:25:12 Gateway/motion 1
Gateway sending update to database
12:25:12 Gateway/motion 1
Gateway sending update to database
12:25:12 Gateway/motion 1
Gateway sending update to database
12:25:12 Gateway/motion 1
Gateway sending update to database
12:25:12 Gateway/motion 1
Gateway sending update to database
12:25:12 Gateway/motion 1
Gateway sending update to database
12:25:12 Gateway/motion 1
Gateway sending update to database
12:25:12 Gateway/motion 1
Gateway sending update to database
12:25:12 Gateway/motion 1
Gateway sending update to database
12:25:12 Gateway/motion 1
Gateway sending update to database
12:25:12 Gateway/motion 1
Gateway sending update to database
12:25:12 Gateway/motion 1
Gateway sending update to database
12:25:12 Gateway/motion 1
Gateway sending update to database
12:25:12 Gateway/motion 1
Gateway sending update to database
12:25:12 Gateway/motion 1
Gateway sending update to database
12:25:12 Gateway/motion 1
Gateway sending update to database
12:25:12 Gateway/motion 1
Gateway sending update to database
12:25:12 Gateway/motion 1
Gateway sending update to database
12:25:12 Gateway/motion 1
Gateway sending update to database
12:25:12 Gateway/motion 1
Gateway sending update to database
12:25:12 Gateway/motion 1
Gateway sending update to database
12:25:12 Gateway/motion 1
Gateway sending update to database
12:25:12 Gateway/motion 1
Gateway sending update to database
12:25:12 Gateway/motion 1
Gateway sending update to database
12:25:12 Gateway/motion 1
Gateway sending update to database
12:25:12 Gateway/motion 1
Gateway sending update to database
12:25:12 Gateway/motion 1
Gateway sending update to database
12:25:12 Gateway/motion 1
Gateway sending update to database
12:25:12 Gateway/motion 1
Gateway sending update to database
12:25:12 Gateway/motion 1
Gateway sending update to database
12:25:12 Gateway/motion 1
Gateway sending update to database
12:25:12 Gateway/motion 1
Gateway sending update to database
12:25:12 Gateway/motion 1
Gateway sending update to database
12:25:12 Gateway/motion 1
Gateway sending update to database
12:25:12 Gateway/motion 1
Gateway sending update to database
12:25:12 Gateway/motion 1
Gateway sending update to database
12:25:12 Gateway/motion 1
Gateway sending update to database
12:25:12 Gateway/motion 1
Gateway sending update to database
12:25:12 Gateway/motion 1
Gateway sending update to database
12:25:12 Gateway/motion 1
Gateway sending update to database
12:25:12 Gateway/motion 1
Gateway sending update to database
12:25:12 Gateway/motion 1
Gateway sending update to database
12:25:12 Gateway/motion 1
Gateway sending update to database
12:25:12 Gateway/motion 1
Gateway sending update to database
12:25:12 Gateway/motion 1
Gateway sending update to database
12:25:12 Gateway/motion 1
Gateway sending update to database
12:25:12 Gateway/motion 1
Gateway sending update to database
12:25:12 Gateway/motion 1
Gateway sending update to database
12:25:12 Gateway/motion 1
Gateway sending update to database
12:25:12 Gateway/motion 1
Gateway sending update to database
12:25:12 Gateway/motion 1
Gateway sending update to database
12:25:12 Gateway/motion 1
Gateway sending update to database
12:25:12 Gateway/motion 1
Gateway sending update to database
12:25:12 Gateway/motion 1
Gateway sending update to database
12:25:12 Gateway/motion 1
Gateway sending update to database
12:25:12 Gateway/motion 1
Gateway sending update to database
12:25:12 Gateway/motion 1
Gateway sending update to database
12:25:12 Gateway/motion 1
Gateway sending update to database
12:25:12 Gateway/motion 1
Gateway sending update to database
12:25:12 Gateway/motion 1
Gateway sending update to database
12:25:12 Gateway/motion 1
Gateway sending update to database
12:25:12 Gateway/motion 1
Gateway sending update to database
12:25:12 Gateway/motion 1
Gateway sending update to database
12:25:12 Gateway/motion 1
Gateway sending update to database
12:25:12 Gateway/motion 1
Gateway sending update to database
12:25:12 Gateway/motion 1
Gateway sending update to database
12:25:12 Gateway/motion 1
Gateway sending update to database
12:25:12 Gateway/motion 1
Gateway sending update to database
12:25:12 Gateway/motion 1
Gateway sending update to database
12:25:12 Gateway/motion 1
Gateway sending update to database
12:25:12 Gateway/motion 1
Gateway sending update to database
12:25:12 Gateway/motion 1
Gateway sending update to database
12:25:12 Gateway/motion 1
Gateway sending update to database
12:25:12 Gateway/motion 1
Gateway sending update to database
12:25:12 Gateway/motion 1
Gateway sending update to database
12:25:12 Gateway/motion 1
Gateway sending update to database
12:25:12 Gateway/motion 1
Gateway sending update to database
12:25:12 Gateway/motion 1
Gateway sending update to database
12:25:12 Gateway/motion 1
Gateway sending update to database
12:25:12 Gateway/motion 1
Gateway sending update to database
12:25:12 Gateway/motion 1
Gateway sending update to database
12:25:12 Gateway/motion 1
Gateway sending update to database
12:25:12 Gateway/motion 1
Gateway sending update to database
12:25:12 Gateway/motion 1
Gateway sending update to database
12:25:12 Gateway/motion 1
Gateway sending update to database
12:25:12 Gateway/motion 1
Gateway sending update to database
12:25:12 Gateway/motion 1
Gateway sending update to database
12:25:12 Gateway/motion 1
Gateway sending update to database
12:25:12 Gateway/motion 1
Gateway sending update to database
12:25:12 Gateway/motion 1
Gateway sending update to database
12:25:12 Gateway/motion 1
Gateway sending update to database
12:25:12 Gateway/motion 1
Gateway sending update to database
12:25:12 Gateway/motion 1
Gateway sending update to database
12:25:12 Gateway/motion 1
Gateway sending update to database
12:25:12 Gateway/motion 1
Gateway sending update to database
12:25:12 Gateway/motion 1
Gateway sending update to database
12:25:12 Gateway/motion 1
Gateway sending update to database
12:25:12 Gateway/motion 1
Gateway sending update to database
12:25:12 Gateway/motion 1
Gateway sending update to database
12:25:12 Gateway/motion 1
Gateway sending update to database
12:25:12 Gateway/motion 1
Gateway sending update to database
12:25:12 Gateway/motion 1
Gateway sending update to database
12:25:12 Gateway/motion 1
Gateway sending update to database
12:25:12 Gateway/motion 1
Gateway sending update to database
12:25:12 Gateway/motion 1
Gateway sending update to database
12:25:13 Gateway/motion 1
Gateway sending update to database
12:25:13 Gateway/motion 1
Gateway sending update to database
12:25:13 Gateway/motion 1
Gateway sending update to database
12:25:13 Gateway/motion 1
Gateway sending update to database
12:25:13 Gateway/motion 1
Gateway sending update to database
12:25:13 Gateway/motion 1
Gateway sending update to database
12:25:13 Gateway/motion 1
Gateway sending update to database
12:25:13 Gateway/motion 1
Gateway sending update to database
12:25:13 Gateway/motion 1
Gateway sending update to database
12:25:13 Gateway/motion 1
Gateway sending update to database
12:25:13 Gateway/motion 1
Gateway sending update to database
12:25:13 Gateway/motion 1
Gateway sending update to database
12:25:13 Gateway/motion 1
Gateway sending update to database
12:25:13 Gateway/motion 1
Gateway sending update to database
12:25:13 Gateway/motion 1
Gateway sending update to database
12:25:13 Gateway/motion 1
Gateway sending update to database
12:25:13 Gateway/motion 1
Gateway sending update to database
12:25:13 Gateway/motion 1
Gateway sending update to database
12:25:13 Gateway/motion 1
Gateway sending update to database
12:25:13 Gateway/motion 1
Gateway sending update to database
12:25:13 Gateway/motion 1
Gateway sending update to database
12:25:13 Gateway/motion 1
Gateway sending update to database
12:25:13 Gateway/motion 1
Gateway sending update to database
12:25:13 Gateway/motion 1
Gateway sending update to database
12:25:13 Gateway/motion 1
Gateway sending update to database
12:25:13 Gateway/motion 1
Gateway sending update to database
12:25:13 Gateway/motion 1
Gateway sending update to database
12:25:13 Gateway/motion 1
Gateway sending update to database
12:25:13 Gateway/motion 1
Gateway sending update to database
12:25:13 Gateway/motion 1
Gateway sending update to database
12:25:13 Gateway/motion 1
Gateway sending update to database
12:25:13 Gateway/motion 1
Gateway sending update to database
12:25:13 Gateway/motion 1
Gateway sending update to database
12:25:13 Gateway/motion 1
Gateway sending update to database
12:25:13 Gateway/motion 1
Gateway sending update to database
12:25:13 Gateway/motion 1
Gateway sending update to database
12:25:13 Gateway/motion 1
Gateway sending update to database
12:25:13 Gateway/motion 1
Gateway sending update to database
12:25:13 Gateway/motion 1
Gateway sending update to database
12:25:13 Gateway/motion 1
Gateway sending update to database
12:25:13 Gateway/motion 1
Gateway sending update to database
12:25:13 Gateway/motion 1
Gateway sending update to database
12:25:13 Gateway/motion 1
Gateway sending update to database
12:25:13 Gateway/motion 1
Gateway sending update to database
12:25:13 Gateway/motion 1
Gateway sending update to database
12:25:13 Gateway/motion 1
Gateway sending update to database
12:25:13 Gateway/motion 1
Gateway sending update to database
12:25:13 Gateway/motion 1
Gateway sending update to database
12:25:13 Gateway/motion 1
Gateway sending update to database
12:25:13 Gateway/motion 1
Gateway sending update to database
12:25:13 Gateway/motion 1
Gateway sending update to database
12:25:13 Gateway/motion 1
Gateway sending update to database
12:25:13 Gateway/motion 1
Gateway sending update to database
12:25:13 Gateway/motion 1
Gateway sending update to database
12:25:13 Gateway/motion 1
Gateway sending update to database
12:25:13 Gateway/motion 1
Gateway sending update to database
12:25:13 Gateway/motion 1
Gateway sending update to database
12:25:13 Gateway/motion 1
Gateway sending update to database
12:25:13 Gateway/motion 1
Gateway sending update to database
12:25:13 Gateway/motion 1
Gateway sending update to database
12:25:13 Gateway/motion 1
Gateway sending update to database
12:25:13 Gateway/motion 1
Gateway sending update to database
12:25:13 Gateway/motion 1
Gateway sending update to database
12:25:13 Gateway/motion 1
Gateway sending update to database
12:25:13 Gateway/motion 1
Gateway sending update to database
12:25:13 Gateway/motion 1
Gateway sending update to database
12:25:13 Gateway/motion 1
Gateway sending update to database
12:25:13 Gateway/motion 1
Gateway sending update to database
12:25:13 Gateway/motion 1
Gateway sending update to database
12:25:13 Gateway/motion 1
Gateway sending update to database
12:25:13 Gateway/motion 1
Gateway sending update to database
12:25:13 Gateway/motion 1
Gateway sending update to database
12:25:13 Gateway/motion 1
Gateway sending update to database
12:25:13 Gateway/motion 1
Gateway sending update to database
12:25:13 Gateway/motion 1
Gateway sending update to database
12:25:13 Gateway/motion 1
Gateway sending update to database
12:25:13 Gateway/motion 1
Gateway sending update to database
12:25:13 Gateway/motion 1
Gateway sending update to database
12:25:13 Gateway/motion 1
Gateway sending update to database
12:25:13 Gateway/motion 1
Gateway sending update to database
12:25:13 Gateway/motion 1
Gateway sending update to database
12:25:13 Gateway/motion 1
Gateway sending update to database
12:25:13 Gateway/motion 1
Gateway sending update to database
12:25:13 Gateway/motion 1
Gateway sending update to database
12:25:13 Gateway/motion 1
Gateway sending update to database
12:25:13 Gateway/motion 1
Gateway sending update to database
12:25:13 Gateway/motion 1
Gateway sending update to database
12:25:13 Gateway/motion 1
Gateway sending update to database
12:25:13 Gateway/motion 1
Gateway sending update to database
12:25:13 Gateway/motion 1
Gateway sending update to database
12:25:13 Gateway/motion 1
Gateway sending update to database
12:25:13 Gateway/motion 1
Gateway sending update to database
12:25:13 Gateway/motion 1
Gateway sending update to database
12:25:13 Gateway/motion 1
Gateway sending update to database
12:25:13 Gateway/motion 1
Gateway sending update to database
12:25:13 Gateway/motion 1
Gateway sending update to database
12:25:13 Gateway/motion 1
Gateway sending update to database
12:25:13 Gateway/motion 1
Gateway sending update to database
12:25:13 Gateway/motion 1
Gateway sending update to database
12:25:13 Gateway/motion 1
Gateway sending update to database
12:25:13 Gateway/motion 1
Gateway sending update to database
12:25:13 Gateway/motion 1
Gateway sending update to database
12:25:13 Gateway/motion 1
Gateway sending update to database
12:25:13 Gateway/motion 1
Gateway sending update to database
12:25:13 Gateway/motion 1
Gateway sending update to database
12:25:13 Gateway/motion 1
Gateway sending update to database
12:25:13 Gateway/motion 1
Gateway sending update to database
12:25:13 Gateway/motion 1
Gateway sending update to database
12:25:13 Gateway/motion 1
Gateway sending update to database
12:25:13 Gateway/motion 1
Gateway sending update to database
12:25:13 Gateway/motion 1
Gateway sending update to database
12:25:13 Gateway/motion 1
Gateway sending update to database
12:25:13 Gateway/motion 1
Gateway sending update to database
12:25:13 Gateway/motion 1
Gateway sending update to database
12:25:13 Gateway/motion 1
Gateway sending update to database
12:25:13 Gateway/motion 1
Gateway sending update to database
12:25:13 Gateway/motion 1
Gateway sending update to database
12:25:13 Gateway/motion 1
Gateway sending update to database
12:25:13 Gateway/motion 1
Gateway sending update to database
12:25:13 Gateway/motion 1
Gateway sending update to database
12:25:13 Gateway/motion 1
Gateway sending update to database
12:25:13 Gateway/motion 1
Gateway sending update to database
12:25:13 Gateway/motion 1
Gateway sending update to database
12:25:13 Gateway/motion 1
Gateway sending update to database
12:25:13 Gateway/motion 1
Gateway sending update to database
12:25:13 Gateway/motion 1
Gateway sending update to database
12:25:13 Gateway/motion 1
Gateway sending update to database
12:25:13 Gateway/motion 1
Gateway sending update to database
12:25:13 Gateway/motion 1
Gateway sending update to database
12:25:13 Gateway/motion 1
Gateway sending update to database
12:25:13 Gateway/motion 1
Gateway sending update to database
12:25:13 Gateway/motion 1
Gateway sending update to database
12:25:13 Gateway/motion 1
Gateway sending update to database
12:25:13 Gateway/motion 1
Gateway sending update to database
12:25:13 Gateway/motion 1
Gateway sending update to database
12:25:13 Gateway/motion 1
Gateway sending update to database
12:25:13 Gateway/motion 1
Gateway sending update to database
12:25:13 Gateway/motion 1
Gateway sending update to database
12:25:13 Gateway/motion 1
Gateway sending update to database
12:25:13 Gateway/motion 1
Gateway sending update to database
12:25:13 Gateway/motion 1
Gateway sending update to database
12:25:13 Gateway/motion 1
Gateway sending update to database
12:25:13 Gateway/motion 1
Gateway sending update to database
12:25:13 Gateway/motion 1
Gateway sending update to database
12:25:13 Gateway/motion 1
Gateway sending update to database
12:25:13 Gateway/motion 1
Gateway sending update to database
12:25:13 Gateway/motion 1
Gateway sending update to database
12:25:13 Gateway/motion 1
Gateway sending update to database
12:25:13 Gateway/motion 1
Gateway sending update to database
12:25:13 Gateway/motion 1
Gateway sending update to database
12:25:13 Gateway/motion 1
Gateway sending update to database
12:25:13 Gateway/motion 1
Gateway sending update to database
12:25:13 Gateway/motion 1
Gateway sending update to database
12:25:13 Gateway/motion 1
Gateway sending update to database
12:25:13 Gateway/motion 1
Gateway sending update to database
12:25:13 Gateway/motion 1
Gateway sending update to database
12:25:13 Gateway/motion 1
Gateway sending update to database
12:25:13 Gateway/motion 1
Gateway sending update to database
12:25:13 Gateway/motion 1
Gateway sending update to database
12:25:13 Gateway/motion 1
Gateway sending update to database
12:25:13 Gateway/motion 1
Gateway sending update to database
12:25:13 Gateway/motion 1
Gateway sending update to database
12:25:13 Gateway/motion 1
Gateway sending update to database
12:25:13 Gateway/motion 1
Gateway sending update to database
12:25:13 Gateway/motion 1
Gateway sending update to database
12:25:13 Gateway/motion 1
Gateway sending update to database
12:25:13 Gateway/motion 1
Gateway sending update to database
12:25:13 Gateway/motion 1
Gateway sending update to database
12:25:13 Gateway/motion 1
Gateway sending update to database
12:25:13 Gateway/motion 1
Gateway sending update to database
12:25:13 Gateway/motion 1
Gateway sending update to database
12:25:13 Gateway/motion 1
Gateway sending update to database
12:25:13 Gateway/motion 1
Gateway sending update to database
12:25:13 Gateway/motion 1
Gateway sending update to database
12:25:13 Gateway/motion 1
Gateway sending update to database
12:25:13 Gateway/motion 1
Gateway sending update to database
12:25:13 Gateway/motion 1
Gateway sending update to database
12:25:13 Gateway/motion 1
Gateway sending update to database
12:25:13 Gateway/motion 1
Gateway sending update to database
12:25:13 Gateway/motion 1
Gateway sending update to database
12:25:13 Gateway/motion 1
Gateway sending update to database
12:25:13 Gateway/motion 1
Gateway sending update to database
12:25:13 Gateway/motion 1
Gateway sending update to database
12:25:13 Gateway/motion 1
Gateway sending update to database
12:25:13 Gateway/motion 1
Gateway sending update to database
12:25:13 Gateway/motion 1
Gateway sending update to database
12:25:13 Gateway/motion 1
Gateway sending update to database
12:25:13 Gateway/motion 1
Gateway sending update to database
12:25:13 Gateway/motion 1
Gateway sending update to database
12:25:13 Gateway/motion 1
Gateway sending update to database
12:25:13 Gateway/motion 1
Gateway sending update to database
12:25:13 Gateway/motion 1
Gateway sending update to database
12:25:13 Gateway/motion 1
Gateway sending update to database
12:25:13 Gateway/motion 1
Gateway sending update to database
12:25:13 Gateway/motion 1
Gateway sending update to database
12:25:13 Gateway/motion 1
Gateway sending update to database
12:25:13 Gateway/motion 1
Gateway sending update to database
12:25:13 Gateway/motion 1
Gateway sending update to database
12:25:13 Gateway/motion 1
Gateway sending update to database
12:25:13 Gateway/motion 1
Gateway sending update to database
12:25:13 Gateway/motion 1
Gateway sending update to database
12:25:13 Gateway/motion 1
Gateway sending update to database
12:25:13 Gateway/motion 1
Gateway sending update to database
12:25:13 Gateway/motion 1
Gateway sending update to database
12:25:13 Gateway/motion 1
Gateway sending update to database
12:25:13 Gateway/motion 1
Gateway sending update to database
12:25:13 Gateway/motion 1
Gateway sending update to database
12:25:13 Gateway/motion 1
Gateway sending update to database
12:25:13 Gateway/motion 1
Gateway sending update to database
12:25:13 Gateway/motion 1
Gateway sending update to database
12:25:13 Gateway/motion 1
Gateway sending update to database
12:25:13 Gateway/motion 1
Gateway sending update to database
12:25:13 Gateway/motion 1
Gateway sending update to database
12:25:13 Gateway/motion 1
Gateway sending update to database
12:25:13 Gateway/motion 1
Gateway sending update to database
12:25:13 Gateway/motion 1
Gateway sending update to database
12:25:13 Gateway/motion 1
Gateway sending update to database
12:25:13 Gateway/motion 1
Gateway sending update to database
12:25:13 Gateway/motion 1
Gateway sending update to database
12:25:13 Gateway/motion 1
Gateway sending update to database
12:25:13 Gateway/motion 1
Gateway sending update to database
12:25:13 Gateway/motion 1
Gateway sending update to database
12:25:13 Gateway/motion 1
Gateway sending update to database
12:25:13 Gateway/motion 1
Gateway sending update to database
12:25:13 Gateway/motion 1
Gateway sending update to database
12:25:13 Gateway/motion 1
Gateway sending update to database
12:25:13 Gateway/motion 1
Gateway sending update to database
12:25:13 Gateway/motion 1
Gateway sending update to database
12:25:13 Gateway/motion 1
Gateway sending update to database
12:25:13 Gateway/motion 1
Gateway sending update to database
12:25:13 Gateway/motion 1
Gateway sending update to database
12:25:13 Gateway/motion 1
Gateway sending update to database
12:25:13 Gateway/motion 1
Gateway sending update to database
12:25:13 Gateway/motion 1
Gateway sending update to database
12:25:13 Gateway/motion 1
Gateway sending update to database
12:25:13 Gateway/motion 1
Gateway sending update to database
12:25:13 Gateway/motion 1
Gateway sending update to database
12:25:13 Gateway/motion 1
Gateway sending update to database
12:25:14 Gateway/motion 1
Gateway sending update to database
12:25:14 Gateway/motion 1
Gateway sending update to database
12:25:14 Gateway/motion 1
Gateway sending update to database
12:25:14 Gateway/motion 1
Gateway sending update to database
12:25:14 Gateway/motion 1
Gateway sending update to database
12:25:14 Gateway/motion 1
Gateway sending update to database
12:25:14 Gateway/motion 1
Gateway sending update to database
12:25:14 Gateway/motion 1
Gateway sending update to database
12:25:14 Gateway/motion 1
Gateway sending update to database
12:25:14 Gateway/motion 1
Gateway sending update to database
12:25:14 Gateway/motion 1
Gateway sending update to database
12:25:14 Gateway/motion 1
Gateway sending update to database
12:25:14 Gateway/motion 1
Gateway sending update to database
12:25:14 Gateway/motion 1
Gateway sending update to database
12:25:14 Gateway/motion 1
Gateway sending update to database
12:25:14 Gateway/motion 1
Gateway sending update to database
12:25:14 Gateway/motion 1
Gateway sending update to database
12:25:14 Gateway/motion 1
Gateway sending update to database
12:25:14 Gateway/motion 1
Gateway sending update to database
12:25:14 Gateway/motion 1
Gateway sending update to database
12:25:14 Gateway/motion 1
Gateway sending update to database
12:25:14 Gateway/motion 1
Gateway sending update to database
12:25:14 Gateway/motion 1
Gateway sending update to database
12:25:14 Gateway/motion 1
Gateway sending update to database
12:25:14 Gateway/motion 1
Gateway sending update to database
12:25:14 Gateway/motion 1
Gateway sending update to database
12:25:14 Gateway/motion 1
Gateway sending update to database
12:25:14 Gateway/motion 1
Gateway sending update to database
12:25:14 Gateway/motion 1
Gateway sending update to database
12:25:14 Gateway/motion 1
Gateway sending update to database
12:25:14 Gateway/motion 1
Gateway sending update to database
12:25:14 Gateway/motion 1
Gateway sending update to database
12:25:14 Gateway/motion 1
Gateway sending update to database
12:25:14 Gateway/motion 1
Gateway sending update to database
12:25:14 Gateway/motion 1
Gateway sending update to database
12:25:14 Gateway/motion 1
Gateway sending update to database
12:25:14 Gateway/motion 1
Gateway sending update to database
12:25:14 Gateway/motion 1
Gateway sending update to database
12:25:14 Gateway/motion 1
Gateway sending update to database
12:25:14 Gateway/motion 1
Gateway sending update to database
12:25:14 Gateway/motion 1
Gateway sending update to database
12:25:14 Gateway/motion 1
Gateway sending update to database
12:25:14 Gateway/motion 1
Gateway sending update to database
12:25:14 Gateway/motion 1
Gateway sending update to database
12:25:14 Gateway/motion 1
Gateway sending update to database
12:25:14 Gateway/motion 1
Gateway sending update to database
12:25:14 Gateway/motion 1
Gateway sending update to database
12:25:14 Gateway/motion 1
Gateway sending update to database
12:25:14 Gateway/motion 1
Gateway sending update to database
12:25:14 Gateway/motion 1
Gateway sending update to database
12:25:14 Gateway/motion 1
Gateway sending update to database
12:25:14 Gateway/motion 1
Gateway sending update to database
12:25:14 Gateway/motion 1
Gateway sending update to database
12:25:14 Gateway/motion 1
Gateway sending update to database
12:25:14 Gateway/motion 1
Gateway sending update to database
12:25:14 Gateway/motion 1
Gateway sending update to database
12:25:14 Gateway/motion 1
Gateway sending update to database
12:25:14 Gateway/motion 1
Gateway sending update to database
12:25:14 Gateway/motion 1
Gateway sending update to database
12:25:14 Gateway/motion 1
Gateway sending update to database
12:25:14 Gateway/motion 1
Gateway sending update to database
12:25:14 Gateway/motion 1
Gateway sending update to database
12:25:14 Gateway/motion 1
Gateway sending update to database
12:25:14 Gateway/motion 1
Gateway sending update to database
12:25:14 Gateway/motion 1
Gateway sending update to database
12:25:14 Gateway/motion 1
Gateway sending update to database
12:25:14 Gateway/motion 1
Gateway sending update to database
12:25:14 Gateway/motion 1
Gateway sending update to database
12:25:14 Gateway/motion 1
Gateway sending update to database
12:25:14 Gateway/motion 1
Gateway sending update to database
12:25:14 Gateway/motion 1
Gateway sending update to database
12:25:14 Gateway/motion 1
Gateway sending update to database
12:25:14 Gateway/motion 1
Gateway sending update to database
12:25:14 Gateway/motion 1
Gateway sending update to database
12:25:14 Gateway/motion 1
Gateway sending update to database
12:25:14 Gateway/motion 1
Gateway sending update to database
12:25:14 Gateway/motion 1
Gateway sending update to database
12:25:14 Gateway/motion 1
Gateway sending update to database
12:25:14 Gateway/motion 1
Gateway sending update to database
12:25:14 Gateway/motion 1
Gateway sending update to database
12:25:14 Gateway/motion 1
Gateway sending update to database
12:25:14 Gateway/motion 1
Gateway sending update to database
12:25:14 Gateway/motion 1
Gateway sending update to database
12:25:14 Gateway/motion 1
Gateway sending update to database
12:25:14 Gateway/motion 1
Gateway sending update to database
12:25:14 Gateway/motion 1
Gateway sending update to database
12:25:14 Gateway/motion 1
Gateway sending update to database
12:25:14 Gateway/motion 1
Gateway sending update to database
12:25:14 Gateway/motion 1
Gateway sending update to database
12:25:14 Gateway/motion 1
Gateway sending update to database
12:25:14 Gateway/motion 1
Gateway sending update to database
12:25:14 Gateway/motion 1
Gateway sending update to database
12:25:14 Gateway/motion 1
Gateway sending update to database
12:25:14 Gateway/motion 1
Gateway sending update to database
12:25:14 Gateway/motion 1
Gateway sending update to database
12:25:14 Gateway/motion 1
Gateway sending update to database
12:25:14 Gateway/motion 1
Gateway sending update to database
12:25:14 Gateway/motion 1
Gateway sending update to database
12:25:14 Gateway/motion 1
Gateway sending update to database
12:25:14 Gateway/motion 1
Gateway sending update to database
12:25:14 Gateway/motion 1
Gateway sending update to database
12:25:14 Gateway/motion 1
Gateway sending update to database
12:25:14 Gateway/motion 1
Gateway sending update to database
12:25:14 Gateway/motion 1
Gateway sending update to database
12:25:14 Gateway/motion 1
Gateway sending update to database
12:25:14 Gateway/motion 1
Gateway sending update to database
12:25:14 Gateway/motion 1
Gateway sending update to database
12:25:14 Gateway/motion 1
Gateway sending update to database
12:25:14 Gateway/motion 1
Gateway sending update to database
12:25:14 Gateway/motion 1
Gateway sending update to database
12:25:14 Gateway/motion 1
Gateway sending update to database
12:25:14 Gateway/motion 1
Gateway sending update to database
12:25:14 Gateway/motion 1
Gateway sending update to database
12:25:14 Gateway/motion 1
Gateway sending update to database
12:25:14 Gateway/motion 1
Gateway sending update to database
12:25:14 Gateway/motion 1
Gateway sending update to database
12:25:14 Gateway/motion 1
Gateway sending update to database
12:25:14 Gateway/motion 1
Gateway sending update to database
12:25:14 Gateway/motion 1
Gateway sending update to database
12:25:14 Gateway/motion 1
Gateway sending update to database
12:25:14 Gateway/motion 1
Gateway sending update to database
12:25:14 Gateway/motion 1
Gateway sending update to database
12:25:14 Gateway/motion 1
Gateway sending update to database
12:25:14 Gateway/motion 1
Gateway sending update to database
12:25:14 Gateway/motion 1
Gateway sending update to database
12:25:14 Gateway/motion 1
Gateway sending update to database
12:25:14 Gateway/motion 1
Gateway sending update to database
12:25:14 Gateway/motion 1
Gateway sending update to database
12:25:14 Gateway/motion 1
Gateway sending update to database
12:25:14 Gateway/motion 1
Gateway sending update to database
12:25:14 Gateway/motion 1
Gateway sending update to database
12:25:14 Gateway/motion 1
Gateway sending update to database
12:25:14 Gateway/motion 1
Gateway sending update to database
12:25:14 Gateway/motion 1
Gateway sending update to database
12:25:14 Gateway/motion 1
Gateway sending update to database
12:25:14 Gateway/motion 1
Gateway sending update to database
12:25:14 Gateway/motion 1
Gateway sending update to database
12:25:14 Gateway/motion 1
Gateway sending update to database
12:25:14 Gateway/motion 1
Gateway sending update to database
12:25:14 Gateway/motion 1
Gateway sending update to database
12:25:14 Gateway/motion 1
Gateway sending update to database
12:25:14 Gateway/motion 1
Gateway sending update to database
12:25:14 Gateway/motion 1
Gateway sending update to database
12:25:14 Gateway/motion 1
Gateway sending update to database
12:25:14 Gateway/motion 1
Gateway sending update to database
12:25:14 Gateway/motion 1
Gateway sending update to database
12:25:14 Gateway/motion 1
Gateway sending update to database
12:25:14 Gateway/motion 1
Gateway sending update to database
12:25:14 Gateway/motion 1
Gateway sending update to database
12:25:14 Gateway/motion 1
Gateway sending update to database
12:25:14 Gateway/motion 1
Gateway sending update to database
12:25:14 Gateway/motion 1
Gateway sending update to database
12:25:14 Gateway/motion 1
Gateway sending update to database
12:25:14 Gateway/motion 1
Gateway sending update to database
12:25:14 Gateway/motion 1
Gateway sending update to database
12:25:14 Gateway/motion 1
Gateway sending update to database
12:25:14 Gateway/motion 1
Gateway sending update to database
12:25:14 Gateway/motion 1
Gateway sending update to database
12:25:14 Gateway/motion 1
Gateway sending update to database
12:25:14 Gateway/motion 1
Gateway sending update to database
12:25:14 Gateway/motion 1
Gateway sending update to database
12:25:14 Gateway/motion 1
Gateway sending update to database
12:25:14 Gateway/motion 1
Gateway sending update to database
12:25:14 Gateway/motion 1
Gateway sending update to database
12:25:14 Gateway/motion 1
Gateway sending update to database
12:25:14 Gateway/motion 1
Gateway sending update to database
12:25:14 Gateway/motion 1
Gateway sending update to database
12:25:14 Gateway/motion 1
Gateway sending update to database
12:25:14 Gateway/motion 1
Gateway sending update to database
12:25:14 Gateway/motion 1
Gateway sending update to database
12:25:14 Gateway/motion 1
Gateway sending update to database
12:25:14 Gateway/motion 1
Gateway sending update to database
12:25:14 Gateway/motion 1
Gateway sending update to database
12:25:14 Gateway/motion 1
Gateway sending update to database
12:25:14 Gateway/motion 1
Gateway sending update to database
12:25:14 Gateway/motion 1
Gateway sending update to database
12:25:14 Gateway/motion 1
Gateway sending update to database
12:25:14 Gateway/motion 1
Gateway sending update to database
12:25:14 Gateway/motion 1
Gateway sending update to database
12:25:14 Gateway/motion 1
Gateway sending update to database
12:25:14 Gateway/motion 1
Gateway sending update to database
12:25:14 Gateway/motion 1
Gateway sending update to database
12:25:14 Gateway/motion 1
Gateway sending update to database
12:25:14 Gateway/motion 1
Gateway sending update to database
12:25:14 Gateway/motion 1
Gateway sending update to database
12:25:14 Gateway/motion 1
Gateway sending update to database
12:25:14 Gateway/motion 1
Gateway sending update to database
12:25:14 Gateway/motion 1
Gateway sending update to database
12:25:14 Gateway/motion 1
Gateway sending update to database
12:25:14 Gateway/motion 1
Gateway sending update to database
12:25:14 Gateway/motion 1
Gateway sending update to database
12:25:14 Gateway/motion 1
Gateway sending update to database
12:25:14 Gateway/motion 1
Gateway sending update to database
12:25:14 Gateway/motion 1
Gateway sending update to database
12:25:14 Gateway/motion 1
Gateway sending update to database
12:25:14 Gateway/motion 1
Gateway sending update to database
12:25:14 Gateway/motion 1
Gateway sending update to database
12:25:14 Gateway/motion 1
Gateway sending update to database
12:25:14 Gateway/motion 1
Gateway sending update to database
12:25:14 Gateway/motion 1
Gateway sending update to database
12:25:14 Gateway/motion 1
Gateway sending update to database
12:25:14 Gateway/motion 1
Gateway sending update to database
12:25:14 Gateway/motion 1
Gateway sending update to database
12:25:14 Gateway/motion 1
Gateway sending update to database
12:25:14 Gateway/motion 1
Gateway sending update to database
12:25:14 Gateway/motion 1
Gateway sending update to database
12:25:14 Gateway/motion 1
Gateway sending update to database
12:25:14 Gateway/motion 1
Gateway sending update to database
12:25:14 Gateway/motion 1
Gateway sending update to database
12:25:14 Gateway/motion 1
Gateway sending update to database
12:25:14 Gateway/motion 1
Gateway sending update to database
12:25:14 Gateway/motion 1
Gateway sending update to database
12:25:14 Gateway/motion 1
Gateway sending update to database
12:25:14 Gateway/motion 1
Gateway sending update to database
12:25:14 Gateway/motion 1
Gateway sending update to database
12:25:14 Gateway/motion 1
Gateway sending update to database
12:25:14 Gateway/motion 1
Gateway sending update to database
12:25:14 Gateway/motion 1
Gateway sending update to database
12:25:14 Gateway/motion 1
Gateway sending update to database
12:25:14 Gateway/motion 1
Gateway sending update to database
12:25:14 Gateway/motion 1
Gateway sending update to database
12:25:14 Gateway/motion 1
Gateway sending update to database
12:25:14 Gateway/motion 1
Gateway sending update to database
12:25:14 Gateway/motion 1
Gateway sending update to database
12:25:14 Gateway/motion 1
Gateway sending update to database
12:25:14 Gateway/motion 1
Gateway sending update to database
12:25:14 Gateway/motion 1
Gateway sending update to database
12:25:14 Gateway/motion 1
Gateway sending update to database
12:25:14 Gateway/motion 1
Gateway sending update to database
12:25:14 Gateway/motion 1
Gateway sending update to database
12:25:14 Gateway/motion 1
Gateway sending update to database
12:25:14 Gateway/motion 1
Gateway sending update to database
12:25:14 Gateway/motion 1
Gateway sending update to database
12:25:14 Gateway/motion 1
Gateway sending update to database
12:25:14 Gateway/motion 1
Gateway sending update to database
12:25:14 Gateway/motion 1
Gateway sending update to database
12:25:14 Gateway/motion 1
Gateway sending update to database
12:25:14 Gateway/motion 1
Gateway sending update to database
12:25:14 Gateway/motion 1
Gateway sending update to database
12:25:14 Gateway/motion 1
Gateway sending update to database
12:25:14 Gateway/motion 1
Gateway sending update to database
12:25:14 Gateway/motion 1
Gateway sending update to database
12:25:14 Gateway/motion 1
Gateway sending update to database
12:25:14 Gateway/motion 1
Gateway sending update to database
12:25:14 Gateway/motion 1
Gateway sending update to database
12:25:14 Gateway/motion 1
Gateway sending update to database
12:25:14 Gateway/motion 1
Gateway sending update to database
12:25:14 Gateway/motion 1
Gateway sending update to database
12:25:14 Gateway/motion 1
Gateway sending update to database
12:25:14 Gateway/motion 1
Gateway sending update to database
12:25:14 Gateway/motion 1
Gateway sending update to database
12:25:14 Gateway/motion 1
Gateway sending update to database
12:25:14 Gateway/motion 1
Gateway sending update to database
12:25:14 Gateway/motion 1
Gateway sending update to database
12:25:14 Gateway/motion 1
Gateway sending update to database
12:25:14 Gateway/motion 1
Gateway sending update to database
12:25:14 Gateway/motion 1
Gateway sending update to database
12:25:14 Gateway/motion 1
Gateway sending update to database
12:25:14 Gateway/motion 1
Gateway sending update to database
12:25:14 Gateway/motion 1
Gateway sending update to database
12:25:14 Gateway/motion 1
Gateway sending update to database
12:25:14 Gateway/motion 1
Gateway sending update to database
12:25:14 Gateway/motion 1
Gateway sending update to database
12:25:14 Gateway/motion 1
Gateway sending update to database
12:25:14 Gateway/motion 1
Gateway sending update to database
12:25:14 Gateway/motion 1
Gateway sending update to database
12:25:14 Gateway/motion 1
Gateway sending update to database
12:25:14 Gateway/motion 1
Gateway sending update to database
12:25:14 Gateway/motion 1
Gateway sending update to database
12:25:14 Gateway/motion 1
Gateway sending update to database
12:25:14 Gateway/motion 1
Gateway sending update to database
12:25:14 Gateway/motion 1
Gateway sending update to database
12:25:14 Gateway/motion 1
Gateway sending update to database
12:25:14 Gateway/motion 1
Gateway sending update to database
12:25:14 Gateway/motion 1
Gateway sending update to database
12:25:14 Gateway/motion 1
Gateway sending update to database
12:25:14 Gateway/motion 1
Gateway sending update to database
12:25:14 Gateway/motion 1
Gateway sending update to database
12:25:14 Gateway/motion 1
Gateway sending update to database
12:25:14 Gateway/motion 1
Gateway sending update to database
12:25:14 Gateway/motion 1
Gateway sending update to database
12:25:14 Gateway/motion 1
Gateway sending update to database
12:25:14 Gateway/motion 1
Gateway sending update to database
12:25:14 Gateway/motion 1
Gateway sending update to database
12:25:14 Gateway/motion 1
Gateway sending update to database
12:25:14 Gateway/motion 1
Gateway sending update to database
12:25:14 Gateway/motion 1
Gateway sending update to database
12:25:14 Gateway/motion 1
Gateway sending update to database
12:25:14 Gateway/motion 1
Gateway sending update to database
12:25:14 Gateway/motion 1
Gateway sending update to database
12:25:14 Gateway/motion 1
Gateway sending update to database
12:25:14 Gateway/motion 1
Gateway sending update to database
12:25:14 Gateway/motion 1
Gateway sending update to database
12:25:14 Gateway/motion 1
Gateway sending update to database
12:25:14 Gateway/motion 1
Gateway sending update to database
12:25:14 Gateway/motion 1
Gateway sending update to database
12:25:14 Gateway/motion 1
Gateway sending update to database
12:25:14 Gateway/motion 1
Gateway sending update to database
12:25:14 Gateway/motion 1
Gateway sending update to database
12:25:14 Gateway/motion 1
Gateway sending update to database
12:25:14 Gateway/motion 1
Gateway sending update to database
12:25:14 Gateway/motion 1
Gateway sending update to database
12:25:14 Gateway/motion 1
Gateway sending update to database
12:25:14 Gateway/motion 1
Gateway sending update to database
12:25:14 Gateway/motion 1
Gateway sending update to database
12:25:14 Gateway/motion 1
Gateway sending update to database
12:25:14 Gateway/motion 1
Gateway sending update to database
12:25:14 Gateway/motion 1
Gateway sending update to database
12:25:14 Gateway/motion 1
Gateway sending update to database
12:25:14 Gateway/motion 1
Gateway sending update to database
12:25:14 Gateway/motion 1
Gateway sending update to database
12:25:14 Gateway/motion 1
Gateway sending update to database
12:25:14 Gateway/motion 1
Gateway sending update to database
12:25:14 Gateway/motion 1
Gateway sending update to database
12:25:14 Gateway/motion 1
Gateway sending update to database
12:25:14 Gateway/motion 1
Gateway sending update to database
12:25:14 Gateway/motion 1
Gateway sending update to database
12:25:14 Gateway/motion 1
Gateway sending update to database
12:25:14 Gateway/motion 1
Gateway sending update to database
12:25:14 Gateway/motion 1
Gateway sending update to database
12:25:14 Gateway/motion 1
Gateway sending update to database
12:25:14 Gateway/motion 1
Gateway sending update to database
12:25:14 Gateway/motion 1
Gateway sending update to database
12:25:14 Gateway/motion 1
Gateway sending update to database
12:25:14 Gateway/motion 1
Gateway sending update to database
12:25:14 Gateway/motion 1
Gateway sending update to database
12:25:14 Gateway/motion 1
Gateway sending update to database
12:25:14 Gateway/motion 1
Gateway sending update to database
12:25:14 Gateway/motion 1
Gateway sending update to database
12:25:14 Gateway/motion 1
Gateway sending update to database
12:25:14 Gateway/motion 1
Gateway sending update to database
12:25:14 Gateway/motion 1
Gateway sending update to database
12:25:14 Gateway/motion 1
Gateway sending update to database
12:25:14 Gateway/motion 1
Gateway sending update to database
12:25:14 Gateway/motion 1
Gateway sending update to database
12:25:14 Gateway/motion 1
Gateway sending update to database
12:25:14 Gateway/motion 1
Gateway sending update to database
12:25:14 Gateway/motion 1
Gateway sending update to database
12:25:14 Gateway/motion 1
Gateway sending update to database
12:25:14 Gateway/motion 1
Gateway sending update to database
12:25:14 Gateway/motion 1
Gateway sending update to database
12:25:14 Gateway/motion 1
Gateway sending update to database
12:25:14 Gateway/motion 1
Gateway sending update to database
12:25:14 Gateway/motion 1
Gateway sending update to database
12:25:14 Gateway/motion 1
Gateway sending update to database
12:25:14 Gateway/motion 1
Gateway sending update to database
12:25:14 Gateway/motion 1
Gateway sending update to database
12:25:14 Gateway/motion 1
Gateway sending update to database
12:25:14 Gateway/motion 1
Gateway sending update to database
12:25:14 Gateway/motion 1
Gateway sending update to database
12:25:14 Gateway/motion 1
Gateway sending update to database
12:25:14 Gateway/motion 1
Gateway sending update to database
12:25:14 Gateway/motion 1
Gateway sending update to database
12:25:14 Gateway/motion 1
Gateway sending update to database
12:25:14 Gateway/motion 1
Gateway sending update to database
12:25:14 Gateway/motion 1
Gateway sending update to database
12:25:14 Gateway/motion 1
Gateway sending update to database
12:25:14 Gateway/motion 1
Gateway sending update to database
12:25:14 Gateway/motion 1
Gateway sending update to database
12:25:14 Gateway/motion 1
Gateway sending update to database
12:25:14 Gateway/motion 1
Gateway sending update to database
12:25:14 Gateway/motion 1
Gateway sending update to database
12:25:14 Gateway/motion 1
Gateway sending update to database
12:25:14 Gateway/motion 1
Gateway sending update to database
12:25:14 Gateway/motion 1
Gateway sending update to database
12:25:14 Gateway/motion 1
Gateway sending update to database
12:25:14 Gateway/motion 1
Gateway sending update to database
12:25:14 Gateway/motion 1
Gateway sending update to database
12:25:14 Gateway/motion 1
Gateway sending update to database
12:25:14 Gateway/motion 1
Gateway sending update to database
12:25:14 Gateway/motion 1
Gateway sending update to database
12:25:14 Gateway/motion 1
Gateway sending update to database
12:25:14 Gateway/motion 1
Gateway sending update to database
12:25:14 Gateway/motion 1
Gateway sending update to database
12:25:14 Gateway/motion 1
Gateway sending update to database
12:25:14 Gateway/motion 1
Gateway sending update to database
12:25:14 Gateway/motion 1
Gateway sending update to database
12:25:14 Gateway/motion 1
Gateway sending update to database
12:25:14 Gateway/motion 1
Gateway sending update to database
12:25:14 Gateway/motion 1
Gateway sending update to database
12:25:14 Gateway/motion 1
Gateway sending update to database
12:25:14 Gateway/motion 1
Gateway sending update to database
12:25:14 Gateway/motion 1
Gateway sending update to database
12:25:14 Gateway/motion 1
Gateway sending update to database
12:25:14 Gateway/motion 1
Gateway sending update to database
12:25:14 Gateway/motion 1
Gateway sending update to database
12:25:14 Gateway/motion 1
Gateway sending update to database
12:25:14 Gateway/motion 1
Gateway sending update to database
12:25:14 Gateway/motion 1
Gateway sending update to database
12:25:14 Gateway/motion 1
Gateway sending update to database
12:25:14 Gateway/motion 1
Gateway sending update to database
12:25:14 Gateway/motion 1
Gateway sending update to database
12:25:14 Gateway/motion 1
Gateway sending update to database
12:25:14 Gateway/motion 1
Gateway sending update to database
12:25:14 Gateway/motion 1
Gateway sending update to database
12:25:14 Gateway/motion 1
Gateway sending update to database
12:25:14 Gateway/motion 1
Gateway sending update to database
12:25:14 Gateway/motion 1
Gateway sending update to database
12:25:14 Gateway/motion 1
Gateway sending update to database
12:25:14 Gateway/motion 1
Gateway sending update to database
12:25:14 Gateway/motion 1
Gateway sending update to database
12:25:14 Gateway/motion 1
Gateway sending update to database
12:25:14 Gateway/motion 1
Gateway sending update to database
12:25:14 Gateway/motion 1
Gateway sending update to database
12:25:14 Gateway/motion 1
Gateway sending update to database
12:25:14 Gateway/motion 1
Gateway sending update to database
12:25:14 Gateway/motion 1
Gateway sending update to database
12:25:14 Gateway/motion 1
Gateway sending update to database
12:25:14 Gateway/motion 1
Gateway sending update to database
12:25:14 Gateway/motion 1
Gateway sending update to database
12:25:14 Gateway/motion 1
Gateway sending update to database
12:25:14 Gateway/motion 1
Gateway sending update to database
12:25:14 Gateway/motion 1
Gateway sending update to database
12:25:14 Gateway/motion 1
Gateway sending update to database
12:25:14 Gateway/motion 1
Gateway sending update to database
12:25:14 Gateway/motion 1
Gateway sending update to database
12:25:14 Gateway/motion 1
Gateway sending update to database
12:25:14 Gateway/motion 1
Gateway sending update to database
12:25:14 Gateway/motion 1
Gateway sending update to database
12:25:14 Gateway/motion 1
Gateway sending update to database
12:25:14 Gateway/motion 1
Gateway sending update to database
12:25:14 Gateway/motion 1
Gateway sending update to database
12:25:14 Gateway/motion 1
Gateway sending update to database
12:25:14 Gateway/motion 1
Gateway sending update to database
12:25:14 Gateway/motion 1
Gateway sending update to database
12:25:14 Gateway/motion 1
Gateway sending update to database
12:25:14 Gateway/motion 1
Gateway sending update to database
12:25:14 Gateway/motion 1
Gateway sending update to database
12:25:14 Gateway/motion 1
Gateway sending update to database
12:25:14 Gateway/motion 1
Gateway sending update to database
12:25:14 Gateway/motion 1
Gateway sending update to database
12:25:14 Gateway/motion 1
Gateway sending update to database
12:25:14 Gateway/motion 1
Gateway sending update to database
12:25:14 Gateway/motion 1
Gateway sending update to database
12:25:14 Gateway/motion 1
Gateway sending update to database
12:25:14 Gateway/motion 1
Gateway sending update to database
12:25:14 Gateway/motion 1
Gateway sending update to database
12:25:14 Gateway/motion 1
Gateway sending update to database
12:25:14 Gateway/motion 1
Gateway sending update to database
12:25:14 Gateway/motion 1
Gateway sending update to database
12:25:14 Gateway/motion 1
Gateway sending update to database
12:25:14 Gateway/motion 1
Gateway sending update to database
12:25:14 Gateway/motion 1
Gateway sending update to database
12:25:14 Gateway/motion 1
Gateway sending update to database
12:25:14 Gateway/motion 1
Gateway sending update to database
12:25:14 Gateway/motion 1
Gateway sending update to database
12:25:14 Gateway/motion 1
Gateway sending update to database
12:25:15 Gateway/motion 1
Gateway sending update to database
12:25:15 Gateway/motion 1
Gateway sending update to database
12:25:15 Gateway/motion 1
Gateway sending update to database
12:25:15 Gateway/motion 1
Gateway sending update to database
12:25:15 Gateway/motion 1
Gateway sending update to database
12:25:15 Gateway/motion 1
Gateway sending update to database
12:25:15 Gateway/motion 1
Gateway sending update to database
12:25:15 Gateway/motion 1
Gateway sending update to database
12:25:15 Gateway/motion 1
Gateway sending update to database
12:25:15 Gateway/motion 1
Gateway sending update to database
12:25:15 Gateway/motion 1
Gateway sending update to database
12:25:15 Gateway/motion 1
Gateway sending update to database
12:25:15 Gateway/motion 1
Gateway sending update to database
12:25:15 Gateway/motion 1
Gateway sending update to database
12:25:15 Gateway/motion 1
Gateway sending update to database
12:25:15 Gateway/motion 1
Gateway sending update to database
12:25:15 Gateway/motion 1
Gateway sending update to database
12:25:15 Gateway/motion 1
Gateway sending update to database
12:25:15 Gateway/motion 1
Gateway sending update to database
12:25:15 Gateway/motion 1
Gateway sending update to database
12:25:15 Gateway/motion 1
Gateway sending update to database
12:25:15 Gateway/motion 1
Gateway sending update to database
12:25:15 Gateway/motion 1
Gateway sending update to database
12:25:15 Gateway/motion 1
Gateway sending update to database
12:25:15 Gateway/motion 1
Gateway sending update to database
12:25:15 Gateway/motion 1
Gateway sending update to database
12:25:15 Gateway/motion 1
Gateway sending update to database
12:25:15 Gateway/motion 1
Gateway sending update to database
12:25:15 Gateway/motion 1
Gateway sending update to database
12:25:15 Gateway/motion 1
Gateway sending update to database
12:25:15 Gateway/motion 1
Gateway sending update to database
12:25:15 Gateway/motion 1
Gateway sending update to database
12:25:15 Gateway/motion 1
Gateway sending update to database
12:25:15 Gateway/motion 1
Gateway sending update to database
12:25:15 Gateway/motion 1
Gateway sending update to database
12:25:15 Gateway/motion 1
Gateway sending update to database
12:25:15 Gateway/motion 1
Gateway sending update to database
12:25:15 Gateway/motion 1
Gateway sending update to database
12:25:15 Gateway/motion 1
Gateway sending update to database
12:25:15 Gateway/motion 1
Gateway sending update to database
12:25:15 Gateway/motion 1
Gateway sending update to database
12:25:15 Gateway/motion 1
Gateway sending update to database
12:25:15 Gateway/motion 1
Gateway sending update to database
12:25:15 Gateway/motion 1
Gateway sending update to database
12:25:15 Gateway/motion 1
Gateway sending update to database
12:25:15 Gateway/motion 1
Gateway sending update to database
12:25:15 Gateway/motion 1
Gateway sending update to database
12:25:15 Gateway/motion 1
Gateway sending update to database
12:25:15 Gateway/motion 1
Gateway sending update to database
12:25:15 Gateway/motion 1
Gateway sending update to database
12:25:15 Gateway/motion 1
Gateway sending update to database
12:25:15 Gateway/motion 1
Gateway sending update to database
12:25:15 Gateway/motion 1
Gateway sending update to database
12:25:15 Gateway/motion 1
Gateway sending update to database
12:25:15 Gateway/motion 1
Gateway sending update to database
12:25:15 Gateway/motion 1
Gateway sending update to database
12:25:15 Gateway/motion 1
Gateway sending update to database
12:25:15 Gateway/motion 1
Gateway sending update to database
12:25:15 Gateway/motion 1
Gateway sending update to database
12:25:15 Gateway/motion 1
Gateway sending update to database
12:25:15 Gateway/motion 1
Gateway sending update to database
12:25:15 Gateway/motion 1
Gateway sending update to database
12:25:15 Gateway/motion 1
Gateway sending update to database
12:25:15 Gateway/motion 1
Gateway sending update to database
12:25:15 Gateway/motion 1
Gateway sending update to database
12:25:15 Gateway/motion 1
Gateway sending update to database
12:25:15 Gateway/motion 1
Gateway sending update to database
12:25:15 Gateway/motion 1
Gateway sending update to database
12:25:15 Gateway/motion 1
Gateway sending update to database
12:25:15 Gateway/motion 1
Gateway sending update to database
12:25:15 Gateway/motion 1
Gateway sending update to database
12:25:15 Gateway/motion 1
Gateway sending update to database
12:25:15 Gateway/motion 1
Gateway sending update to database
12:25:15 Gateway/motion 1
Gateway sending update to database
12:25:15 Gateway/motion 1
Gateway sending update to database
12:25:15 Gateway/motion 1
Gateway sending update to database
12:25:15 Gateway/motion 1
Gateway sending update to database
12:25:15 Gateway/motion 1
Gateway sending update to database
12:25:15 Gateway/motion 1
Gateway sending update to database
12:25:15 Gateway/motion 1
Gateway sending update to database
12:25:15 Gateway/motion 1
Gateway sending update to database
12:25:15 Gateway/motion 1
Gateway sending update to database
12:25:15 Gateway/motion 1
Gateway sending update to database
12:25:15 Gateway/motion 1
Gateway sending update to database
12:25:15 Gateway/motion 1
Gateway sending update to database
12:25:15 Gateway/motion 1
Gateway sending update to database
12:25:15 Gateway/motion 1
Gateway sending update to database
12:25:15 Gateway/motion 1
Gateway sending update to database
12:25:15 Gateway/motion 1
Gateway sending update to database
12:25:15 Gateway/motion 1
Gateway sending update to database
12:25:15 Gateway/motion 1
Gateway sending update to database
12:25:15 Gateway/motion 1
Gateway sending update to database
12:25:15 Gateway/motion 1
Gateway sending update to database
12:25:15 Gateway/motion 1
Gateway sending update to database
12:25:15 Gateway/motion 1
Gateway sending update to database
12:25:15 Gateway/motion 1
Gateway sending update to database
12:25:15 Gateway/motion 1
Gateway sending update to database
12:25:15 Gateway/motion 1
Gateway sending update to database
12:25:15 Gateway/motion 1
Gateway sending update to database
12:25:15 Gateway/motion 1
Gateway sending update to database
12:25:15 Gateway/motion 1
Gateway sending update to database
12:25:15 Gateway/motion 1
Gateway sending update to database
12:25:15 Gateway/motion 1
Gateway sending update to database
12:25:15 Gateway/motion 1
Gateway sending update to database
12:25:15 Gateway/motion 1
Gateway sending update to database
12:25:15 Gateway/motion 1
Gateway sending update to database
12:25:15 Gateway/motion 1
Gateway sending update to database
12:25:15 Gateway/motion 1
Gateway sending update to database
12:25:15 Gateway/motion 1
Gateway sending update to database
12:25:15 Gateway/motion 1
Gateway sending update to database
12:25:15 Gateway/motion 1
Gateway sending update to database
12:25:15 Gateway/motion 1
Gateway sending update to database
12:25:15 Gateway/motion 1
Gateway sending update to database
12:25:15 Gateway/motion 1
Gateway sending update to database
12:25:15 Gateway/motion 1
Gateway sending update to database
12:25:15 Gateway/motion 1
Gateway sending update to database
12:25:15 Gateway/motion 1
Gateway sending update to database
12:25:15 Gateway/motion 1
Gateway sending update to database
12:25:15 Gateway/motion 1
Gateway sending update to database
12:25:15 Gateway/motion 1
Gateway sending update to database
12:25:15 Gateway/motion 1
Gateway sending update to database
12:25:15 Gateway/motion 1
Gateway sending update to database
12:25:15 Gateway/motion 1
Gateway sending update to database
12:25:17 Gateway/motion 1
Gateway sending update to database
12:25:17 Gateway/motion 1
Gateway sending update to database
12:25:17 Gateway/motion 1
Gateway sending update to database
12:25:17 Gateway/motion 1
Gateway sending update to database
12:25:17 Gateway/motion 1
Gateway sending update to database
12:25:17 Gateway/motion 1
Gateway sending update to database
12:25:17 Gateway/motion 1
Gateway sending update to database
12:25:17 Gateway/motion 1
Gateway sending update to database
12:25:17 Gateway/motion 1
12:25:17 Temperature Sensor Gateway 0.0
Gateway sending update to database
Gateway sending update to database
Gateway sending update to database
12:25:17 Gateway/motion 1
Gateway sending update to database
12:25:17 Gateway/motion 1
Gateway sending update to database
12:25:17 Gateway/motion 1
Gateway sending update to database
12:25:17 Gateway/motion 1
Gateway sending update to database
12:25:17 Gateway/motion 1
Gateway sending update to database
12:25:17 Gateway/motion 1
Gateway sending update to database
12:25:17 Gateway/motion 1
Gateway sending update to database
12:25:17 Gateway/motion 1
Gateway sending update to database
12:25:17 Gateway/motion 1
Gateway sending update to database
12:25:17 Gateway/motion 1
Gateway sending update to database
12:25:17 Gateway/motion 1
Gateway sending update to database
12:25:17 Gateway/motion 1
Gateway sending update to database
12:25:17 Gateway/motion 1
Gateway sending update to database
12:25:17 Gateway/motion 1
Gateway sending update to database
12:25:17 Gateway/motion 1
Gateway sending update to database
12:25:17 Gateway/motion 1
Gateway sending update to database
12:25:17 Gateway/motion 1
Gateway sending update to database
12:25:17 Gateway/motion 1
Gateway sending update to database
12:25:17 Gateway/motion 1
Gateway sending update to database
12:25:17 Gateway/motion 1
Gateway sending update to database
12:25:17 Gateway/motion 1
Gateway sending update to database
12:25:17 Gateway/motion 1
Gateway sending update to database
12:25:17 Gateway/motion 1
Gateway sending update to database
12:25:17 Gateway/motion 1
Gateway sending update to database
12:25:17 Gateway/motion 1
Gateway sending update to database
12:25:17 Gateway/motion 1
Gateway sending update to database
12:25:17 Gateway/motion 1
Gateway sending update to database
12:25:17 Gateway/motion 1
Gateway sending update to database
12:25:17 Gateway/motion 1
Gateway sending update to database
12:25:17 Gateway/motion 1
Gateway sending update to database
12:25:17 Gateway/motion 1
Gateway sending update to database
12:25:17 Gateway/motion 1
Gateway sending update to database
12:25:17 Gateway/motion 1
Gateway sending update to database
12:25:17 Gateway/motion 1
Gateway sending update to database
12:25:17 Gateway/motion 1
Gateway sending update to database
12:25:17 Gateway/motion 1
Gateway sending update to database
12:25:17 Gateway/motion 1
Gateway sending update to database
12:25:17 Gateway/motion 1
Gateway sending update to database
12:25:17 Gateway/motion 1
Gateway sending update to database
12:25:17 Gateway/motion 1
Gateway sending update to database
12:25:17 Gateway/motion 1
Gateway sending update to database
12:25:17 Gateway/motion 1
Gateway sending update to database
12:25:17 Gateway/motion 1
Gateway sending update to database
12:25:17 Gateway/motion 1
Gateway sending update to database
12:25:17 Gateway/motion 1
Gateway sending update to database
12:25:17 Gateway/motion 1
Gateway sending update to database
12:25:17 Gateway/motion 1
Gateway sending update to database
12:25:17 Gateway/motion 1
Gateway sending update to database
12:25:17 Gateway/motion 1
Gateway sending update to database
12:25:17 Gateway/motion 1
Gateway sending update to database
12:25:17 Gateway/motion 1
Gateway sending update to database
12:25:17 Gateway/motion 1
Gateway sending update to database
12:25:17 Gateway/motion 1
Gateway sending update to database
12:25:17 Gateway/motion 1
Gateway sending update to database
12:25:17 Gateway/motion 1
Gateway sending update to database
12:25:17 Gateway/motion 1
Gateway sending update to database
12:25:17 Gateway/motion 1
Gateway sending update to database
12:25:17 Gateway/motion 1
Gateway sending update to database
12:25:17 Gateway/motion 1
Gateway sending update to database
12:25:17 Gateway/motion 1
Gateway sending update to database
12:25:17 Gateway/motion 1
Gateway sending update to database
12:25:17 Gateway/motion 1
Gateway sending update to database
12:25:17 Gateway/motion 1
Gateway sending update to database
12:25:17 Gateway/motion 1
Gateway sending update to database
12:25:17 Gateway/motion 1
Gateway sending update to database
12:25:17 Gateway/motion 1
Gateway sending update to database
12:25:17 Gateway/motion 1
Gateway sending update to database
12:25:17 Gateway/motion 1
Gateway sending update to database
12:25:17 Gateway/motion 1
Gateway sending update to database
12:25:17 Gateway/motion 1
Gateway sending update to database
12:25:17 Gateway/motion 1
Gateway sending update to database
12:25:17 Gateway/motion 1
Gateway sending update to database
12:25:17 Gateway/motion 1
Gateway sending update to database
12:25:17 Gateway/motion 1
Gateway sending update to database
12:25:17 Gateway/motion 1
Gateway sending update to database
12:25:17 Gateway/motion 1
Gateway sending update to database
12:25:17 Gateway/motion 1
Gateway sending update to database
12:25:17 Gateway/motion 1
Gateway sending update to database
12:25:17 Gateway/motion 1
Gateway sending update to database
12:25:17 Gateway/motion 1
Gateway sending update to database
12:25:17 Gateway/motion 1
Gateway sending update to database
12:25:17 Gateway/motion 1
Gateway sending update to database
12:25:17 Gateway/motion 1
Gateway sending update to database
12:25:17 Gateway/motion 1
Gateway sending update to database
12:25:17 Gateway/motion 1
Gateway sending update to database
12:25:17 Gateway/motion 1
Gateway sending update to database
12:25:17 Gateway/motion 1
Gateway sending update to database
12:25:17 Gateway/motion 1
Gateway sending update to database
12:25:17 Gateway/motion 1
Gateway sending update to database
12:25:17 Gateway/motion 1
Gateway sending update to database
12:25:17 Gateway/motion 1
Gateway sending update to database
12:25:17 Gateway/motion 1
Gateway sending update to database
12:25:17 Gateway/motion 1
Gateway sending update to database
12:25:17 Gateway/motion 1
Gateway sending update to database
12:25:17 Gateway/motion 1
Gateway sending update to database
12:25:17 Gateway/motion 1
Gateway sending update to database
12:25:17 Gateway/motion 1
Gateway sending update to database
12:25:17 Gateway/motion 1
Gateway sending update to database
12:25:17 Gateway/motion 1
Gateway sending update to database
12:25:17 Gateway/motion 1
Gateway sending update to database
12:25:17 Gateway/motion 1
Gateway sending update to database
12:25:17 Gateway/motion 1
Gateway sending update to database
12:25:17 Gateway/motion 1
Gateway sending update to database
12:25:17 Gateway/motion 1
Gateway sending update to database
12:25:17 Gateway/motion 1
Gateway sending update to database
12:25:17 Gateway/motion 1
Gateway sending update to database
12:25:17 Gateway/motion 1
Gateway sending update to database
12:25:17 Gateway/motion 1
Gateway sending update to database
12:25:17 Gateway/motion 1
Gateway sending update to database
12:25:17 Gateway/motion 1
Gateway sending update to database
12:25:17 Gateway/motion 1
Gateway sending update to database
12:25:17 Gateway/motion 1
Gateway sending update to database
12:25:17 Gateway/motion 1
Gateway sending update to database
12:25:17 Gateway/motion 1
Gateway sending update to database
12:25:17 Gateway/motion 1
Gateway sending update to database
12:25:17 Gateway/motion 1
Gateway sending update to database
12:25:17 Gateway/motion 1
Gateway sending update to database
12:25:17 Gateway/motion 1
Gateway sending update to database
12:25:17 Gateway/motion 1
Gateway sending update to database
12:25:17 Gateway/motion 1
Gateway sending update to database
12:25:17 Gateway/motion 1
Gateway sending update to database
12:25:17 Gateway/motion 1
Gateway sending update to database
12:25:17 Gateway/motion 1
Gateway sending update to database
12:25:17 Gateway/motion 1
Gateway sending update to database
12:25:17 Gateway/motion 1
Gateway sending update to database
12:25:17 Gateway/motion 1
Gateway sending update to database
12:25:17 Gateway/motion 1
Gateway sending update to database
12:25:17 Gateway/motion 1
Gateway sending update to database
12:25:17 Gateway/motion 1
Gateway sending update to database
12:25:17 Gateway/motion 1
Gateway sending update to database
12:25:17 Gateway/motion 1
Gateway sending update to database
12:25:17 Gateway/motion 1
Gateway sending update to database
12:25:17 Gateway/motion 1
Gateway sending update to database
12:25:17 Gateway/motion 1
Gateway sending update to database
12:25:17 Gateway/motion 1
Gateway sending update to database
12:25:17 Gateway/motion 1
Gateway sending update to database
12:25:17 Gateway/motion 1
Gateway sending update to database
12:25:17 Gateway/motion 1
Gateway sending update to database
12:25:17 Gateway/motion 1
Gateway sending update to database
12:25:17 Gateway/motion 1
Gateway sending update to database
12:25:17 Gateway/motion 1
Gateway sending update to database
12:25:17 Gateway/motion 1
Gateway sending update to database
12:25:17 Gateway/motion 1
Gateway sending update to database
12:25:17 Gateway/motion 1
Gateway sending update to database
12:25:17 Gateway/motion 1
Gateway sending update to database
12:25:17 Gateway/motion 1
Gateway sending update to database
12:25:17 Gateway/motion 1
Gateway sending update to database
12:25:17 Gateway/motion 1
Gateway sending update to database
12:25:17 Gateway/motion 1
Gateway sending update to database
12:25:17 Gateway/motion 1
Gateway sending update to database
12:25:17 Gateway/motion 1
Gateway sending update to database
12:25:17 Gateway/motion 1
Gateway sending update to database
12:25:17 Gateway/motion 1
Gateway sending update to database
12:25:17 Gateway/motion 1
Gateway sending update to database
12:25:17 Gateway/motion 1
Gateway sending update to database
12:25:17 Gateway/motion 1
Gateway sending update to database
12:25:17 Gateway/motion 1
Gateway sending update to database
12:25:17 Gateway/motion 1
Gateway sending update to database
12:25:17 Gateway/motion 1
Gateway sending update to database
12:25:17 Gateway/motion 1
Gateway sending update to database
12:25:17 Gateway/motion 1
Gateway sending update to database
12:25:17 Gateway/motion 1
Gateway sending update to database
12:25:17 Gateway/motion 1
Gateway sending update to database
12:25:17 Gateway/motion 1
Gateway sending update to database
12:25:17 Gateway/motion 1
Gateway sending update to database
12:25:17 Gateway/motion 1
Gateway sending update to database
12:25:17 Gateway/motion 1
Gateway sending update to database
12:25:17 Gateway/motion 1
Gateway sending update to database
12:25:17 Gateway/motion 1
Gateway sending update to database
12:25:17 Gateway/motion 1
Gateway sending update to database
12:25:17 Gateway/motion 1
Gateway sending update to database
12:25:17 Gateway/motion 1
Gateway sending update to database
12:25:17 Gateway/motion 1
Gateway sending update to database
12:25:17 Gateway/motion 1
Gateway sending update to database
12:25:17 Gateway/motion 1
Gateway sending update to database
12:25:17 Gateway/motion 1
Gateway sending update to database
12:25:17 Gateway/motion 1
Gateway sending update to database
12:25:17 Gateway/motion 1
Gateway sending update to database
12:25:17 Gateway/motion 1
Gateway sending update to database
12:25:17 Gateway/motion 1
Gateway sending update to database
12:25:17 Gateway/motion 1
Gateway sending update to database
12:25:17 Gateway/motion 1
Gateway sending update to database
12:25:17 Gateway/motion 1
Gateway sending update to database
12:25:17 Gateway/motion 1
Gateway sending update to database
12:25:17 Gateway/motion 1
Gateway sending update to database
12:25:17 Gateway/motion 1
Gateway sending update to database
12:25:17 Gateway/motion 1
Gateway sending update to database
12:25:17 Gateway/motion 1
Gateway sending update to database
12:25:17 Gateway/motion 1
Gateway sending update to database
12:25:17 Gateway/motion 1
Gateway sending update to database
12:25:17 Gateway/motion 1
Gateway sending update to database
12:25:17 Gateway/motion 1
Gateway sending update to database
12:25:17 Gateway/motion 1
Gateway sending update to database
12:25:17 Gateway/motion 1
Gateway sending update to database
12:25:17 Gateway/motion 1
Gateway sending update to database
12:25:17 Gateway/motion 1
Gateway sending update to database
12:25:17 Gateway/motion 1
Gateway sending update to database
12:25:17 Gateway/motion 1
Gateway sending update to database
12:25:17 Gateway/motion 1
Gateway sending update to database
12:25:17 Gateway/motion 1
Gateway sending update to database
12:25:17 Gateway/motion 1
Gateway sending update to database
12:25:17 Gateway/motion 1
Gateway sending update to database
12:25:17 Gateway/motion 1
Gateway sending update to database
12:25:17 Gateway/motion 1
Gateway sending update to database
12:25:17 Gateway/motion 1
Gateway sending update to database
12:25:17 Gateway/motion 1
Gateway sending update to database
12:25:17 Gateway/motion 1
Gateway sending update to database
12:25:17 Gateway/motion 1
Gateway sending update to database
12:25:17 Gateway/motion 1
Gateway sending update to database
12:25:17 Gateway/motion 1
Gateway sending update to database
12:25:17 Gateway/motion 1
Gateway sending update to database
12:25:17 Gateway/motion 1
Gateway sending update to database
12:25:17 Gateway/motion 1
Gateway sending update to database
12:25:17 Gateway/motion 1
Gateway sending update to database
12:25:17 Gateway/motion 1
Gateway sending update to database
12:25:17 Gateway/motion 1
Gateway sending update to database
12:25:17 Gateway/motion 1
Gateway sending update to database
12:25:17 Gateway/motion 1
Gateway sending update to database
12:25:17 Gateway/motion 1
Gateway sending update to database
12:25:17 Gateway/motion 1
Gateway sending update to database
12:25:17 Gateway/motion 1
Gateway sending update to database
12:25:17 Gateway/motion 1
Gateway sending update to database
12:25:17 Gateway/motion 1
Gateway sending update to database
12:25:17 Gateway/motion 1
Gateway sending update to database
12:25:17 Gateway/motion 1
Gateway sending update to database
12:25:17 Gateway/motion 1
Gateway sending update to database
12:25:17 Gateway/motion 1
Gateway sending update to database
12:25:17 Gateway/motion 1
Gateway sending update to database
12:25:17 Gateway/motion 1
Gateway sending update to database
12:25:17 Gateway/motion 1
Gateway sending update to database
12:25:17 Gateway/motion 1
Gateway sending update to database
12:25:17 Gateway/motion 1
Gateway sending update to database
12:25:17 Gateway/motion 1
Gateway sending update to database
12:25:17 Gateway/motion 1
Gateway sending update to database
12:25:17 Gateway/motion 1
Gateway sending update to database
12:25:17 Gateway/motion 1
Gateway sending update to database
12:25:17 Gateway/motion 1
Gateway sending update to database
12:25:17 Gateway/motion 1
Gateway sending update to database
12:25:17 Gateway/motion 1
Gateway sending update to database
12:25:17 Gateway/motion 1
Gateway sending update to database
12:25:17 Gateway/motion 1
Gateway sending update to database
12:25:17 Gateway/motion 1
Gateway sending update to database
12:25:17 Gateway/motion 1
Gateway sending update to database
12:25:17 Gateway/motion 1
Gateway sending update to database
12:25:17 Gateway/motion 1
Gateway sending update to database
12:25:17 Gateway/motion 1
Gateway sending update to database
12:25:17 Gateway/motion 1
Gateway sending update to database
12:25:17 Gateway/motion 1
Gateway sending update to database
12:25:17 Gateway/motion 1
Gateway sending update to database
12:25:17 Gateway/motion 1
Gateway sending update to database
12:25:17 Gateway/motion 1
Gateway sending update to database
12:25:17 Gateway/motion 1
Gateway sending update to database
12:25:17 Gateway/motion 1
Gateway sending update to database
12:25:17 Gateway/motion 1
Gateway sending update to database
12:25:17 Gateway/motion 1
Gateway sending update to database
12:25:17 Gateway/motion 1
Gateway sending update to database
12:25:17 Gateway/motion 1
Gateway sending update to database
12:25:17 Gateway/motion 1
Gateway sending update to database
12:25:17 Gateway/motion 1
Gateway sending update to database
12:25:17 Gateway/motion 1
Gateway sending update to database
12:25:17 Gateway/motion 1
Gateway sending update to database
12:25:17 Gateway/motion 1
Gateway sending update to database
12:25:17 Gateway/motion 1
Gateway sending update to database
12:25:17 Gateway/motion 1
Gateway sending update to database
12:25:17 Gateway/motion 1
Gateway sending update to database
12:25:17 Gateway/motion 1
Gateway sending update to database
12:25:17 Gateway/motion 1
Gateway sending update to database
12:25:17 Gateway/motion 1
Gateway sending update to database
12:25:17 Gateway/motion 1
Gateway sending update to database
12:25:17 Gateway/motion 1
Gateway sending update to database
12:25:17 Gateway/motion 1
Gateway sending update to database
12:25:17 Gateway/motion 1
Gateway sending update to database
12:25:17 Gateway/motion 1
Gateway sending update to database
12:25:17 Gateway/motion 1
Gateway sending update to database
12:25:17 Gateway/motion 1
Gateway sending update to database
12:25:17 Gateway/motion 1
Gateway sending update to database
12:25:17 Gateway/motion 1
Gateway sending update to database
12:25:17 Gateway/motion 1
Gateway sending update to database
12:25:17 Gateway/motion 1
Gateway sending update to database
12:25:17 Gateway/motion 1
Gateway sending update to database
12:25:17 Gateway/motion 1
Gateway sending update to database
12:25:17 Gateway/motion 1
Gateway sending update to database
12:25:17 Gateway/motion 1
Gateway sending update to database
12:25:17 Gateway/motion 1
Gateway sending update to database
12:25:17 Gateway/motion 1
Gateway sending update to database
12:25:17 Gateway/motion 1
Gateway sending update to database
12:25:17 Gateway/motion 1
Gateway sending update to database
12:25:17 Gateway/motion 1
Gateway sending update to database
12:25:17 Gateway/motion 1
Gateway sending update to database
12:25:17 Gateway/motion 1
Gateway sending update to database
12:25:17 Gateway/motion 1
Gateway sending update to database
12:25:17 Gateway/motion 1
Gateway sending update to database
12:25:17 Gateway/motion 1
Gateway sending update to database
12:25:17 Gateway/motion 1
Gateway sending update to database
12:25:17 Gateway/motion 1
Gateway sending update to database
12:25:17 Gateway/motion 1
Gateway sending update to database
12:25:17 Gateway/motion 1
Gateway sending update to database
12:25:17 Gateway/motion 1
Gateway sending update to database
12:25:17 Gateway/motion 1
Gateway sending update to database
12:25:17 Gateway/motion 1
Gateway sending update to database
12:25:17 Gateway/motion 1
Gateway sending update to database
12:25:17 Gateway/motion 1
Gateway sending update to database
12:25:17 Gateway/motion 1
Gateway sending update to database
12:25:17 Gateway/motion 1
Gateway sending update to database
12:25:17 Gateway/motion 1
Gateway sending update to database
12:25:17 Gateway/motion 1
Gateway sending update to database
12:25:17 Gateway/motion 1
Gateway sending update to database
12:25:17 Gateway/motion 1
Gateway sending update to database
12:25:17 Gateway/motion 1
Gateway sending update to database
12:25:17 Gateway/motion 1
Gateway sending update to database
12:25:17 Gateway/motion 1
Gateway sending update to database
12:25:17 Gateway/motion 1
Gateway sending update to database
12:25:17 Gateway/motion 1
Gateway sending update to database
12:25:17 Gateway/motion 1
Gateway sending update to database
12:25:17 Gateway/motion 1
Gateway sending update to database
12:25:17 Gateway/motion 1
Gateway sending update to database
12:25:17 Gateway/motion 1
Gateway sending update to database
12:25:18 Gateway/motion 1
Gateway sending update to database
12:25:18 Gateway/motion 1
Gateway sending update to database
12:25:18 Gateway/motion 1
Gateway sending update to database
12:25:18 Gateway/motion 1
Gateway sending update to database
12:25:18 Gateway/motion 1
Gateway sending update to database
12:25:18 Gateway/motion 1
Gateway sending update to database
12:25:18 Gateway/motion 1
Gateway sending update to database
12:25:18 Gateway/motion 1
Gateway sending update to database
12:25:18 Gateway/motion 1
Gateway sending update to database
12:25:18 Gateway/motion 1
Gateway sending update to database
12:25:18 Gateway/motion 1
Gateway sending update to database
12:25:18 Gateway/motion 1
Gateway sending update to database
12:25:18 Gateway/motion 1
Gateway sending update to database
12:25:18 Gateway/motion 1
Gateway sending update to database
12:25:18 Gateway/motion 1
Gateway sending update to database
12:25:18 Gateway/motion 1
Gateway sending update to database
12:25:18 Gateway/motion 1
Gateway sending update to database
12:25:18 Gateway/motion 1
Gateway sending update to database
12:25:18 Gateway/motion 1
Gateway sending update to database
12:25:18 Gateway/motion 1
Gateway sending update to database
12:25:18 Gateway/motion 1
Gateway sending update to database
12:25:18 Gateway/motion 1
Gateway sending update to database
12:25:18 Gateway/motion 1
Gateway sending update to database
12:25:18 Gateway/motion 1
Gateway sending update to database
12:25:18 Gateway/motion 1
Gateway sending update to database
12:25:18 Gateway/motion 1
Gateway sending update to database
12:25:18 Gateway/motion 1
Gateway sending update to database
12:25:18 Gateway/motion 1
Gateway sending update to database
12:25:18 Gateway/motion 1
Gateway sending update to database
12:25:18 Gateway/motion 1
Gateway sending update to database
12:25:18 Gateway/motion 1
Gateway sending update to database
12:25:18 Gateway/motion 1
Gateway sending update to database
12:25:18 Gateway/motion 1
Gateway sending update to database
12:25:18 Gateway/motion 1
Gateway sending update to database
12:25:18 Gateway/motion 1
Gateway sending update to database
12:25:18 Gateway/motion 1
Gateway sending update to database
12:25:18 Gateway/motion 1
Gateway sending update to database
12:25:18 Gateway/motion 1
Gateway sending update to database
12:25:18 Gateway/motion 1
Gateway sending update to database
12:25:18 Gateway/motion 1
Gateway sending update to database
12:25:18 Gateway/motion 1
Gateway sending update to database
12:25:18 Gateway/motion 1
Gateway sending update to database
12:25:18 Gateway/motion 1
Gateway sending update to database
12:25:18 Gateway/motion 1
Gateway sending update to database
12:25:18 Gateway/motion 1
Gateway sending update to database
12:25:18 Gateway/motion 1
Gateway sending update to database
12:25:18 Gateway/motion 1
Gateway sending update to database
12:25:18 Gateway/motion 1
Gateway sending update to database
12:25:18 Gateway/motion 1
Gateway sending update to database
12:25:18 Gateway/motion 1
Gateway sending update to database
12:25:18 Gateway/motion 1
Gateway sending update to database
12:25:18 Gateway/motion 1
Gateway sending update to database
12:25:18 Gateway/motion 1
Gateway sending update to database
12:25:18 Gateway/motion 1
Gateway sending update to database
12:25:18 Gateway/motion 1
Gateway sending update to database
12:25:18 Gateway/motion 1
Gateway sending update to database
12:25:18 Gateway/motion 1
Gateway sending update to database
12:25:18 Gateway/motion 1
Gateway sending update to database
12:25:18 Gateway/motion 1
Gateway sending update to database
12:25:18 Gateway/motion 1
Gateway sending update to database
12:25:18 Gateway/motion 1
Gateway sending update to database
12:25:18 Gateway/motion 1
Gateway sending update to database
12:25:18 Gateway/motion 1
Gateway sending update to database
12:25:18 Gateway/motion 1
Gateway sending update to database
12:25:18 Gateway/motion 1
Gateway sending update to database
12:25:18 Gateway/motion 1
Gateway sending update to database
12:25:18 Gateway/motion 1
Gateway sending update to database
12:25:18 Gateway/motion 1
Gateway sending update to database
12:25:18 Gateway/motion 1
Gateway sending update to database
12:25:18 Gateway/motion 1
Gateway sending update to database
12:25:18 Gateway/motion 1
Gateway sending update to database
12:25:18 Gateway/motion 1
Gateway sending update to database
12:25:18 Gateway/motion 1
Gateway sending update to database
12:25:18 Gateway/motion 1
Gateway sending update to database
12:25:18 Gateway/motion 1
Gateway sending update to database
12:25:18 Gateway/motion 1
Gateway sending update to database
12:25:18 Gateway/motion 1
Gateway sending update to database
12:25:18 Gateway/motion 1
Gateway sending update to database
12:25:18 Gateway/motion 1
Gateway sending update to database
12:25:18 Gateway/motion 1
Gateway sending update to database
12:25:18 Gateway/motion 1
Gateway sending update to database
12:25:18 Gateway/motion 1
Gateway sending update to database
12:25:18 Gateway/motion 1
Gateway sending update to database
12:25:18 Gateway/motion 1
Gateway sending update to database
12:25:18 Gateway/motion 1
Gateway sending update to database
12:25:18 Gateway/motion 1
Gateway sending update to database
12:25:18 Gateway/motion 1
Gateway sending update to database
12:25:18 Gateway/motion 1
Gateway sending update to database
12:25:18 Gateway/motion 1
Gateway sending update to database
12:25:18 Gateway/motion 1
Gateway sending update to database
12:25:18 Gateway/motion 1
Gateway sending update to database
12:25:18 Gateway/motion 1
Gateway sending update to database
12:25:18 Gateway/motion 1
Gateway sending update to database
12:25:18 Gateway/motion 1
Gateway sending update to database
12:25:18 Gateway/motion 1
Gateway sending update to database
12:25:18 Gateway/motion 1
Gateway sending update to database
12:25:18 Gateway/motion 1
Gateway sending update to database
12:25:18 Gateway/motion 1
Gateway sending update to database
12:25:18 Gateway/motion 1
Gateway sending update to database
12:25:18 Gateway/motion 1
Gateway sending update to database
12:25:18 Gateway/motion 1
Gateway sending update to database
12:25:18 Gateway/motion 1
Gateway sending update to database
12:25:18 Gateway/motion 1
Gateway sending update to database
12:25:18 Gateway/motion 1
Gateway sending update to database
12:25:18 Gateway/motion 1
Gateway sending update to database
12:25:18 Gateway/motion 1
Gateway sending update to database
12:25:18 Gateway/motion 1
Gateway sending update to database
12:25:18 Gateway/motion 1
Gateway sending update to database
12:25:18 Gateway/motion 1
Gateway sending update to database
12:25:18 Gateway/motion 1
Gateway sending update to database
12:25:18 Gateway/motion 1
Gateway sending update to database
12:25:18 Gateway/motion 1
Gateway sending update to database
12:25:18 Gateway/motion 1
Gateway sending update to database
12:25:18 Gateway/motion 1
Gateway sending update to database
12:25:18 Gateway/motion 1
Gateway sending update to database
12:25:18 Gateway/motion 1
Gateway sending update to database
12:25:18 Gateway/motion 1
Gateway sending update to database
12:25:18 Gateway/motion 1
Gateway sending update to database
12:25:18 Gateway/motion 1
Gateway sending update to database
12:25:18 Gateway/motion 1
Gateway sending update to database
12:25:18 Gateway/motion 1
Gateway sending update to database
12:25:18 Gateway/motion 1
Gateway sending update to database
12:25:18 Gateway/motion 1
Gateway sending update to database
12:25:18 Gateway/motion 1
Gateway sending update to database
12:25:18 Gateway/motion 1
Gateway sending update to database
12:25:18 Gateway/motion 1
Gateway sending update to database
12:25:18 Gateway/motion 1
Gateway sending update to database
12:25:18 Gateway/motion 1
Gateway sending update to database
12:25:18 Gateway/motion 1
Gateway sending update to database
12:25:18 Gateway/motion 1
Gateway sending update to database
12:25:18 Gateway/motion 1
Gateway sending update to database
12:25:18 Gateway/motion 1
Gateway sending update to database
12:25:18 Gateway/motion 1
Gateway sending update to database
12:25:18 Gateway/motion 1
Gateway sending update to database
12:25:18 Gateway/motion 1
Gateway sending update to database
12:25:18 Gateway/motion 1
Gateway sending update to database
12:25:18 Gateway/motion 1
Gateway sending update to database
12:25:18 Gateway/motion 1
Gateway sending update to database
12:25:18 Gateway/motion 1
Gateway sending update to database
12:25:18 Gateway/motion 1
Gateway sending update to database
12:25:18 Gateway/motion 1
Gateway sending update to database
12:25:18 Gateway/motion 1
Gateway sending update to database
12:25:18 Gateway/motion 1
Gateway sending update to database
12:25:18 Gateway/motion 1
Gateway sending update to database
12:25:18 Gateway/motion 1
Gateway sending update to database
12:25:18 Gateway/motion 1
Gateway sending update to database
12:25:18 Gateway/motion 1
Gateway sending update to database
12:25:18 Gateway/motion 1
Gateway sending update to database
12:25:18 Gateway/motion 1
Gateway sending update to database
12:25:18 Gateway/motion 1
Gateway sending update to database
12:25:18 Gateway/motion 1
Gateway sending update to database
12:25:18 Gateway/motion 1
Gateway sending update to database
12:25:18 Gateway/motion 1
Gateway sending update to database
12:25:18 Gateway/motion 1
Gateway sending update to database
12:25:18 Gateway/motion 1
Gateway sending update to database
12:25:18 Gateway/motion 1
Gateway sending update to database
12:25:18 Gateway/motion 1
Gateway sending update to database
12:25:18 Gateway/motion 1
Gateway sending update to database
12:25:18 Gateway/motion 1
Gateway sending update to database
12:25:18 Gateway/motion 1
Gateway sending update to database
12:25:18 Gateway/motion 1
Gateway sending update to database
12:25:18 Gateway/motion 1
Gateway sending update to database
12:25:18 Gateway/motion 1
Gateway sending update to database
12:25:18 Gateway/motion 1
Gateway sending update to database
12:25:18 Gateway/motion 1
Gateway sending update to database
12:25:18 Gateway/motion 1
Gateway sending update to database
12:25:18 Gateway/motion 1
Gateway sending update to database
12:25:18 Gateway/motion 1
Gateway sending update to database
12:25:18 Gateway/motion 1
Gateway sending update to database
12:25:18 Gateway/motion 1
Gateway sending update to database
12:25:18 Gateway/motion 1
Gateway sending update to database
12:25:18 Gateway/motion 1
Gateway sending update to database
12:25:18 Gateway/motion 1
Gateway sending update to database
12:25:18 Gateway/motion 1
Gateway sending update to database
12:25:18 Gateway/motion 1
Gateway sending update to database
12:25:18 Gateway/motion 1
Gateway sending update to database
12:25:18 Gateway/motion 1
Gateway sending update to database
12:25:18 Gateway/motion 1
Gateway sending update to database
12:25:18 Gateway/motion 1
Gateway sending update to database
12:25:18 Gateway/motion 1
Gateway sending update to database
12:25:18 Gateway/motion 1
Gateway sending update to database
12:25:18 Gateway/motion 1
Gateway sending update to database
12:25:18 Gateway/motion 1
Gateway sending update to database
12:25:18 Gateway/motion 1
Gateway sending update to database
12:25:18 Gateway/motion 1
Gateway sending update to database
12:25:18 Gateway/motion 1
Gateway sending update to database
12:25:18 Gateway/motion 1
Gateway sending update to database
12:25:18 Gateway/motion 1
Gateway sending update to database
12:25:18 Gateway/motion 1
Gateway sending update to database
12:25:18 Gateway/motion 1
Gateway sending update to database
12:25:18 Gateway/motion 1
Gateway sending update to database
12:25:18 Gateway/motion 1
Gateway sending update to database
12:25:18 Gateway/motion 1
Gateway sending update to database
12:25:18 Gateway/motion 1
Gateway sending update to database
12:25:18 Gateway/motion 1
Gateway sending update to database
12:25:18 Gateway/motion 1
Gateway sending update to database
12:25:18 Gateway/motion 1
Gateway sending update to database
12:25:18 Gateway/motion 1
Gateway sending update to database
12:25:18 Gateway/motion 1
Gateway sending update to database
12:25:18 Gateway/motion 1
Gateway sending update to database
12:25:18 Gateway/motion 1
Gateway sending update to database
12:25:18 Gateway/motion 1
Gateway sending update to database
12:25:18 Gateway/motion 1
Gateway sending update to database
12:25:18 Gateway/motion 1
Gateway sending update to database
12:25:18 Gateway/motion 1
Gateway sending update to database
12:25:18 Gateway/motion 1
Gateway sending update to database
12:25:18 Gateway/motion 1
Gateway sending update to database
12:25:18 Gateway/motion 1
Gateway sending update to database
12:25:18 Gateway/motion 1
Gateway sending update to database
12:25:18 Gateway/motion 1
Gateway sending update to database
12:25:18 Gateway/motion 1
Gateway sending update to database
12:25:18 Gateway/motion 1
Gateway sending update to database
12:25:18 Gateway/motion 1
Gateway sending update to database
12:25:18 Gateway/motion 1
Gateway sending update to database
12:25:18 Gateway/motion 1
Gateway sending update to database
12:25:18 Gateway/motion 1
Gateway sending update to database
12:25:18 Gateway/motion 1
Gateway sending update to database
12:25:18 Gateway/motion 1
Gateway sending update to database
12:25:18 Gateway/motion 1
Gateway sending update to database
12:25:18 Gateway/motion 1
Gateway sending update to database
12:25:18 Gateway/motion 1
Gateway sending update to database
12:25:18 Gateway/motion 1
Gateway sending update to database
12:25:18 Gateway/motion 1
Gateway sending update to database
12:25:18 Gateway/motion 1
Gateway sending update to database
12:25:18 Gateway/motion 1
Gateway sending update to database
12:25:18 Gateway/motion 1
Gateway sending update to database
12:25:18 Gateway/motion 1
Gateway sending update to database
12:25:18 Gateway/motion 1
Gateway sending update to database
12:25:18 Gateway/motion 1
Gateway sending update to database
12:25:18 Gateway/motion 1
Gateway sending update to database
12:25:18 Gateway/motion 1
Gateway sending update to database
12:25:18 Gateway/motion 1
Gateway sending update to database
12:25:18 Gateway/motion 1
Gateway sending update to database
12:25:18 Gateway/motion 1
Gateway sending update to database
12:25:18 Gateway/motion 1
Gateway sending update to database
12:25:18 Gateway/motion 1
Gateway sending update to database
12:25:18 Gateway/motion 1
Gateway sending update to database
12:25:18 Gateway/motion 1
Gateway sending update to database
12:25:18 Gateway/motion 1
Gateway sending update to database
12:25:18 Gateway/motion 1
Gateway sending update to database
12:25:18 Gateway/motion 1
Gateway sending update to database
12:25:18 Gateway/motion 1
Gateway sending update to database
12:25:18 Gateway/motion 1
Gateway sending update to database
12:25:18 Gateway/motion 1
Gateway sending update to database
12:25:18 Gateway/motion 1
Gateway sending update to database
12:25:18 Gateway/motion 1
Gateway sending update to database
12:25:18 Gateway/motion 1
Gateway sending update to database
12:25:18 Gateway/motion 1
Gateway sending update to database
12:25:18 Gateway/motion 1
Gateway sending update to database
12:25:18 Gateway/motion 1
Gateway sending update to database
12:25:18 Gateway/motion 1
Gateway sending update to database
12:25:18 Gateway/motion 1
Gateway sending update to database
12:25:18 Gateway/motion 1
Gateway sending update to database
12:25:18 Gateway/motion 1
Gateway sending update to database
12:25:18 Gateway/motion 1
Gateway sending update to database
12:25:18 Gateway/motion 1
Gateway sending update to database
12:25:18 Gateway/motion 1
Gateway sending update to database
12:25:18 Gateway/motion 1
Gateway sending update to database
12:25:18 Gateway/motion 1
Gateway sending update to database
12:25:18 Gateway/motion 1
Gateway sending update to database
12:25:18 Gateway/motion 1
Gateway sending update to database
12:25:18 Gateway/motion 1
Gateway sending update to database
12:25:18 Gateway/motion 1
Gateway sending update to database
12:25:18 Gateway/motion 1
Gateway sending update to database
12:25:18 Gateway/motion 1
Gateway sending update to database
12:25:18 Gateway/motion 1
Gateway sending update to database
12:25:18 Gateway/motion 1
Gateway sending update to database
12:25:18 Gateway/motion 1
Gateway sending update to database
12:25:18 Gateway/motion 1
Gateway sending update to database
12:25:18 Gateway/motion 1
Gateway sending update to database
12:25:18 Gateway/motion 1
Gateway sending update to database
12:25:18 Gateway/motion 1
Gateway sending update to database
12:25:18 Gateway/motion 1
Gateway sending update to database
12:25:18 Gateway/motion 1
Gateway sending update to database
12:25:18 Gateway/motion 1
Gateway sending update to database
12:25:18 Gateway/motion 1
Gateway sending update to database
12:25:18 Gateway/motion 1
Gateway sending update to database
12:25:18 Gateway/motion 1
Gateway sending update to database
12:25:18 Gateway/motion 1
Gateway sending update to database
12:25:18 Gateway/motion 1
Gateway sending update to database
12:25:18 Gateway/motion 1
Gateway sending update to database
12:25:18 Gateway/motion 1
Gateway sending update to database
12:25:18 Gateway/motion 1
Gateway sending update to database
12:25:18 Gateway/motion 1
Gateway sending update to database
12:25:18 Gateway/motion 1
Gateway sending update to database
12:25:18 Gateway/motion 1
Gateway sending update to database
12:25:18 Gateway/motion 1
Gateway sending update to database
12:25:18 Gateway/motion 1
Gateway sending update to database
12:25:18 Gateway/motion 1
Gateway sending update to database
12:25:18 Gateway/motion 1
Gateway sending update to database
12:25:18 Gateway/motion 1
Gateway sending update to database
12:25:18 Gateway/motion 1
Gateway sending update to database
12:25:18 Gateway/motion 1
Gateway sending update to database
12:25:18 Gateway/motion 1
Gateway sending update to database
12:25:18 Gateway/motion 1
Gateway sending update to database
12:25:18 Gateway/motion 1
Gateway sending update to database
12:25:18 Gateway/motion 1
Gateway sending update to database
12:25:18 Gateway/motion 1
Gateway sending update to database
12:25:18 Gateway/motion 1
Gateway sending update to database
12:25:18 Gateway/motion 1
Gateway sending update to database
12:25:18 Gateway/motion 1
Gateway sending update to database
12:25:18 Gateway/motion 1
Gateway sending update to database
12:25:18 Gateway/motion 1
Gateway sending update to database
12:25:18 Gateway/motion 1
Gateway sending update to database
12:25:18 Gateway/motion 1
Gateway sending update to database
12:25:18 Gateway/motion 1
Gateway sending update to database
12:25:18 Gateway/motion 1
Gateway sending update to database
12:25:18 Gateway/motion 1
Gateway sending update to database
12:25:18 Gateway/motion 1
Gateway sending update to database
12:25:18 Gateway/motion 1
Gateway sending update to database
12:25:18 Gateway/motion 1
Gateway sending update to database
12:25:18 Gateway/motion 1
Gateway sending update to database
12:25:18 Gateway/motion 1
Gateway sending update to database
12:25:18 Gateway/motion 1
Gateway sending update to database
12:25:18 Gateway/motion 1
Gateway sending update to database
12:25:19 Gateway/motion 1
Gateway sending update to database
12:25:19 Gateway/motion 1
Gateway sending update to database
12:25:19 Gateway/motion 1
Gateway sending update to database
12:25:19 Gateway/motion 1
Gateway sending update to database
12:25:19 Gateway/motion 1
Gateway sending update to database
12:25:19 Gateway/motion 1
Gateway sending update to database
12:25:19 Gateway/motion 1
Gateway sending update to database
12:25:19 Gateway/motion 1
Gateway sending update to database
12:25:19 Gateway/motion 1
Gateway sending update to database
12:25:19 Gateway/motion 1
Gateway sending update to database
12:25:19 Gateway/motion 1
Gateway sending update to database
12:25:19 Gateway/motion 1
Gateway sending update to database
12:25:19 Gateway/motion 1
Gateway sending update to database
12:25:19 Gateway/motion 1
Gateway sending update to database
12:25:19 Gateway/motion 1
Gateway sending update to database
12:25:19 Gateway/motion 1
Gateway sending update to database
12:25:19 Gateway/motion 1
Gateway sending update to database
12:25:19 Gateway/motion 1
Gateway sending update to database
12:25:19 Gateway/motion 1
Gateway sending update to database
12:25:19 Gateway/motion 1
Gateway sending update to database
12:25:19 Gateway/motion 1
Gateway sending update to database
12:25:19 Gateway/motion 1
Gateway sending update to database
12:25:19 Gateway/motion 1
Gateway sending update to database
12:25:19 Gateway/motion 1
Gateway sending update to database
12:25:19 Gateway/motion 1
Gateway sending update to database
12:25:19 Gateway/motion 1
Gateway sending update to database
12:25:19 Gateway/motion 1
Gateway sending update to database
12:25:19 Gateway/motion 1
Gateway sending update to database
12:25:19 Gateway/motion 1
Gateway sending update to database
12:25:19 Gateway/motion 1
Gateway sending update to database
12:25:19 Gateway/motion 1
Gateway sending update to database
12:25:19 Gateway/motion 1
Gateway sending update to database
12:25:19 Gateway/motion 1
Gateway sending update to database
12:25:19 Gateway/motion 1
Gateway sending update to database
12:25:19 Gateway/motion 1
Gateway sending update to database
12:25:19 Gateway/motion 1
Gateway sending update to database
12:25:19 Gateway/motion 1
Gateway sending update to database
12:25:19 Gateway/motion 1
Gateway sending update to database
12:25:19 Gateway/motion 1
Gateway sending update to database
12:25:19 Gateway/motion 1
Gateway sending update to database
12:25:19 Gateway/motion 1
Gateway sending update to database
12:25:19 Gateway/motion 1
Gateway sending update to database
12:25:19 Gateway/motion 1
Gateway sending update to database
12:25:19 Gateway/motion 1
Gateway sending update to database
12:25:19 Gateway/motion 1
Gateway sending update to database
12:25:19 Gateway/motion 1
Gateway sending update to database
12:25:19 Gateway/motion 1
Gateway sending update to database
12:25:19 Gateway/motion 1
Gateway sending update to database
12:25:19 Gateway/motion 1
Gateway sending update to database
12:25:19 Gateway/motion 1
Gateway sending update to database
12:25:19 Gateway/motion 1
Gateway sending update to database
12:25:19 Gateway/motion 1
Gateway sending update to database
12:25:19 Gateway/motion 1
Gateway sending update to database
12:25:19 Gateway/motion 1
Gateway sending update to database
12:25:19 Gateway/motion 1
Gateway sending update to database
12:25:19 Gateway/motion 1
Gateway sending update to database
12:25:19 Gateway/motion 1
Gateway sending update to database
12:25:19 Gateway/motion 1
Gateway sending update to database
12:25:19 Gateway/motion 1
Gateway sending update to database
12:25:19 Gateway/motion 1
Gateway sending update to database
12:25:19 Gateway/motion 1
Gateway sending update to database
12:25:19 Gateway/motion 1
Gateway sending update to database
12:25:19 Gateway/motion 1
Gateway sending update to database
12:25:19 Gateway/motion 1
Gateway sending update to database
12:25:19 Gateway/motion 1
Gateway sending update to database
12:25:19 Gateway/motion 1
Gateway sending update to database
12:25:19 Gateway/motion 1
Gateway sending update to database
12:25:19 Gateway/motion 1
Gateway sending update to database
12:25:19 Gateway/motion 1
Gateway sending update to database
12:25:19 Gateway/motion 1
Gateway sending update to database
12:25:19 Gateway/motion 1
Gateway sending update to database
12:25:19 Gateway/motion 1
Gateway sending update to database
12:25:19 Gateway/motion 1
Gateway sending update to database
12:25:19 Gateway/motion 1
Gateway sending update to database
12:25:19 Gateway/motion 1
Gateway sending update to database
12:25:19 Gateway/motion 1
Gateway sending update to database
12:25:19 Gateway/motion 1
Gateway sending update to database
12:25:19 Gateway/motion 1
Gateway sending update to database
12:25:19 Gateway/motion 1
Gateway sending update to database
12:25:19 Gateway/motion 1
Gateway sending update to database
12:25:19 Gateway/motion 1
Gateway sending update to database
12:25:19 Gateway/motion 1
Gateway sending update to database
12:25:19 Gateway/motion 1
Gateway sending update to database
12:25:19 Gateway/motion 1
Gateway sending update to database
12:25:19 Gateway/motion 1
Gateway sending update to database
12:25:19 Gateway/motion 1
Gateway sending update to database
12:25:19 Gateway/motion 1
Gateway sending update to database
12:25:19 Gateway/motion 1
Gateway sending update to database
12:25:19 Gateway/motion 1
Gateway sending update to database
12:25:19 Gateway/motion 1
Gateway sending update to database
12:25:19 Gateway/motion 1
Gateway sending update to database
12:25:19 Gateway/motion 1
Gateway sending update to database
12:25:19 Gateway/motion 1
Gateway sending update to database
12:25:19 Gateway/motion 1
Gateway sending update to database
12:25:19 Gateway/motion 1
Gateway sending update to database
12:25:19 Gateway/motion 1
Gateway sending update to database
12:25:19 Gateway/motion 1
Gateway sending update to database
12:25:19 Gateway/motion 1
Gateway sending update to database
12:25:19 Gateway/motion 1
Gateway sending update to database
12:25:19 Gateway/motion 1
Gateway sending update to database
12:25:19 Gateway/motion 1
Gateway sending update to database
12:25:19 Gateway/motion 1
Gateway sending update to database
12:25:19 Gateway/motion 1
Gateway sending update to database
12:25:19 Gateway/motion 1
Gateway sending update to database
12:25:19 Gateway/motion 1
Gateway sending update to database
12:25:19 Gateway/motion 1
Gateway sending update to database
12:25:19 Gateway/motion 1
Gateway sending update to database
12:25:19 Gateway/motion 1
Gateway sending update to database
12:25:19 Gateway/motion 1
Gateway sending update to database
12:25:19 Gateway/motion 1
Gateway sending update to database
12:25:19 Gateway/motion 1
Gateway sending update to database
12:25:19 Gateway/motion 1
Gateway sending update to database
12:25:19 Gateway/motion 1
Gateway sending update to database
12:25:19 Gateway/motion 1
Gateway sending update to database
12:25:19 Gateway/motion 1
Gateway sending update to database
12:25:19 Gateway/motion 1
Gateway sending update to database
12:25:19 Gateway/motion 1
Gateway sending update to database
12:25:19 Gateway/motion 1
Gateway sending update to database
12:25:19 Gateway/motion 1
Gateway sending update to database
12:25:19 Gateway/motion 1
Gateway sending update to database
12:25:19 Gateway/motion 1
Gateway sending update to database
12:25:19 Gateway/motion 1
Gateway sending update to database
12:25:19 Gateway/motion 1
Gateway sending update to database
12:25:19 Gateway/motion 1
Gateway sending update to database
12:25:19 Gateway/motion 1
Gateway sending update to database
12:25:19 Gateway/motion 1
Gateway sending update to database
12:25:19 Gateway/motion 1
Gateway sending update to database
12:25:19 Gateway/motion 1
Gateway sending update to database
12:25:19 Gateway/motion 1
Gateway sending update to database
12:25:19 Gateway/motion 1
Gateway sending update to database
12:25:19 Gateway/motion 1
Gateway sending update to database
12:25:19 Gateway/motion 1
Gateway sending update to database
12:25:19 Gateway/motion 1
Gateway sending update to database
12:25:19 Gateway/motion 1
Gateway sending update to database
12:25:19 Gateway/motion 1
Gateway sending update to database
12:25:19 Gateway/motion 1
Gateway sending update to database
12:25:19 Gateway/motion 1
Gateway sending update to database
12:25:19 Gateway/motion 1
Gateway sending update to database
12:25:19 Gateway/motion 1
Gateway sending update to database
12:25:19 Gateway/motion 1
Gateway sending update to database
12:25:19 Gateway/motion 1
Gateway sending update to database
12:25:19 Gateway/motion 1
Gateway sending update to database
12:25:19 Gateway/motion 1
Gateway sending update to database
12:25:19 Gateway/motion 1
Gateway sending update to database
12:25:19 Gateway/motion 1
Gateway sending update to database
12:25:19 Gateway/motion 1
Gateway sending update to database
12:25:19 Gateway/motion 1
Gateway sending update to database
12:25:19 Gateway/motion 1
Gateway sending update to database
12:25:19 Gateway/motion 1
Gateway sending update to database
12:25:19 Gateway/motion 1
Gateway sending update to database
12:25:19 Gateway/motion 1
Gateway sending update to database
12:25:19 Gateway/motion 1
Gateway sending update to database
12:25:19 Gateway/motion 1
Gateway sending update to database
12:25:19 Gateway/motion 1
Gateway sending update to database
12:25:19 Gateway/motion 1
Gateway sending update to database
12:25:19 Gateway/motion 1
Gateway sending update to database
12:25:19 Gateway/motion 1
Gateway sending update to database
12:25:19 Gateway/motion 1
Gateway sending update to database
12:25:19 Gateway/motion 1
Gateway sending update to database
12:25:19 Gateway/motion 1
Gateway sending update to database
12:25:19 Gateway/motion 1
Gateway sending update to database
12:25:19 Gateway/motion 1
Gateway sending update to database
12:25:19 Gateway/motion 1
Gateway sending update to database
12:25:19 Gateway/motion 1
Gateway sending update to database
12:25:19 Gateway/motion 1
Gateway sending update to database
12:25:19 Gateway/motion 1
Gateway sending update to database
12:25:19 Gateway/motion 1
Gateway sending update to database
12:25:19 Gateway/motion 1
Gateway sending update to database
12:25:19 Gateway/motion 1
Gateway sending update to database
12:25:19 Gateway/motion 1
Gateway sending update to database
12:25:19 Gateway/motion 1
Gateway sending update to database
12:25:19 Gateway/motion 1
Gateway sending update to database
12:25:19 Gateway/motion 1
Gateway sending update to database
12:25:19 Gateway/motion 1
Gateway sending update to database
12:25:19 Gateway/motion 1
Gateway sending update to database
12:25:19 Gateway/motion 1
Gateway sending update to database
12:25:19 Gateway/motion 1
Gateway sending update to database
12:25:19 Gateway/motion 1
Gateway sending update to database
12:25:19 Gateway/motion 1
Gateway sending update to database
12:25:19 Gateway/motion 1
Gateway sending update to database
12:25:19 Gateway/motion 1
Gateway sending update to database
12:25:19 Gateway/motion 1
Gateway sending update to database
12:25:19 Gateway/motion 1
Gateway sending update to database
12:25:19 Gateway/motion 1
Gateway sending update to database
12:25:19 Gateway/motion 1
Gateway sending update to database
12:25:19 Gateway/motion 1
Gateway sending update to database
12:25:19 Gateway/motion 1
Gateway sending update to database
12:25:19 Gateway/motion 1
Gateway sending update to database
12:25:19 Gateway/motion 1
Gateway sending update to database
12:25:19 Gateway/motion 1
Gateway sending update to database
12:25:19 Gateway/motion 1
Gateway sending update to database
12:25:19 Gateway/motion 1
Gateway sending update to database
12:25:19 Gateway/motion 1
Gateway sending update to database
12:25:19 Gateway/motion 1
Gateway sending update to database
12:25:19 Gateway/motion 1
Gateway sending update to database
12:25:19 Gateway/motion 1
Gateway sending update to database
12:25:19 Gateway/motion 1
Gateway sending update to database
12:25:19 Gateway/motion 1
Gateway sending update to database
12:25:19 Gateway/motion 1
Gateway sending update to database
12:25:19 Gateway/motion 1
Gateway sending update to database
12:25:19 Gateway/motion 1
Gateway sending update to database
12:25:19 Gateway/motion 1
Gateway sending update to database
12:25:19 Gateway/motion 1
Gateway sending update to database
12:25:19 Gateway/motion 1
Gateway sending update to database
12:25:19 Gateway/motion 1
Gateway sending update to database
12:25:19 Gateway/motion 1
Gateway sending update to database
12:25:19 Gateway/motion 1
Gateway sending update to database
12:25:19 Gateway/motion 1
Gateway sending update to database
12:25:19 Gateway/motion 1
Gateway sending update to database
12:25:19 Gateway/motion 1
Gateway sending update to database
12:25:19 Gateway/motion 1
Gateway sending update to database
12:25:19 Gateway/motion 1
Gateway sending update to database
12:25:19 Gateway/motion 1
Gateway sending update to database
12:25:19 Gateway/motion 1
Gateway sending update to database
12:25:19 Gateway/motion 1
Gateway sending update to database
12:25:19 Gateway/motion 1
Gateway sending update to database
12:25:19 Gateway/motion 1
Gateway sending update to database
12:25:19 Gateway/motion 1
Gateway sending update to database
12:25:19 Gateway/motion 1
Gateway sending update to database
12:25:19 Gateway/motion 1
Gateway sending update to database
12:25:19 Gateway/motion 1
Gateway sending update to database
12:25:19 Gateway/motion 1
Gateway sending update to database
12:25:19 Gateway/motion 1
Gateway sending update to database
12:25:19 Gateway/motion 1
Gateway sending update to database
12:25:19 Gateway/motion 1
Gateway sending update to database
12:25:19 Gateway/motion 1
Gateway sending update to database
12:25:19 Gateway/motion 1
Gateway sending update to database
12:25:19 Gateway/motion 1
Gateway sending update to database
12:25:19 Gateway/motion 1
Gateway sending update to database
12:25:19 Gateway/motion 1
Gateway sending update to database
12:25:19 Gateway/motion 1
Gateway sending update to database
12:25:19 Gateway/motion 1
Gateway sending update to database
12:25:19 Gateway/motion 1
Gateway sending update to database
12:25:19 Gateway/motion 1
Gateway sending update to database
12:25:19 Gateway/motion 1
Gateway sending update to database
12:25:19 Gateway/motion 1
Gateway sending update to database
12:25:19 Gateway/motion 1
Gateway sending update to database
12:25:19 Gateway/motion 1
Gateway sending update to database
12:25:19 Gateway/motion 1
Gateway sending update to database
12:25:19 Gateway/motion 1
Gateway sending update to database
12:25:19 Gateway/motion 1
Gateway sending update to database
12:25:19 Gateway/motion 1
Gateway sending update to database
12:25:19 Gateway/motion 1
Gateway sending update to database
12:25:19 Gateway/motion 1
Gateway sending update to database
12:25:19 Gateway/motion 1
Gateway sending update to database
12:25:19 Gateway/motion 1
Gateway sending update to database
12:25:19 Gateway/motion 1
Gateway sending update to database
12:25:19 Gateway/motion 1
Gateway sending update to database
12:25:19 Gateway/motion 1
Gateway sending update to database
12:25:19 Gateway/motion 1
Gateway sending update to database
12:25:19 Gateway/motion 1
Gateway sending update to database
12:25:19 Gateway/motion 1
Gateway sending update to database
12:25:19 Gateway/motion 1
Gateway sending update to database
12:25:19 Gateway/motion 1
Gateway sending update to database
12:25:19 Gateway/motion 1
Gateway sending update to database
12:25:19 Gateway/motion 1
Gateway sending update to database
12:25:19 Gateway/motion 1
Gateway sending update to database
12:25:19 Gateway/motion 1
Gateway sending update to database
12:25:19 Gateway/motion 1
Gateway sending update to database
12:25:19 Gateway/motion 1
Gateway sending update to database
12:25:19 Gateway/motion 1
Gateway sending update to database
12:25:19 Gateway/motion 1
Gateway sending update to database
12:25:19 Gateway/motion 1
Gateway sending update to database
12:25:19 Gateway/motion 1
Gateway sending update to database
12:25:19 Gateway/motion 1
Gateway sending update to database
12:25:19 Gateway/motion 1
Gateway sending update to database
12:25:19 Gateway/motion 1
Gateway sending update to database
12:25:19 Gateway/motion 1
Gateway sending update to database
12:25:19 Gateway/motion 1
Gateway sending update to database
12:25:19 Gateway/motion 1
Gateway sending update to database
12:25:19 Gateway/motion 1
Gateway sending update to database
12:25:19 Gateway/motion 1
Gateway sending update to database
12:25:19 Gateway/motion 1
Gateway sending update to database
12:25:19 Gateway/motion 1
Gateway sending update to database
12:25:19 Gateway/motion 1
Gateway sending update to database
12:25:19 Gateway/motion 1
Gateway sending update to database
12:25:19 Gateway/motion 1
Gateway sending update to database
12:25:19 Gateway/motion 1
Gateway sending update to database
12:25:19 Gateway/motion 1
Gateway sending update to database
12:25:19 Gateway/motion 1
Gateway sending update to database
12:25:19 Gateway/motion 1
Gateway sending update to database
12:25:19 Gateway/motion 1
Gateway sending update to database
12:25:19 Gateway/motion 1
Gateway sending update to database
12:25:19 Gateway/motion 1
Gateway sending update to database
12:25:19 Gateway/motion 1
Gateway sending update to database
12:25:19 Gateway/motion 1
Gateway sending update to database
12:25:19 Gateway/motion 1
Gateway sending update to database
12:25:19 Gateway/motion 1
Gateway sending update to database
12:25:19 Gateway/motion 1
Gateway sending update to database
12:25:19 Gateway/motion 1
Gateway sending update to database
12:25:19 Gateway/motion 1
Gateway sending update to database
12:25:19 Gateway/motion 1
Gateway sending update to database
12:25:19 Gateway/motion 1
Gateway sending update to database
12:25:19 Gateway/motion 1
Gateway sending update to database
12:25:19 Gateway/motion 1
Gateway sending update to database
12:25:19 Gateway/motion 1
Gateway sending update to database
12:25:19 Gateway/motion 1
Gateway sending update to database
12:25:19 Gateway/motion 1
Gateway sending update to database
12:25:19 Gateway/motion 1
Gateway sending update to database
12:25:19 Gateway/motion 1
Gateway sending update to database
12:25:19 Gateway/motion 1
Gateway sending update to database
12:25:19 Gateway/motion 1
Gateway sending update to database
12:25:19 Gateway/motion 1
Gateway sending update to database
12:25:19 Gateway/motion 1
Gateway sending update to database
12:25:19 Gateway/motion 1
Gateway sending update to database
12:25:19 Gateway/motion 1
Gateway sending update to database
12:25:19 Gateway/motion 1
Gateway sending update to database
12:25:19 Gateway/motion 1
Gateway sending update to database
12:25:19 Gateway/motion 1
Gateway sending update to database
12:25:19 Gateway/motion 1
Gateway sending update to database
12:25:19 Gateway/motion 1
Gateway sending update to database
12:25:19 Gateway/motion 1
Gateway sending update to database
12:25:19 Gateway/motion 1
Gateway sending update to database
12:25:19 Gateway/motion 1
Gateway sending update to database
12:25:19 Gateway/motion 1
Gateway sending update to database
12:25:19 Gateway/motion 1
Gateway sending update to database
12:25:19 Gateway/motion 1
Gateway sending update to database
12:25:19 Gateway/motion 1
Gateway sending update to database
12:25:19 Gateway/motion 1
Gateway sending update to database
12:25:19 Gateway/motion 1
Gateway sending update to database
12:25:19 Gateway/motion 1
Gateway sending update to database
12:25:19 Gateway/motion 1
Gateway sending update to database
12:25:19 Gateway/motion 1
Gateway sending update to database
12:25:19 Gateway/motion 1
Gateway sending update to database
12:25:19 Gateway/motion 1
Gateway sending update to database
12:25:19 Gateway/motion 1
Gateway sending update to database
12:25:19 Gateway/motion 1
Gateway sending update to database
12:25:19 Gateway/motion 1
Gateway sending update to database
12:25:19 Gateway/motion 1
Gateway sending update to database
12:25:19 Gateway/motion 1
Gateway sending update to database
12:25:19 Gateway/motion 1
Gateway sending update to database
12:25:19 Gateway/motion 1
Gateway sending update to database
12:25:19 Gateway/motion 1
Gateway sending update to database
12:25:19 Gateway/motion 1
Gateway sending update to database
12:25:19 Gateway/motion 1
Gateway sending update to database
12:25:19 Gateway/motion 1
Gateway sending update to database
12:25:19 Gateway/motion 1
Gateway sending update to database
12:25:19 Gateway/motion 1
Gateway sending update to database
12:25:19 Gateway/motion 1
Gateway sending update to database
12:25:19 Gateway/motion 1
Gateway sending update to database
12:25:19 Gateway/motion 1
Gateway sending update to database
12:25:19 Gateway/motion 1
Gateway sending update to database
12:25:19 Gateway/motion 1
Gateway sending update to database
12:25:19 Gateway/motion 1
Gateway sending update to database
12:25:19 Gateway/motion 1
Gateway sending update to database
12:25:19 Gateway/motion 1
Gateway sending update to database
12:25:19 Gateway/motion 1
Gateway sending update to database
12:25:19 Gateway/motion 1
Gateway sending update to database
12:25:19 Gateway/motion 1
Gateway sending update to database
12:25:19 Gateway/motion 1
Gateway sending update to database
12:25:19 Gateway/motion 1
Gateway sending update to database
12:25:19 Gateway/motion 1
Gateway sending update to database
12:25:20 Gateway/motion 1
Gateway sending update to database
12:25:20 Gateway/motion 1
Gateway sending update to database
12:25:20 Gateway/motion 1
Gateway sending update to database
12:25:20 Gateway/motion 1
Gateway sending update to database
12:25:20 Gateway/motion 1
Gateway sending update to database
12:25:20 Gateway/motion 1
Gateway sending update to database
12:25:20 Gateway/motion 1
Gateway sending update to database
12:25:20 Gateway/motion 1
Gateway sending update to database
12:25:20 Gateway/motion 1
Gateway sending update to database
12:25:20 Gateway/motion 1
Gateway sending update to database
12:25:20 Gateway/motion 1
Gateway sending update to database
12:25:20 Gateway/motion 1
Gateway sending update to database
12:25:20 Gateway/motion 1
Gateway sending update to database
12:25:20 Gateway/motion 1
Gateway sending update to database
12:25:20 Gateway/motion 1
Gateway sending update to database
12:25:20 Gateway/motion 1
Gateway sending update to database
12:25:20 Gateway/motion 1
Gateway sending update to database
12:25:20 Gateway/motion 1
Gateway sending update to database
12:25:20 Gateway/motion 1
Gateway sending update to database
12:25:20 Gateway/motion 1
Gateway sending update to database
12:25:20 Gateway/motion 1
Gateway sending update to database
12:25:20 Gateway/motion 1
Gateway sending update to database
12:25:20 Gateway/motion 1
Gateway sending update to database
12:25:20 Gateway/motion 1
Gateway sending update to database
12:25:20 Gateway/motion 1
Gateway sending update to database
12:25:20 Gateway/motion 1
Gateway sending update to database
12:25:20 Gateway/motion 1
Gateway sending update to database
12:25:20 Gateway/motion 1
Gateway sending update to database
12:25:20 Gateway/motion 1
Gateway sending update to database
12:25:20 Gateway/motion 1
Gateway sending update to database
12:25:20 Gateway/motion 1
Gateway sending update to database
12:25:20 Gateway/motion 1
Gateway sending update to database
12:25:20 Gateway/motion 1
Gateway sending update to database
12:25:20 Gateway/motion 1
Gateway sending update to database
12:25:20 Gateway/motion 1
Gateway sending update to database
12:25:20 Gateway/motion 1
Gateway sending update to database
12:25:20 Gateway/motion 1
Gateway sending update to database
12:25:20 Gateway/motion 1
Gateway sending update to database
12:25:20 Gateway/motion 1
Gateway sending update to database
12:25:20 Gateway/motion 1
Gateway sending update to database
12:25:20 Gateway/motion 1
Gateway sending update to database
12:25:20 Gateway/motion 1
Gateway sending update to database
12:25:20 Gateway/motion 1
Gateway sending update to database
12:25:20 Gateway/motion 1
Gateway sending update to database
12:25:20 Gateway/motion 1
Gateway sending update to database
12:25:20 Gateway/motion 1
Gateway sending update to database
12:25:20 Gateway/motion 1
Gateway sending update to database
12:25:20 Gateway/motion 1
Gateway sending update to database
12:25:20 Gateway/motion 1
Gateway sending update to database
12:25:20 Gateway/motion 1
Gateway sending update to database
12:25:20 Gateway/motion 1
Gateway sending update to database
12:25:20 Gateway/motion 1
Gateway sending update to database
12:25:20 Gateway/motion 1
Gateway sending update to database
12:25:20 Gateway/motion 1
Gateway sending update to database
12:25:20 Gateway/motion 1
Gateway sending update to database
12:25:20 Gateway/motion 1
Gateway sending update to database
12:25:20 Gateway/motion 1
Gateway sending update to database
12:25:20 Gateway/motion 1
Gateway sending update to database
12:25:20 Gateway/motion 1
Gateway sending update to database
12:25:20 Gateway/motion 1
Gateway sending update to database
12:25:20 Gateway/motion 1
Gateway sending update to database
12:25:20 Gateway/motion 1
Gateway sending update to database
12:25:20 Gateway/motion 1
Gateway sending update to database
12:25:20 Gateway/motion 1
Gateway sending update to database
12:25:20 Gateway/motion 1
Gateway sending update to database
12:25:20 Gateway/motion 1
Gateway sending update to database
12:25:20 Gateway/motion 1
Gateway sending update to database
12:25:20 Gateway/motion 1
Gateway sending update to database
12:25:20 Gateway/motion 1
Gateway sending update to database
12:25:20 Gateway/motion 1
Gateway sending update to database
12:25:20 Gateway/motion 1
Gateway sending update to database
12:25:20 Gateway/motion 1
Gateway sending update to database
12:25:20 Gateway/motion 1
Gateway sending update to database
12:25:20 Gateway/motion 1
Gateway sending update to database
12:25:20 Gateway/motion 1
Gateway sending update to database
12:25:20 Gateway/motion 1
Gateway sending update to database
12:25:20 Gateway/motion 1
Gateway sending update to database
12:25:20 Gateway/motion 1
Gateway sending update to database
12:25:20 Gateway/motion 1
Gateway sending update to database
12:25:20 Gateway/motion 1
Gateway sending update to database
12:25:20 Gateway/motion 1
Gateway sending update to database
12:25:20 Gateway/motion 1
Gateway sending update to database
12:25:20 Gateway/motion 1
Gateway sending update to database
12:25:20 Gateway/motion 1
Gateway sending update to database
12:25:20 Gateway/motion 1
Gateway sending update to database
12:25:20 Gateway/motion 1
Gateway sending update to database
12:25:20 Gateway/motion 1
Gateway sending update to database
12:25:20 Gateway/motion 1
Gateway sending update to database
12:25:20 Gateway/motion 1
Gateway sending update to database
12:25:20 Gateway/motion 1
Gateway sending update to database
12:25:20 Gateway/motion 1
Gateway sending update to database
12:25:20 Gateway/motion 1
Gateway sending update to database
12:25:20 Gateway/motion 1
Gateway sending update to database
12:25:20 Gateway/motion 1
Gateway sending update to database
12:25:20 Gateway/motion 1
Gateway sending update to database
12:25:20 Gateway/motion 1
Gateway sending update to database
12:25:20 Gateway/motion 1
Gateway sending update to database
12:25:20 Gateway/motion 1
Gateway sending update to database
12:25:20 Gateway/motion 1
Gateway sending update to database
12:25:20 Gateway/motion 1
Gateway sending update to database
12:25:20 Gateway/motion 1
Gateway sending update to database
12:25:20 Gateway/motion 1
Gateway sending update to database
12:25:20 Gateway/motion 1
Gateway sending update to database
12:25:20 Gateway/motion 1
Gateway sending update to database
12:25:20 Gateway/motion 1
Gateway sending update to database
12:25:20 Gateway/motion 1
Gateway sending update to database
12:25:20 Gateway/motion 1
Gateway sending update to database
12:25:20 Gateway/motion 1
Gateway sending update to database
12:25:20 Gateway/motion 1
Gateway sending update to database
12:25:20 Gateway/motion 1
Gateway sending update to database
12:25:20 Gateway/motion 1
Gateway sending update to database
12:25:20 Gateway/motion 1
Gateway sending update to database
12:25:20 Gateway/motion 1
Gateway sending update to database
12:25:20 Gateway/motion 1
Gateway sending update to database
12:25:20 Gateway/motion 1
Gateway sending update to database
12:25:20 Gateway/motion 1
Gateway sending update to database
12:25:20 Gateway/motion 1
Gateway sending update to database
12:25:20 Gateway/motion 1
Gateway sending update to database
12:25:20 Gateway/motion 1
Gateway sending update to database
12:25:20 Gateway/motion 1
Gateway sending update to database
12:25:20 Gateway/motion 1
Gateway sending update to database
12:25:20 Gateway/motion 1
Gateway sending update to database
12:25:20 Gateway/motion 1
Gateway sending update to database
12:25:20 Gateway/motion 1
Gateway sending update to database
12:25:20 Gateway/motion 1
Gateway sending update to database
12:25:20 Gateway/motion 1
Gateway sending update to database
12:25:20 Gateway/motion 1
Gateway sending update to database
12:25:20 Gateway/motion 1
Gateway sending update to database
12:25:20 Gateway/motion 1
Gateway sending update to database
12:25:20 Gateway/motion 1
Gateway sending update to database
12:25:20 Gateway/motion 1
Gateway sending update to database
12:25:20 Gateway/motion 1
Gateway sending update to database
12:25:20 Gateway/motion 1
Gateway sending update to database
12:25:20 Gateway/motion 1
Gateway sending update to database
12:25:20 Gateway/motion 1
Gateway sending update to database
12:25:20 Gateway/motion 1
Gateway sending update to database
12:25:20 Gateway/motion 1
Gateway sending update to database
12:25:20 Gateway/motion 1
Gateway sending update to database
12:25:20 Gateway/motion 1
Gateway sending update to database
12:25:20 Gateway/motion 1
Gateway sending update to database
12:25:20 Gateway/motion 1
Gateway sending update to database
12:25:20 Gateway/motion 1
Gateway sending update to database
12:25:20 Gateway/motion 1
Gateway sending update to database
12:25:20 Gateway/motion 1
Gateway sending update to database
12:25:20 Gateway/motion 1
Gateway sending update to database
12:25:20 Gateway/motion 1
Gateway sending update to database
12:25:20 Gateway/motion 1
Gateway sending update to database
12:25:20 Gateway/motion 1
Gateway sending update to database
12:25:20 Gateway/motion 1
Gateway sending update to database
12:25:20 Gateway/motion 1
Gateway sending update to database
12:25:20 Gateway/motion 1
Gateway sending update to database
12:25:20 Gateway/motion 1
Gateway sending update to database
12:25:20 Gateway/motion 1
Gateway sending update to database
12:25:20 Gateway/motion 1
Gateway sending update to database
12:25:20 Gateway/motion 1
Gateway sending update to database
12:25:20 Gateway/motion 1
Gateway sending update to database
12:25:20 Gateway/motion 1
Gateway sending update to database
12:25:20 Gateway/motion 1
Gateway sending update to database
12:25:20 Gateway/motion 1
Gateway sending update to database
12:25:20 Gateway/motion 1
Gateway sending update to database
12:25:20 Gateway/motion 1
Gateway sending update to database
12:25:20 Gateway/motion 1
Gateway sending update to database
12:25:20 Gateway/motion 1
Gateway sending update to database
12:25:20 Gateway/motion 1
Gateway sending update to database
12:25:20 Gateway/motion 1
Gateway sending update to database
12:25:20 Gateway/motion 1
Gateway sending update to database
12:25:20 Gateway/motion 1
Gateway sending update to database
12:25:20 Gateway/motion 1
Gateway sending update to database
12:25:20 Gateway/motion 1
Gateway sending update to database
12:25:20 Gateway/motion 1
Gateway sending update to database
12:25:20 Gateway/motion 1
Gateway sending update to database
12:25:20 Gateway/motion 1
Gateway sending update to database
12:25:20 Gateway/motion 1
Gateway sending update to database
12:25:20 Gateway/motion 1
Gateway sending update to database
12:25:20 Gateway/motion 1
Gateway sending update to database
12:25:20 Gateway/motion 1
Gateway sending update to database
12:25:20 Gateway/motion 1
Gateway sending update to database
12:25:20 Gateway/motion 1
Gateway sending update to database
12:25:20 Gateway/motion 1
Gateway sending update to database
12:25:20 Gateway/motion 1
Gateway sending update to database
12:25:20 Gateway/motion 1
Gateway sending update to database
12:25:20 Gateway/motion 1
Gateway sending update to database
12:25:20 Gateway/motion 1
Gateway sending update to database
12:25:20 Gateway/motion 1
Gateway sending update to database
12:25:20 Gateway/motion 1
Gateway sending update to database
12:25:20 Gateway/motion 1
Gateway sending update to database
12:25:20 Gateway/motion 1
Gateway sending update to database
12:25:20 Gateway/motion 1
Gateway sending update to database
12:25:20 Gateway/motion 1
Gateway sending update to database
12:25:20 Gateway/motion 1
Gateway sending update to database
12:25:20 Gateway/motion 1
Gateway sending update to database
12:25:20 Gateway/motion 1
Gateway sending update to database
12:25:20 Gateway/motion 1
Gateway sending update to database
12:25:20 Gateway/motion 1
Gateway sending update to database
12:25:20 Gateway/motion 1
Gateway sending update to database
12:25:20 Gateway/motion 1
Gateway sending update to database
12:25:20 Gateway/motion 1
Gateway sending update to database
12:25:20 Gateway/motion 1
Gateway sending update to database
12:25:20 Gateway/motion 1
Gateway sending update to database
12:25:20 Gateway/motion 1
Gateway sending update to database
12:25:20 Gateway/motion 1
Gateway sending update to database
12:25:20 Gateway/motion 1
Gateway sending update to database
12:25:20 Gateway/motion 1
Gateway sending update to database
12:25:20 Gateway/motion 1
Gateway sending update to database
12:25:20 Gateway/motion 1
Gateway sending update to database
12:25:20 Gateway/motion 1
Gateway sending update to database
12:25:20 Gateway/motion 1
Gateway sending update to database
12:25:20 Gateway/motion 1
Gateway sending update to database
12:25:20 Gateway/motion 1
Gateway sending update to database
12:25:20 Gateway/motion 1
Gateway sending update to database
12:25:20 Gateway/motion 1
Gateway sending update to database
12:25:20 Gateway/motion 1
Gateway sending update to database
12:25:20 Gateway/motion 1
Gateway sending update to database
12:25:20 Gateway/motion 1
Gateway sending update to database
12:25:20 Gateway/motion 1
Gateway sending update to database
12:25:20 Gateway/motion 1
Gateway sending update to database
12:25:20 Gateway/motion 1
Gateway sending update to database
12:25:20 Gateway/motion 1
Gateway sending update to database
12:25:20 Gateway/motion 1
Gateway sending update to database
12:25:20 Gateway/motion 1
Gateway sending update to database
12:25:20 Gateway/motion 1
Gateway sending update to database
12:25:20 Gateway/motion 1
Gateway sending update to database
12:25:20 Gateway/motion 1
Gateway sending update to database
12:25:20 Gateway/motion 1
Gateway sending update to database
12:25:20 Gateway/motion 1
Gateway sending update to database
12:25:20 Gateway/motion 1
Gateway sending update to database
12:25:20 Gateway/motion 1
Gateway sending update to database
12:25:20 Gateway/motion 1
Gateway sending update to database
12:25:20 Gateway/motion 1
Gateway sending update to database
12:25:20 Gateway/motion 1
Gateway sending update to database
12:25:20 Gateway/motion 1
Gateway sending update to database
12:25:20 Gateway/motion 1
Gateway sending update to database
12:25:20 Gateway/motion 1
Gateway sending update to database
12:25:20 Gateway/motion 1
Gateway sending update to database
12:25:20 Gateway/motion 1
Gateway sending update to database
12:25:20 Gateway/motion 1
Gateway sending update to database
12:25:20 Gateway/motion 1
Gateway sending update to database
12:25:20 Gateway/motion 1
Gateway sending update to database
12:25:20 Gateway/motion 1
Gateway sending update to database
12:25:20 Gateway/motion 1
Gateway sending update to database
12:25:20 Gateway/motion 1
Gateway sending update to database
12:25:20 Gateway/motion 1
Gateway sending update to database
12:25:20 Gateway/motion 1
Gateway sending update to database
12:25:20 Gateway/motion 1
Gateway sending update to database
12:25:20 Gateway/motion 1
Gateway sending update to database
12:25:20 Gateway/motion 1
Gateway sending update to database
12:25:20 Gateway/motion 1
Gateway sending update to database
12:25:20 Gateway/motion 1
Gateway sending update to database
12:25:20 Gateway/motion 1
Gateway sending update to database
12:25:20 Gateway/motion 1
Gateway sending update to database
12:25:20 Gateway/motion 1
Gateway sending update to database
12:25:20 Gateway/motion 1
Gateway sending update to database
12:25:20 Gateway/motion 1
Gateway sending update to database
12:25:20 Gateway/motion 1
Gateway sending update to database
12:25:20 Gateway/motion 1
Gateway sending update to database
12:25:20 Gateway/motion 1
Gateway sending update to database
12:25:20 Gateway/motion 1
Gateway sending update to database
12:25:20 Gateway/motion 1
Gateway sending update to database
12:25:20 Gateway/motion 1
Gateway sending update to database
12:25:20 Gateway/motion 1
Gateway sending update to database
12:25:20 Gateway/motion 1
Gateway sending update to database
12:25:20 Gateway/motion 1
Gateway sending update to database
12:25:20 Gateway/motion 1
Gateway sending update to database
12:25:20 Gateway/motion 1
Gateway sending update to database
12:25:20 Gateway/motion 1
Gateway sending update to database
12:25:20 Gateway/motion 1
Gateway sending update to database
12:25:20 Gateway/motion 1
Gateway sending update to database
12:25:20 Gateway/motion 1
Gateway sending update to database
12:25:20 Gateway/motion 1
Gateway sending update to database
12:25:20 Gateway/motion 1
Gateway sending update to database
12:25:20 Gateway/motion 1
Gateway sending update to database
12:25:20 Gateway/motion 1
Gateway sending update to database
12:25:20 Gateway/motion 1
Gateway sending update to database
12:25:20 Gateway/motion 1
Gateway sending update to database
12:25:20 Gateway/motion 1
Gateway sending update to database
12:25:20 Gateway/motion 1
Gateway sending update to database
12:25:20 Gateway/motion 1
Gateway sending update to database
12:25:20 Gateway/motion 1
Gateway sending update to database
12:25:20 Gateway/motion 1
Gateway sending update to database
12:25:20 Gateway/motion 1
Gateway sending update to database
12:25:20 Gateway/motion 1
Gateway sending update to database
12:25:20 Gateway/motion 1
Gateway sending update to database
12:25:20 Gateway/motion 1
Gateway sending update to database
12:25:20 Gateway/motion 1
Gateway sending update to database
12:25:20 Gateway/motion 1
Gateway sending update to database
12:25:20 Gateway/motion 1
Gateway sending update to database
12:25:20 Gateway/motion 1
Gateway sending update to database
12:25:20 Gateway/motion 1
Gateway sending update to database
12:25:20 Gateway/motion 1
Gateway sending update to database
12:25:20 Gateway/motion 1
Gateway sending update to database
12:25:20 Gateway/motion 1
Gateway sending update to database
12:25:20 Gateway/motion 1
Gateway sending update to database
12:25:20 Gateway/motion 1
Gateway sending update to database
12:25:20 Gateway/motion 1
Gateway sending update to database
12:25:20 Gateway/motion 1
Gateway sending update to database
12:25:20 Gateway/motion 1
Gateway sending update to database
12:25:20 Gateway/motion 1
Gateway sending update to database
12:25:20 Gateway/motion 1
Gateway sending update to database
12:25:20 Gateway/motion 1
Gateway sending update to database
12:25:20 Gateway/motion 1
Gateway sending update to database
12:25:20 Gateway/motion 1
Gateway sending update to database
12:25:20 Gateway/motion 1
Gateway sending update to database
12:25:20 Gateway/motion 1
Gateway sending update to database
12:25:20 Gateway/motion 1
Gateway sending update to database
12:25:20 Gateway/motion 1
Gateway sending update to database
12:25:20 Gateway/motion 1
Gateway sending update to database
12:25:20 Gateway/motion 1
Gateway sending update to database
12:25:20 Gateway/motion 1
Gateway sending update to database
12:25:20 Gateway/motion 1
Gateway sending update to database
12:25:20 Gateway/motion 1
Gateway sending update to database
12:25:20 Gateway/motion 1
Gateway sending update to database
12:25:20 Gateway/motion 1
Gateway sending update to database
12:25:20 Gateway/motion 1
Gateway sending update to database
12:25:20 Gateway/motion 1
Gateway sending update to database
12:25:20 Gateway/motion 1
Gateway sending update to database
12:25:20 Gateway/motion 1
Gateway sending update to database
12:25:20 Gateway/motion 1
Gateway sending update to database
12:25:20 Gateway/motion 1
Gateway sending update to database
12:25:20 Gateway/motion 1
Gateway sending update to database
12:25:20 Gateway/motion 1
Gateway sending update to database
12:25:20 Gateway/motion 1
Gateway sending update to database
12:25:20 Gateway/motion 1
Gateway sending update to database
12:25:20 Gateway/motion 1
Gateway sending update to database
12:25:20 Gateway/motion 1
Gateway sending update to database
12:25:20 Gateway/motion 1
Gateway sending update to database
12:25:20 Gateway/motion 1
Gateway sending update to database
12:25:20 Gateway/motion 1
Gateway sending update to database
12:25:20 Gateway/motion 1
Gateway sending update to database
12:25:20 Gateway/motion 1
Gateway sending update to database
12:25:20 Gateway/motion 1
Gateway sending update to database
12:25:20 Gateway/motion 1
Gateway sending update to database
12:25:20 Gateway/motion 1
Gateway sending update to database
12:25:20 Gateway/motion 1
Gateway sending update to database
12:25:20 Gateway/motion 1
Gateway sending update to database
12:25:20 Gateway/motion 1
Gateway sending update to database
12:25:20 Gateway/motion 1
Gateway sending update to database
12:25:20 Gateway/motion 1
Gateway sending update to database
12:25:20 Gateway/motion 1
Gateway sending update to database
12:25:20 Gateway/motion 1
Gateway sending update to database
12:25:20 Gateway/motion 1
Gateway sending update to database
12:25:20 Gateway/motion 1
Gateway sending update to database
12:25:20 Gateway/motion 1
Gateway sending update to database
12:25:20 Gateway/motion 1
Gateway sending update to database
12:25:20 Gateway/motion 1
Gateway sending update to database
12:25:20 Gateway/motion 1
Gateway sending update to database
12:25:20 Gateway/motion 1
Gateway sending update to database
12:25:20 Gateway/motion 1
Gateway sending update to database
12:25:20 Gateway/motion 1
Gateway sending update to database
12:25:20 Gateway/motion 1
Gateway sending update to database
12:25:20 Gateway/motion 1
Gateway sending update to database
12:25:20 Gateway/motion 1
Gateway sending update to database
12:25:20 Gateway/motion 1
Gateway sending update to database
12:25:20 Gateway/motion 1
Gateway sending update to database
12:25:20 Gateway/motion 1
Gateway sending update to database
12:25:20 Gateway/motion 1
Gateway sending update to database
12:25:20 Gateway/motion 1
Gateway sending update to database
12:25:20 Gateway/motion 1
Gateway sending update to database
12:25:20 Gateway/motion 1
Gateway sending update to database
12:25:20 Gateway/motion 1
Gateway sending update to database
12:25:20 Gateway/motion 1
Gateway sending update to database
12:25:20 Gateway/motion 1
Gateway sending update to database
12:25:20 Gateway/motion 1
Gateway sending update to database
12:25:20 Gateway/motion 1
Gateway sending update to database
12:25:20 Gateway/motion 1
Gateway sending update to database
12:25:20 Gateway/motion 1
Gateway sending update to database
12:25:20 Gateway/motion 1
Gateway sending update to database
12:25:20 Gateway/motion 1
Gateway sending update to database
12:25:20 Gateway/motion 1
Gateway sending update to database
12:25:20 Gateway/motion 1
Gateway sending update to database
12:25:20 Gateway/motion 1
Gateway sending update to database
12:25:20 Gateway/motion 1
Gateway sending update to database
12:25:20 Gateway/motion 1
Gateway sending update to database
12:25:20 Gateway/motion 1
Gateway sending update to database
12:25:20 Gateway/motion 1
Gateway sending update to database
12:25:20 Gateway/motion 1
Gateway sending update to database
12:25:20 Gateway/motion 1
Gateway sending update to database
12:25:20 Gateway/motion 1
Gateway sending update to database
12:25:20 Gateway/motion 1
Gateway sending update to database
12:25:20 Gateway/motion 1
Gateway sending update to database
12:25:20 Gateway/motion 1
Gateway sending update to database
12:25:20 Gateway/motion 1
Gateway sending update to database
12:25:20 Gateway/motion 1
Gateway sending update to database
12:25:20 Gateway/motion 1
Gateway sending update to database
12:25:20 Gateway/motion 1
Gateway sending update to database
12:25:20 Gateway/motion 1
Gateway sending update to database
12:25:20 Gateway/motion 1
Gateway sending update to database
12:25:20 Gateway/motion 1
Gateway sending update to database
12:25:20 Gateway/motion 1
Gateway sending update to database
12:25:20 Gateway/motion 1
Gateway sending update to database
12:25:21 Gateway/motion 1
Gateway sending update to database
12:25:21 Gateway/motion 1
Gateway sending update to database
12:25:21 Gateway/motion 1
Gateway sending update to database
12:25:21 Gateway/motion 1
Gateway sending update to database
12:25:21 Gateway/motion 1
Gateway sending update to database
12:25:21 Gateway/motion 1
Gateway sending update to database
12:25:21 Gateway/motion 1
Gateway sending update to database
12:25:21 Gateway/motion 1
Gateway sending update to database
12:25:21 Gateway/motion 1
Gateway sending update to database
12:25:21 Gateway/motion 1
Gateway sending update to database
12:25:21 Gateway/motion 1
Gateway sending update to database
12:25:21 Gateway/motion 1
Gateway sending update to database
12:25:21 Gateway/motion 1
Gateway sending update to database
12:25:21 Gateway/motion 1
Gateway sending update to database
12:25:21 Gateway/motion 1
Gateway sending update to database
12:25:21 Gateway/motion 1
Gateway sending update to database
12:25:21 Gateway/motion 1
Gateway sending update to database
12:25:21 Gateway/motion 1
Gateway sending update to database
12:25:21 Gateway/motion 1
Gateway sending update to database
12:25:21 Gateway/motion 1
Gateway sending update to database
12:25:21 Gateway/motion 1
Gateway sending update to database
12:25:21 Gateway/motion 1
Gateway sending update to database
12:25:21 Gateway/motion 1
Gateway sending update to database
12:25:21 Gateway/motion 1
Gateway sending update to database
12:25:21 Gateway/motion 1
Gateway sending update to database
12:25:21 Gateway/motion 1
Gateway sending update to database
12:25:21 Gateway/motion 1
Gateway sending update to database
12:25:21 Gateway/motion 1
Gateway sending update to database
12:25:21 Gateway/motion 1
Gateway sending update to database
12:25:21 Gateway/motion 1
Gateway sending update to database
12:25:21 Gateway/motion 1
Gateway sending update to database
12:25:21 Gateway/motion 1
Gateway sending update to database
12:25:21 Gateway/motion 1
Gateway sending update to database
12:25:21 Gateway/motion 1
Gateway sending update to database
12:25:21 Gateway/motion 1
Gateway sending update to database
12:25:21 Gateway/motion 1
Gateway sending update to database
12:25:21 Gateway/motion 1
Gateway sending update to database
12:25:21 Gateway/motion 1
Gateway sending update to database
12:25:21 Gateway/motion 1
Gateway sending update to database
12:25:21 Gateway/motion 1
Gateway sending update to database
12:25:21 Gateway/motion 1
Gateway sending update to database
12:25:21 Gateway/motion 1
Gateway sending update to database
12:25:21 Gateway/motion 1
Gateway sending update to database
12:25:21 Gateway/motion 1
Gateway sending update to database
12:25:21 Gateway/motion 1
Gateway sending update to database
12:25:21 Gateway/motion 1
Gateway sending update to database
12:25:21 Gateway/motion 1
Gateway sending update to database
12:25:21 Gateway/motion 1
Gateway sending update to database
12:25:21 Gateway/motion 1
Gateway sending update to database
12:25:21 Gateway/motion 1
Gateway sending update to database
12:25:21 Gateway/motion 1
Gateway sending update to database
12:25:21 Gateway/motion 1
Gateway sending update to database
12:25:21 Gateway/motion 1
Gateway sending update to database
12:25:21 Gateway/motion 1
Gateway sending update to database
12:25:21 Gateway/motion 1
Gateway sending update to database
12:25:21 Gateway/motion 1
Gateway sending update to database
12:25:21 Gateway/motion 1
Gateway sending update to database
12:25:21 Gateway/motion 1
Gateway sending update to database
12:25:21 Gateway/motion 1
Gateway sending update to database
12:25:21 Gateway/motion 1
Gateway sending update to database
12:25:21 Gateway/motion 1
Gateway sending update to database
12:25:21 Gateway/motion 1
Gateway sending update to database
12:25:21 Gateway/motion 1
Gateway sending update to database
12:25:21 Gateway/motion 1
Gateway sending update to database
12:25:21 Gateway/motion 1
Gateway sending update to database
12:25:21 Gateway/motion 1
Gateway sending update to database
12:25:21 Gateway/motion 1
Gateway sending update to database
12:25:21 Gateway/motion 1
Gateway sending update to database
12:25:21 Gateway/motion 1
Gateway sending update to database
12:25:21 Gateway/motion 1
Gateway sending update to database
12:25:21 Gateway/motion 1
Gateway sending update to database
12:25:21 Gateway/motion 1
Gateway sending update to database
12:25:21 Gateway/motion 1
Gateway sending update to database
12:25:21 Gateway/motion 1
Gateway sending update to database
12:25:21 Gateway/motion 1
Gateway sending update to database
12:25:21 Gateway/motion 1
Gateway sending update to database
12:25:21 Gateway/motion 1
Gateway sending update to database
12:25:21 Gateway/motion 1
Gateway sending update to database
12:25:21 Gateway/motion 1
Gateway sending update to database
12:25:21 Gateway/motion 1
Gateway sending update to database
12:25:21 Gateway/motion 1
Gateway sending update to database
12:25:21 Gateway/motion 1
Gateway sending update to database
12:25:21 Gateway/motion 1
Gateway sending update to database
12:25:21 Gateway/motion 1
Gateway sending update to database
12:25:21 Gateway/motion 1
Gateway sending update to database
12:25:21 Gateway/motion 1
Gateway sending update to database
12:25:21 Gateway/motion 1
Gateway sending update to database
12:25:21 Gateway/motion 1
Gateway sending update to database
12:25:21 Gateway/motion 1
Gateway sending update to database
12:25:21 Gateway/motion 1
Gateway sending update to database
12:25:21 Gateway/motion 1
Gateway sending update to database
12:25:21 Gateway/motion 1
Gateway sending update to database
12:25:21 Gateway/motion 1
Gateway sending update to database
12:25:21 Gateway/motion 1
Gateway sending update to database
12:25:21 Gateway/motion 1
Gateway sending update to database
12:25:21 Gateway/motion 1
Gateway sending update to database
12:25:21 Gateway/motion 1
Gateway sending update to database
12:25:21 Gateway/motion 1
Gateway sending update to database
12:25:21 Gateway/motion 1
Gateway sending update to database
12:25:21 Gateway/motion 1
Gateway sending update to database
12:25:21 Gateway/motion 1
Gateway sending update to database
12:25:21 Gateway/motion 1
Gateway sending update to database
12:25:21 Gateway/motion 1
Gateway sending update to database
12:25:21 Gateway/motion 1
Gateway sending update to database
12:25:21 Gateway/motion 1
Gateway sending update to database
12:25:21 Gateway/motion 1
Gateway sending update to database
12:25:21 Gateway/motion 1
Gateway sending update to database
12:25:21 Gateway/motion 1
Gateway sending update to database
12:25:21 Gateway/motion 1
Gateway sending update to database
12:25:21 Gateway/motion 1
Gateway sending update to database
12:25:21 Gateway/motion 1
Gateway sending update to database
12:25:21 Gateway/motion 1
Gateway sending update to database
12:25:21 Gateway/motion 1
Gateway sending update to database
12:25:21 Gateway/motion 1
Gateway sending update to database
12:25:21 Gateway/motion 1
Gateway sending update to database
12:25:21 Gateway/motion 1
Gateway sending update to database
12:25:21 Gateway/motion 1
Gateway sending update to database
12:25:21 Gateway/motion 1
Gateway sending update to database
12:25:21 Gateway/motion 1
Gateway sending update to database
12:25:21 Gateway/motion 1
Gateway sending update to database
12:25:21 Gateway/motion 1
Gateway sending update to database
12:25:21 Gateway/motion 1
Gateway sending update to database
12:25:21 Gateway/motion 1
Gateway sending update to database
12:25:21 Gateway/motion 1
Gateway sending update to database
12:25:21 Gateway/motion 1
Gateway sending update to database
12:25:21 Gateway/motion 1
Gateway sending update to database
12:25:21 Gateway/motion 1
Gateway sending update to database
12:25:21 Gateway/motion 1
Gateway sending update to database
12:25:21 Gateway/motion 1
Gateway sending update to database
12:25:21 Gateway/motion 1
Gateway sending update to database
12:25:21 Gateway/motion 1
Gateway sending update to database
12:25:21 Gateway/motion 1
Gateway sending update to database
12:25:21 Gateway/motion 1
Gateway sending update to database
12:25:21 Gateway/motion 1
Gateway sending update to database
12:25:21 Gateway/motion 1
Gateway sending update to database
12:25:21 Gateway/motion 1
Gateway sending update to database
12:25:21 Gateway/motion 1
Gateway sending update to database
12:25:21 Gateway/motion 1
Gateway sending update to database
12:25:21 Gateway/motion 1
Gateway sending update to database
12:25:21 Gateway/motion 1
Gateway sending update to database
12:25:21 Gateway/motion 1
Gateway sending update to database
12:25:21 Gateway/motion 1
Gateway sending update to database
12:25:21 Gateway/motion 1
Gateway sending update to database
12:25:21 Gateway/motion 1
Gateway sending update to database
12:25:21 Gateway/motion 1
Gateway sending update to database
12:25:21 Gateway/motion 1
Gateway sending update to database
12:25:21 Gateway/motion 1
Gateway sending update to database
12:25:21 Gateway/motion 1
Gateway sending update to database
12:25:21 Gateway/motion 1
Gateway sending update to database
12:25:21 Gateway/motion 1
Gateway sending update to database
12:25:21 Gateway/motion 1
Gateway sending update to database
12:25:21 Gateway/motion 1
Gateway sending update to database
12:25:21 Gateway/motion 1
Gateway sending update to database
12:25:21 Gateway/motion 1
Gateway sending update to database
12:25:21 Gateway/motion 1
Gateway sending update to database
12:25:21 Gateway/motion 1
Gateway sending update to database
12:25:21 Gateway/motion 1
Gateway sending update to database
12:25:21 Gateway/motion 1
Gateway sending update to database
12:25:21 Gateway/motion 1
Gateway sending update to database
12:25:21 Gateway/motion 1
Gateway sending update to database
12:25:21 Gateway/motion 1
Gateway sending update to database
12:25:21 Gateway/motion 1
Gateway sending update to database
12:25:21 Gateway/motion 1
Gateway sending update to database
12:25:21 Gateway/motion 1
Gateway sending update to database
12:25:21 Gateway/motion 1
Gateway sending update to database
12:25:21 Gateway/motion 1
Gateway sending update to database
12:25:21 Gateway/motion 1
Gateway sending update to database
12:25:21 Gateway/motion 1
Gateway sending update to database
12:25:21 Gateway/motion 1
Gateway sending update to database
12:25:21 Gateway/motion 1
Gateway sending update to database
12:25:21 Gateway/motion 1
Gateway sending update to database
12:25:21 Gateway/motion 1
Gateway sending update to database
12:25:21 Gateway/motion 1
Gateway sending update to database
12:25:21 Gateway/motion 1
Gateway sending update to database
12:25:21 Gateway/motion 1
Gateway sending update to database
12:25:21 Gateway/motion 1
Gateway sending update to database
12:25:21 Gateway/motion 1
Gateway sending update to database
12:25:21 Gateway/motion 1
Gateway sending update to database
12:25:21 Gateway/motion 1
Gateway sending update to database
12:25:21 Gateway/motion 1
Gateway sending update to database
12:25:21 Gateway/motion 1
Gateway sending update to database
12:25:21 Gateway/motion 1
Gateway sending update to database
12:25:21 Gateway/motion 1
Gateway sending update to database
12:25:21 Gateway/motion 1
Gateway sending update to database
12:25:21 Gateway/motion 1
Gateway sending update to database
12:25:21 Gateway/motion 1
Gateway sending update to database
12:25:21 Gateway/motion 1
Gateway sending update to database
12:25:21 Gateway/motion 1
Gateway sending update to database
12:25:21 Gateway/motion 1
Gateway sending update to database
12:25:21 Gateway/motion 1
Gateway sending update to database
12:25:21 Gateway/motion 1
Gateway sending update to database
12:25:21 Gateway/motion 1
Gateway sending update to database
12:25:21 Gateway/motion 1
Gateway sending update to database
12:25:21 Gateway/motion 1
Gateway sending update to database
12:25:21 Gateway/motion 1
Gateway sending update to database
12:25:21 Gateway/motion 1
Gateway sending update to database
12:25:21 Gateway/motion 1
Gateway sending update to database
12:25:21 Gateway/motion 1
Gateway sending update to database
12:25:21 Gateway/motion 1
Gateway sending update to database
12:25:21 Gateway/motion 1
Gateway sending update to database
12:25:21 Gateway/motion 1
Gateway sending update to database
12:25:21 Gateway/motion 1
Gateway sending update to database
12:25:21 Gateway/motion 1
Gateway sending update to database
12:25:21 Gateway/motion 1
Gateway sending update to database
12:25:21 Gateway/motion 1
Gateway sending update to database
12:25:21 Gateway/motion 1
Gateway sending update to database
12:25:21 Gateway/motion 1
Gateway sending update to database
12:25:21 Gateway/motion 1
Gateway sending update to database
12:25:21 Gateway/motion 1
Gateway sending update to database
12:25:21 Gateway/motion 1
Gateway sending update to database
12:25:21 Gateway/motion 1
Gateway sending update to database
12:25:21 Gateway/motion 1
Gateway sending update to database
12:25:21 Gateway/motion 1
Gateway sending update to database
12:25:21 Gateway/motion 1
Gateway sending update to database
12:25:21 Gateway/motion 1
Gateway sending update to database
12:25:21 Gateway/motion 1
Gateway sending update to database
12:25:21 Gateway/motion 1
Gateway sending update to database
12:25:21 Gateway/motion 1
Gateway sending update to database
12:25:21 Gateway/motion 1
Gateway sending update to database
12:25:21 Gateway/motion 1
Gateway sending update to database
12:25:21 Gateway/motion 1
Gateway sending update to database
12:25:21 Gateway/motion 1
Gateway sending update to database
12:25:21 Gateway/motion 1
Gateway sending update to database
12:25:21 Gateway/motion 1
Gateway sending update to database
12:25:21 Gateway/motion 1
Gateway sending update to database
12:25:21 Gateway/motion 1
Gateway sending update to database
12:25:21 Gateway/motion 1
Gateway sending update to database
12:25:21 Gateway/motion 1
Gateway sending update to database
12:25:21 Gateway/motion 1
Gateway sending update to database
12:25:21 Gateway/motion 1
Gateway sending update to database
12:25:21 Gateway/motion 1
Gateway sending update to database
12:25:21 Gateway/motion 1
Gateway sending update to database
12:25:21 Gateway/motion 1
Gateway sending update to database
12:25:21 Gateway/motion 1
Gateway sending update to database
12:25:21 Gateway/motion 1
Gateway sending update to database
12:25:21 Gateway/motion 1
Gateway sending update to database
12:25:21 Gateway/motion 1
Gateway sending update to database
12:25:21 Gateway/motion 1
Gateway sending update to database
12:25:21 Gateway/motion 1
Gateway sending update to database
12:25:21 Gateway/motion 1
Gateway sending update to database
12:25:21 Gateway/motion 1
Gateway sending update to database
12:25:21 Gateway/motion 1
Gateway sending update to database
12:25:21 Gateway/motion 1
Gateway sending update to database
12:25:21 Gateway/motion 1
Gateway sending update to database
12:25:21 Gateway/motion 1
Gateway sending update to database
12:25:21 Gateway/motion 1
Gateway sending update to database
12:25:21 Gateway/motion 1
Gateway sending update to database
12:25:21 Gateway/motion 1
Gateway sending update to database
12:25:21 Gateway/motion 1
Gateway sending update to database
12:25:21 Gateway/motion 1
Gateway sending update to database
12:25:21 Gateway/motion 1
Gateway sending update to database
12:25:21 Gateway/motion 1
Gateway sending update to database
12:25:21 Gateway/motion 1
Gateway sending update to database
12:25:21 Gateway/motion 1
Gateway sending update to database
12:25:21 Gateway/motion 1
Gateway sending update to database
12:25:21 Gateway/motion 1
Gateway sending update to database
12:25:21 Gateway/motion 1
Gateway sending update to database
12:25:21 Gateway/motion 1
Gateway sending update to database
12:25:21 Gateway/motion 1
Gateway sending update to database
12:25:21 Gateway/motion 1
Gateway sending update to database
12:25:21 Gateway/motion 1
Gateway sending update to database
12:25:21 Gateway/motion 1
Gateway sending update to database
12:25:21 Gateway/motion 1
Gateway sending update to database
12:25:21 Gateway/motion 1
Gateway sending update to database
12:25:21 Gateway/motion 1
Gateway sending update to database
12:25:21 Gateway/motion 1
Gateway sending update to database
12:25:21 Gateway/motion 1
Gateway sending update to database
12:25:21 Gateway/motion 1
Gateway sending update to database
12:25:21 Gateway/motion 1
Gateway sending update to database
12:25:21 Gateway/motion 1
Gateway sending update to database
12:25:21 Gateway/motion 1
Gateway sending update to database
12:25:21 Gateway/motion 1
Gateway sending update to database
12:25:21 Gateway/motion 1
Gateway sending update to database
12:25:21 Gateway/motion 1
Gateway sending update to database
12:25:21 Gateway/motion 1
Gateway sending update to database
12:25:21 Gateway/motion 1
Gateway sending update to database
12:25:21 Gateway/motion 1
Gateway sending update to database
12:25:21 Gateway/motion 1
Gateway sending update to database
12:25:21 Gateway/motion 1
Gateway sending update to database
12:25:21 Gateway/motion 1
Gateway sending update to database
12:25:21 Gateway/motion 1
Gateway sending update to database
12:25:21 Gateway/motion 1
Gateway sending update to database
12:25:21 Gateway/motion 1
Gateway sending update to database
12:25:21 Gateway/motion 1
Gateway sending update to database
12:25:21 Gateway/motion 1
Gateway sending update to database
12:25:21 Gateway/motion 1
Gateway sending update to database
12:25:21 Gateway/motion 1
Gateway sending update to database
12:25:21 Gateway/motion 1
Gateway sending update to database
12:25:21 Gateway/motion 1
Gateway sending update to database
12:25:21 Gateway/motion 1
Gateway sending update to database
12:25:21 Gateway/motion 1
Gateway sending update to database
12:25:21 Gateway/motion 1
Gateway sending update to database
12:25:21 Gateway/motion 1
Gateway sending update to database
12:25:21 Gateway/motion 1
Gateway sending update to database
12:25:21 Gateway/motion 1
Gateway sending update to database
12:25:21 Gateway/motion 1
Gateway sending update to database
12:25:21 Gateway/motion 1
Gateway sending update to database
12:25:21 Gateway/motion 1
Gateway sending update to database
12:25:21 Gateway/motion 1
Gateway sending update to database
12:25:21 Gateway/motion 1
Gateway sending update to database
12:25:21 Gateway/motion 1
Gateway sending update to database
12:25:21 Gateway/motion 1
Gateway sending update to database
12:25:21 Gateway/motion 1
Gateway sending update to database
12:25:21 Gateway/motion 1
Gateway sending update to database
12:25:21 Gateway/motion 1
Gateway sending update to database
12:25:21 Gateway/motion 1
Gateway sending update to database
12:25:21 Gateway/motion 1
Gateway sending update to database
12:25:21 Gateway/motion 1
Gateway sending update to database
12:25:21 Gateway/motion 1
Gateway sending update to database
12:25:21 Gateway/motion 1
Gateway sending update to database
12:25:21 Gateway/motion 1
Gateway sending update to database
12:25:21 Gateway/motion 1
Gateway sending update to database
12:25:21 Gateway/motion 1
Gateway sending update to database
12:25:21 Gateway/motion 1
Gateway sending update to database
12:25:21 Gateway/motion 1
Gateway sending update to database
12:25:21 Gateway/motion 1
Gateway sending update to database
12:25:21 Gateway/motion 1
Gateway sending update to database
12:25:21 Gateway/motion 1
Gateway sending update to database
12:25:21 Gateway/motion 1
Gateway sending update to database
12:25:21 Gateway/motion 1
Gateway sending update to database
12:25:21 Gateway/motion 1
Gateway sending update to database
12:25:21 Gateway/motion 1
Gateway sending update to database
12:25:21 Gateway/motion 1
Gateway sending update to database
12:25:21 Gateway/motion 1
Gateway sending update to database
12:25:21 Gateway/motion 1
Gateway sending update to database
12:25:21 Gateway/motion 1
Gateway sending update to database
12:25:21 Gateway/motion 1
Gateway sending update to database
12:25:21 Gateway/motion 1
Gateway sending update to database
12:25:21 Gateway/motion 1
Gateway sending update to database
12:25:21 Gateway/motion 1
Gateway sending update to database
12:25:24 Gateway/motion 1
Gateway sending update to database
12:25:24 Gateway/motion 1
Gateway sending update to database
12:25:24 Gateway/motion 1
Gateway sending update to database
12:25:24 Gateway/motion 1
Gateway sending update to database
12:25:24 Gateway/motion 1
Gateway sending update to database
12:25:24 Gateway/motion 1
Gateway sending update to database
12:25:24 Gateway/motion 1
Gateway sending update to database
12:25:24 Gateway/motion 1
Gateway sending update to database
12:25:24 Gateway/motion 1
Gateway sending update to database
12:25:24 Gateway/motion 1
Gateway sending update to database
12:25:24 Gateway/motion 1
Gateway sending update to database
12:25:24 Gateway/motion 1
Gateway sending update to database
12:25:24 Gateway/motion 1
Gateway sending update to database
12:25:24 Gateway/motion 1
Gateway sending update to database
12:25:24 Gateway/motion 1
Gateway sending update to database
12:25:24 Gateway/motion 1
Gateway sending update to database
12:25:24 Gateway/motion 1
Gateway sending update to database
12:25:24 Gateway/motion 1
Gateway sending update to database
12:25:24 Gateway/motion 1
Gateway sending update to database
12:25:24 Gateway/motion 1
Gateway sending update to database
12:25:24 Gateway/motion 1
Gateway sending update to database
12:25:24 Gateway/motion 1
Gateway sending update to database
12:25:24 Gateway/motion 1
Gateway sending update to database
12:25:24 Gateway/motion 1
Gateway sending update to database
12:25:24 Gateway/motion 1
Gateway sending update to database
12:25:24 Gateway/motion 1
Gateway sending update to database
12:25:24 Gateway/motion 1
Gateway sending update to database
12:25:24 Gateway/motion 1
Gateway sending update to database
12:25:24 Gateway/motion 1
Gateway sending update to database
12:25:24 Gateway/motion 1
Gateway sending update to database
12:25:24 Gateway/motion 1
Gateway sending update to database
12:25:24 Gateway/motion 1
Gateway sending update to database
12:25:24 Gateway/motion 1
Gateway sending update to database
12:25:24 Gateway/motion 1
Gateway sending update to database
12:25:24 Gateway/motion 1
Gateway sending update to database
12:25:24 Gateway/motion 1
Gateway sending update to database
12:25:24 Gateway/motion 1
Gateway sending update to database
12:25:24 Gateway/motion 1
Gateway sending update to database
12:25:24 Gateway/motion 1
Gateway sending update to database
12:25:24 Gateway/motion 1
Gateway sending update to database
12:25:24 Gateway/motion 1
Gateway sending update to database
12:25:24 Gateway/motion 1
Gateway sending update to database
12:25:24 Gateway/motion 1
Gateway sending update to database
12:25:24 Gateway/motion 1
Gateway sending update to database
12:25:24 Gateway/motion 1
Gateway sending update to database
12:25:24 Gateway/motion 1
Gateway sending update to database
12:25:24 Gateway/motion 1
Gateway sending update to database
12:25:24 Gateway/motion 1
Gateway sending update to database
12:25:24 Gateway/motion 1
Gateway sending update to database
12:25:24 Gateway/motion 1
Gateway sending update to database
12:25:24 Gateway/motion 1
Gateway sending update to database
12:25:24 Gateway/motion 1
Gateway sending update to database
12:25:24 Gateway/motion 1
Gateway sending update to database
12:25:24 Gateway/motion 1
Gateway sending update to database
12:25:24 Gateway/motion 1
Gateway sending update to database
12:25:24 Gateway/motion 1
Gateway sending update to database
12:25:24 Gateway/motion 1
Gateway sending update to database
12:25:24 Gateway/motion 1
Gateway sending update to database
12:25:24 Gateway/motion 1
Gateway sending update to database
12:25:24 Gateway/motion 1
Gateway sending update to database
12:25:24 Gateway/motion 1
Gateway sending update to database
12:25:24 Gateway/motion 1
Gateway sending update to database
12:25:24 Gateway/motion 1
Gateway sending update to database
12:25:24 Gateway/motion 1
Gateway sending update to database
12:25:24 Gateway/motion 1
Gateway sending update to database
12:25:24 Gateway/motion 1
Gateway sending update to database
12:25:24 Gateway/motion 1
Gateway sending update to database
12:25:24 Gateway/motion 1
Gateway sending update to database
12:25:24 Gateway/motion 1
Gateway sending update to database
12:25:24 Gateway/motion 1
Gateway sending update to database
12:25:24 Gateway/motion 1
Gateway sending update to database
12:25:24 Gateway/motion 1
Gateway sending update to database
12:25:24 Gateway/motion 1
Gateway sending update to database
12:25:24 Gateway/motion 1
Gateway sending update to database
12:25:24 Gateway/motion 1
Gateway sending update to database
12:25:24 Gateway/motion 1
Gateway sending update to database
12:25:24 Gateway/motion 1
Gateway sending update to database
12:25:24 Gateway/motion 1
Gateway sending update to database
12:25:24 Gateway/motion 1
Gateway sending update to database
12:25:24 Gateway/motion 1
Gateway sending update to database
12:25:24 Gateway/motion 1
Gateway sending update to database
12:25:24 Gateway/motion 1
Gateway sending update to database
12:25:24 Gateway/motion 1
Gateway sending update to database
12:25:24 Gateway/motion 1
Gateway sending update to database
12:25:24 Gateway/motion 1
Gateway sending update to database
12:25:24 Gateway/motion 1
Gateway sending update to database
12:25:24 Gateway/motion 1
Gateway sending update to database
12:25:24 Gateway/motion 1
Gateway sending update to database
12:25:24 Gateway/motion 1
Gateway sending update to database
12:25:24 Gateway/motion 1
Gateway sending update to database
12:25:24 Gateway/motion 1
Gateway sending update to database
12:25:24 Gateway/motion 1
Gateway sending update to database
12:25:24 Gateway/motion 1
Gateway sending update to database
12:25:24 Gateway/motion 1
Gateway sending update to database
12:25:24 Gateway/motion 1
Gateway sending update to database
12:25:24 Gateway/motion 1
Gateway sending update to database
12:25:24 Gateway/motion 1
Gateway sending update to database
12:25:24 Gateway/motion 1
Gateway sending update to database
12:25:24 Gateway/motion 1
Gateway sending update to database
12:25:24 Gateway/motion 1
Gateway sending update to database
12:25:24 Gateway/motion 1
Gateway sending update to database
12:25:24 Gateway/motion 1
Gateway sending update to database
12:25:24 Gateway/motion 1
Gateway sending update to database
12:25:24 Gateway/motion 1
Gateway sending update to database
12:25:24 Gateway/motion 1
Gateway sending update to database
12:25:24 Gateway/motion 1
Gateway sending update to database
12:25:24 Gateway/motion 1
Gateway sending update to database
12:25:24 Gateway/motion 1
Gateway sending update to database
12:25:24 Gateway/motion 1
Gateway sending update to database
12:25:24 Gateway/motion 1
Gateway sending update to database
12:25:24 Gateway/motion 1
Gateway sending update to database
12:25:24 Gateway/motion 1
Gateway sending update to database
12:25:24 Gateway/motion 1
Gateway sending update to database
12:25:24 Gateway/motion 1
Gateway sending update to database
12:25:24 Gateway/motion 1
Gateway sending update to database
12:25:24 Gateway/motion 1
Gateway sending update to database
12:25:24 Gateway/motion 1
Gateway sending update to database
12:25:24 Gateway/motion 1
Gateway sending update to database
12:25:24 Gateway/motion 1
Gateway sending update to database
12:25:24 Gateway/motion 1
Gateway sending update to database
12:25:24 Gateway/motion 1
Gateway sending update to database
12:25:24 Gateway/motion 1
Gateway sending update to database
12:25:24 Gateway/motion 1
Gateway sending update to database
12:25:24 Gateway/motion 1
Gateway sending update to database
12:25:24 Gateway/motion 1
Gateway sending update to database
12:25:24 Gateway/motion 1
Gateway sending update to database
12:25:24 Gateway/motion 1
Gateway sending update to database
12:25:24 Gateway/motion 1
Gateway sending update to database
12:25:24 Gateway/motion 1
Gateway sending update to database
12:25:24 Gateway/motion 1
Gateway sending update to database
12:25:24 Gateway/motion 1
Gateway sending update to database
12:25:24 Gateway/motion 1
Gateway sending update to database
12:25:24 Gateway/motion 1
Gateway sending update to database
12:25:24 Gateway/motion 1
Gateway sending update to database
12:25:24 Gateway/motion 1
Gateway sending update to database
12:25:24 Gateway/motion 1
Gateway sending update to database
12:25:24 Gateway/motion 1
Gateway sending update to database
12:25:24 Gateway/motion 1
Gateway sending update to database
12:25:24 Gateway/motion 1
Gateway sending update to database
12:25:24 Gateway/motion 1
Gateway sending update to database
12:25:24 Gateway/motion 1
Gateway sending update to database
12:25:24 Gateway/motion 1
Gateway sending update to database
12:25:24 Gateway/motion 1
Gateway sending update to database
12:25:24 Gateway/motion 1
Gateway sending update to database
12:25:24 Gateway/motion 1
Gateway sending update to database
12:25:24 Gateway/motion 1
Gateway sending update to database
12:25:24 Gateway/motion 1
Gateway sending update to database
12:25:24 Gateway/motion 1
Gateway sending update to database
12:25:24 Gateway/motion 1
Gateway sending update to database
12:25:24 Gateway/motion 1
Gateway sending update to database
12:25:24 Gateway/motion 1
Gateway sending update to database
12:25:24 Gateway/motion 1
Gateway sending update to database
12:25:24 Gateway/motion 1
Gateway sending update to database
12:25:24 Gateway/motion 1
Gateway sending update to database
12:25:24 Gateway/motion 1
Gateway sending update to database
12:25:24 Gateway/motion 1
Gateway sending update to database
12:25:24 Gateway/motion 1
Gateway sending update to database
12:25:24 Gateway/motion 1
Gateway sending update to database
12:25:24 Gateway/motion 1
Gateway sending update to database
12:25:24 Gateway/motion 1
Gateway sending update to database
12:25:24 Gateway/motion 1
Gateway sending update to database
12:25:24 Gateway/motion 1
Gateway sending update to database
12:25:24 Gateway/motion 1
Gateway sending update to database
12:25:24 Gateway/motion 1
Gateway sending update to database
12:25:24 Gateway/motion 1
Gateway sending update to database
12:25:24 Gateway/motion 1
Gateway sending update to database
12:25:24 Gateway/motion 1
Gateway sending update to database
12:25:24 Gateway/motion 1
Gateway sending update to database
12:25:24 Gateway/motion 1
Gateway sending update to database
12:25:24 Gateway/motion 1
Gateway sending update to database
12:25:24 Gateway/motion 1
Gateway sending update to database
12:25:24 Gateway/motion 1
Gateway sending update to database
12:25:24 Gateway/motion 1
Gateway sending update to database
12:25:24 Gateway/motion 1
Gateway sending update to database
12:25:24 Gateway/motion 1
Gateway sending update to database
12:25:24 Gateway/motion 1
Gateway sending update to database
12:25:24 Gateway/motion 1
Gateway sending update to database
12:25:24 Gateway/motion 1
Gateway sending update to database
12:25:24 Gateway/motion 1
Gateway sending update to database
12:25:24 Gateway/motion 1
Gateway sending update to database
12:25:24 Gateway/motion 1
Gateway sending update to database
12:25:24 Gateway/motion 1
Gateway sending update to database
12:25:24 Gateway/motion 1
Gateway sending update to database
12:25:24 Gateway/motion 1
Gateway sending update to database
12:25:24 Gateway/motion 1
Gateway sending update to database
12:25:24 Gateway/motion 1
Gateway sending update to database
12:25:24 Gateway/motion 1
Gateway sending update to database
12:25:24 Gateway/motion 1
Gateway sending update to database
12:25:24 Gateway/motion 1
Gateway sending update to database
12:25:24 Gateway/motion 1
Gateway sending update to database
12:25:24 Gateway/motion 1
Gateway sending update to database
12:25:24 Gateway/motion 1
Gateway sending update to database
12:25:24 Gateway/motion 1
Gateway sending update to database
12:25:24 Gateway/motion 1
Gateway sending update to database
12:25:24 Gateway/motion 1
Gateway sending update to database
12:25:24 Gateway/motion 1
Gateway sending update to database
12:25:24 Gateway/motion 1
Gateway sending update to database
12:25:24 Gateway/motion 1
Gateway sending update to database
12:25:24 Gateway/motion 1
Gateway sending update to database
12:25:24 Gateway/motion 1
Gateway sending update to database
12:25:24 Gateway/motion 1
Gateway sending update to database
12:25:24 Gateway/motion 1
Gateway sending update to database
12:25:24 Gateway/motion 1
Gateway sending update to database
12:25:24 Gateway/motion 1
Gateway sending update to database
12:25:24 Gateway/motion 1
Gateway sending update to database
12:25:24 Gateway/motion 1
Gateway sending update to database
12:25:24 Gateway/motion 1
Gateway sending update to database
12:25:24 Gateway/motion 1
Gateway sending update to database
12:25:24 Gateway/motion 1
Gateway sending update to database
12:25:24 Gateway/motion 1
Gateway sending update to database
12:25:24 Gateway/motion 1
Gateway sending update to database
12:25:24 Gateway/motion 1
Gateway sending update to database
12:25:24 Gateway/motion 1
Gateway sending update to database
12:25:24 Gateway/motion 1
Gateway sending update to database
12:25:24 Gateway/motion 1
Gateway sending update to database
12:25:24 Gateway/motion 1
Gateway sending update to database
12:25:24 Gateway/motion 1
Gateway sending update to database
12:25:24 Gateway/motion 1
Gateway sending update to database
12:25:24 Gateway/motion 1
Gateway sending update to database
12:25:24 Gateway/motion 1
Gateway sending update to database
12:25:24 Gateway/motion 1
Gateway sending update to database
12:25:24 Gateway/motion 1
Gateway sending update to database
12:25:24 Gateway/motion 1
Gateway sending update to database
12:25:24 Gateway/motion 1
Gateway sending update to database
12:25:24 Gateway/motion 1
Gateway sending update to database
12:25:24 Gateway/motion 1
Gateway sending update to database
12:25:24 Gateway/motion 1
Gateway sending update to database
12:25:24 Gateway/motion 1
Gateway sending update to database
12:25:24 Gateway/motion 1
Gateway sending update to database
12:25:24 Gateway/motion 1
Gateway sending update to database
12:25:24 Gateway/motion 1
Gateway sending update to database
12:25:24 Gateway/motion 1
Gateway sending update to database
12:25:24 Gateway/motion 1
Gateway sending update to database
12:25:24 Gateway/motion 1
Gateway sending update to database
12:25:24 Gateway/motion 1
Gateway sending update to database
12:25:24 Gateway/motion 1
Gateway sending update to database
12:25:24 Gateway/motion 1
Gateway sending update to database
12:25:24 Gateway/motion 1
Gateway sending update to database
12:25:24 Gateway/motion 1
Gateway sending update to database
12:25:24 Gateway/motion 1
Gateway sending update to database
12:25:24 Gateway/motion 1
Gateway sending update to database
12:25:24 Gateway/motion 1
Gateway sending update to database
12:25:24 Gateway/motion 1
Gateway sending update to database
12:25:24 Gateway/motion 1
Gateway sending update to database
12:25:24 Gateway/motion 1
Gateway sending update to database
12:25:24 Gateway/motion 1
Gateway sending update to database
12:25:24 Gateway/motion 1
Gateway sending update to database
12:25:24 Gateway/motion 1
Gateway sending update to database
12:25:24 Gateway/motion 1
Gateway sending update to database
12:25:24 Gateway/motion 1
Gateway sending update to database
12:25:24 Gateway/motion 1
Gateway sending update to database
12:25:24 Gateway/motion 1
Gateway sending update to database
12:25:24 Gateway/motion 1
Gateway sending update to database
12:25:24 Gateway/motion 1
Gateway sending update to database
12:25:24 Gateway/motion 1
Gateway sending update to database
12:25:24 Gateway/motion 1
Gateway sending update to database
12:25:24 Gateway/motion 1
Gateway sending update to database
12:25:24 Gateway/motion 1
Gateway sending update to database
12:25:24 Gateway/motion 1
Gateway sending update to database
12:25:24 Gateway/motion 1
Gateway sending update to database
12:25:24 Gateway/motion 1
Gateway sending update to database
12:25:24 Gateway/motion 1
Gateway sending update to database
12:25:24 Gateway/motion 1
Gateway sending update to database
12:25:24 Gateway/motion 1
Gateway sending update to database
12:25:24 Gateway/motion 1
Gateway sending update to database
12:25:24 Gateway/motion 1
Gateway sending update to database
12:25:24 Gateway/motion 1
Gateway sending update to database
12:25:24 Gateway/motion 1
Gateway sending update to database
12:25:24 Gateway/motion 1
Gateway sending update to database
12:25:24 Gateway/motion 1
Gateway sending update to database
12:25:24 Gateway/motion 1
Gateway sending update to database
12:25:24 Gateway/motion 1
Gateway sending update to database
12:25:24 Gateway/motion 1
Gateway sending update to database
12:25:24 Gateway/motion 1
Gateway sending update to database
12:25:24 Gateway/motion 1
Gateway sending update to database
12:25:24 Gateway/motion 1
Gateway sending update to database
12:25:24 Gateway/motion 1
Gateway sending update to database
12:25:24 Gateway/motion 1
Gateway sending update to database
12:25:24 Gateway/motion 1
Gateway sending update to database
12:25:24 Gateway/motion 1
Gateway sending update to database
12:25:24 Gateway/motion 1
Gateway sending update to database
12:25:24 Gateway/motion 1
Gateway sending update to database
12:25:24 Gateway/motion 1
Gateway sending update to database
12:25:24 Gateway/motion 1
Gateway sending update to database
12:25:24 Gateway/motion 1
Gateway sending update to database
12:25:24 Gateway/motion 1
Gateway sending update to database
12:25:24 Gateway/motion 1
Gateway sending update to database
12:25:24 Gateway/motion 1
Gateway sending update to database
12:25:24 Gateway/motion 1
Gateway sending update to database
12:25:24 Gateway/motion 1
Gateway sending update to database
12:25:24 Gateway/motion 1
Gateway sending update to database
12:25:24 Gateway/motion 1
Gateway sending update to database
12:25:24 Gateway/motion 1
Gateway sending update to database
12:25:24 Gateway/motion 1
Gateway sending update to database
12:25:24 Gateway/motion 1
Gateway sending update to database
12:25:24 Gateway/motion 1
Gateway sending update to database
12:25:24 Gateway/motion 1
Gateway sending update to database
12:25:24 Gateway/motion 1
Gateway sending update to database
12:25:24 Gateway/motion 1
Gateway sending update to database
12:25:24 Gateway/motion 1
Gateway sending update to database
12:25:24 Gateway/motion 1
Gateway sending update to database
12:25:24 Gateway/motion 1
Gateway sending update to database
12:25:24 Gateway/motion 1
Gateway sending update to database
12:25:24 Gateway/motion 1
Gateway sending update to database
12:25:24 Gateway/motion 1
Gateway sending update to database
12:25:24 Gateway/motion 1
Gateway sending update to database
12:25:24 Gateway/motion 1
Gateway sending update to database
12:25:24 Gateway/motion 1
Gateway sending update to database
12:25:24 Gateway/motion 1
Gateway sending update to database
12:25:25 Gateway/motion 1
Gateway sending update to database
12:25:25 Gateway/motion 1
Gateway sending update to database
12:25:25 Gateway/motion 1
Gateway sending update to database
12:25:25 Gateway/motion 1
Gateway sending update to database
12:25:25 Gateway/motion 1
Gateway sending update to database
12:25:25 Gateway/motion 1
Gateway sending update to database
12:25:25 Gateway/motion 1
Gateway sending update to database
12:25:25 Gateway/motion 1
Gateway sending update to database
12:25:25 Gateway/motion 1
Gateway sending update to database
12:25:25 Gateway/motion 1
Gateway sending update to database
12:25:25 Gateway/motion 1
Gateway sending update to database
12:25:25 Gateway/motion 1
Gateway sending update to database
12:25:25 Gateway/motion 1
Gateway sending update to database
12:25:25 Gateway/motion 1
Gateway sending update to database
12:25:25 Gateway/motion 1
Gateway sending update to database
12:25:25 Gateway/motion 1
Gateway sending update to database
12:25:25 Gateway/motion 1
Gateway sending update to database
12:25:25 Gateway/motion 1
Gateway sending update to database
12:25:25 Gateway/motion 1
Gateway sending update to database
12:25:25 Gateway/motion 1
Gateway sending update to database
12:25:25 Gateway/motion 1
Gateway sending update to database
12:25:25 Gateway/motion 1
Gateway sending update to database
12:25:25 Gateway/motion 1
Gateway sending update to database
12:25:25 Gateway/motion 1
Gateway sending update to database
12:25:25 Gateway/motion 1
Gateway sending update to database
12:25:25 Gateway/motion 1
Gateway sending update to database
12:25:25 Gateway/motion 1
Gateway sending update to database
12:25:25 Gateway/motion 1
Gateway sending update to database
12:25:25 Gateway/motion 1
Gateway sending update to database
12:25:25 Gateway/motion 1
Gateway sending update to database
12:25:25 Gateway/motion 1
Gateway sending update to database
12:25:25 Gateway/motion 1
Gateway sending update to database
12:25:25 Gateway/motion 1
Gateway sending update to database
12:25:25 Gateway/motion 1
Gateway sending update to database
12:25:25 Gateway/motion 1
Gateway sending update to database
12:25:25 Gateway/motion 1
Gateway sending update to database
12:25:25 Gateway/motion 1
Gateway sending update to database
12:25:25 Gateway/motion 1
Gateway sending update to database
12:25:25 Gateway/motion 1
Gateway sending update to database
12:25:25 Gateway/motion 1
Gateway sending update to database
12:25:25 Gateway/motion 1
Gateway sending update to database
12:25:25 Gateway/motion 1
Gateway sending update to database
12:25:25 Gateway/motion 1
Gateway sending update to database
12:25:25 Gateway/motion 1
Gateway sending update to database
12:25:25 Gateway/motion 1
Gateway sending update to database
12:25:25 Gateway/motion 1
Gateway sending update to database
12:25:25 Gateway/motion 1
Gateway sending update to database
12:25:25 Gateway/motion 1
Gateway sending update to database
12:25:25 Gateway/motion 1
Gateway sending update to database
12:25:25 Gateway/motion 1
Gateway sending update to database
12:25:25 Gateway/motion 1
Gateway sending update to database
12:25:25 Gateway/motion 1
Gateway sending update to database
12:25:25 Gateway/motion 1
Gateway sending update to database
12:25:25 Gateway/motion 1
Gateway sending update to database
12:25:25 Gateway/motion 1
Gateway sending update to database
12:25:25 Gateway/motion 1
Gateway sending update to database
12:25:25 Gateway/motion 1
Gateway sending update to database
12:25:25 Gateway/motion 1
Gateway sending update to database
12:25:25 Gateway/motion 1
Gateway sending update to database
12:25:25 Gateway/motion 1
Gateway sending update to database
12:25:25 Gateway/motion 1
Gateway sending update to database
12:25:25 Gateway/motion 1
Gateway sending update to database
12:25:25 Gateway/motion 1
Gateway sending update to database
12:25:25 Gateway/motion 1
Gateway sending update to database
12:25:25 Gateway/motion 1
Gateway sending update to database
12:25:25 Gateway/motion 1
Gateway sending update to database
12:25:25 Gateway/motion 1
Gateway sending update to database
12:25:25 Gateway/motion 1
Gateway sending update to database
12:25:25 Gateway/motion 1
Gateway sending update to database
12:25:25 Gateway/motion 1
Gateway sending update to database
12:25:25 Gateway/motion 1
Gateway sending update to database
12:25:25 Gateway/motion 1
Gateway sending update to database
12:25:25 Gateway/motion 1
Gateway sending update to database
12:25:25 Gateway/motion 1
Gateway sending update to database
12:25:25 Gateway/motion 1
Gateway sending update to database
12:25:25 Gateway/motion 1
Gateway sending update to database
12:25:25 Gateway/motion 1
Gateway sending update to database
12:25:25 Gateway/motion 1
Gateway sending update to database
12:25:25 Gateway/motion 1
Gateway sending update to database
12:25:25 Gateway/motion 1
Gateway sending update to database
12:25:25 Gateway/motion 1
Gateway sending update to database
12:25:25 Gateway/motion 1
Gateway sending update to database
12:25:25 Gateway/motion 1
Gateway sending update to database
12:25:25 Gateway/motion 1
Gateway sending update to database
12:25:25 Gateway/motion 1
Gateway sending update to database
12:25:25 Gateway/motion 1
Gateway sending update to database
12:25:25 Gateway/motion 1
Gateway sending update to database
12:25:25 Gateway/motion 1
Gateway sending update to database
12:25:25 Gateway/motion 1
Gateway sending update to database
12:25:25 Gateway/motion 1
Gateway sending update to database
12:25:25 Gateway/motion 1
Gateway sending update to database
12:25:25 Gateway/motion 1
Gateway sending update to database
12:25:25 Gateway/motion 1
Gateway sending update to database
12:25:25 Gateway/motion 1
Gateway sending update to database
12:25:25 Gateway/motion 1
Gateway sending update to database
12:25:25 Gateway/motion 1
Gateway sending update to database
12:25:25 Gateway/motion 1
Gateway sending update to database
12:25:25 Gateway/motion 1
Gateway sending update to database
12:25:25 Gateway/motion 1
Gateway sending update to database
12:25:25 Gateway/motion 1
Gateway sending update to database
12:25:25 Gateway/motion 1
Gateway sending update to database
12:25:25 Gateway/motion 1
Gateway sending update to database
12:25:25 Gateway/motion 1
Gateway sending update to database
12:25:25 Gateway/motion 1
Gateway sending update to database
12:25:25 Gateway/motion 1
Gateway sending update to database
12:25:25 Gateway/motion 1
Gateway sending update to database
12:25:25 Gateway/motion 1
Gateway sending update to database
12:25:25 Gateway/motion 1
Gateway sending update to database
12:25:25 Gateway/motion 1
Gateway sending update to database
12:25:25 Gateway/motion 1
Gateway sending update to database
12:25:25 Gateway/motion 1
Gateway sending update to database
12:25:25 Gateway/motion 1
Gateway sending update to database
12:25:25 Gateway/motion 1
Gateway sending update to database
12:25:25 Gateway/motion 1
Gateway sending update to database
12:25:25 Gateway/motion 1
Gateway sending update to database
12:25:25 Gateway/motion 1
Gateway sending update to database
12:25:25 Gateway/motion 1
Gateway sending update to database
12:25:25 Gateway/motion 1
Gateway sending update to database
12:25:25 Gateway/motion 1
Gateway sending update to database
12:25:25 Gateway/motion 1
Gateway sending update to database
12:25:25 Gateway/motion 1
Gateway sending update to database
12:25:25 Gateway/motion 1
Gateway sending update to database
12:25:25 Gateway/motion 1
Gateway sending update to database
12:25:25 Gateway/motion 1
Gateway sending update to database
12:25:25 Gateway/motion 1
Gateway sending update to database
12:25:25 Gateway/motion 1
Gateway sending update to database
12:25:25 Gateway/motion 1
Gateway sending update to database
12:25:25 Gateway/motion 1
Gateway sending update to database
12:25:25 Gateway/motion 1
Gateway sending update to database
12:25:25 Gateway/motion 1
Gateway sending update to database
12:25:25 Gateway/motion 1
Gateway sending update to database
12:25:25 Gateway/motion 1
Gateway sending update to database
12:25:25 Gateway/motion 1
Gateway sending update to database
12:25:25 Gateway/motion 1
Gateway sending update to database
12:25:25 Gateway/motion 1
Gateway sending update to database
12:25:25 Gateway/motion 1
Gateway sending update to database
12:25:25 Gateway/motion 1
Gateway sending update to database
12:25:25 Gateway/motion 1
Gateway sending update to database
12:25:25 Gateway/motion 1
Gateway sending update to database
12:25:25 Gateway/motion 1
Gateway sending update to database
12:25:25 Gateway/motion 1
Gateway sending update to database
12:25:25 Gateway/motion 1
Gateway sending update to database
12:25:25 Gateway/motion 1
Gateway sending update to database
12:25:25 Gateway/motion 1
Gateway sending update to database
12:25:25 Gateway/motion 1
Gateway sending update to database
12:25:25 Gateway/motion 1
Gateway sending update to database
12:25:25 Gateway/motion 1
Gateway sending update to database
12:25:25 Gateway/motion 1
Gateway sending update to database
12:25:25 Gateway/motion 1
Gateway sending update to database
12:25:25 Gateway/motion 1
Gateway sending update to database
12:25:25 Gateway/motion 1
Gateway sending update to database
12:25:25 Gateway/motion 1
Gateway sending update to database
12:25:25 Gateway/motion 1
Gateway sending update to database
12:25:25 Gateway/motion 1
Gateway sending update to database
12:25:25 Gateway/motion 1
Gateway sending update to database
12:25:25 Gateway/motion 1
Gateway sending update to database
12:25:25 Gateway/motion 1
Gateway sending update to database
12:25:25 Gateway/motion 1
Gateway sending update to database
12:25:25 Gateway/motion 1
Gateway sending update to database
12:25:25 Gateway/motion 1
Gateway sending update to database
12:25:25 Gateway/motion 1
Gateway sending update to database
12:25:25 Gateway/motion 1
Gateway sending update to database
12:25:25 Gateway/motion 1
Gateway sending update to database
12:25:25 Gateway/motion 1
Gateway sending update to database
12:25:25 Gateway/motion 1
Gateway sending update to database
12:25:25 Gateway/motion 1
Gateway sending update to database
12:25:25 Gateway/motion 1
Gateway sending update to database
12:25:25 Gateway/motion 1
Gateway sending update to database
12:25:25 Gateway/motion 1
Gateway sending update to database
12:25:25 Gateway/motion 1
Gateway sending update to database
12:25:25 Gateway/motion 1
Gateway sending update to database
12:25:25 Gateway/motion 1
Gateway sending update to database
12:25:25 Gateway/motion 1
Gateway sending update to database
12:25:25 Gateway/motion 1
Gateway sending update to database
12:25:25 Gateway/motion 1
Gateway sending update to database
12:25:25 Gateway/motion 1
Gateway sending update to database
12:25:25 Gateway/motion 1
Gateway sending update to database
12:25:25 Gateway/motion 1
Gateway sending update to database
12:25:25 Gateway/motion 1
Gateway sending update to database
12:25:25 Gateway/motion 1
Gateway sending update to database
12:25:25 Gateway/motion 1
Gateway sending update to database
12:25:25 Gateway/motion 1
Gateway sending update to database
12:25:25 Gateway/motion 1
Gateway sending update to database
12:25:25 Gateway/motion 1
Gateway sending update to database
12:25:25 Gateway/motion 1
Gateway sending update to database
12:25:25 Gateway/motion 1
Gateway sending update to database
12:25:25 Gateway/motion 1
Gateway sending update to database
12:25:25 Gateway/motion 1
Gateway sending update to database
12:25:25 Gateway/motion 1
Gateway sending update to database
12:25:25 Gateway/motion 1
Gateway sending update to database
12:25:25 Gateway/motion 1
Gateway sending update to database
12:25:25 Gateway/motion 1
Gateway sending update to database
12:25:25 Gateway/motion 1
Gateway sending update to database
12:25:25 Gateway/motion 1
Gateway sending update to database
12:25:25 Gateway/motion 1
Gateway sending update to database
12:25:25 Gateway/motion 1
Gateway sending update to database
12:25:25 Gateway/motion 1
Gateway sending update to database
12:25:25 Gateway/motion 1
Gateway sending update to database
12:25:25 Gateway/motion 1
Gateway sending update to database
12:25:25 Gateway/motion 1
Gateway sending update to database
12:25:25 Gateway/motion 1
Gateway sending update to database
12:25:25 Gateway/motion 1
Gateway sending update to database
12:25:25 Gateway/motion 1
Gateway sending update to database
12:25:25 Gateway/motion 1
Gateway sending update to database
12:25:25 Gateway/motion 1
Gateway sending update to database
12:25:25 Gateway/motion 1
Gateway sending update to database
12:25:25 Gateway/motion 1
Gateway sending update to database
12:25:25 Gateway/motion 1
Gateway sending update to database
12:25:25 Gateway/motion 1
Gateway sending update to database
12:25:25 Gateway/motion 1
Gateway sending update to database
12:25:25 Gateway/motion 1
Gateway sending update to database
12:25:25 Gateway/motion 1
Gateway sending update to database
12:25:25 Gateway/motion 1
Gateway sending update to database
12:25:25 Gateway/motion 1
Gateway sending update to database
12:25:25 Gateway/motion 1
Gateway sending update to database
12:25:25 Gateway/motion 1
Gateway sending update to database
12:25:25 Gateway/motion 1
Gateway sending update to database
12:25:25 Gateway/motion 1
Gateway sending update to database
12:25:25 Gateway/motion 1
Gateway sending update to database
12:25:25 Gateway/motion 1
Gateway sending update to database
12:25:25 Gateway/motion 1
Gateway sending update to database
12:25:25 Gateway/motion 1
Gateway sending update to database
12:25:25 Gateway/motion 1
Gateway sending update to database
12:25:25 Gateway/motion 1
Gateway sending update to database
12:25:25 Gateway/motion 1
Gateway sending update to database
12:25:25 Gateway/motion 1
Gateway sending update to database
12:25:25 Gateway/motion 1
Gateway sending update to database
12:25:25 Gateway/motion 1
Gateway sending update to database
12:25:25 Gateway/motion 1
Gateway sending update to database
12:25:25 Gateway/motion 1
Gateway sending update to database
12:25:25 Gateway/motion 1
Gateway sending update to database
12:25:25 Gateway/motion 1
Gateway sending update to database
12:25:25 Gateway/motion 1
Gateway sending update to database
12:25:25 Gateway/motion 1
Gateway sending update to database
12:25:25 Gateway/motion 1
Gateway sending update to database
12:25:25 Gateway/motion 1
Gateway sending update to database
12:25:25 Gateway/motion 1
Gateway sending update to database
12:25:25 Gateway/motion 1
Gateway sending update to database
12:25:25 Gateway/motion 1
Gateway sending update to database
12:25:25 Gateway/motion 1
Gateway sending update to database
12:25:25 Gateway/motion 1
Gateway sending update to database
12:25:25 Gateway/motion 1
Gateway sending update to database
12:25:25 Gateway/motion 1
Gateway sending update to database
12:25:25 Gateway/motion 1
Gateway sending update to database
12:25:25 Gateway/motion 1
Gateway sending update to database
12:25:25 Gateway/motion 1
Gateway sending update to database
12:25:25 Gateway/motion 1
Gateway sending update to database
12:25:25 Gateway/motion 1
Gateway sending update to database
12:25:25 Gateway/motion 1
Gateway sending update to database
12:25:25 Gateway/motion 1
Gateway sending update to database
12:25:25 Gateway/motion 1
Gateway sending update to database
12:25:25 Gateway/motion 1
Gateway sending update to database
12:25:25 Gateway/motion 1
Gateway sending update to database
12:25:25 Gateway/motion 1
Gateway sending update to database
12:25:25 Gateway/motion 1
Gateway sending update to database
12:25:25 Gateway/motion 1
Gateway sending update to database
12:25:25 Gateway/motion 1
Gateway sending update to database
12:25:25 Gateway/motion 1
Gateway sending update to database
12:25:25 Gateway/motion 1
Gateway sending update to database
12:25:25 Gateway/motion 1
Gateway sending update to database
12:25:25 Gateway/motion 1
Gateway sending update to database
12:25:25 Gateway/motion 1
Gateway sending update to database
12:25:25 Gateway/motion 1
Gateway sending update to database
12:25:25 Gateway/motion 1
Gateway sending update to database
12:25:25 Gateway/motion 1
Gateway sending update to database
12:25:25 Gateway/motion 1
Gateway sending update to database
12:25:25 Gateway/motion 1
Gateway sending update to database
12:25:25 Gateway/motion 1
Gateway sending update to database
12:25:25 Gateway/motion 1
Gateway sending update to database
12:25:25 Gateway/motion 1
Gateway sending update to database
12:25:25 Gateway/motion 1
Gateway sending update to database
12:25:25 Gateway/motion 1
Gateway sending update to database
12:25:25 Gateway/motion 1
Gateway sending update to database
12:25:25 Gateway/motion 1
Gateway sending update to database
12:25:25 Gateway/motion 1
Gateway sending update to database
12:25:25 Gateway/motion 1
Gateway sending update to database
12:25:25 Gateway/motion 1
Gateway sending update to database
12:25:25 Gateway/motion 1
Gateway sending update to database
12:25:25 Gateway/motion 1
Gateway sending update to database
12:25:25 Gateway/motion 1
Gateway sending update to database
12:25:25 Gateway/motion 1
Gateway sending update to database
12:25:25 Gateway/motion 1
Gateway sending update to database
12:25:25 Gateway/motion 1
Gateway sending update to database
12:25:25 Gateway/motion 1
Gateway sending update to database
12:25:25 Gateway/motion 1
Gateway sending update to database
12:25:25 Gateway/motion 1
Gateway sending update to database
12:25:25 Gateway/motion 1
Gateway sending update to database
12:25:25 Gateway/motion 1
Gateway sending update to database
12:25:25 Gateway/motion 1
Gateway sending update to database
12:25:25 Gateway/motion 1
Gateway sending update to database
12:25:25 Gateway/motion 1
Gateway sending update to database
12:25:25 Gateway/motion 1
Gateway sending update to database
12:25:25 Gateway/motion 1
Gateway sending update to database
12:25:25 Gateway/motion 1
Gateway sending update to database
12:25:25 Gateway/motion 1
Gateway sending update to database
12:25:25 Gateway/motion 1
Gateway sending update to database
12:25:25 Gateway/motion 1
Gateway sending update to database
12:25:25 Gateway/motion 1
Gateway sending update to database
12:25:25 Gateway/motion 1
Gateway sending update to database
12:25:25 Gateway/motion 1
Gateway sending update to database
12:25:25 Gateway/motion 1
Gateway sending update to database
12:25:25 Gateway/motion 1
Gateway sending update to database
12:25:25 Gateway/motion 1
Gateway sending update to database
12:25:25 Gateway/motion 1
Gateway sending update to database
12:25:25 Gateway/motion 1
Gateway sending update to database
12:25:25 Gateway/motion 1
Gateway sending update to database
12:25:25 Gateway/motion 1
Gateway sending update to database
12:25:25 Gateway/motion 1
Gateway sending update to database
12:25:25 Gateway/motion 1
Gateway sending update to database
12:25:25 Gateway/motion 1
Gateway sending update to database
12:25:25 Gateway/motion 1
Gateway sending update to database
12:25:25 Gateway/motion 1
Gateway sending update to database
12:25:25 Gateway/motion 1
Gateway sending update to database
12:25:25 Gateway/motion 1
Gateway sending update to database
12:25:25 Gateway/motion 1
Gateway sending update to database
12:25:25 Gateway/motion 1
Gateway sending update to database
12:25:25 Gateway/motion 1
Gateway sending update to database
12:25:25 Gateway/motion 1
Gateway sending update to database
12:25:25 Gateway/motion 1
Gateway sending update to database
12:25:25 Gateway/motion 1
Gateway sending update to database
12:25:25 Gateway/motion 1
Gateway sending update to database
12:25:25 Gateway/motion 1
Gateway sending update to database
12:25:25 Gateway/motion 1
Gateway sending update to database
12:25:25 Gateway/motion 1
Gateway sending update to database
12:25:25 Gateway/motion 1
Gateway sending update to database
12:25:25 Gateway/motion 1
Gateway sending update to database
12:25:25 Gateway/motion 1
Gateway sending update to database
12:25:25 Gateway/motion 1
Gateway sending update to database
12:25:26 Gateway/motion 1
Gateway sending update to database
12:25:26 Gateway/motion 1
Gateway sending update to database
12:25:26 Gateway/motion 1
Gateway sending update to database
12:25:26 Gateway/motion 1
Gateway sending update to database
12:25:26 Gateway/motion 1
Gateway sending update to database
12:25:26 Gateway/motion 1
Gateway sending update to database
12:25:26 Gateway/motion 1
Gateway sending update to database
12:25:26 Gateway/motion 1
Gateway sending update to database
12:25:26 Gateway/motion 1
Gateway sending update to database
12:25:26 Gateway/motion 1
Gateway sending update to database
12:25:26 Gateway/motion 1
Gateway sending update to database
12:25:26 Gateway/motion 1
Gateway sending update to database
12:25:26 Gateway/motion 1
Gateway sending update to database
12:25:26 Gateway/motion 1
Gateway sending update to database
12:25:26 Gateway/motion 1
Gateway sending update to database
12:25:26 Gateway/motion 1
Gateway sending update to database
12:25:26 Gateway/motion 1
Gateway sending update to database
12:25:26 Gateway/motion 1
Gateway sending update to database
12:25:26 Gateway/motion 1
Gateway sending update to database
12:25:26 Gateway/motion 1
Gateway sending update to database
12:25:26 Gateway/motion 1
Gateway sending update to database
12:25:26 Gateway/motion 1
Gateway sending update to database
12:25:26 Gateway/motion 1
Gateway sending update to database
12:25:26 Gateway/motion 1
Gateway sending update to database
12:25:26 Gateway/motion 1
Gateway sending update to database
12:25:26 Gateway/motion 1
Gateway sending update to database
12:25:26 Gateway/motion 1
Gateway sending update to database
12:25:26 Gateway/motion 1
Gateway sending update to database
12:25:26 Gateway/motion 1
Gateway sending update to database
12:25:26 Gateway/motion 1
Gateway sending update to database
12:25:26 Gateway/motion 1
Gateway sending update to database
12:25:26 Gateway/motion 1
Gateway sending update to database
12:25:26 Gateway/motion 1
Gateway sending update to database
12:25:26 Gateway/motion 1
Gateway sending update to database
12:25:26 Gateway/motion 1
Gateway sending update to database
12:25:26 Gateway/motion 1
Gateway sending update to database
12:25:26 Gateway/motion 1
Gateway sending update to database
12:25:26 Gateway/motion 1
Gateway sending update to database
12:25:26 Gateway/motion 1
Gateway sending update to database
12:25:26 Gateway/motion 1
Gateway sending update to database
12:25:26 Gateway/motion 1
Gateway sending update to database
12:25:26 Gateway/motion 1
Gateway sending update to database
12:25:26 Gateway/motion 1
Gateway sending update to database
12:25:26 Gateway/motion 1
Gateway sending update to database
12:25:26 Gateway/motion 1
Gateway sending update to database
12:25:26 Gateway/motion 1
Gateway sending update to database
12:25:26 Gateway/motion 1
Gateway sending update to database
12:25:26 Gateway/motion 1
Gateway sending update to database
12:25:26 Gateway/motion 1
Gateway sending update to database
12:25:26 Gateway/motion 1
Gateway sending update to database
12:25:26 Gateway/motion 1
Gateway sending update to database
12:25:26 Gateway/motion 1
Gateway sending update to database
12:25:26 Gateway/motion 1
Gateway sending update to database
12:25:26 Gateway/motion 1
Gateway sending update to database
12:25:26 Gateway/motion 1
Gateway sending update to database
12:25:26 Gateway/motion 1
Gateway sending update to database
12:25:26 Gateway/motion 1
Gateway sending update to database
12:25:26 Gateway/motion 1
Gateway sending update to database
12:25:26 Gateway/motion 1
Gateway sending update to database
12:25:26 Gateway/motion 1
Gateway sending update to database
12:25:26 Gateway/motion 1
Gateway sending update to database
12:25:26 Gateway/motion 1
Gateway sending update to database
12:25:26 Gateway/motion 1
Gateway sending update to database
12:25:26 Gateway/motion 1
Gateway sending update to database
12:25:26 Gateway/motion 1
Gateway sending update to database
12:25:26 Gateway/motion 1
Gateway sending update to database
12:25:26 Gateway/motion 1
Gateway sending update to database
12:25:26 Gateway/motion 1
Gateway sending update to database
12:25:26 Gateway/motion 1
Gateway sending update to database
12:25:26 Gateway/motion 1
Gateway sending update to database
12:25:26 Gateway/motion 1
Gateway sending update to database
12:25:26 Gateway/motion 1
Gateway sending update to database
12:25:26 Gateway/motion 1
Gateway sending update to database
12:25:26 Gateway/motion 1
Gateway sending update to database
12:25:26 Gateway/motion 1
Gateway sending update to database
12:25:26 Gateway/motion 1
Gateway sending update to database
12:25:26 Gateway/motion 1
Gateway sending update to database
12:25:26 Gateway/motion 1
Gateway sending update to database
12:25:26 Gateway/motion 1
Gateway sending update to database
12:25:26 Gateway/motion 1
Gateway sending update to database
12:25:26 Gateway/motion 1
Gateway sending update to database
12:25:26 Gateway/motion 1
Gateway sending update to database
12:25:26 Gateway/motion 1
Gateway sending update to database
12:25:26 Gateway/motion 1
Gateway sending update to database
12:25:26 Gateway/motion 1
Gateway sending update to database
12:25:26 Gateway/motion 1
Gateway sending update to database
12:25:26 Gateway/motion 1
Gateway sending update to database
12:25:26 Gateway/motion 1
Gateway sending update to database
12:25:26 Gateway/motion 1
Gateway sending update to database
12:25:26 Gateway/motion 1
Gateway sending update to database
12:25:26 Gateway/motion 1
Gateway sending update to database
12:25:26 Gateway/motion 1
Gateway sending update to database
12:25:26 Gateway/motion 1
Gateway sending update to database
12:25:26 Gateway/motion 1
Gateway sending update to database
12:25:26 Gateway/motion 1
Gateway sending update to database
12:25:26 Gateway/motion 1
Gateway sending update to database
12:25:26 Gateway/motion 1
Gateway sending update to database
12:25:26 Gateway/motion 1
Gateway sending update to database
12:25:26 Gateway/motion 1
Gateway sending update to database
12:25:26 Gateway/motion 1
Gateway sending update to database
12:25:26 Gateway/motion 1
Gateway sending update to database
12:25:26 Gateway/motion 1
Gateway sending update to database
12:25:26 Gateway/motion 1
Gateway sending update to database
12:25:26 Gateway/motion 1
Gateway sending update to database
12:25:26 Gateway/motion 1
Gateway sending update to database
12:25:26 Gateway/motion 1
Gateway sending update to database
12:25:26 Gateway/motion 1
Gateway sending update to database
12:25:26 Gateway/motion 1
Gateway sending update to database
12:25:26 Gateway/motion 1
Gateway sending update to database
12:25:26 Gateway/motion 1
Gateway sending update to database
12:25:26 Gateway/motion 1
Gateway sending update to database
12:25:26 Gateway/motion 1
Gateway sending update to database
12:25:26 Gateway/motion 1
Gateway sending update to database
12:25:26 Gateway/motion 1
Gateway sending update to database
12:25:26 Gateway/motion 1
Gateway sending update to database
12:25:26 Gateway/motion 1
Gateway sending update to database
12:25:26 Gateway/motion 1
Gateway sending update to database
12:25:26 Gateway/motion 1
Gateway sending update to database
12:25:26 Gateway/motion 1
Gateway sending update to database
12:25:26 Gateway/motion 1
Gateway sending update to database
12:25:26 Gateway/motion 1
Gateway sending update to database
12:25:26 Gateway/motion 1
Gateway sending update to database
12:25:26 Gateway/motion 1
Gateway sending update to database
12:25:26 Gateway/motion 1
Gateway sending update to database
12:25:26 Gateway/motion 1
Gateway sending update to database
12:25:26 Gateway/motion 1
Gateway sending update to database
12:25:26 Gateway/motion 1
Gateway sending update to database
12:25:26 Gateway/motion 1
Gateway sending update to database
12:25:26 Gateway/motion 1
Gateway sending update to database
12:25:26 Gateway/motion 1
Gateway sending update to database
12:25:26 Gateway/motion 1
Gateway sending update to database
12:25:26 Gateway/motion 1
Gateway sending update to database
12:25:26 Gateway/motion 1
Gateway sending update to database
12:25:26 Gateway/motion 1
Gateway sending update to database
12:25:26 Gateway/motion 1
Gateway sending update to database
12:25:26 Gateway/motion 1
Gateway sending update to database
12:25:26 Gateway/motion 1
Gateway sending update to database
12:25:26 Gateway/motion 1
Gateway sending update to database
12:25:26 Gateway/motion 1
Gateway sending update to database
12:25:26 Gateway/motion 1
Gateway sending update to database
12:25:26 Gateway/motion 1
Gateway sending update to database
12:25:26 Gateway/motion 1
Gateway sending update to database
12:25:26 Gateway/motion 1
Gateway sending update to database
12:25:26 Gateway/motion 1
Gateway sending update to database
12:25:26 Gateway/motion 1
Gateway sending update to database
12:25:26 Gateway/motion 1
Gateway sending update to database
12:25:26 Gateway/motion 1
Gateway sending update to database
12:25:26 Gateway/motion 1
Gateway sending update to database
12:25:26 Gateway/motion 1
Gateway sending update to database
12:25:26 Gateway/motion 1
Gateway sending update to database
12:25:26 Gateway/motion 1
Gateway sending update to database
12:25:26 Gateway/motion 1
Gateway sending update to database
12:25:26 Gateway/motion 1
Gateway sending update to database
12:25:26 Gateway/motion 1
Gateway sending update to database
12:25:26 Gateway/motion 1
Gateway sending update to database
12:25:26 Gateway/motion 1
Gateway sending update to database
12:25:26 Gateway/motion 1
Gateway sending update to database
12:25:26 Gateway/motion 1
Gateway sending update to database
12:25:26 Gateway/motion 1
Gateway sending update to database
12:25:26 Gateway/motion 1
Gateway sending update to database
12:25:26 Gateway/motion 1
Gateway sending update to database
12:25:26 Gateway/motion 1
Gateway sending update to database
12:25:26 Gateway/motion 1
Gateway sending update to database
12:25:26 Gateway/motion 1
Gateway sending update to database
12:25:26 Gateway/motion 1
Gateway sending update to database
12:25:26 Gateway/motion 1
Gateway sending update to database
12:25:26 Gateway/motion 1
Gateway sending update to database
12:25:26 Gateway/motion 1
Gateway sending update to database
12:25:26 Gateway/motion 1
Gateway sending update to database
12:25:26 Gateway/motion 1
Gateway sending update to database
12:25:26 Gateway/motion 1
Gateway sending update to database
12:25:26 Gateway/motion 1
Gateway sending update to database
12:25:26 Gateway/motion 1
Gateway sending update to database
12:25:26 Gateway/motion 1
Gateway sending update to database
12:25:26 Gateway/motion 1
Gateway sending update to database
12:25:26 Gateway/motion 1
Gateway sending update to database
12:25:26 Gateway/motion 1
Gateway sending update to database
12:25:26 Gateway/motion 1
Gateway sending update to database
12:25:26 Gateway/motion 1
Gateway sending update to database
12:25:26 Gateway/motion 1
Gateway sending update to database
12:25:26 Gateway/motion 1
Gateway sending update to database
12:25:26 Gateway/motion 1
Gateway sending update to database
12:25:26 Gateway/motion 1
Gateway sending update to database
12:25:26 Gateway/motion 1
Gateway sending update to database
12:25:26 Gateway/motion 1
Gateway sending update to database
12:25:26 Gateway/motion 1
Gateway sending update to database
12:25:26 Gateway/motion 1
Gateway sending update to database
12:25:26 Gateway/motion 1
Gateway sending update to database
12:25:26 Gateway/motion 1
Gateway sending update to database
12:25:26 Gateway/motion 1
Gateway sending update to database
12:25:26 Gateway/motion 1
Gateway sending update to database
12:25:26 Gateway/motion 1
Gateway sending update to database
12:25:26 Gateway/motion 1
Gateway sending update to database
12:25:26 Gateway/motion 1
Gateway sending update to database
12:25:26 Gateway/motion 1
Gateway sending update to database
12:25:26 Gateway/motion 1
Gateway sending update to database
12:25:26 Gateway/motion 1
Gateway sending update to database
12:25:26 Gateway/motion 1
Gateway sending update to database
12:25:26 Gateway/motion 1
Gateway sending update to database
12:25:26 Gateway/motion 1
Gateway sending update to database
12:25:26 Gateway/motion 1
Gateway sending update to database
12:25:26 Gateway/motion 1
Gateway sending update to database
12:25:26 Gateway/motion 1
Gateway sending update to database
12:25:26 Gateway/motion 1
Gateway sending update to database
12:25:26 Gateway/motion 1
Gateway sending update to database
12:25:26 Gateway/motion 1
Gateway sending update to database
12:25:26 Gateway/motion 1
Gateway sending update to database
12:25:26 Gateway/motion 1
Gateway sending update to database
12:25:26 Gateway/motion 1
Gateway sending update to database
12:25:26 Gateway/motion 1
Gateway sending update to database
12:25:26 Gateway/motion 1
Gateway sending update to database
12:25:26 Gateway/motion 1
Gateway sending update to database
12:25:26 Gateway/motion 1
Gateway sending update to database
12:25:26 Gateway/motion 1
Gateway sending update to database
12:25:26 Gateway/motion 1
Gateway sending update to database
12:25:26 Gateway/motion 1
Gateway sending update to database
12:25:26 Gateway/motion 1
Gateway sending update to database
12:25:26 Gateway/motion 1
Gateway sending update to database
12:25:26 Gateway/motion 1
Gateway sending update to database
12:25:26 Gateway/motion 1
Gateway sending update to database
12:25:26 Gateway/motion 1
Gateway sending update to database
12:25:26 Gateway/motion 1
Gateway sending update to database
12:25:26 Gateway/motion 1
Gateway sending update to database
12:25:26 Gateway/motion 1
Gateway sending update to database
12:25:26 Gateway/motion 1
Gateway sending update to database
12:25:26 Gateway/motion 1
Gateway sending update to database
12:25:26 Gateway/motion 1
Gateway sending update to database
12:25:26 Gateway/motion 1
Gateway sending update to database
12:25:26 Gateway/motion 1
Gateway sending update to database
12:25:26 Gateway/motion 1
Gateway sending update to database
12:25:26 Gateway/motion 1
Gateway sending update to database
12:25:26 Gateway/motion 1
Gateway sending update to database
12:25:26 Gateway/motion 1
Gateway sending update to database
12:25:26 Gateway/motion 1
Gateway sending update to database
12:25:26 Gateway/motion 1
Gateway sending update to database
12:25:26 Gateway/motion 1
Gateway sending update to database
12:25:26 Gateway/motion 1
Gateway sending update to database
12:25:26 Gateway/motion 1
Gateway sending update to database
12:25:26 Gateway/motion 1
Gateway sending update to database
12:25:26 Gateway/motion 1
Gateway sending update to database
12:25:26 Gateway/motion 1
Gateway sending update to database
12:25:26 Gateway/motion 1
Gateway sending update to database
12:25:26 Gateway/motion 1
Gateway sending update to database
12:25:26 Gateway/motion 1
Gateway sending update to database
12:25:26 Gateway/motion 1
Gateway sending update to database
12:25:26 Gateway/motion 1
Gateway sending update to database
12:25:26 Gateway/motion 1
Gateway sending update to database
12:25:26 Gateway/motion 1
Gateway sending update to database
12:25:26 Gateway/motion 1
Gateway sending update to database
12:25:26 Gateway/motion 1
Gateway sending update to database
12:25:26 Gateway/motion 1
Gateway sending update to database
12:25:26 Gateway/motion 1
Gateway sending update to database
12:25:26 Gateway/motion 1
Gateway sending update to database
12:25:26 Gateway/motion 1
Gateway sending update to database
12:25:26 Gateway/motion 1
Gateway sending update to database
12:25:26 Gateway/motion 1
Gateway sending update to database
12:25:26 Gateway/motion 1
Gateway sending update to database
12:25:26 Gateway/motion 1
Gateway sending update to database
12:25:26 Gateway/motion 1
Gateway sending update to database
12:25:26 Gateway/motion 1
Gateway sending update to database
12:25:26 Gateway/motion 1
Gateway sending update to database
12:25:26 Gateway/motion 1
Gateway sending update to database
12:25:26 Gateway/motion 1
Gateway sending update to database
12:25:26 Gateway/motion 1
Gateway sending update to database
12:25:26 Gateway/motion 1
Gateway sending update to database
12:25:26 Gateway/motion 1
Gateway sending update to database
12:25:26 Gateway/motion 1
Gateway sending update to database
12:25:26 Gateway/motion 1
Gateway sending update to database
12:25:26 Gateway/motion 1
Gateway sending update to database
12:25:26 Gateway/motion 1
Gateway sending update to database
12:25:26 Gateway/motion 1
Gateway sending update to database
12:25:26 Gateway/motion 1
Gateway sending update to database
12:25:26 Gateway/motion 1
Gateway sending update to database
12:25:26 Gateway/motion 1
Gateway sending update to database
12:25:26 Gateway/motion 1
Gateway sending update to database
12:25:26 Gateway/motion 1
Gateway sending update to database
12:25:26 Gateway/motion 1
Gateway sending update to database
12:25:26 Gateway/motion 1
Gateway sending update to database
12:25:26 Gateway/motion 1
Gateway sending update to database
12:25:26 Gateway/motion 1
Gateway sending update to database
12:25:26 Gateway/motion 1
Gateway sending update to database
12:25:26 Gateway/motion 1
Gateway sending update to database
12:25:26 Gateway/motion 1
Gateway sending update to database
12:25:26 Gateway/motion 1
Gateway sending update to database
12:25:26 Gateway/motion 1
Gateway sending update to database
12:25:26 Gateway/motion 1
Gateway sending update to database
12:25:26 Gateway/motion 1
Gateway sending update to database
12:25:26 Gateway/motion 1
Gateway sending update to database
12:25:26 Gateway/motion 1
Gateway sending update to database
12:25:26 Gateway/motion 1
Gateway sending update to database
12:25:26 Gateway/motion 1
Gateway sending update to database
12:25:26 Gateway/motion 1
Gateway sending update to database
12:25:26 Gateway/motion 1
Gateway sending update to database
12:25:26 Gateway/motion 1
Gateway sending update to database
12:25:26 Gateway/motion 1
Gateway sending update to database
12:25:26 Gateway/motion 1
Gateway sending update to database
12:25:26 Gateway/motion 1
Gateway sending update to database
12:25:26 Gateway/motion 1
Gateway sending update to database
12:25:26 Gateway/motion 1
Gateway sending update to database
12:25:26 Gateway/motion 1
Gateway sending update to database
12:25:26 Gateway/motion 1
Gateway sending update to database
12:25:26 Gateway/motion 1
Gateway sending update to database
12:25:26 Gateway/motion 1
Gateway sending update to database
12:25:26 Gateway/motion 1
Gateway sending update to database
12:25:26 Gateway/motion 1
Gateway sending update to database
12:25:26 Gateway/motion 1
Gateway sending update to database
12:25:26 Gateway/motion 1
Gateway sending update to database
12:25:26 Gateway/motion 1
Gateway sending update to database
12:25:26 Gateway/motion 1
Gateway sending update to database
12:25:26 Gateway/motion 1
Gateway sending update to database
12:25:26 Gateway/motion 1
Gateway sending update to database
12:25:26 Gateway/motion 1
Gateway sending update to database
12:25:26 Gateway/motion 1
Gateway sending update to database
12:25:26 Gateway/motion 1
Gateway sending update to database
12:25:26 Gateway/motion 1
Gateway sending update to database
12:25:26 Gateway/motion 1
Gateway sending update to database
12:25:26 Gateway/motion 1
Gateway sending update to database
12:25:26 Gateway/motion 1
Gateway sending update to database
12:25:26 Gateway/motion 1
Gateway sending update to database
12:25:26 Gateway/motion 1
Gateway sending update to database
12:25:26 Gateway/motion 1
Gateway sending update to database
12:25:26 Gateway/motion 1
Gateway sending update to database
12:25:26 Gateway/motion 1
Gateway sending update to database
12:25:26 Gateway/motion 1
Gateway sending update to database
12:25:26 Gateway/motion 1
Gateway sending update to database
12:25:26 Gateway/motion 1
Gateway sending update to database
12:25:26 Gateway/motion 1
Gateway sending update to database
12:25:26 Gateway/motion 1
Gateway sending update to database
12:25:26 Gateway/motion 1
Gateway sending update to database
12:25:26 Gateway/motion 1
Gateway sending update to database
12:25:26 Gateway/motion 1
Gateway sending update to database
12:25:26 Gateway/motion 1
Gateway sending update to database
12:25:26 Gateway/motion 1
Gateway sending update to database
12:25:26 Gateway/motion 1
Gateway sending update to database
12:25:26 Gateway/motion 1
Gateway sending update to database
12:25:26 Gateway/motion 1
Gateway sending update to database
12:25:26 Gateway/motion 1
Gateway sending update to database
12:25:26 Gateway/motion 1
Gateway sending update to database
12:25:26 Gateway/motion 1
Gateway sending update to database
12:25:26 Gateway/motion 1
Gateway sending update to database
12:25:26 Gateway/motion 1
Gateway sending update to database
12:25:26 Gateway/motion 1
Gateway sending update to database
12:25:26 Gateway/motion 1
Gateway sending update to database
12:25:26 Gateway/motion 1
Gateway sending update to database
12:25:26 Gateway/motion 1
Gateway sending update to database
12:25:26 Gateway/motion 1
Gateway sending update to database
12:25:26 Gateway/motion 1
Gateway sending update to database
12:25:26 Gateway/motion 1
Gateway sending update to database
12:25:26 Gateway/motion 1
Gateway sending update to database
12:25:26 Gateway/motion 1
Gateway sending update to database
12:25:26 Gateway/motion 1
Gateway sending update to database
12:25:26 Gateway/motion 1
Gateway sending update to database
12:25:26 Gateway/motion 1
Gateway sending update to database
12:25:26 Gateway/motion 1
Gateway sending update to database
12:25:26 Gateway/motion 1
Gateway sending update to database
12:25:26 Gateway/motion 1
Gateway sending update to database
12:25:26 Gateway/motion 1
Gateway sending update to database
12:25:26 Gateway/motion 1
Gateway sending update to database
12:25:26 Gateway/motion 1
Gateway sending update to database
12:25:26 Gateway/motion 1
Gateway sending update to database
12:25:26 Gateway/motion 1
Gateway sending update to database
12:25:26 Gateway/motion 1
Gateway sending update to database
12:25:26 Gateway/motion 1
Gateway sending update to database
12:25:26 Gateway/motion 1
Gateway sending update to database
12:25:26 Gateway/motion 1
Gateway sending update to database
12:25:26 Gateway/motion 1
Gateway sending update to database
12:25:26 Gateway/motion 1
Gateway sending update to database
12:25:26 Gateway/motion 1
Gateway sending update to database
12:25:26 Gateway/motion 1
Gateway sending update to database
12:25:26 Gateway/motion 1
Gateway sending update to database
12:25:26 Gateway/motion 1
Gateway sending update to database
12:25:26 Gateway/motion 1
Gateway sending update to database
12:25:26 Gateway/motion 1
Gateway sending update to database
12:25:26 Gateway/motion 1
Gateway sending update to database
12:25:26 Gateway/motion 1
Gateway sending update to database
12:25:26 Gateway/motion 1
Gateway sending update to database
12:25:26 Gateway/motion 1
Gateway sending update to database
12:25:26 Gateway/motion 1
Gateway sending update to database
12:25:26 Gateway/motion 1
Gateway sending update to database
12:25:26 Gateway/motion 1
Gateway sending update to database
12:25:26 Gateway/motion 1
Gateway sending update to database
12:25:26 Gateway/motion 1
Gateway sending update to database
12:25:26 Gateway/motion 1
Gateway sending update to database
12:25:26 Gateway/motion 1
Gateway sending update to database
12:25:26 Gateway/motion 1
Gateway sending update to database
12:25:26 Gateway/motion 1
Gateway sending update to database
12:25:26 Gateway/motion 1
Gateway sending update to database
12:25:26 Gateway/motion 1
Gateway sending update to database
12:25:26 Gateway/motion 1
Gateway sending update to database
12:25:26 Gateway/motion 1
Gateway sending update to database
12:25:26 Gateway/motion 1
Gateway sending update to database
12:25:26 Gateway/motion 1
Gateway sending update to database
12:25:26 Gateway/motion 1
Gateway sending update to database
12:25:26 Gateway/motion 1
Gateway sending update to database
12:25:26 Gateway/motion 1
Gateway sending update to database
12:25:26 Gateway/motion 1
Gateway sending update to database
12:25:26 Gateway/motion 1
Gateway sending update to database
12:25:26 Gateway/motion 1
Gateway sending update to database
12:25:26 Gateway/motion 1
Gateway sending update to database
12:25:26 Gateway/motion 1
Gateway sending update to database
12:25:26 Gateway/motion 1
Gateway sending update to database
12:25:26 Gateway/motion 1
Gateway sending update to database
12:25:26 Gateway/motion 1
Gateway sending update to database
12:25:26 Gateway/motion 1
Gateway sending update to database
12:25:26 Gateway/motion 1
Gateway sending update to database
12:25:26 Gateway/motion 1
Gateway sending update to database
12:25:26 Gateway/motion 1
Gateway sending update to database
12:25:26 Gateway/motion 1
Gateway sending update to database
12:25:26 Gateway/motion 1
Gateway sending update to database
12:25:26 Gateway/motion 1
Gateway sending update to database
12:25:26 Gateway/motion 1
Gateway sending update to database
12:25:26 Gateway/motion 1
Gateway sending update to database
12:25:26 Gateway/motion 1
Gateway sending update to database
12:25:26 Gateway/motion 1
Gateway sending update to database
12:25:26 Gateway/motion 1
Gateway sending update to database
12:25:26 Gateway/motion 1
Gateway sending update to database
12:25:27 Gateway/motion 1
Gateway sending update to database
12:25:27 Gateway/motion 1
Gateway sending update to database
12:25:27 Gateway/motion 1
Gateway sending update to database
12:25:27 Gateway/motion 1
Gateway sending update to database
12:25:27 Gateway/motion 1
Gateway sending update to database
12:25:27 Gateway/motion 1
Gateway sending update to database
12:25:27 Gateway/motion 1
Gateway sending update to database
12:25:27 Gateway/motion 1
Gateway sending update to database
12:25:27 Gateway/motion 1
Gateway sending update to database
12:25:27 Gateway/motion 1
Gateway sending update to database
12:25:27 Gateway/motion 1
Gateway sending update to database
12:25:27 Gateway/motion 1
Gateway sending update to database
12:25:27 Gateway/motion 1
Gateway sending update to database
12:25:27 Gateway/motion 1
Gateway sending update to database
12:25:27 Gateway/motion 1
Gateway sending update to database
12:25:27 Gateway/motion 1
Gateway sending update to database
12:25:27 Gateway/motion 1
Gateway sending update to database
12:25:27 Gateway/motion 1
Gateway sending update to database
12:25:27 Gateway/motion 1
Gateway sending update to database
12:25:27 Gateway/motion 1
Gateway sending update to database
12:25:27 Gateway/motion 1
Gateway sending update to database
12:25:27 Gateway/motion 1
Gateway sending update to database
12:25:27 Gateway/motion 1
Gateway sending update to database
12:25:27 Gateway/motion 1
Gateway sending update to database
12:25:27 Gateway/motion 1
Gateway sending update to database
12:25:27 Gateway/motion 1
Gateway sending update to database
12:25:27 Gateway/motion 1
Gateway sending update to database
12:25:27 Gateway/motion 1
Gateway sending update to database
12:25:27 Gateway/motion 1
Gateway sending update to database
12:25:27 Gateway/motion 1
Gateway sending update to database
12:25:27 Gateway/motion 1
Gateway sending update to database
12:25:27 Gateway/motion 1
Gateway sending update to database
12:25:27 Gateway/motion 1
Gateway sending update to database
12:25:27 Gateway/motion 1
Gateway sending update to database
12:25:27 Gateway/motion 1
Gateway sending update to database
12:25:27 Gateway/motion 1
Gateway sending update to database
12:25:27 Gateway/motion 1
Gateway sending update to database
12:25:27 Gateway/motion 1
Gateway sending update to database
12:25:27 Gateway/motion 1
Gateway sending update to database
12:25:27 Gateway/motion 1
Gateway sending update to database
12:25:27 Gateway/motion 1
Gateway sending update to database
12:25:27 Gateway/motion 1
Gateway sending update to database
12:25:27 Gateway/motion 1
Gateway sending update to database
12:25:27 Gateway/motion 1
Gateway sending update to database
12:25:27 Gateway/motion 1
Gateway sending update to database
12:25:27 Gateway/motion 1
Gateway sending update to database
12:25:27 Gateway/motion 1
Gateway sending update to database
12:25:27 Gateway/motion 1
Gateway sending update to database
12:25:27 Gateway/motion 1
Gateway sending update to database
12:25:27 Gateway/motion 1
Gateway sending update to database
12:25:27 Gateway/motion 1
Gateway sending update to database
12:25:27 Gateway/motion 1
Gateway sending update to database
12:25:27 Gateway/motion 1
Gateway sending update to database
12:25:27 Gateway/motion 1
Gateway sending update to database
12:25:27 Gateway/motion 1
Gateway sending update to database
12:25:27 Gateway/motion 1
Gateway sending update to database
12:25:27 Gateway/motion 1
Gateway sending update to database
12:25:27 Gateway/motion 1
Gateway sending update to database
12:25:27 Gateway/motion 1
Gateway sending update to database
12:25:27 Gateway/motion 1
Gateway sending update to database
12:25:27 Gateway/motion 1
Gateway sending update to database
12:25:27 Gateway/motion 1
Gateway sending update to database
12:25:27 Gateway/motion 1
Gateway sending update to database
12:25:27 Gateway/motion 1
Gateway sending update to database
12:25:27 Gateway/motion 1
Gateway sending update to database
12:25:27 Gateway/motion 1
Gateway sending update to database
12:25:27 Gateway/motion 1
Gateway sending update to database
12:25:27 Gateway/motion 1
Gateway sending update to database
12:25:27 Gateway/motion 1
Gateway sending update to database
12:25:27 Gateway/motion 1
Gateway sending update to database
12:25:27 Gateway/motion 1
Gateway sending update to database
12:25:27 Gateway/motion 1
Gateway sending update to database
12:25:27 Gateway/motion 1
Gateway sending update to database
12:25:27 Gateway/motion 1
Gateway sending update to database
12:25:27 Gateway/motion 1
Gateway sending update to database
12:25:27 Gateway/motion 1
Gateway sending update to database
12:25:27 Gateway/motion 1
Gateway sending update to database
12:25:27 Gateway/motion 1
Gateway sending update to database
12:25:27 Gateway/motion 1
Gateway sending update to database
12:25:27 Gateway/motion 1
Gateway sending update to database
12:25:27 Gateway/motion 1
Gateway sending update to database
12:25:27 Gateway/motion 1
Gateway sending update to database
12:25:27 Gateway/motion 1
Gateway sending update to database
12:25:27 Gateway/motion 1
Gateway sending update to database
12:25:27 Gateway/motion 1
Gateway sending update to database
12:25:27 Gateway/motion 1
Gateway sending update to database
12:25:27 Gateway/motion 1
Gateway sending update to database
12:25:27 Gateway/motion 1
Gateway sending update to database
12:25:27 Gateway/motion 1
Gateway sending update to database
12:25:27 Gateway/motion 1
Gateway sending update to database
12:25:27 Gateway/motion 1
Gateway sending update to database
12:25:27 Gateway/motion 1
Gateway sending update to database
12:25:27 Gateway/motion 1
Gateway sending update to database
12:25:27 Gateway/motion 1
Gateway sending update to database
12:25:27 Gateway/motion 1
Gateway sending update to database
12:25:27 Gateway/motion 1
Gateway sending update to database
12:25:27 Gateway/motion 1
Gateway sending update to database
12:25:27 Gateway/motion 1
Gateway sending update to database
12:25:27 Gateway/motion 1
Gateway sending update to database
12:25:27 Gateway/motion 1
Gateway sending update to database
12:25:27 Gateway/motion 1
Gateway sending update to database
12:25:27 Gateway/motion 1
Gateway sending update to database
12:25:27 Gateway/motion 1
Gateway sending update to database
12:25:27 Gateway/motion 1
Gateway sending update to database
12:25:27 Gateway/motion 1
Gateway sending update to database
12:25:27 Gateway/motion 1
Gateway sending update to database
12:25:27 Gateway/motion 1
Gateway sending update to database
12:25:27 Gateway/motion 1
Gateway sending update to database
12:25:27 Gateway/motion 1
Gateway sending update to database
12:25:27 Gateway/motion 1
Gateway sending update to database
12:25:27 Gateway/motion 1
Gateway sending update to database
12:25:27 Gateway/motion 1
Gateway sending update to database
12:25:27 Gateway/motion 1
Gateway sending update to database
12:25:27 Gateway/motion 1
Gateway sending update to database
12:25:27 Gateway/motion 1
Gateway sending update to database
12:25:27 Gateway/motion 1
Gateway sending update to database
12:25:27 Gateway/motion 1
Gateway sending update to database
12:25:27 Gateway/motion 1
Gateway sending update to database
12:25:27 Gateway/motion 1
Gateway sending update to database
12:25:27 Gateway/motion 1
Gateway sending update to database
12:25:27 Gateway/motion 1
Gateway sending update to database
12:25:27 Gateway/motion 1
Gateway sending update to database
12:25:27 Gateway/motion 1
Gateway sending update to database
12:25:27 Gateway/motion 1
Gateway sending update to database
12:25:27 Gateway/motion 1
Gateway sending update to database
12:25:27 Gateway/motion 1
Gateway sending update to database
12:25:27 Gateway/motion 1
Gateway sending update to database
12:25:27 Gateway/motion 1
Gateway sending update to database
12:25:27 Gateway/motion 1
Gateway sending update to database
12:25:27 Gateway/motion 1
Gateway sending update to database
12:25:27 Gateway/motion 1
Gateway sending update to database
12:25:27 Gateway/motion 1
Gateway sending update to database
12:25:27 Gateway/motion 1
Gateway sending update to database
12:25:27 Gateway/motion 1
Gateway sending update to database
12:25:27 Gateway/motion 1
Gateway sending update to database
12:25:27 Gateway/motion 1
Gateway sending update to database
12:25:27 Gateway/motion 1
Gateway sending update to database
12:25:27 Gateway/motion 1
Gateway sending update to database
12:25:27 Gateway/motion 1
Gateway sending update to database
12:25:27 Gateway/motion 1
Gateway sending update to database
12:25:27 Gateway/motion 1
Gateway sending update to database
12:25:27 Gateway/motion 1
Gateway sending update to database
12:25:27 Gateway/motion 1
Gateway sending update to database
12:25:27 Gateway/motion 1
Gateway sending update to database
12:25:27 Gateway/motion 1
Gateway sending update to database
12:25:27 Gateway/motion 1
Gateway sending update to database
12:25:27 Gateway/motion 1
Gateway sending update to database
12:25:27 Gateway/motion 1
Gateway sending update to database
12:25:27 Gateway/motion 1
Gateway sending update to database
12:25:27 Gateway/motion 1
Gateway sending update to database
12:25:27 Gateway/motion 1
Gateway sending update to database
12:25:27 Gateway/motion 1
Gateway sending update to database
12:25:27 Gateway/motion 1
Gateway sending update to database
12:25:27 Gateway/motion 1
Gateway sending update to database
12:25:27 Gateway/motion 1
Gateway sending update to database
12:25:27 Gateway/motion 1
Gateway sending update to database
12:25:27 Gateway/motion 1
Gateway sending update to database
12:25:27 Gateway/motion 1
Gateway sending update to database
12:25:27 Gateway/motion 1
Gateway sending update to database
12:25:27 Gateway/motion 1
Gateway sending update to database
12:25:27 Gateway/motion 1
Gateway sending update to database
12:25:27 Gateway/motion 1
Gateway sending update to database
12:25:27 Gateway/motion 1
Gateway sending update to database
12:25:27 Gateway/motion 1
Gateway sending update to database
12:25:27 Gateway/motion 1
Gateway sending update to database
12:25:27 Gateway/motion 1
Gateway sending update to database
12:25:27 Gateway/motion 1
Gateway sending update to database
12:25:27 Gateway/motion 1
Gateway sending update to database
12:25:27 Gateway/motion 1
Gateway sending update to database
12:25:27 Gateway/motion 1
Gateway sending update to database
12:25:27 Gateway/motion 1
Gateway sending update to database
12:25:27 Gateway/motion 1
Gateway sending update to database
12:25:27 Gateway/motion 1
Gateway sending update to database
12:25:27 Gateway/motion 1
Gateway sending update to database
12:25:27 Gateway/motion 1
Gateway sending update to database
12:25:27 Gateway/motion 1
Gateway sending update to database
12:25:27 Gateway/motion 1
Gateway sending update to database
12:25:27 Gateway/motion 1
Gateway sending update to database
12:25:27 Gateway/motion 1
Gateway sending update to database
12:25:27 Gateway/motion 1
Gateway sending update to database
12:25:27 Gateway/motion 1
Gateway sending update to database
12:25:27 Gateway/motion 1
Gateway sending update to database
12:25:27 Gateway/motion 1
Gateway sending update to database
12:25:27 Gateway/motion 1
Gateway sending update to database
12:25:27 Gateway/motion 1
Gateway sending update to database
12:25:27 Gateway/motion 1
Gateway sending update to database
12:25:27 Gateway/motion 1
Gateway sending update to database
12:25:27 Gateway/motion 1
Gateway sending update to database
12:25:27 Gateway/motion 1
Gateway sending update to database
12:25:27 Gateway/motion 1
Gateway sending update to database
12:25:27 Gateway/motion 1
Gateway sending update to database
12:25:27 Gateway/motion 1
Gateway sending update to database
12:25:27 Gateway/motion 1
Gateway sending update to database
12:25:27 Gateway/motion 1
Gateway sending update to database
12:25:27 Gateway/motion 1
Gateway sending update to database
12:25:27 Gateway/motion 1
Gateway sending update to database
12:25:27 Gateway/motion 1
Gateway sending update to database
12:25:27 Gateway/motion 1
Gateway sending update to database
12:25:27 Gateway/motion 1
Gateway sending update to database
12:25:27 Gateway/motion 1
Gateway sending update to database
12:25:27 Gateway/motion 1
Gateway sending update to database
12:25:27 Gateway/motion 1
Gateway sending update to database
12:25:27 Gateway/motion 1
Gateway sending update to database
12:25:27 Gateway/motion 1
Gateway sending update to database
12:25:27 Gateway/motion 1
Gateway sending update to database
12:25:27 Gateway/motion 1
12:25:27 Temperature Sensor Gateway 0.0
Gateway sending update to database
Gateway sending update to database
Gateway sending update to database
12:25:28 Gateway/motion 1
Gateway sending update to database
12:25:28 Gateway/motion 1
Gateway sending update to database
12:25:28 Gateway/motion 1
Gateway sending update to database
12:25:28 Gateway/motion 1
Gateway sending update to database
12:25:28 Gateway/motion 1
Gateway sending update to database
12:25:28 Gateway/motion 1
Gateway sending update to database
12:25:28 Gateway/motion 1
Gateway sending update to database
12:25:28 Gateway/motion 1
Gateway sending update to database
12:25:28 Gateway/motion 1
Gateway sending update to database
12:25:28 Gateway/motion 1
Gateway sending update to database
12:25:28 Gateway/motion 1
Gateway sending update to database
12:25:28 Gateway/motion 1
Gateway sending update to database
12:25:28 Gateway/motion 1
Gateway sending update to database
12:25:28 Gateway/motion 1
Gateway sending update to database
12:25:28 Gateway/motion 1
Gateway sending update to database
12:25:28 Gateway/motion 1
Gateway sending update to database
12:25:28 Gateway/motion 1
Gateway sending update to database
12:25:28 Gateway/motion 1
Gateway sending update to database
12:25:28 Gateway/motion 1
Gateway sending update to database
12:25:28 Gateway/motion 1
Gateway sending update to database
12:25:28 Gateway/motion 1
Gateway sending update to database
12:25:28 Gateway/motion 1
Gateway sending update to database
12:25:28 Gateway/motion 1
Gateway sending update to database
12:25:28 Gateway/motion 1
Gateway sending update to database
12:25:28 Gateway/motion 1
Gateway sending update to database
12:25:28 Gateway/motion 1
Gateway sending update to database
12:25:28 Gateway/motion 1
Gateway sending update to database
12:25:28 Gateway/motion 1
Gateway sending update to database
12:25:28 Gateway/motion 1
Gateway sending update to database
12:25:28 Gateway/motion 1
Gateway sending update to database
12:25:28 Gateway/motion 1
Gateway sending update to database
12:25:28 Gateway/motion 1
Gateway sending update to database
12:25:28 Gateway/motion 1
Gateway sending update to database
12:25:28 Gateway/motion 1
Gateway sending update to database
12:25:28 Gateway/motion 1
Gateway sending update to database
12:25:28 Gateway/motion 1
Gateway sending update to database
12:25:28 Gateway/motion 1
Gateway sending update to database
12:25:28 Gateway/motion 1
Gateway sending update to database
12:25:28 Gateway/motion 1
Gateway sending update to database
12:25:28 Gateway/motion 1
Gateway sending update to database
12:25:28 Gateway/motion 1
Gateway sending update to database
12:25:28 Gateway/motion 1
Gateway sending update to database
12:25:28 Gateway/motion 1
Gateway sending update to database
12:25:28 Gateway/motion 1
Gateway sending update to database
12:25:28 Gateway/motion 1
Gateway sending update to database
12:25:28 Gateway/motion 1
Gateway sending update to database
12:25:28 Gateway/motion 1
Gateway sending update to database
12:25:28 Gateway/motion 1
Gateway sending update to database
12:25:28 Gateway/motion 1
Gateway sending update to database
12:25:28 Gateway/motion 1
Gateway sending update to database
12:25:28 Gateway/motion 1
Gateway sending update to database
12:25:28 Gateway/motion 1
Gateway sending update to database
12:25:28 Gateway/motion 1
Gateway sending update to database
12:25:28 Gateway/motion 1
Gateway sending update to database
12:25:28 Gateway/motion 1
Gateway sending update to database
12:25:28 Gateway/motion 1
Gateway sending update to database
12:25:28 Gateway/motion 1
Gateway sending update to database
12:25:28 Gateway/motion 1
Gateway sending update to database
12:25:28 Gateway/motion 1
Gateway sending update to database
12:25:28 Gateway/motion 1
Gateway sending update to database
12:25:28 Gateway/motion 1
Gateway sending update to database
12:25:28 Gateway/motion 1
Gateway sending update to database
12:25:28 Gateway/motion 1
Gateway sending update to database
12:25:28 Gateway/motion 1
Gateway sending update to database
12:25:28 Gateway/motion 1
Gateway sending update to database
12:25:28 Gateway/motion 1
Gateway sending update to database
12:25:28 Gateway/motion 1
Gateway sending update to database
12:25:28 Gateway/motion 1
Gateway sending update to database
12:25:28 Gateway/motion 1
Gateway sending update to database
12:25:28 Gateway/motion 1
Gateway sending update to database
12:25:28 Gateway/motion 1
Gateway sending update to database
12:25:28 Gateway/motion 1
Gateway sending update to database
12:25:28 Gateway/motion 1
Gateway sending update to database
12:25:28 Gateway/motion 1
Gateway sending update to database
12:25:28 Gateway/motion 1
Gateway sending update to database
12:25:28 Gateway/motion 1
Gateway sending update to database
12:25:28 Gateway/motion 1
Gateway sending update to database
12:25:28 Gateway/motion 1
Gateway sending update to database
12:25:28 Gateway/motion 1
Gateway sending update to database
12:25:28 Gateway/motion 1
Gateway sending update to database
12:25:28 Gateway/motion 1
Gateway sending update to database
12:25:28 Gateway/motion 1
Gateway sending update to database
12:25:28 Gateway/motion 1
Gateway sending update to database
12:25:28 Gateway/motion 1
Gateway sending update to database
12:25:28 Gateway/motion 1
Gateway sending update to database
12:25:28 Gateway/motion 1
Gateway sending update to database
12:25:28 Gateway/motion 1
Gateway sending update to database
12:25:28 Gateway/motion 1
Gateway sending update to database
12:25:28 Gateway/motion 1
Gateway sending update to database
12:25:28 Gateway/motion 1
Gateway sending update to database
12:25:28 Gateway/motion 1
Gateway sending update to database
12:25:28 Gateway/motion 1
Gateway sending update to database
12:25:28 Gateway/motion 1
Gateway sending update to database
12:25:28 Gateway/motion 1
Gateway sending update to database
12:25:28 Gateway/motion 1
Gateway sending update to database
12:25:28 Gateway/motion 1
Gateway sending update to database
12:25:28 Gateway/motion 1
Gateway sending update to database
12:25:28 Gateway/motion 1
Gateway sending update to database
12:25:28 Gateway/motion 1
Gateway sending update to database
12:25:28 Gateway/motion 1
Gateway sending update to database
12:25:28 Gateway/motion 1
Gateway sending update to database
12:25:28 Gateway/motion 1
Gateway sending update to database
12:25:28 Gateway/motion 1
Gateway sending update to database
12:25:28 Gateway/motion 1
Gateway sending update to database
12:25:28 Gateway/motion 1
Gateway sending update to database
12:25:28 Gateway/motion 1
Gateway sending update to database
12:25:28 Gateway/motion 1
Gateway sending update to database
12:25:28 Gateway/motion 1
Gateway sending update to database
12:25:28 Gateway/motion 1
Gateway sending update to database
12:25:28 Gateway/motion 1
Gateway sending update to database
12:25:28 Gateway/motion 1
Gateway sending update to database
12:25:28 Gateway/motion 1
Gateway sending update to database
12:25:28 Gateway/motion 1
Gateway sending update to database
12:25:28 Gateway/motion 1
Gateway sending update to database
12:25:28 Gateway/motion 1
Gateway sending update to database
12:25:28 Gateway/motion 1
Gateway sending update to database
12:25:28 Gateway/motion 1
Gateway sending update to database
12:25:28 Gateway/motion 1
Gateway sending update to database
12:25:28 Gateway/motion 1
Gateway sending update to database
12:25:28 Gateway/motion 1
Gateway sending update to database
12:25:28 Gateway/motion 1
Gateway sending update to database
12:25:28 Gateway/motion 1
Gateway sending update to database
12:25:28 Gateway/motion 1
Gateway sending update to database
12:25:28 Gateway/motion 1
Gateway sending update to database
12:25:28 Gateway/motion 1
Gateway sending update to database
12:25:28 Gateway/motion 1
Gateway sending update to database
12:25:28 Gateway/motion 1
Gateway sending update to database
12:25:28 Gateway/motion 1
Gateway sending update to database
12:25:28 Gateway/motion 1
Gateway sending update to database
12:25:28 Gateway/motion 1
Gateway sending update to database
12:25:28 Gateway/motion 1
Gateway sending update to database
12:25:28 Gateway/motion 1
Gateway sending update to database
12:25:28 Gateway/motion 1
Gateway sending update to database
12:25:28 Gateway/motion 1
Gateway sending update to database
12:25:28 Gateway/motion 1
Gateway sending update to database
12:25:28 Gateway/motion 1
Gateway sending update to database
12:25:28 Gateway/motion 1
Gateway sending update to database
12:25:28 Gateway/motion 1
Gateway sending update to database
12:25:28 Gateway/motion 1
Gateway sending update to database
12:25:28 Gateway/motion 1
Gateway sending update to database
12:25:28 Gateway/motion 1
Gateway sending update to database
12:25:28 Gateway/motion 1
Gateway sending update to database
12:25:28 Gateway/motion 1
Gateway sending update to database
12:25:28 Gateway/motion 1
Gateway sending update to database
12:25:28 Gateway/motion 1
Gateway sending update to database
12:25:28 Gateway/motion 1
Gateway sending update to database
12:25:28 Gateway/motion 1
Gateway sending update to database
12:25:28 Gateway/motion 1
Gateway sending update to database
12:25:28 Gateway/motion 1
Gateway sending update to database
12:25:28 Gateway/motion 1
Gateway sending update to database
12:25:28 Gateway/motion 1
Gateway sending update to database
12:25:28 Gateway/motion 1
Gateway sending update to database
12:25:28 Gateway/motion 1
Gateway sending update to database
12:25:28 Gateway/motion 1
Gateway sending update to database
12:25:28 Gateway/motion 1
Gateway sending update to database
12:25:28 Gateway/motion 1
Gateway sending update to database
12:25:28 Gateway/motion 1
Gateway sending update to database
12:25:28 Gateway/motion 1
Gateway sending update to database
12:25:28 Gateway/motion 1
Gateway sending update to database
12:25:28 Gateway/motion 1
Gateway sending update to database
12:25:28 Gateway/motion 1
Gateway sending update to database
12:25:28 Gateway/motion 1
Gateway sending update to database
12:25:28 Gateway/motion 1
Gateway sending update to database
12:25:28 Gateway/motion 1
Gateway sending update to database
12:25:28 Gateway/motion 1
Gateway sending update to database
12:25:28 Gateway/motion 1
Gateway sending update to database
12:25:28 Gateway/motion 1
Gateway sending update to database
12:25:28 Gateway/motion 1
Gateway sending update to database
12:25:28 Gateway/motion 1
Gateway sending update to database
12:25:28 Gateway/motion 1
Gateway sending update to database
12:25:28 Gateway/motion 1
Gateway sending update to database
12:25:28 Gateway/motion 1
Gateway sending update to database
12:25:28 Gateway/motion 1
Gateway sending update to database
12:25:28 Gateway/motion 1
Gateway sending update to database
12:25:28 Gateway/motion 1
Gateway sending update to database
12:25:28 Gateway/motion 1
Gateway sending update to database
12:25:28 Gateway/motion 1
Gateway sending update to database
12:25:28 Gateway/motion 1
Gateway sending update to database
12:25:28 Gateway/motion 1
Gateway sending update to database
12:25:28 Gateway/motion 1
Gateway sending update to database
12:25:28 Gateway/motion 1
Gateway sending update to database
12:25:28 Gateway/motion 1
Gateway sending update to database
12:25:28 Gateway/motion 1
Gateway sending update to database
12:25:28 Gateway/motion 1
Gateway sending update to database
12:25:28 Gateway/motion 1
Gateway sending update to database
12:25:28 Gateway/motion 1
Gateway sending update to database
12:25:28 Gateway/motion 1
Gateway sending update to database
12:25:28 Gateway/motion 1
Gateway sending update to database
12:25:28 Gateway/motion 1
Gateway sending update to database
12:25:28 Gateway/motion 1
Gateway sending update to database
12:25:28 Gateway/motion 1
Gateway sending update to database
12:25:28 Gateway/motion 1
Gateway sending update to database
12:25:28 Gateway/motion 1
Gateway sending update to database
12:25:28 Gateway/motion 1
Gateway sending update to database
12:25:28 Gateway/motion 1
Gateway sending update to database
12:25:28 Gateway/motion 1
Gateway sending update to database
12:25:28 Gateway/motion 1
Gateway sending update to database
12:25:28 Gateway/motion 1
Gateway sending update to database
12:25:28 Gateway/motion 1
Gateway sending update to database
12:25:28 Gateway/motion 1
Gateway sending update to database
12:25:28 Gateway/motion 1
Gateway sending update to database
12:25:28 Gateway/motion 1
Gateway sending update to database
12:25:28 Gateway/motion 1
Gateway sending update to database
12:25:28 Gateway/motion 1
Gateway sending update to database
12:25:28 Gateway/motion 1
Gateway sending update to database
12:25:28 Gateway/motion 1
Gateway sending update to database
12:25:28 Gateway/motion 1
Gateway sending update to database
12:25:28 Gateway/motion 1
Gateway sending update to database
12:25:28 Gateway/motion 1
Gateway sending update to database
12:25:28 Gateway/motion 1
Gateway sending update to database
12:25:28 Gateway/motion 1
Gateway sending update to database
12:25:28 Gateway/motion 1
Gateway sending update to database
12:25:28 Gateway/motion 1
Gateway sending update to database
12:25:28 Gateway/motion 1
Gateway sending update to database
12:25:28 Gateway/motion 1
Gateway sending update to database
12:25:28 Gateway/motion 1
Gateway sending update to database
12:25:28 Gateway/motion 1
Gateway sending update to database
12:25:28 Gateway/motion 1
Gateway sending update to database
12:25:28 Gateway/motion 1
Gateway sending update to database
12:25:28 Gateway/motion 1
Gateway sending update to database
12:25:28 Gateway/motion 1
Gateway sending update to database
12:25:28 Gateway/motion 1
Gateway sending update to database
12:25:28 Gateway/motion 1
Gateway sending update to database
12:25:28 Gateway/motion 1
Gateway sending update to database
12:25:28 Gateway/motion 1
Gateway sending update to database
12:25:28 Gateway/motion 1
Gateway sending update to database
12:25:28 Gateway/motion 1
Gateway sending update to database
12:25:28 Gateway/motion 1
Gateway sending update to database
12:25:28 Gateway/motion 1
Gateway sending update to database
12:25:28 Gateway/motion 1
Gateway sending update to database
12:25:28 Gateway/motion 1
Gateway sending update to database
12:25:28 Gateway/motion 1
Gateway sending update to database
12:25:28 Gateway/motion 1
Gateway sending update to database
12:25:28 Gateway/motion 1
Gateway sending update to database
12:25:28 Gateway/motion 1
Gateway sending update to database
12:25:28 Gateway/motion 1
Gateway sending update to database
12:25:28 Gateway/motion 1
Gateway sending update to database
12:25:28 Gateway/motion 1
Gateway sending update to database
12:25:28 Gateway/motion 1
Gateway sending update to database
12:25:28 Gateway/motion 1
Gateway sending update to database
12:25:28 Gateway/motion 1
Gateway sending update to database
12:25:28 Gateway/motion 1
Gateway sending update to database
12:25:28 Gateway/motion 1
Gateway sending update to database
12:25:28 Gateway/motion 1
Gateway sending update to database
12:25:28 Gateway/motion 1
Gateway sending update to database
12:25:28 Gateway/motion 1
Gateway sending update to database
12:25:28 Gateway/motion 1
Gateway sending update to database
12:25:28 Gateway/motion 1
Gateway sending update to database
12:25:28 Gateway/motion 1
Gateway sending update to database
12:25:28 Gateway/motion 1
Gateway sending update to database
12:25:28 Gateway/motion 1
Gateway sending update to database
12:25:28 Gateway/motion 1
Gateway sending update to database
12:25:28 Gateway/motion 1
Gateway sending update to database
12:25:28 Gateway/motion 1
Gateway sending update to database
12:25:29 Gateway/motion 1
Gateway sending update to database
12:25:29 Gateway/motion 1
Gateway sending update to database
12:25:29 Gateway/motion 1
Gateway sending update to database
12:25:29 Gateway/motion 1
Gateway sending update to database
12:25:29 Gateway/motion 1
Gateway sending update to database
12:25:29 Gateway/motion 1
Gateway sending update to database
12:25:29 Gateway/motion 1
Gateway sending update to database
12:25:29 Gateway/motion 1
Gateway sending update to database
12:25:29 Gateway/motion 1
Gateway sending update to database
12:25:29 Gateway/motion 1
Gateway sending update to database
12:25:29 Gateway/motion 1
Gateway sending update to database
12:25:29 Gateway/motion 1
Gateway sending update to database
12:25:29 Gateway/motion 1
Gateway sending update to database
12:25:29 Gateway/motion 1
Gateway sending update to database
12:25:29 Gateway/motion 1
Gateway sending update to database
12:25:29 Gateway/motion 1
Gateway sending update to database
12:25:29 Gateway/motion 1
Gateway sending update to database
12:25:29 Gateway/motion 1
Gateway sending update to database
12:25:29 Gateway/motion 1
Gateway sending update to database
12:25:29 Gateway/motion 1
Gateway sending update to database
12:25:29 Gateway/motion 1
Gateway sending update to database
12:25:29 Gateway/motion 1
Gateway sending update to database
12:25:29 Gateway/motion 1
Gateway sending update to database
12:25:29 Gateway/motion 1
Gateway sending update to database
12:25:29 Gateway/motion 1
Gateway sending update to database
12:25:29 Gateway/motion 1
Gateway sending update to database
12:25:29 Gateway/motion 1
Gateway sending update to database
12:25:29 Gateway/motion 1
Gateway sending update to database
12:25:29 Gateway/motion 1
Gateway sending update to database
12:25:29 Gateway/motion 1
Gateway sending update to database
12:25:29 Gateway/motion 1
Gateway sending update to database
12:25:29 Gateway/motion 1
Gateway sending update to database
12:25:29 Gateway/motion 1
Gateway sending update to database
12:25:29 Gateway/motion 1
Gateway sending update to database
12:25:29 Gateway/motion 1
Gateway sending update to database
12:25:29 Gateway/motion 1
Gateway sending update to database
12:25:29 Gateway/motion 1
Gateway sending update to database
12:25:29 Gateway/motion 1
Gateway sending update to database
12:25:29 Gateway/motion 1
Gateway sending update to database
12:25:29 Gateway/motion 1
Gateway sending update to database
12:25:29 Gateway/motion 1
Gateway sending update to database
12:25:29 Gateway/motion 1
Gateway sending update to database
12:25:29 Gateway/motion 1
Gateway sending update to database
12:25:29 Gateway/motion 1
Gateway sending update to database
12:25:29 Gateway/motion 1
Gateway sending update to database
12:25:29 Gateway/motion 1
Gateway sending update to database
12:25:29 Gateway/motion 1
Gateway sending update to database
12:25:29 Gateway/motion 1
Gateway sending update to database
12:25:29 Gateway/motion 1
Gateway sending update to database
12:25:29 Gateway/motion 1
Gateway sending update to database
12:25:29 Gateway/motion 1
Gateway sending update to database
12:25:29 Gateway/motion 1
Gateway sending update to database
12:25:29 Gateway/motion 1
Gateway sending update to database
12:25:29 Gateway/motion 1
Gateway sending update to database
12:25:29 Gateway/motion 1
Gateway sending update to database
12:25:29 Gateway/motion 1
Gateway sending update to database
12:25:29 Gateway/motion 1
Gateway sending update to database
12:25:29 Gateway/motion 1
Gateway sending update to database
12:25:29 Gateway/motion 1
Gateway sending update to database
12:25:29 Gateway/motion 1
Gateway sending update to database
12:25:29 Gateway/motion 1
Gateway sending update to database
12:25:29 Gateway/motion 1
Gateway sending update to database
12:25:29 Gateway/motion 1
Gateway sending update to database
12:25:29 Gateway/motion 1
Gateway sending update to database
12:25:29 Gateway/motion 1
Gateway sending update to database
12:25:29 Gateway/motion 1
Gateway sending update to database
12:25:29 Gateway/motion 1
Gateway sending update to database
12:25:29 Gateway/motion 1
Gateway sending update to database
12:25:29 Gateway/motion 1
Gateway sending update to database
12:25:29 Gateway/motion 1
Gateway sending update to database
12:25:29 Gateway/motion 1
Gateway sending update to database
12:25:29 Gateway/motion 1
Gateway sending update to database
12:25:29 Gateway/motion 1
Gateway sending update to database
12:25:29 Gateway/motion 1
Gateway sending update to database
12:25:29 Gateway/motion 1
Gateway sending update to database
12:25:29 Gateway/motion 1
Gateway sending update to database
12:25:29 Gateway/motion 1
Gateway sending update to database
12:25:29 Gateway/motion 1
Gateway sending update to database
12:25:29 Gateway/motion 1
Gateway sending update to database
12:25:29 Gateway/motion 1
Gateway sending update to database
12:25:29 Gateway/motion 1
Gateway sending update to database
12:25:29 Gateway/motion 1
Gateway sending update to database
12:25:29 Gateway/motion 1
Gateway sending update to database
12:25:29 Gateway/motion 1
Gateway sending update to database
12:25:29 Gateway/motion 1
Gateway sending update to database
12:25:29 Gateway/motion 1
Gateway sending update to database
12:25:29 Gateway/motion 1
Gateway sending update to database
12:25:29 Gateway/motion 1
Gateway sending update to database
12:25:29 Gateway/motion 1
Gateway sending update to database
12:25:29 Gateway/motion 1
Gateway sending update to database
12:25:29 Gateway/motion 1
Gateway sending update to database
12:25:29 Gateway/motion 1
Gateway sending update to database
12:25:29 Gateway/motion 1
Gateway sending update to database
12:25:29 Gateway/motion 1
Gateway sending update to database
12:25:29 Gateway/motion 1
Gateway sending update to database
12:25:29 Gateway/motion 1
Gateway sending update to database
12:25:29 Gateway/motion 1
Gateway sending update to database
12:25:29 Gateway/motion 1
Gateway sending update to database
12:25:29 Gateway/motion 1
Gateway sending update to database
12:25:29 Gateway/motion 1
Gateway sending update to database
12:25:29 Gateway/motion 1
Gateway sending update to database
12:25:29 Gateway/motion 1
Gateway sending update to database
12:25:29 Gateway/motion 1
Gateway sending update to database
12:25:29 Gateway/motion 1
Gateway sending update to database
12:25:29 Gateway/motion 1
Gateway sending update to database
12:25:29 Gateway/motion 1
Gateway sending update to database
12:25:29 Gateway/motion 1
Gateway sending update to database
12:25:29 Gateway/motion 1
Gateway sending update to database
12:25:29 Gateway/motion 1
Gateway sending update to database
12:25:29 Gateway/motion 1
Gateway sending update to database
12:25:29 Gateway/motion 1
Gateway sending update to database
12:25:29 Gateway/motion 1
Gateway sending update to database
12:25:29 Gateway/motion 1
Gateway sending update to database
12:25:29 Gateway/motion 1
Gateway sending update to database
12:25:29 Gateway/motion 1
Gateway sending update to database
12:25:29 Gateway/motion 1
Gateway sending update to database
12:25:29 Gateway/motion 1
Gateway sending update to database
12:25:29 Gateway/motion 1
Gateway sending update to database
12:25:29 Gateway/motion 1
Gateway sending update to database
12:25:29 Gateway/motion 1
Gateway sending update to database
12:25:29 Gateway/motion 1
Gateway sending update to database
12:25:29 Gateway/motion 1
Gateway sending update to database
12:25:29 Gateway/motion 1
Gateway sending update to database
12:25:29 Gateway/motion 1
Gateway sending update to database
12:25:29 Gateway/motion 1
Gateway sending update to database
12:25:29 Gateway/motion 1
Gateway sending update to database
12:25:29 Gateway/motion 1
Gateway sending update to database
12:25:29 Gateway/motion 1
Gateway sending update to database
12:25:29 Gateway/motion 1
Gateway sending update to database
12:25:29 Gateway/motion 1
Gateway sending update to database
12:25:29 Gateway/motion 1
Gateway sending update to database
12:25:29 Gateway/motion 1
Gateway sending update to database
12:25:29 Gateway/motion 1
Gateway sending update to database
12:25:29 Gateway/motion 1
Gateway sending update to database
12:25:29 Gateway/motion 1
Gateway sending update to database
12:25:29 Gateway/motion 1
Gateway sending update to database
12:25:29 Gateway/motion 1
Gateway sending update to database
12:25:29 Gateway/motion 1
Gateway sending update to database
12:25:29 Gateway/motion 1
Gateway sending update to database
12:25:29 Gateway/motion 1
Gateway sending update to database
12:25:29 Gateway/motion 1
Gateway sending update to database
12:25:29 Gateway/motion 1
Gateway sending update to database
12:25:29 Gateway/motion 1
Gateway sending update to database
12:25:29 Gateway/motion 1
Gateway sending update to database
12:25:29 Gateway/motion 1
Gateway sending update to database
12:25:29 Gateway/motion 1
Gateway sending update to database
12:25:29 Gateway/motion 1
Gateway sending update to database
12:25:29 Gateway/motion 1
Gateway sending update to database
12:25:29 Gateway/motion 1
Gateway sending update to database
12:25:29 Gateway/motion 1
Gateway sending update to database
12:25:29 Gateway/motion 1
Gateway sending update to database
12:25:29 Gateway/motion 1
Gateway sending update to database
12:25:29 Gateway/motion 1
Gateway sending update to database
12:25:29 Gateway/motion 1
Gateway sending update to database
12:25:29 Gateway/motion 1
Gateway sending update to database
12:25:29 Gateway/motion 1
Gateway sending update to database
12:25:29 Gateway/motion 1
Gateway sending update to database
12:25:29 Gateway/motion 1
Gateway sending update to database
12:25:29 Gateway/motion 1
Gateway sending update to database
12:25:29 Gateway/motion 1
Gateway sending update to database
12:25:29 Gateway/motion 1
Gateway sending update to database
12:25:29 Gateway/motion 1
Gateway sending update to database
12:25:29 Gateway/motion 1
Gateway sending update to database
12:25:29 Gateway/motion 1
Gateway sending update to database
12:25:29 Gateway/motion 1
Gateway sending update to database
12:25:29 Gateway/motion 1
Gateway sending update to database
12:25:29 Gateway/motion 1
Gateway sending update to database
12:25:29 Gateway/motion 1
Gateway sending update to database
12:25:29 Gateway/motion 1
Gateway sending update to database
12:25:29 Gateway/motion 1
Gateway sending update to database
12:25:29 Gateway/motion 1
Gateway sending update to database
12:25:29 Gateway/motion 1
Gateway sending update to database
12:25:29 Gateway/motion 1
Gateway sending update to database
12:25:29 Gateway/motion 1
Gateway sending update to database
12:25:29 Gateway/motion 1
Gateway sending update to database
12:25:29 Gateway/motion 1
Gateway sending update to database
12:25:29 Gateway/motion 1
Gateway sending update to database
12:25:29 Gateway/motion 1
Gateway sending update to database
12:25:29 Gateway/motion 1
Gateway sending update to database
12:25:29 Gateway/motion 1
Gateway sending update to database
12:25:29 Gateway/motion 1
Gateway sending update to database
12:25:29 Gateway/motion 1
Gateway sending update to database
12:25:29 Gateway/motion 1
Gateway sending update to database
12:25:29 Gateway/motion 1
Gateway sending update to database
12:25:29 Gateway/motion 1
Gateway sending update to database
12:25:29 Gateway/motion 1
Gateway sending update to database
12:25:29 Gateway/motion 1
Gateway sending update to database
12:25:29 Gateway/motion 1
Gateway sending update to database
12:25:29 Gateway/motion 1
Gateway sending update to database
12:25:29 Gateway/motion 1
Gateway sending update to database
12:25:29 Gateway/motion 1
Gateway sending update to database
12:25:29 Gateway/motion 1
Gateway sending update to database
12:25:29 Gateway/motion 1
Gateway sending update to database
12:25:29 Gateway/motion 1
Gateway sending update to database
12:25:29 Gateway/motion 1
Gateway sending update to database
12:25:29 Gateway/motion 1
Gateway sending update to database
12:25:29 Gateway/motion 1
Gateway sending update to database
12:25:29 Gateway/motion 1
Gateway sending update to database
12:25:29 Gateway/motion 1
Gateway sending update to database
12:25:29 Gateway/motion 1
Gateway sending update to database
12:25:29 Gateway/motion 1
Gateway sending update to database
12:25:29 Gateway/motion 1
Gateway sending update to database
12:25:29 Gateway/motion 1
Gateway sending update to database
12:25:29 Gateway/motion 1
Gateway sending update to database
12:25:29 Gateway/motion 1
Gateway sending update to database
12:25:29 Gateway/motion 1
Gateway sending update to database
12:25:29 Gateway/motion 1
Gateway sending update to database
12:25:29 Gateway/motion 1
Gateway sending update to database
12:25:29 Gateway/motion 1
Gateway sending update to database
12:25:29 Gateway/motion 1
Gateway sending update to database
12:25:29 Gateway/motion 1
Gateway sending update to database
12:25:29 Gateway/motion 1
Gateway sending update to database
12:25:29 Gateway/motion 1
Gateway sending update to database
12:25:29 Gateway/motion 1
Gateway sending update to database
12:25:29 Gateway/motion 1
Gateway sending update to database
12:25:29 Gateway/motion 1
Gateway sending update to database
12:25:29 Gateway/motion 1
Gateway sending update to database
12:25:29 Gateway/motion 1
Gateway sending update to database
12:25:29 Gateway/motion 1
Gateway sending update to database
12:25:29 Gateway/motion 1
Gateway sending update to database
12:25:29 Gateway/motion 1
Gateway sending update to database
12:25:29 Gateway/motion 1
Gateway sending update to database
12:25:29 Gateway/motion 1
Gateway sending update to database
12:25:29 Gateway/motion 1
Gateway sending update to database
12:25:29 Gateway/motion 1
Gateway sending update to database
12:25:29 Gateway/motion 1
Gateway sending update to database
12:25:29 Gateway/motion 1
Gateway sending update to database
12:25:29 Gateway/motion 1
Gateway sending update to database
12:25:29 Gateway/motion 1
Gateway sending update to database
12:25:29 Gateway/motion 1
Gateway sending update to database
12:25:29 Gateway/motion 1
Gateway sending update to database
12:25:29 Gateway/motion 1
Gateway sending update to database
12:25:29 Gateway/motion 1
Gateway sending update to database
12:25:29 Gateway/motion 1
Gateway sending update to database
12:25:29 Gateway/motion 1
Gateway sending update to database
12:25:29 Gateway/motion 1
Gateway sending update to database
12:25:29 Gateway/motion 1
Gateway sending update to database
12:25:29 Gateway/motion 1
Gateway sending update to database
12:25:29 Gateway/motion 1
Gateway sending update to database
12:25:29 Gateway/motion 1
Gateway sending update to database
12:25:29 Gateway/motion 1
Gateway sending update to database
12:25:29 Gateway/motion 1
Gateway sending update to database
12:25:29 Gateway/motion 1
Gateway sending update to database
12:25:29 Gateway/motion 1
Gateway sending update to database
12:25:29 Gateway/motion 1
Gateway sending update to database
12:25:29 Gateway/motion 1
Gateway sending update to database
12:25:29 Gateway/motion 1
Gateway sending update to database
12:25:29 Gateway/motion 1
Gateway sending update to database
12:25:29 Gateway/motion 1
Gateway sending update to database
12:25:29 Gateway/motion 1
Gateway sending update to database
12:25:29 Gateway/motion 1
Gateway sending update to database
12:25:29 Gateway/motion 1
Gateway sending update to database
12:25:29 Gateway/motion 1
Gateway sending update to database
12:25:29 Gateway/motion 1
Gateway sending update to database
12:25:29 Gateway/motion 1
Gateway sending update to database
12:25:29 Gateway/motion 1
Gateway sending update to database
12:25:29 Gateway/motion 1
Gateway sending update to database
12:25:29 Gateway/motion 1
Gateway sending update to database
12:25:29 Gateway/motion 1
Gateway sending update to database
12:25:29 Gateway/motion 1
Gateway sending update to database
12:25:29 Gateway/motion 1
Gateway sending update to database
12:25:29 Gateway/motion 1
Gateway sending update to database
12:25:29 Gateway/motion 1
Gateway sending update to database
12:25:29 Gateway/motion 1
Gateway sending update to database
12:25:29 Gateway/motion 1
Gateway sending update to database
12:25:29 Gateway/motion 1
Gateway sending update to database
12:25:29 Gateway/motion 1
Gateway sending update to database
12:25:29 Gateway/motion 1
Gateway sending update to database
12:25:29 Gateway/motion 1
Gateway sending update to database
12:25:29 Gateway/motion 1
Gateway sending update to database
12:25:29 Gateway/motion 1
Gateway sending update to database
12:25:29 Gateway/motion 1
Gateway sending update to database
12:25:29 Gateway/motion 1
Gateway sending update to database
12:25:29 Gateway/motion 1
Gateway sending update to database
12:25:29 Gateway/motion 1
Gateway sending update to database
12:25:29 Gateway/motion 1
Gateway sending update to database
12:25:29 Gateway/motion 1
Gateway sending update to database
12:25:29 Gateway/motion 1
Gateway sending update to database
12:25:29 Gateway/motion 1
Gateway sending update to database
12:25:29 Gateway/motion 1
Gateway sending update to database
12:25:29 Gateway/motion 1
Gateway sending update to database
12:25:29 Gateway/motion 1
Gateway sending update to database
12:25:29 Gateway/motion 1
Gateway sending update to database
12:25:29 Gateway/motion 1
Gateway sending update to database
12:25:29 Gateway/motion 1
Gateway sending update to database
12:25:29 Gateway/motion 1
Gateway sending update to database
12:25:29 Gateway/motion 1
Gateway sending update to database
12:25:29 Gateway/motion 1
Gateway sending update to database
12:25:29 Gateway/motion 1
Gateway sending update to database
12:25:29 Gateway/motion 1
Gateway sending update to database
12:25:29 Gateway/motion 1
Gateway sending update to database
12:25:29 Gateway/motion 1
Gateway sending update to database
12:25:29 Gateway/motion 1
Gateway sending update to database
12:25:29 Gateway/motion 1
Gateway sending update to database
12:25:29 Gateway/motion 1
Gateway sending update to database
12:25:29 Gateway/motion 1
Gateway sending update to database
12:25:29 Gateway/motion 1
Gateway sending update to database
12:25:29 Gateway/motion 1
Gateway sending update to database
12:25:29 Gateway/motion 1
Gateway sending update to database
12:25:29 Gateway/motion 1
Gateway sending update to database
12:25:29 Gateway/motion 1
Gateway sending update to database
12:25:29 Gateway/motion 1
Gateway sending update to database
12:25:29 Gateway/motion 1
Gateway sending update to database
12:25:29 Gateway/motion 1
Gateway sending update to database
12:25:29 Gateway/motion 1
Gateway sending update to database
12:25:29 Gateway/motion 1
Gateway sending update to database
12:25:29 Gateway/motion 1
Gateway sending update to database
12:25:29 Gateway/motion 1
Gateway sending update to database
12:25:29 Gateway/motion 1
Gateway sending update to database
12:25:29 Gateway/motion 1
Gateway sending update to database
12:25:29 Gateway/motion 1
Gateway sending update to database
12:25:29 Gateway/motion 1
Gateway sending update to database
12:25:29 Gateway/motion 1
Gateway sending update to database
12:25:29 Gateway/motion 1
Gateway sending update to database
12:25:30 Gateway/motion 1
Gateway sending update to database
12:25:30 Gateway/motion 1
Gateway sending update to database
12:25:30 Gateway/motion 1
Gateway sending update to database
12:25:30 Gateway/motion 1
Gateway sending update to database
12:25:30 Gateway/motion 1
Gateway sending update to database
12:25:30 Gateway/motion 1
Gateway sending update to database
12:25:30 Gateway/motion 1
Gateway sending update to database
12:25:30 Gateway/motion 1
Gateway sending update to database
12:25:30 Gateway/motion 1
Gateway sending update to database
12:25:30 Gateway/motion 1
Gateway sending update to database
12:25:30 Gateway/motion 1
Gateway sending update to database
12:25:30 Gateway/motion 1
Gateway sending update to database
12:25:30 Gateway/motion 1
Gateway sending update to database
12:25:30 Gateway/motion 1
Gateway sending update to database
12:25:30 Gateway/motion 1
Gateway sending update to database
12:25:30 Gateway/motion 1
Gateway sending update to database
12:25:30 Gateway/motion 1
Gateway sending update to database
12:25:30 Gateway/motion 1
Gateway sending update to database
12:25:30 Gateway/motion 1
Gateway sending update to database
12:25:30 Gateway/motion 1
Gateway sending update to database
12:25:30 Gateway/motion 1
Gateway sending update to database
12:25:30 Gateway/motion 1
Gateway sending update to database
12:25:30 Gateway/motion 1
Gateway sending update to database
12:25:30 Gateway/motion 1
Gateway sending update to database
12:25:30 Gateway/motion 1
Gateway sending update to database
12:25:30 Gateway/motion 1
Gateway sending update to database
12:25:30 Gateway/motion 1
Gateway sending update to database
12:25:30 Gateway/motion 1
Gateway sending update to database
12:25:30 Gateway/motion 1
Gateway sending update to database
12:25:30 Gateway/motion 1
Gateway sending update to database
12:25:30 Gateway/motion 1
Gateway sending update to database
12:25:30 Gateway/motion 1
Gateway sending update to database
12:25:30 Gateway/motion 1
Gateway sending update to database
12:25:30 Gateway/motion 1
Gateway sending update to database
12:25:30 Gateway/motion 1
Gateway sending update to database
12:25:30 Gateway/motion 1
Gateway sending update to database
12:25:30 Gateway/motion 1
Gateway sending update to database
12:25:30 Gateway/motion 1
Gateway sending update to database
12:25:30 Gateway/motion 1
Gateway sending update to database
12:25:30 Gateway/motion 1
Gateway sending update to database
12:25:30 Gateway/motion 1
Gateway sending update to database
12:25:30 Gateway/motion 1
Gateway sending update to database
12:25:30 Gateway/motion 1
Gateway sending update to database
12:25:30 Gateway/motion 1
Gateway sending update to database
12:25:30 Gateway/motion 1
Gateway sending update to database
12:25:30 Gateway/motion 1
Gateway sending update to database
12:25:30 Gateway/motion 1
Gateway sending update to database
12:25:30 Gateway/motion 1
Gateway sending update to database
12:25:30 Gateway/motion 1
Gateway sending update to database
12:25:30 Gateway/motion 1
Gateway sending update to database
12:25:30 Gateway/motion 1
Gateway sending update to database
12:25:30 Gateway/motion 1
Gateway sending update to database
12:25:30 Gateway/motion 1
Gateway sending update to database
12:25:30 Gateway/motion 1
Gateway sending update to database
12:25:30 Gateway/motion 1
Gateway sending update to database
12:25:30 Gateway/motion 1
Gateway sending update to database
12:25:30 Gateway/motion 1
Gateway sending update to database
12:25:30 Gateway/motion 1
Gateway sending update to database
12:25:30 Gateway/motion 1
Gateway sending update to database
12:25:30 Gateway/motion 1
Gateway sending update to database
12:25:30 Gateway/motion 1
Gateway sending update to database
12:25:30 Gateway/motion 1
Gateway sending update to database
12:25:30 Gateway/motion 1
Gateway sending update to database
12:25:30 Gateway/motion 1
Gateway sending update to database
12:25:30 Gateway/motion 1
Gateway sending update to database
12:25:30 Gateway/motion 1
Gateway sending update to database
12:25:30 Gateway/motion 1
Gateway sending update to database
12:25:30 Gateway/motion 1
Gateway sending update to database
12:25:30 Gateway/motion 1
Gateway sending update to database
12:25:30 Gateway/motion 1
Gateway sending update to database
12:25:30 Gateway/motion 1
Gateway sending update to database
12:25:30 Gateway/motion 1
Gateway sending update to database
12:25:30 Gateway/motion 1
Gateway sending update to database
12:25:30 Gateway/motion 1
Gateway sending update to database
12:25:30 Gateway/motion 1
Gateway sending update to database
12:25:30 Gateway/motion 1
Gateway sending update to database
12:25:30 Gateway/motion 1
Gateway sending update to database
12:25:30 Gateway/motion 1
Gateway sending update to database
12:25:30 Gateway/motion 1
Gateway sending update to database
12:25:30 Gateway/motion 1
Gateway sending update to database
12:25:30 Gateway/motion 1
Gateway sending update to database
12:25:30 Gateway/motion 1
Gateway sending update to database
12:25:30 Gateway/motion 1
Gateway sending update to database
12:25:30 Gateway/motion 1
Gateway sending update to database
12:25:30 Gateway/motion 1
Gateway sending update to database
12:25:30 Gateway/motion 1
Gateway sending update to database
12:25:30 Gateway/motion 1
Gateway sending update to database
12:25:30 Gateway/motion 1
Gateway sending update to database
12:25:30 Gateway/motion 1
Gateway sending update to database
12:25:30 Gateway/motion 1
Gateway sending update to database
12:25:30 Gateway/motion 1
Gateway sending update to database
12:25:30 Gateway/motion 1
Gateway sending update to database
12:25:30 Gateway/motion 1
Gateway sending update to database
12:25:30 Gateway/motion 1
Gateway sending update to database
12:25:30 Gateway/motion 1
Gateway sending update to database
12:25:30 Gateway/motion 1
Gateway sending update to database
12:25:30 Gateway/motion 1
Gateway sending update to database
12:25:30 Gateway/motion 1
Gateway sending update to database
12:25:30 Gateway/motion 1
Gateway sending update to database
12:25:30 Gateway/motion 1
Gateway sending update to database
12:25:30 Gateway/motion 1
Gateway sending update to database
12:25:30 Gateway/motion 1
Gateway sending update to database
12:25:30 Gateway/motion 1
Gateway sending update to database
12:25:30 Gateway/motion 1
Gateway sending update to database
12:25:30 Gateway/motion 1
Gateway sending update to database
12:25:30 Gateway/motion 1
Gateway sending update to database
12:25:30 Gateway/motion 1
Gateway sending update to database
12:25:30 Gateway/motion 1
Gateway sending update to database
12:25:30 Gateway/motion 1
Gateway sending update to database
12:25:30 Gateway/motion 1
Gateway sending update to database
12:25:30 Gateway/motion 1
Gateway sending update to database
12:25:30 Gateway/motion 1
Gateway sending update to database
12:25:30 Gateway/motion 1
Gateway sending update to database
12:25:30 Gateway/motion 1
Gateway sending update to database
12:25:30 Gateway/motion 1
Gateway sending update to database
12:25:30 Gateway/motion 1
Gateway sending update to database
12:25:30 Gateway/motion 1
Gateway sending update to database
12:25:30 Gateway/motion 1
Gateway sending update to database
12:25:30 Gateway/motion 1
Gateway sending update to database
12:25:30 Gateway/motion 1
Gateway sending update to database
12:25:30 Gateway/motion 1
Gateway sending update to database
12:25:30 Gateway/motion 1
Gateway sending update to database
12:25:30 Gateway/motion 1
Gateway sending update to database
12:25:30 Gateway/motion 1
Gateway sending update to database
12:25:30 Gateway/motion 1
Gateway sending update to database
12:25:30 Gateway/motion 1
Gateway sending update to database
12:25:30 Gateway/motion 1
Gateway sending update to database
12:25:30 Gateway/motion 1
Gateway sending update to database
12:25:30 Gateway/motion 1
Gateway sending update to database
12:25:30 Gateway/motion 1
Gateway sending update to database
12:25:30 Gateway/motion 1
Gateway sending update to database
12:25:30 Gateway/motion 1
Gateway sending update to database
12:25:30 Gateway/motion 1
Gateway sending update to database
12:25:30 Gateway/motion 1
Gateway sending update to database
12:25:30 Gateway/motion 1
Gateway sending update to database
12:25:30 Gateway/motion 1
Gateway sending update to database
12:25:30 Gateway/motion 1
Gateway sending update to database
12:25:30 Gateway/motion 1
Gateway sending update to database
12:25:30 Gateway/motion 1
Gateway sending update to database
12:25:30 Gateway/motion 1
Gateway sending update to database
12:25:30 Gateway/motion 1
Gateway sending update to database
12:25:30 Gateway/motion 1
Gateway sending update to database
12:25:30 Gateway/motion 1
Gateway sending update to database
12:25:30 Gateway/motion 1
Gateway sending update to database
12:25:30 Gateway/motion 1
Gateway sending update to database
12:25:30 Gateway/motion 1
Gateway sending update to database
12:25:30 Gateway/motion 1
Gateway sending update to database
12:25:30 Gateway/motion 1
Gateway sending update to database
12:25:30 Gateway/motion 1
Gateway sending update to database
12:25:30 Gateway/motion 1
Gateway sending update to database
12:25:30 Gateway/motion 1
Gateway sending update to database
12:25:30 Gateway/motion 1
Gateway sending update to database
12:25:30 Gateway/motion 1
Gateway sending update to database
12:25:30 Gateway/motion 1
Gateway sending update to database
12:25:30 Gateway/motion 1
Gateway sending update to database
12:25:30 Gateway/motion 1
Gateway sending update to database
12:25:30 Gateway/motion 1
Gateway sending update to database
12:25:30 Gateway/motion 1
Gateway sending update to database
12:25:30 Gateway/motion 1
Gateway sending update to database
12:25:30 Gateway/motion 1
Gateway sending update to database
12:25:30 Gateway/motion 1
Gateway sending update to database
12:25:30 Gateway/motion 1
Gateway sending update to database
12:25:30 Gateway/motion 1
Gateway sending update to database
12:25:30 Gateway/motion 1
Gateway sending update to database
12:25:30 Gateway/motion 1
Gateway sending update to database
12:25:30 Gateway/motion 1
Gateway sending update to database
12:25:30 Gateway/motion 1
Gateway sending update to database
12:25:30 Gateway/motion 1
Gateway sending update to database
12:25:30 Gateway/motion 1
Gateway sending update to database
12:25:30 Gateway/motion 1
Gateway sending update to database
12:25:30 Gateway/motion 1
Gateway sending update to database
12:25:30 Gateway/motion 1
Gateway sending update to database
12:25:30 Gateway/motion 1
Gateway sending update to database
12:25:30 Gateway/motion 1
Gateway sending update to database
12:25:30 Gateway/motion 1
Gateway sending update to database
12:25:30 Gateway/motion 1
Gateway sending update to database
12:25:30 Gateway/motion 1
Gateway sending update to database
12:25:30 Gateway/motion 1
Gateway sending update to database
12:25:30 Gateway/motion 1
Gateway sending update to database
12:25:30 Gateway/motion 1
Gateway sending update to database
12:25:30 Gateway/motion 1
Gateway sending update to database
12:25:30 Gateway/motion 1
Gateway sending update to database
12:25:30 Gateway/motion 1
Gateway sending update to database
12:25:30 Gateway/motion 1
Gateway sending update to database
12:25:30 Gateway/motion 1
Gateway sending update to database
12:25:30 Gateway/motion 1
Gateway sending update to database
12:25:30 Gateway/motion 1
Gateway sending update to database
12:25:30 Gateway/motion 1
Gateway sending update to database
12:25:30 Gateway/motion 1
Gateway sending update to database
12:25:30 Gateway/motion 1
Gateway sending update to database
12:25:30 Gateway/motion 1
Gateway sending update to database
12:25:30 Gateway/motion 1
Gateway sending update to database
12:25:30 Gateway/motion 1
Gateway sending update to database
12:25:30 Gateway/motion 1
Gateway sending update to database
12:25:30 Gateway/motion 1
Gateway sending update to database
12:25:30 Gateway/motion 1
Gateway sending update to database
12:25:30 Gateway/motion 1
Gateway sending update to database
12:25:30 Gateway/motion 1
Gateway sending update to database
12:25:30 Gateway/motion 1
Gateway sending update to database
12:25:30 Gateway/motion 1
Gateway sending update to database
12:25:30 Gateway/motion 1
Gateway sending update to database
12:25:30 Gateway/motion 1
Gateway sending update to database
12:25:30 Gateway/motion 1
Gateway sending update to database
12:25:30 Gateway/motion 1
Gateway sending update to database
12:25:30 Gateway/motion 1
Gateway sending update to database
12:25:30 Gateway/motion 1
Gateway sending update to database
12:25:30 Gateway/motion 1
Gateway sending update to database
12:25:30 Gateway/motion 1
Gateway sending update to database
12:25:30 Gateway/motion 1
Gateway sending update to database
12:25:30 Gateway/motion 1
Gateway sending update to database
12:25:30 Gateway/motion 1
Gateway sending update to database
12:25:30 Gateway/motion 1
Gateway sending update to database
12:25:30 Gateway/motion 1
Gateway sending update to database
12:25:30 Gateway/motion 1
Gateway sending update to database
12:25:30 Gateway/motion 1
Gateway sending update to database
12:25:30 Gateway/motion 1
Gateway sending update to database
12:25:30 Gateway/motion 1
Gateway sending update to database
12:25:30 Gateway/motion 1
Gateway sending update to database
12:25:30 Gateway/motion 1
Gateway sending update to database
12:25:30 Gateway/motion 1
Gateway sending update to database
12:25:30 Gateway/motion 1
Gateway sending update to database
12:25:30 Gateway/motion 1
Gateway sending update to database
12:25:30 Gateway/motion 1
Gateway sending update to database
12:25:30 Gateway/motion 1
Gateway sending update to database
12:25:30 Gateway/motion 1
Gateway sending update to database
12:25:30 Gateway/motion 1
Gateway sending update to database
12:25:30 Gateway/motion 1
Gateway sending update to database
12:25:30 Gateway/motion 1
Gateway sending update to database
12:25:30 Gateway/motion 1
Gateway sending update to database
12:25:30 Gateway/motion 1
Gateway sending update to database
12:25:30 Gateway/motion 1
Gateway sending update to database
12:25:30 Gateway/motion 1
Gateway sending update to database
12:25:30 Gateway/motion 1
Gateway sending update to database
12:25:30 Gateway/motion 1
Gateway sending update to database
12:25:30 Gateway/motion 1
Gateway sending update to database
12:25:30 Gateway/motion 1
Gateway sending update to database
12:25:30 Gateway/motion 1
Gateway sending update to database
12:25:30 Gateway/motion 1
Gateway sending update to database
12:25:30 Gateway/motion 1
Gateway sending update to database
12:25:30 Gateway/motion 1
Gateway sending update to database
12:25:30 Gateway/motion 1
Gateway sending update to database
12:25:30 Gateway/motion 1
Gateway sending update to database
12:25:30 Gateway/motion 1
Gateway sending update to database
12:25:30 Gateway/motion 1
Gateway sending update to database
12:25:30 Gateway/motion 1
Gateway sending update to database
12:25:30 Gateway/motion 1
Gateway sending update to database
12:25:30 Gateway/motion 1
Gateway sending update to database
12:25:30 Gateway/motion 1
Gateway sending update to database
12:25:30 Gateway/motion 1
Gateway sending update to database
12:25:30 Gateway/motion 1
Gateway sending update to database
12:25:30 Gateway/motion 1
Gateway sending update to database
12:25:30 Gateway/motion 1
Gateway sending update to database
12:25:30 Gateway/motion 1
Gateway sending update to database
12:25:30 Gateway/motion 1
Gateway sending update to database
12:25:30 Gateway/motion 1
Gateway sending update to database
12:25:30 Gateway/motion 1
Gateway sending update to database
12:25:30 Gateway/motion 1
Gateway sending update to database
12:25:30 Gateway/motion 1
Gateway sending update to database
12:25:30 Gateway/motion 1
Gateway sending update to database
12:25:30 Gateway/motion 1
Gateway sending update to database
12:25:30 Gateway/motion 1
Gateway sending update to database
12:25:30 Gateway/motion 1
Gateway sending update to database
12:25:31 Gateway/motion 1
Gateway sending update to database
12:25:31 Gateway/motion 1
Gateway sending update to database
12:25:31 Gateway/motion 1
Gateway sending update to database
12:25:31 Gateway/motion 1
Gateway sending update to database
12:25:31 Gateway/motion 1
Gateway sending update to database
12:25:31 Gateway/motion 1
Gateway sending update to database
12:25:31 Gateway/motion 1
Gateway sending update to database
12:25:31 Gateway/motion 1
Gateway sending update to database
12:25:31 Gateway/motion 1
Gateway sending update to database
12:25:31 Gateway/motion 1
Gateway sending update to database
12:25:31 Gateway/motion 1
Gateway sending update to database
12:25:31 Gateway/motion 1
Gateway sending update to database
12:25:31 Gateway/motion 1
Gateway sending update to database
12:25:31 Gateway/motion 1
Gateway sending update to database
12:25:31 Gateway/motion 1
Gateway sending update to database
12:25:31 Gateway/motion 1
Gateway sending update to database
12:25:31 Gateway/motion 1
Gateway sending update to database
12:25:31 Gateway/motion 1
Gateway sending update to database
12:25:31 Gateway/motion 1
Gateway sending update to database
12:25:31 Gateway/motion 1
Gateway sending update to database
12:25:31 Gateway/motion 1
Gateway sending update to database
12:25:31 Gateway/motion 1
Gateway sending update to database
12:25:31 Gateway/motion 1
Gateway sending update to database
12:25:31 Gateway/motion 1
Gateway sending update to database
12:25:31 Gateway/motion 1
Gateway sending update to database
12:25:31 Gateway/motion 1
Gateway sending update to database
12:25:31 Gateway/motion 1
Gateway sending update to database
12:25:31 Gateway/motion 1
Gateway sending update to database
12:25:31 Gateway/motion 1
Gateway sending update to database
12:25:31 Gateway/motion 1
Gateway sending update to database
12:25:31 Gateway/motion 1
Gateway sending update to database
12:25:31 Gateway/motion 1
Gateway sending update to database
12:25:31 Gateway/motion 1
Gateway sending update to database
12:25:31 Gateway/motion 1
Gateway sending update to database
12:25:31 Gateway/motion 1
Gateway sending update to database
12:25:31 Gateway/motion 1
Gateway sending update to database
12:25:31 Gateway/motion 1
Gateway sending update to database
12:25:31 Gateway/motion 1
Gateway sending update to database
12:25:31 Gateway/motion 1
Gateway sending update to database
12:25:31 Gateway/motion 1
Gateway sending update to database
12:25:31 Gateway/motion 1
Gateway sending update to database
12:25:31 Gateway/motion 1
Gateway sending update to database
12:25:31 Gateway/motion 1
Gateway sending update to database
12:25:31 Gateway/motion 1
Gateway sending update to database
12:25:31 Gateway/motion 1
Gateway sending update to database
12:25:31 Gateway/motion 1
Gateway sending update to database
12:25:31 Gateway/motion 1
Gateway sending update to database
12:25:31 Gateway/motion 1
Gateway sending update to database
12:25:31 Gateway/motion 1
Gateway sending update to database
12:25:31 Gateway/motion 1
Gateway sending update to database
12:25:31 Gateway/motion 1
Gateway sending update to database
12:25:31 Gateway/motion 1
Gateway sending update to database
12:25:31 Gateway/motion 1
Gateway sending update to database
12:25:31 Gateway/motion 1
Gateway sending update to database
12:25:31 Gateway/motion 1
Gateway sending update to database
12:25:31 Gateway/motion 1
Gateway sending update to database
12:25:31 Gateway/motion 1
Gateway sending update to database
12:25:31 Gateway/motion 1
Gateway sending update to database
12:25:31 Gateway/motion 1
Gateway sending update to database
12:25:31 Gateway/motion 1
Gateway sending update to database
12:25:31 Gateway/motion 1
Gateway sending update to database
12:25:31 Gateway/motion 1
Gateway sending update to database
12:25:31 Gateway/motion 1
Gateway sending update to database
12:25:31 Gateway/motion 1
Gateway sending update to database
12:25:31 Gateway/motion 1
Gateway sending update to database
12:25:31 Gateway/motion 1
Gateway sending update to database
12:25:31 Gateway/motion 1
Gateway sending update to database
12:25:31 Gateway/motion 1
Gateway sending update to database
12:25:31 Gateway/motion 1
Gateway sending update to database
12:25:31 Gateway/motion 1
Gateway sending update to database
12:25:31 Gateway/motion 1
Gateway sending update to database
12:25:31 Gateway/motion 1
Gateway sending update to database
12:25:31 Gateway/motion 1
Gateway sending update to database
12:25:31 Gateway/motion 1
Gateway sending update to database
12:25:31 Gateway/motion 1
Gateway sending update to database
12:25:32 Gateway/motion 1
Gateway sending update to database
12:25:32 Gateway/motion 1
Gateway sending update to database
12:25:32 Gateway/motion 1
Gateway sending update to database
12:25:32 Gateway/motion 1
Gateway sending update to database
12:25:32 Gateway/motion 1
Gateway sending update to database
12:25:32 Gateway/motion 1
Gateway sending update to database
12:25:32 Gateway/motion 1
Gateway sending update to database
12:25:32 Gateway/motion 1
Gateway sending update to database
12:25:32 Gateway/motion 1
Gateway sending update to database
12:25:32 Gateway/motion 1
Gateway sending update to database
12:25:32 Gateway/motion 1
Gateway sending update to database
12:25:32 Gateway/motion 1
Gateway sending update to database
12:25:32 Gateway/motion 1
Gateway sending update to database
12:25:32 Gateway/motion 1
Gateway sending update to database
12:25:32 Gateway/motion 1
Gateway sending update to database
12:25:32 Gateway/motion 1
Gateway sending update to database
12:25:32 Gateway/motion 1
Gateway sending update to database
12:25:32 Gateway/motion 1
Gateway sending update to database
12:25:32 Gateway/motion 1
Gateway sending update to database
12:25:32 Gateway/motion 1
Gateway sending update to database
12:25:32 Gateway/motion 1
Gateway sending update to database
12:25:32 Gateway/motion 1
Gateway sending update to database
12:25:32 Gateway/motion 1
Gateway sending update to database
12:25:32 Gateway/motion 1
Gateway sending update to database
12:25:32 Gateway/motion 1
Gateway sending update to database
12:25:32 Gateway/motion 1
Gateway sending update to database
12:25:32 Gateway/motion 1
Gateway sending update to database
12:25:32 Gateway/motion 1
Gateway sending update to database
12:25:32 Gateway/motion 1
Gateway sending update to database
12:25:32 Gateway/motion 1
Gateway sending update to database
12:25:32 Gateway/motion 1
Gateway sending update to database
12:25:32 Gateway/motion 1
Gateway sending update to database
12:25:32 Gateway/motion 1
Gateway sending update to database
12:25:32 Gateway/motion 1
Gateway sending update to database
12:25:32 Gateway/motion 1
Gateway sending update to database
12:25:32 Gateway/motion 1
Gateway sending update to database
12:25:32 Gateway/motion 1
Gateway sending update to database
12:25:32 Gateway/motion 1
Gateway sending update to database
12:25:32 Gateway/motion 1
Gateway sending update to database
12:25:32 Gateway/motion 1
Gateway sending update to database
12:25:32 Gateway/motion 1
Gateway sending update to database
12:25:32 Gateway/motion 1
Gateway sending update to database
12:25:32 Gateway/motion 1
Gateway sending update to database
12:25:32 Gateway/motion 1
Gateway sending update to database
12:25:32 Gateway/motion 1
Gateway sending update to database
12:25:32 Gateway/motion 1
Gateway sending update to database
12:25:32 Gateway/motion 1
Gateway sending update to database
12:25:32 Gateway/motion 1
Gateway sending update to database
12:25:32 Gateway/motion 1
Gateway sending update to database
12:25:32 Gateway/motion 1
Gateway sending update to database
12:25:32 Gateway/motion 1
Gateway sending update to database
12:25:32 Gateway/motion 1
Gateway sending update to database
12:25:32 Gateway/motion 1
Gateway sending update to database
12:25:32 Gateway/motion 1
Gateway sending update to database
12:25:32 Gateway/motion 1
Gateway sending update to database
12:25:32 Gateway/motion 1
Gateway sending update to database
12:25:32 Gateway/motion 1
Gateway sending update to database
12:25:32 Gateway/motion 1
Gateway sending update to database
12:25:32 Gateway/motion 1
Gateway sending update to database
12:25:32 Gateway/motion 1
Gateway sending update to database
12:25:32 Gateway/motion 1
Gateway sending update to database
12:25:32 Gateway/motion 1
Gateway sending update to database
12:25:32 Gateway/motion 1
Gateway sending update to database
12:25:32 Gateway/motion 1
Gateway sending update to database
12:25:32 Gateway/motion 1
Gateway sending update to database
12:25:32 Gateway/motion 1
Gateway sending update to database
12:25:32 Gateway/motion 1
Gateway sending update to database
12:25:32 Gateway/motion 1
Gateway sending update to database
12:25:32 Gateway/motion 1
Gateway sending update to database
12:25:32 Gateway/motion 1
Gateway sending update to database
12:25:32 Gateway/motion 1
Gateway sending update to database
12:25:32 Gateway/motion 1
Gateway sending update to database
12:25:32 Gateway/motion 1
Gateway sending update to database
12:25:32 Gateway/motion 1
Gateway sending update to database
12:25:32 Gateway/motion 1
Gateway sending update to database
12:25:32 Gateway/motion 1
Gateway sending update to database
12:25:32 Gateway/motion 1
Gateway sending update to database
12:25:32 Gateway/motion 1
Gateway sending update to database
12:25:32 Gateway/motion 1
Gateway sending update to database
12:25:32 Gateway/motion 1
Gateway sending update to database
12:25:32 Gateway/motion 1
Gateway sending update to database
12:25:32 Gateway/motion 1
Gateway sending update to database
12:25:32 Gateway/motion 1
Gateway sending update to database
12:25:32 Gateway/motion 1
Gateway sending update to database
12:25:32 Gateway/motion 1
Gateway sending update to database
12:25:32 Gateway/motion 1
Gateway sending update to database
12:25:32 Gateway/motion 1
Gateway sending update to database
12:25:32 Gateway/motion 1
Gateway sending update to database
12:25:32 Gateway/motion 1
Gateway sending update to database
12:25:32 Gateway/motion 1
Gateway sending update to database
12:25:32 Gateway/motion 1
Gateway sending update to database
12:25:32 Gateway/motion 1
Gateway sending update to database
12:25:32 Gateway/motion 1
Gateway sending update to database
12:25:32 Gateway/motion 1
Gateway sending update to database
12:25:32 Gateway/motion 1
Gateway sending update to database
12:25:32 Gateway/motion 1
Gateway sending update to database
12:25:32 Gateway/motion 1
Gateway sending update to database
12:25:32 Gateway/motion 1
Gateway sending update to database
12:25:32 Gateway/motion 1
Gateway sending update to database
12:25:32 Gateway/motion 1
Gateway sending update to database
12:25:32 Gateway/motion 1
Gateway sending update to database
12:25:32 Gateway/motion 1
Gateway sending update to database
12:25:32 Gateway/motion 1
Gateway sending update to database
12:25:32 Gateway/motion 1
Gateway sending update to database
12:25:32 Gateway/motion 1
Gateway sending update to database
12:25:32 Gateway/motion 1
Gateway sending update to database
12:25:32 Gateway/motion 1
Gateway sending update to database
12:25:32 Gateway/motion 1
Gateway sending update to database
12:25:32 Gateway/motion 1
Gateway sending update to database
12:25:32 Gateway/motion 1
Gateway sending update to database
12:25:32 Gateway/motion 1
Gateway sending update to database
12:25:32 Gateway/motion 1
Gateway sending update to database
12:25:32 Gateway/motion 1
Gateway sending update to database
12:25:32 Gateway/motion 1
Gateway sending update to database
12:25:32 Gateway/motion 1
Gateway sending update to database
12:25:32 Gateway/motion 1
Gateway sending update to database
12:25:32 Gateway/motion 1
Gateway sending update to database
12:25:32 Gateway/motion 1
Gateway sending update to database
12:25:32 Gateway/motion 1
Gateway sending update to database
12:25:32 Gateway/motion 1
Gateway sending update to database
12:25:32 Gateway/motion 1
Gateway sending update to database
12:25:32 Gateway/motion 1
Gateway sending update to database
12:25:32 Gateway/motion 1
Gateway sending update to database
12:25:32 Gateway/motion 1
Gateway sending update to database
12:25:32 Gateway/motion 1
Gateway sending update to database
12:25:32 Gateway/motion 1
Gateway sending update to database
12:25:32 Gateway/motion 1
Gateway sending update to database
12:25:32 Gateway/motion 1
Gateway sending update to database
12:25:32 Gateway/motion 1
Gateway sending update to database
12:25:32 Gateway/motion 1
Gateway sending update to database
12:25:32 Gateway/motion 1
Gateway sending update to database
12:25:32 Gateway/motion 1
Gateway sending update to database
12:25:32 Gateway/motion 1
Gateway sending update to database
12:25:32 Gateway/motion 1
Gateway sending update to database
12:25:32 Gateway/motion 1
Gateway sending update to database
12:25:32 Gateway/motion 1
Gateway sending update to database
12:25:32 Gateway/motion 1
Gateway sending update to database
12:25:32 Gateway/motion 1
Gateway sending update to database
12:25:32 Gateway/motion 1
Gateway sending update to database
12:25:32 Gateway/motion 1
Gateway sending update to database
12:25:32 Gateway/motion 1
Gateway sending update to database
12:25:32 Gateway/motion 1
Gateway sending update to database
12:25:32 Gateway/motion 1
Gateway sending update to database
12:25:32 Gateway/motion 1
Gateway sending update to database
12:25:32 Gateway/motion 1
Gateway sending update to database
12:25:32 Gateway/motion 1
Gateway sending update to database
12:25:32 Gateway/motion 1
Gateway sending update to database
12:25:32 Gateway/motion 1
Gateway sending update to database
12:25:32 Gateway/motion 1
Gateway sending update to database
12:25:32 Gateway/motion 1
Gateway sending update to database
12:25:32 Gateway/motion 1
Gateway sending update to database
12:25:32 Gateway/motion 1
Gateway sending update to database
12:25:32 Gateway/motion 1
Gateway sending update to database
12:25:32 Gateway/motion 1
Gateway sending update to database
12:25:32 Gateway/motion 1
Gateway sending update to database
12:25:32 Gateway/motion 1
Gateway sending update to database
12:25:32 Gateway/motion 1
Gateway sending update to database
12:25:32 Gateway/motion 1
Gateway sending update to database
12:25:32 Gateway/motion 1
Gateway sending update to database
12:25:32 Gateway/motion 1
Gateway sending update to database
12:25:32 Gateway/motion 1
Gateway sending update to database
12:25:32 Gateway/motion 1
Gateway sending update to database
12:25:32 Gateway/motion 1
Gateway sending update to database
12:25:32 Gateway/motion 1
Gateway sending update to database
12:25:32 Gateway/motion 1
Gateway sending update to database
12:25:32 Gateway/motion 1
Gateway sending update to database
12:25:32 Gateway/motion 1
Gateway sending update to database
12:25:32 Gateway/motion 1
Gateway sending update to database
12:25:32 Gateway/motion 1
Gateway sending update to database
12:25:32 Gateway/motion 1
Gateway sending update to database
12:25:32 Gateway/motion 1
Gateway sending update to database
12:25:32 Gateway/motion 1
Gateway sending update to database
12:25:32 Gateway/motion 1
Gateway sending update to database
12:25:32 Gateway/motion 1
Gateway sending update to database
12:25:32 Gateway/motion 1
Gateway sending update to database
12:25:32 Gateway/motion 1
Gateway sending update to database
12:25:32 Gateway/motion 1
Gateway sending update to database
12:25:32 Gateway/motion 1
Gateway sending update to database
12:25:32 Gateway/motion 1
Gateway sending update to database
12:25:32 Gateway/motion 1
Gateway sending update to database
12:25:32 Gateway/motion 1
Gateway sending update to database
12:25:32 Gateway/motion 1
Gateway sending update to database
12:25:32 Gateway/motion 1
Gateway sending update to database
12:25:32 Gateway/motion 1
Gateway sending update to database
12:25:32 Gateway/motion 1
Gateway sending update to database
12:25:32 Gateway/motion 1
Gateway sending update to database
12:25:32 Gateway/motion 1
Gateway sending update to database
12:25:32 Gateway/motion 1
Gateway sending update to database
12:25:32 Gateway/motion 1
Gateway sending update to database
12:25:32 Gateway/motion 1
Gateway sending update to database
12:25:32 Gateway/motion 1
Gateway sending update to database
12:25:32 Gateway/motion 1
Gateway sending update to database
12:25:32 Gateway/motion 1
Gateway sending update to database
12:25:32 Gateway/motion 1
Gateway sending update to database
12:25:32 Gateway/motion 1
Gateway sending update to database
12:25:32 Gateway/motion 1
Gateway sending update to database
12:25:32 Gateway/motion 1
Gateway sending update to database
12:25:32 Gateway/motion 1
Gateway sending update to database
12:25:32 Gateway/motion 1
Gateway sending update to database
12:25:32 Gateway/motion 1
Gateway sending update to database
12:25:32 Gateway/motion 1
Gateway sending update to database
12:25:32 Gateway/motion 1
Gateway sending update to database
12:25:32 Gateway/motion 1
Gateway sending update to database
12:25:32 Gateway/motion 1
Gateway sending update to database
12:25:32 Gateway/motion 1
Gateway sending update to database
12:25:32 Gateway/motion 1
Gateway sending update to database
12:25:32 Gateway/motion 1
Gateway sending update to database
12:25:32 Gateway/motion 1
Gateway sending update to database
12:25:32 Gateway/motion 1
Gateway sending update to database
12:25:32 Gateway/motion 1
Gateway sending update to database
12:25:32 Gateway/motion 1
Gateway sending update to database
12:25:32 Gateway/motion 1
Gateway sending update to database
12:25:32 Gateway/motion 1
Gateway sending update to database
12:25:32 Gateway/motion 1
Gateway sending update to database
12:25:32 Gateway/motion 1
Gateway sending update to database
12:25:32 Gateway/motion 1
Gateway sending update to database
12:25:32 Gateway/motion 1
Gateway sending update to database
12:25:32 Gateway/motion 1
Gateway sending update to database
12:25:32 Gateway/motion 1
Gateway sending update to database
12:25:32 Gateway/motion 1
Gateway sending update to database
12:25:32 Gateway/motion 1
Gateway sending update to database
12:25:32 Gateway/motion 1
Gateway sending update to database
12:25:32 Gateway/motion 1
Gateway sending update to database
12:25:32 Gateway/motion 1
Gateway sending update to database
12:25:32 Gateway/motion 1
Gateway sending update to database
12:25:32 Gateway/motion 1
Gateway sending update to database
12:25:32 Gateway/motion 1
Gateway sending update to database
12:25:32 Gateway/motion 1
Gateway sending update to database
12:25:32 Gateway/motion 1
Gateway sending update to database
12:25:32 Gateway/motion 1
Gateway sending update to database
12:25:32 Gateway/motion 1
Gateway sending update to database
12:25:32 Gateway/motion 1
Gateway sending update to database
12:25:32 Gateway/motion 1
Gateway sending update to database
12:25:32 Gateway/motion 1
Gateway sending update to database
12:25:32 Gateway/motion 1
Gateway sending update to database
12:25:32 Gateway/motion 1
Gateway sending update to database
12:25:32 Gateway/motion 1
Gateway sending update to database
12:25:32 Gateway/motion 1
Gateway sending update to database
12:25:32 Gateway/motion 1
Gateway sending update to database
12:25:32 Gateway/motion 1
Gateway sending update to database
12:25:32 Gateway/motion 1
Gateway sending update to database
12:25:32 Gateway/motion 1
Gateway sending update to database
12:25:32 Gateway/motion 1
Gateway sending update to database
12:25:32 Gateway/motion 1
Gateway sending update to database
12:25:32 Gateway/motion 1
Gateway sending update to database
12:25:32 Gateway/motion 1
Gateway sending update to database
12:25:32 Gateway/motion 1
Gateway sending update to database
12:25:32 Gateway/motion 1
Gateway sending update to database
12:25:32 Gateway/motion 1
Gateway sending update to database
12:25:32 Gateway/motion 1
Gateway sending update to database
12:25:32 Gateway/motion 1
Gateway sending update to database
12:25:32 Gateway/motion 1
Gateway sending update to database
12:25:32 Gateway/motion 1
Gateway sending update to database
12:25:32 Gateway/motion 1
Gateway sending update to database
12:25:32 Gateway/motion 1
Gateway sending update to database
12:25:32 Gateway/motion 1
Gateway sending update to database
12:25:32 Gateway/motion 1
Gateway sending update to database
12:25:32 Gateway/motion 1
Gateway sending update to database
12:25:32 Gateway/motion 1
Gateway sending update to database
12:25:32 Gateway/motion 1
Gateway sending update to database
12:25:32 Gateway/motion 1
Gateway sending update to database
12:25:32 Gateway/motion 1
Gateway sending update to database
12:25:32 Gateway/motion 1
Gateway sending update to database
12:25:32 Gateway/motion 1
Gateway sending update to database
12:25:32 Gateway/motion 1
Gateway sending update to database
12:25:32 Gateway/motion 1
Gateway sending update to database
12:25:32 Gateway/motion 1
Gateway sending update to database
12:25:32 Gateway/motion 1
Gateway sending update to database
12:25:32 Gateway/motion 1
Gateway sending update to database
12:25:32 Gateway/motion 1
Gateway sending update to database
12:25:32 Gateway/motion 1
Gateway sending update to database
12:25:32 Gateway/motion 1
Gateway sending update to database
12:25:32 Gateway/motion 1
Gateway sending update to database
12:25:32 Gateway/motion 1
Gateway sending update to database
12:25:32 Gateway/motion 1
Gateway sending update to database
12:25:32 Gateway/motion 1
Gateway sending update to database
12:25:32 Gateway/motion 1
Gateway sending update to database
12:25:32 Gateway/motion 1
Gateway sending update to database
12:25:32 Gateway/motion 1
Gateway sending update to database
12:25:32 Gateway/motion 1
Gateway sending update to database
12:25:32 Gateway/motion 1
Gateway sending update to database
12:25:32 Gateway/motion 1
Gateway sending update to database
12:25:32 Gateway/motion 1
Gateway sending update to database
12:25:32 Gateway/motion 1
Gateway sending update to database
12:25:32 Gateway/motion 1
Gateway sending update to database
12:25:32 Gateway/motion 1
Gateway sending update to database
12:25:32 Gateway/motion 1
Gateway sending update to database
12:25:32 Gateway/motion 1
Gateway sending update to database
12:25:32 Gateway/motion 1
Gateway sending update to database
12:25:32 Gateway/motion 1
Gateway sending update to database
12:25:32 Gateway/motion 1
Gateway sending update to database
12:25:32 Gateway/motion 1
Gateway sending update to database
12:25:32 Gateway/motion 1
Gateway sending update to database
12:25:32 Gateway/motion 1
Gateway sending update to database
12:25:32 Gateway/motion 1
Gateway sending update to database
12:25:32 Gateway/motion 1
Gateway sending update to database
12:25:32 Gateway/motion 1
Gateway sending update to database
12:25:32 Gateway/motion 1
Gateway sending update to database
12:25:32 Gateway/motion 1
Gateway sending update to database
12:25:32 Gateway/motion 1
Gateway sending update to database
12:25:32 Gateway/motion 1
Gateway sending update to database
12:25:32 Gateway/motion 1
Gateway sending update to database
12:25:32 Gateway/motion 1
Gateway sending update to database
12:25:32 Gateway/motion 1
Gateway sending update to database
12:25:32 Gateway/motion 1
Gateway sending update to database
12:25:33 Gateway/motion 1
Gateway sending update to database
12:25:33 Gateway/motion 1
Gateway sending update to database
12:25:33 Gateway/motion 1
Gateway sending update to database
12:25:33 Gateway/motion 1
Gateway sending update to database
12:25:33 Gateway/motion 1
Gateway sending update to database
12:25:33 Gateway/motion 1
Gateway sending update to database
12:25:33 Gateway/motion 1
Gateway sending update to database
12:25:33 Gateway/motion 1
Gateway sending update to database
12:25:33 Gateway/motion 1
Gateway sending update to database
12:25:33 Gateway/motion 1
Gateway sending update to database
12:25:33 Gateway/motion 1
Gateway sending update to database
12:25:33 Gateway/motion 1
Gateway sending update to database
12:25:33 Gateway/motion 1
Gateway sending update to database
12:25:33 Gateway/motion 1
Gateway sending update to database
12:25:33 Gateway/motion 1
Gateway sending update to database
12:25:33 Gateway/motion 1
Gateway sending update to database
12:25:33 Gateway/motion 1
Gateway sending update to database
12:25:33 Gateway/motion 1
Gateway sending update to database
12:25:33 Gateway/motion 1
Gateway sending update to database
12:25:33 Gateway/motion 1
Gateway sending update to database
12:25:33 Gateway/motion 1
Gateway sending update to database
12:25:33 Gateway/motion 1
Gateway sending update to database
12:25:33 Gateway/motion 1
Gateway sending update to database
12:25:33 Gateway/motion 1
Gateway sending update to database
12:25:33 Gateway/motion 1
Gateway sending update to database
12:25:33 Gateway/motion 1
Gateway sending update to database
12:25:33 Gateway/motion 1
Gateway sending update to database
12:25:33 Gateway/motion 1
Gateway sending update to database
12:25:33 Gateway/motion 1
Gateway sending update to database
12:25:33 Gateway/motion 1
Gateway sending update to database
12:25:33 Gateway/motion 1
Gateway sending update to database
12:25:33 Gateway/motion 1
Gateway sending update to database
12:25:33 Gateway/motion 1
Gateway sending update to database
12:25:33 Gateway/motion 1
Gateway sending update to database
12:25:33 Gateway/motion 1
Gateway sending update to database
12:25:33 Gateway/motion 1
Gateway sending update to database
12:25:33 Gateway/motion 1
Gateway sending update to database
12:25:33 Gateway/motion 1
Gateway sending update to database
12:25:33 Gateway/motion 1
Gateway sending update to database
12:25:33 Gateway/motion 1
Gateway sending update to database
12:25:33 Gateway/motion 1
Gateway sending update to database
12:25:33 Gateway/motion 1
Gateway sending update to database
12:25:33 Gateway/motion 1
Gateway sending update to database
12:25:33 Gateway/motion 1
Gateway sending update to database
12:25:33 Gateway/motion 1
Gateway sending update to database
12:25:33 Gateway/motion 1
Gateway sending update to database
12:25:33 Gateway/motion 1
Gateway sending update to database
12:25:33 Gateway/motion 1
Gateway sending update to database
12:25:33 Gateway/motion 1
Gateway sending update to database
12:25:33 Gateway/motion 1
Gateway sending update to database
12:25:33 Gateway/motion 1
Gateway sending update to database
12:25:33 Gateway/motion 1
Gateway sending update to database
12:25:33 Gateway/motion 1
Gateway sending update to database
12:25:33 Gateway/motion 1
Gateway sending update to database
12:25:33 Gateway/motion 1
Gateway sending update to database
12:25:33 Gateway/motion 1
Gateway sending update to database
12:25:33 Gateway/motion 1
Gateway sending update to database
12:25:33 Gateway/motion 1
Gateway sending update to database
12:25:33 Gateway/motion 1
Gateway sending update to database
12:25:33 Gateway/motion 1
Gateway sending update to database
12:25:33 Gateway/motion 1
Gateway sending update to database
12:25:33 Gateway/motion 1
Gateway sending update to database
12:25:33 Gateway/motion 1
Gateway sending update to database
12:25:33 Gateway/motion 1
Gateway sending update to database
12:25:33 Gateway/motion 1
Gateway sending update to database
12:25:33 Gateway/motion 1
Gateway sending update to database
12:25:33 Gateway/motion 1
Gateway sending update to database
12:25:33 Gateway/motion 1
Gateway sending update to database
12:25:33 Gateway/motion 1
Gateway sending update to database
12:25:33 Gateway/motion 1
Gateway sending update to database
12:25:33 Gateway/motion 1
Gateway sending update to database
12:25:33 Gateway/motion 1
Gateway sending update to database
12:25:33 Gateway/motion 1
Gateway sending update to database
12:25:33 Gateway/motion 1
Gateway sending update to database
12:25:33 Gateway/motion 1
Gateway sending update to database
12:25:33 Gateway/motion 1
Gateway sending update to database
12:25:33 Gateway/motion 1
Gateway sending update to database
12:25:33 Gateway/motion 1
Gateway sending update to database
12:25:33 Gateway/motion 1
Gateway sending update to database
12:25:33 Gateway/motion 1
Gateway sending update to database
12:25:33 Gateway/motion 1
Gateway sending update to database
12:25:33 Gateway/motion 1
Gateway sending update to database
12:25:33 Gateway/motion 1
Gateway sending update to database
12:25:33 Gateway/motion 1
Gateway sending update to database
12:25:33 Gateway/motion 1
Gateway sending update to database
12:25:33 Gateway/motion 1
Gateway sending update to database
12:25:33 Gateway/motion 1
Gateway sending update to database
12:25:33 Gateway/motion 1
Gateway sending update to database
12:25:33 Gateway/motion 1
Gateway sending update to database
12:25:33 Gateway/motion 1
Gateway sending update to database
12:25:33 Gateway/motion 1
Gateway sending update to database
12:25:33 Gateway/motion 1
Gateway sending update to database
12:25:33 Gateway/motion 1
Gateway sending update to database
12:25:33 Gateway/motion 1
Gateway sending update to database
12:25:33 Gateway/motion 1
Gateway sending update to database
12:25:33 Gateway/motion 1
Gateway sending update to database
12:25:33 Gateway/motion 1
Gateway sending update to database
12:25:33 Gateway/motion 1
Gateway sending update to database
12:25:33 Gateway/motion 1
Gateway sending update to database
12:25:33 Gateway/motion 1
Gateway sending update to database
12:25:33 Gateway/motion 1
Gateway sending update to database
12:25:33 Gateway/motion 1
Gateway sending update to database
12:25:33 Gateway/motion 1
Gateway sending update to database
12:25:33 Gateway/motion 1
Gateway sending update to database
12:25:33 Gateway/motion 1
Gateway sending update to database
12:25:33 Gateway/motion 1
Gateway sending update to database
12:25:33 Gateway/motion 1
Gateway sending update to database
12:25:33 Gateway/motion 1
Gateway sending update to database
12:25:33 Gateway/motion 1
Gateway sending update to database
12:25:33 Gateway/motion 1
Gateway sending update to database
12:25:33 Gateway/motion 1
Gateway sending update to database
12:25:33 Gateway/motion 1
Gateway sending update to database
12:25:33 Gateway/motion 1
Gateway sending update to database
12:25:33 Gateway/motion 1
Gateway sending update to database
12:25:33 Gateway/motion 1
Gateway sending update to database
12:25:33 Gateway/motion 1
Gateway sending update to database
12:25:33 Gateway/motion 1
Gateway sending update to database
12:25:33 Gateway/motion 1
Gateway sending update to database
12:25:33 Gateway/motion 1
Gateway sending update to database
12:25:33 Gateway/motion 1
Gateway sending update to database
12:25:33 Gateway/motion 1
Gateway sending update to database
12:25:33 Gateway/motion 1
Gateway sending update to database
12:25:33 Gateway/motion 1
Gateway sending update to database
12:25:33 Gateway/motion 1
Gateway sending update to database
12:25:33 Gateway/motion 1
Gateway sending update to database
12:25:33 Gateway/motion 1
Gateway sending update to database
12:25:33 Gateway/motion 1
Gateway sending update to database
12:25:33 Gateway/motion 1
Gateway sending update to database
12:25:33 Gateway/motion 1
Gateway sending update to database
12:25:33 Gateway/motion 1
Gateway sending update to database
12:25:33 Gateway/motion 1
Gateway sending update to database
12:25:33 Gateway/motion 1
Gateway sending update to database
12:25:33 Gateway/motion 1
Gateway sending update to database
12:25:33 Gateway/motion 1
Gateway sending update to database
12:25:33 Gateway/motion 1
Gateway sending update to database
12:25:33 Gateway/motion 1
Gateway sending update to database
12:25:33 Gateway/motion 1
Gateway sending update to database
12:25:33 Gateway/motion 1
Gateway sending update to database
12:25:33 Gateway/motion 1
Gateway sending update to database
12:25:33 Gateway/motion 1
Gateway sending update to database
12:25:33 Gateway/motion 1
Gateway sending update to database
12:25:33 Gateway/motion 1
Gateway sending update to database
12:25:33 Gateway/motion 1
Gateway sending update to database
12:25:33 Gateway/motion 1
Gateway sending update to database
12:25:33 Gateway/motion 1
Gateway sending update to database
12:25:33 Gateway/motion 1
Gateway sending update to database
12:25:33 Gateway/motion 1
Gateway sending update to database
12:25:33 Gateway/motion 1
Gateway sending update to database
12:25:33 Gateway/motion 1
Gateway sending update to database
12:25:33 Gateway/motion 1
Gateway sending update to database
12:25:33 Gateway/motion 1
Gateway sending update to database
12:25:33 Gateway/motion 1
Gateway sending update to database
12:25:33 Gateway/motion 1
Gateway sending update to database
12:25:33 Gateway/motion 1
Gateway sending update to database
12:25:33 Gateway/motion 1
Gateway sending update to database
12:25:33 Gateway/motion 1
Gateway sending update to database
12:25:33 Gateway/motion 1
Gateway sending update to database
12:25:33 Gateway/motion 1
Gateway sending update to database
12:25:33 Gateway/motion 1
Gateway sending update to database
12:25:33 Gateway/motion 1
Gateway sending update to database
12:25:33 Gateway/motion 1
Gateway sending update to database
12:25:33 Gateway/motion 1
Gateway sending update to database
12:25:33 Gateway/motion 1
Gateway sending update to database
12:25:33 Gateway/motion 1
Gateway sending update to database
12:25:33 Gateway/motion 1
Gateway sending update to database
12:25:33 Gateway/motion 1
Gateway sending update to database
12:25:33 Gateway/motion 1
Gateway sending update to database
12:25:33 Gateway/motion 1
Gateway sending update to database
12:25:33 Gateway/motion 1
Gateway sending update to database
12:25:33 Gateway/motion 1
Gateway sending update to database
12:25:33 Gateway/motion 1
Gateway sending update to database
12:25:33 Gateway/motion 1
Gateway sending update to database
12:25:33 Gateway/motion 1
Gateway sending update to database
12:25:33 Gateway/motion 1
Gateway sending update to database
12:25:33 Gateway/motion 1
Gateway sending update to database
12:25:33 Gateway/motion 1
Gateway sending update to database
12:25:33 Gateway/motion 1
Gateway sending update to database
12:25:33 Gateway/motion 1
Gateway sending update to database
12:25:33 Gateway/motion 1
Gateway sending update to database
12:25:33 Gateway/motion 1
Gateway sending update to database
12:25:33 Gateway/motion 1
Gateway sending update to database
12:25:33 Gateway/motion 1
Gateway sending update to database
12:25:33 Gateway/motion 1
Gateway sending update to database
12:25:33 Gateway/motion 1
Gateway sending update to database
12:25:33 Gateway/motion 1
Gateway sending update to database
12:25:33 Gateway/motion 1
Gateway sending update to database
12:25:33 Gateway/motion 1
Gateway sending update to database
12:25:33 Gateway/motion 1
Gateway sending update to database
12:25:33 Gateway/motion 1
Gateway sending update to database
12:25:33 Gateway/motion 1
Gateway sending update to database
12:25:33 Gateway/motion 1
Gateway sending update to database
12:25:33 Gateway/motion 1
Gateway sending update to database
12:25:33 Gateway/motion 1
Gateway sending update to database
12:25:33 Gateway/motion 1
Gateway sending update to database
12:25:33 Gateway/motion 1
Gateway sending update to database
12:25:33 Gateway/motion 1
Gateway sending update to database
12:25:33 Gateway/motion 1
Gateway sending update to database
12:25:33 Gateway/motion 1
Gateway sending update to database
12:25:33 Gateway/motion 1
Gateway sending update to database
12:25:33 Gateway/motion 1
Gateway sending update to database
12:25:33 Gateway/motion 1
Gateway sending update to database
12:25:33 Gateway/motion 1
Gateway sending update to database
12:25:33 Gateway/motion 1
Gateway sending update to database
12:25:33 Gateway/motion 1
Gateway sending update to database
12:25:33 Gateway/motion 1
Gateway sending update to database
12:25:33 Gateway/motion 1
Gateway sending update to database
12:25:33 Gateway/motion 1
Gateway sending update to database
12:25:33 Gateway/motion 1
Gateway sending update to database
12:25:33 Gateway/motion 1
Gateway sending update to database
12:25:33 Gateway/motion 1
Gateway sending update to database
12:25:33 Gateway/motion 1
Gateway sending update to database
12:25:33 Gateway/motion 1
Gateway sending update to database
12:25:33 Gateway/motion 1
Gateway sending update to database
12:25:33 Gateway/motion 1
Gateway sending update to database
12:25:33 Gateway/motion 1
Gateway sending update to database
12:25:33 Gateway/motion 1
Gateway sending update to database
12:25:33 Gateway/motion 1
Gateway sending update to database
12:25:33 Gateway/motion 1
Gateway sending update to database
12:25:33 Gateway/motion 1
Gateway sending update to database
12:25:33 Gateway/motion 1
Gateway sending update to database
12:25:33 Gateway/motion 1
Gateway sending update to database
12:25:33 Gateway/motion 1
Gateway sending update to database
12:25:33 Gateway/motion 1
Gateway sending update to database
12:25:33 Gateway/motion 1
Gateway sending update to database
12:25:33 Gateway/motion 1
Gateway sending update to database
12:25:33 Gateway/motion 1
Gateway sending update to database
12:25:33 Gateway/motion 1
Gateway sending update to database
12:25:33 Gateway/motion 1
Gateway sending update to database
12:25:33 Gateway/motion 1
Gateway sending update to database
12:25:33 Gateway/motion 1
Gateway sending update to database
12:25:33 Gateway/motion 1
Gateway sending update to database
12:25:33 Gateway/motion 1
Gateway sending update to database
12:25:33 Gateway/motion 1
Gateway sending update to database
12:25:33 Gateway/motion 1
Gateway sending update to database
12:25:33 Gateway/motion 1
Gateway sending update to database
12:25:33 Gateway/motion 1
Gateway sending update to database
12:25:33 Gateway/motion 1
Gateway sending update to database
12:25:33 Gateway/motion 1
Gateway sending update to database
12:25:33 Gateway/motion 1
Gateway sending update to database
12:25:33 Gateway/motion 1
Gateway sending update to database
12:25:33 Gateway/motion 1
Gateway sending update to database
12:25:33 Gateway/motion 1
Gateway sending update to database
12:25:33 Gateway/motion 1
Gateway sending update to database
12:25:33 Gateway/motion 1
Gateway sending update to database
12:25:33 Gateway/motion 1
Gateway sending update to database
12:25:33 Gateway/motion 1
Gateway sending update to database
12:25:33 Gateway/motion 1
Gateway sending update to database
12:25:33 Gateway/motion 1
Gateway sending update to database
12:25:33 Gateway/motion 1
Gateway sending update to database
12:25:33 Gateway/motion 1
Gateway sending update to database
12:25:33 Gateway/motion 1
Gateway sending update to database
12:25:33 Gateway/motion 1
Gateway sending update to database
12:25:33 Gateway/motion 1
Gateway sending update to database
12:25:33 Gateway/motion 1
Gateway sending update to database
12:25:33 Gateway/motion 1
Gateway sending update to database
12:25:33 Gateway/motion 1
Gateway sending update to database
12:25:33 Gateway/motion 1
Gateway sending update to database
12:25:33 Gateway/motion 1
Gateway sending update to database
12:25:33 Gateway/motion 1
Gateway sending update to database
12:25:33 Gateway/motion 1
Gateway sending update to database
12:25:33 Gateway/motion 1
Gateway sending update to database
12:25:33 Gateway/motion 1
Gateway sending update to database
12:25:33 Gateway/motion 1
Gateway sending update to database
12:25:33 Gateway/motion 1
Gateway sending update to database
12:25:33 Gateway/motion 1
Gateway sending update to database
12:25:33 Gateway/motion 1
Gateway sending update to database
12:25:33 Gateway/motion 1
Gateway sending update to database
12:25:33 Gateway/motion 1
Gateway sending update to database
12:25:33 Gateway/motion 1
Gateway sending update to database
12:25:33 Gateway/motion 1
Gateway sending update to database
12:25:33 Gateway/motion 1
Gateway sending update to database
12:25:33 Gateway/motion 1
Gateway sending update to database
12:25:33 Gateway/motion 1
Gateway sending update to database
12:25:33 Gateway/motion 1
Gateway sending update to database
12:25:33 Gateway/motion 1
Gateway sending update to database
12:25:33 Gateway/motion 1
Gateway sending update to database
12:25:33 Gateway/motion 1
Gateway sending update to database
12:25:33 Gateway/motion 1
Gateway sending update to database
12:25:33 Gateway/motion 1
Gateway sending update to database
12:25:33 Gateway/motion 1
Gateway sending update to database
12:25:33 Gateway/motion 1
Gateway sending update to database
12:25:33 Gateway/motion 1
Gateway sending update to database
12:25:33 Gateway/motion 1
Gateway sending update to database
12:25:33 Gateway/motion 1
Gateway sending update to database
12:25:33 Gateway/motion 1
Gateway sending update to database
12:25:33 Gateway/motion 1
Gateway sending update to database
12:25:33 Gateway/motion 1
Gateway sending update to database
12:25:33 Gateway/motion 1
Gateway sending update to database
12:25:33 Gateway/motion 1
Gateway sending update to database
12:25:33 Gateway/motion 1
Gateway sending update to database
12:25:33 Gateway/motion 1
Gateway sending update to database
12:25:33 Gateway/motion 1
Gateway sending update to database
12:25:33 Gateway/motion 1
Gateway sending update to database
12:25:33 Gateway/motion 1
Gateway sending update to database
12:25:33 Gateway/motion 1
Gateway sending update to database
12:25:33 Gateway/motion 1
Gateway sending update to database
12:25:33 Gateway/motion 1
Gateway sending update to database
12:25:33 Gateway/motion 1
Gateway sending update to database
12:25:33 Gateway/motion 1
Gateway sending update to database
12:25:33 Gateway/motion 1
Gateway sending update to database
12:25:33 Gateway/motion 1
Gateway sending update to database
12:25:33 Gateway/motion 1
Gateway sending update to database
12:25:33 Gateway/motion 1
Gateway sending update to database
12:25:33 Gateway/motion 1
Gateway sending update to database
12:25:33 Gateway/motion 1
Gateway sending update to database
12:25:33 Gateway/motion 1
Gateway sending update to database
12:25:33 Gateway/motion 1
Gateway sending update to database
12:25:33 Gateway/motion 1
Gateway sending update to database
12:25:33 Gateway/motion 1
Gateway sending update to database
12:25:33 Gateway/motion 1
Gateway sending update to database
12:25:33 Gateway/motion 1
Gateway sending update to database
12:25:33 Gateway/motion 1
Gateway sending update to database
12:25:33 Gateway/motion 1
Gateway sending update to database
12:25:33 Gateway/motion 1
Gateway sending update to database
12:25:33 Gateway/motion 1
Gateway sending update to database
12:25:33 Gateway/motion 1
Gateway sending update to database
12:25:33 Gateway/motion 1
Gateway sending update to database
12:25:33 Gateway/motion 1
Gateway sending update to database
12:25:33 Gateway/motion 1
Gateway sending update to database
12:25:33 Gateway/motion 1
Gateway sending update to database
12:25:33 Gateway/motion 1
Gateway sending update to database
12:25:33 Gateway/motion 1
Gateway sending update to database
12:25:33 Gateway/motion 1
Gateway sending update to database
12:25:33 Gateway/motion 1
Gateway sending update to database
12:25:33 Gateway/motion 1
Gateway sending update to database
12:25:33 Gateway/motion 1
Gateway sending update to database
12:25:33 Gateway/motion 1
Gateway sending update to database
12:25:33 Gateway/motion 1
Gateway sending update to database
12:25:33 Gateway/motion 1
Gateway sending update to database
12:25:33 Gateway/motion 1
Gateway sending update to database
12:25:33 Gateway/motion 1
Gateway sending update to database
12:25:33 Gateway/motion 1
Gateway sending update to database
12:25:33 Gateway/motion 1
Gateway sending update to database
12:25:33 Gateway/motion 1
Gateway sending update to database
12:25:33 Gateway/motion 1
Gateway sending update to database
12:25:33 Gateway/motion 1
Gateway sending update to database
12:25:33 Gateway/motion 1
Gateway sending update to database
12:25:33 Gateway/motion 1
Gateway sending update to database
12:25:33 Gateway/motion 1
Gateway sending update to database
12:25:33 Gateway/motion 1
Gateway sending update to database
12:25:33 Gateway/motion 1
Gateway sending update to database
12:25:33 Gateway/motion 1
Gateway sending update to database
12:25:33 Gateway/motion 1
Gateway sending update to database
12:25:33 Gateway/motion 1
Gateway sending update to database
12:25:33 Gateway/motion 1
Gateway sending update to database
12:25:33 Gateway/motion 1
Gateway sending update to database
12:25:33 Gateway/motion 1
Gateway sending update to database
12:25:33 Gateway/motion 1
Gateway sending update to database
12:25:33 Gateway/motion 1
Gateway sending update to database
12:25:33 Gateway/motion 1
Gateway sending update to database
12:25:33 Gateway/motion 1
Gateway sending update to database
12:25:33 Gateway/motion 1
Gateway sending update to database
12:25:33 Gateway/motion 1
Gateway sending update to database
12:25:33 Gateway/motion 1
Gateway sending update to database
12:25:33 Gateway/motion 1
Gateway sending update to database
12:25:33 Gateway/motion 1
Gateway sending update to database
12:25:33 Gateway/motion 1
Gateway sending update to database
12:25:33 Gateway/motion 1
Gateway sending update to database
12:25:33 Gateway/motion 1
Gateway sending update to database
12:25:33 Gateway/motion 1
Gateway sending update to database
12:25:33 Gateway/motion 1
Gateway sending update to database
12:25:33 Gateway/motion 1
Gateway sending update to database
12:25:33 Gateway/motion 1
Gateway sending update to database
12:25:33 Gateway/motion 1
Gateway sending update to database
12:25:33 Gateway/motion 1
Gateway sending update to database
12:25:33 Gateway/motion 1
Gateway sending update to database
12:25:33 Gateway/motion 1
Gateway sending update to database
12:25:33 Gateway/motion 1
Gateway sending update to database
12:25:33 Gateway/motion 1
Gateway sending update to database
12:25:33 Gateway/motion 1
Gateway sending update to database
12:25:33 Gateway/motion 1
Gateway sending update to database
12:25:33 Gateway/motion 1
Gateway sending update to database
12:25:33 Gateway/motion 1
Gateway sending update to database
12:25:33 Gateway/motion 1
Gateway sending update to database
12:25:33 Gateway/motion 1
Gateway sending update to database
12:25:33 Gateway/motion 1
Gateway sending update to database
12:25:33 Gateway/motion 1
Gateway sending update to database
12:25:33 Gateway/motion 1
Gateway sending update to database
12:25:33 Gateway/motion 1
Gateway sending update to database
12:25:33 Gateway/motion 1
Gateway sending update to database
12:25:33 Gateway/motion 1
Gateway sending update to database
12:25:33 Gateway/motion 1
Gateway sending update to database
12:25:33 Gateway/motion 1
Gateway sending update to database
12:25:33 Gateway/motion 1
Gateway sending update to database
12:25:33 Gateway/motion 1
Gateway sending update to database
12:25:33 Gateway/motion 1
Gateway sending update to database
12:25:33 Gateway/motion 1
Gateway sending update to database
12:25:33 Gateway/motion 1
Gateway sending update to database
12:25:33 Gateway/motion 1
Gateway sending update to database
12:25:33 Gateway/motion 1
Gateway sending update to database
12:25:33 Gateway/motion 1
Gateway sending update to database
12:25:33 Gateway/motion 1
Gateway sending update to database
12:25:33 Gateway/motion 1
Gateway sending update to database
12:25:33 Gateway/motion 1
Gateway sending update to database
12:25:33 Gateway/motion 1
Gateway sending update to database
12:25:33 Gateway/motion 1
Gateway sending update to database
12:25:33 Gateway/motion 1
Gateway sending update to database
12:25:33 Gateway/motion 1
Gateway sending update to database
12:25:33 Gateway/motion 1
Gateway sending update to database
12:25:33 Gateway/motion 1
Gateway sending update to database
12:25:33 Gateway/motion 1
Gateway sending update to database
12:25:33 Gateway/motion 1
Gateway sending update to database
12:25:33 Gateway/motion 1
Gateway sending update to database
12:25:33 Gateway/motion 1
Gateway sending update to database
12:25:33 Gateway/motion 1
Gateway sending update to database
12:25:33 Gateway/motion 1
Gateway sending update to database
12:25:33 Gateway/motion 1
Gateway sending update to database
12:25:33 Gateway/motion 1
Gateway sending update to database
12:25:33 Gateway/motion 1
Gateway sending update to database
12:25:33 Gateway/motion 1
Gateway sending update to database
12:25:33 Gateway/motion 1
Gateway sending update to database
12:25:33 Gateway/motion 1
Gateway sending update to database
12:25:33 Gateway/motion 1
Gateway sending update to database
12:25:33 Gateway/motion 1
Gateway sending update to database
12:25:33 Gateway/motion 1
Gateway sending update to database
12:25:33 Gateway/motion 1
Gateway sending update to database
12:25:33 Gateway/motion 1
Gateway sending update to database
12:25:33 Gateway/motion 1
Gateway sending update to database
12:25:33 Gateway/motion 1
Gateway sending update to database
12:25:33 Gateway/motion 1
Gateway sending update to database
12:25:33 Gateway/motion 1
Gateway sending update to database
12:25:33 Gateway/motion 1
Gateway sending update to database
12:25:33 Gateway/motion 1
Gateway sending update to database
12:25:33 Gateway/motion 1
Gateway sending update to database
12:25:33 Gateway/motion 1
Gateway sending update to database
12:25:33 Gateway/motion 1
Gateway sending update to database
12:25:33 Gateway/motion 1
Gateway sending update to database
12:25:33 Gateway/motion 1
Gateway sending update to database
12:25:33 Gateway/motion 1
Gateway sending update to database
12:25:33 Gateway/motion 1
Gateway sending update to database
12:25:33 Gateway/motion 1
Gateway sending update to database
12:25:33 Gateway/motion 1
Gateway sending update to database
12:25:33 Gateway/motion 1
Gateway sending update to database
12:25:33 Gateway/motion 1
Gateway sending update to database
12:25:33 Gateway/motion 1
Gateway sending update to database
12:25:34 Gateway/motion 1
Gateway sending update to database
12:25:34 Gateway/motion 1
Gateway sending update to database
12:25:34 Gateway/motion 1
Gateway sending update to database
12:25:34 Gateway/motion 1
Gateway sending update to database
12:25:34 Gateway/motion 1
Gateway sending update to database
12:25:34 Gateway/motion 1
Gateway sending update to database
12:25:34 Gateway/motion 1
Gateway sending update to database
12:25:34 Gateway/motion 1
Gateway sending update to database
12:25:34 Gateway/motion 1
Gateway sending update to database
12:25:34 Gateway/motion 1
Gateway sending update to database
12:25:34 Gateway/motion 1
Gateway sending update to database
12:25:34 Gateway/motion 1
Gateway sending update to database
12:25:34 Gateway/motion 1
Gateway sending update to database
12:25:34 Gateway/motion 1
Gateway sending update to database
12:25:34 Gateway/motion 1
Gateway sending update to database
12:25:34 Gateway/motion 1
Gateway sending update to database
12:25:34 Gateway/motion 1
Gateway sending update to database
12:25:34 Gateway/motion 1
Gateway sending update to database
12:25:34 Gateway/motion 1
Gateway sending update to database
12:25:34 Gateway/motion 1
Gateway sending update to database
12:25:34 Gateway/motion 1
Gateway sending update to database
12:25:34 Gateway/motion 1
Gateway sending update to database
12:25:34 Gateway/motion 1
Gateway sending update to database
12:25:34 Gateway/motion 1
Gateway sending update to database
12:25:34 Gateway/motion 1
Gateway sending update to database
12:25:34 Gateway/motion 1
Gateway sending update to database
12:25:34 Gateway/motion 1
Gateway sending update to database
12:25:34 Gateway/motion 1
Gateway sending update to database
12:25:34 Gateway/motion 1
Gateway sending update to database
12:25:34 Gateway/motion 1
Gateway sending update to database
12:25:34 Gateway/motion 1
Gateway sending update to database
12:25:34 Gateway/motion 1
Gateway sending update to database
12:25:34 Gateway/motion 1
Gateway sending update to database
12:25:34 Gateway/motion 1
Gateway sending update to database
12:25:34 Gateway/motion 1
Gateway sending update to database
12:25:34 Gateway/motion 1
Gateway sending update to database
12:25:34 Gateway/motion 1
Gateway sending update to database
12:25:34 Gateway/motion 1
Gateway sending update to database
12:25:34 Gateway/motion 1
Gateway sending update to database
12:25:34 Gateway/motion 1
Gateway sending update to database
12:25:34 Gateway/motion 1
Gateway sending update to database
12:25:34 Gateway/motion 1
Gateway sending update to database
12:25:34 Gateway/motion 1
Gateway sending update to database
12:25:34 Gateway/motion 1
Gateway sending update to database
12:25:34 Gateway/motion 1
Gateway sending update to database
12:25:34 Gateway/motion 1
Gateway sending update to database
12:25:34 Gateway/motion 1
Gateway sending update to database
12:25:34 Gateway/motion 1
Gateway sending update to database
12:25:34 Gateway/motion 1
Gateway sending update to database
12:25:34 Gateway/motion 1
Gateway sending update to database
12:25:34 Gateway/motion 1
Gateway sending update to database
12:25:34 Gateway/motion 1
Gateway sending update to database
12:25:34 Gateway/motion 1
Gateway sending update to database
12:25:34 Gateway/motion 1
Gateway sending update to database
12:25:34 Gateway/motion 1
Gateway sending update to database
12:25:34 Gateway/motion 1
Gateway sending update to database
12:25:34 Gateway/motion 1
Gateway sending update to database
12:25:34 Gateway/motion 1
Gateway sending update to database
12:25:34 Gateway/motion 1
Gateway sending update to database
12:25:34 Gateway/motion 1
Gateway sending update to database
12:25:34 Gateway/motion 1
Gateway sending update to database
12:25:34 Gateway/motion 1
Gateway sending update to database
12:25:34 Gateway/motion 1
Gateway sending update to database
12:25:34 Gateway/motion 1
Gateway sending update to database
12:25:34 Gateway/motion 1
Gateway sending update to database
12:25:34 Gateway/motion 1
Gateway sending update to database
12:25:34 Gateway/motion 1
Gateway sending update to database
12:25:34 Gateway/motion 1
Gateway sending update to database
12:25:34 Gateway/motion 1
Gateway sending update to database
12:25:34 Gateway/motion 1
Gateway sending update to database
12:25:34 Gateway/motion 1
Gateway sending update to database
12:25:34 Gateway/motion 1
Gateway sending update to database
12:25:34 Gateway/motion 1
Gateway sending update to database
12:25:34 Gateway/motion 1
Gateway sending update to database
12:25:34 Gateway/motion 1
Gateway sending update to database
12:25:34 Gateway/motion 1
Gateway sending update to database
12:25:34 Gateway/motion 1
Gateway sending update to database
12:25:34 Gateway/motion 1
Gateway sending update to database
12:25:34 Gateway/motion 1
Gateway sending update to database
12:25:34 Gateway/motion 1
Gateway sending update to database
12:25:34 Gateway/motion 1
Gateway sending update to database
12:25:34 Gateway/motion 1
Gateway sending update to database
12:25:34 Gateway/motion 1
Gateway sending update to database
12:25:34 Gateway/motion 1
Gateway sending update to database
12:25:34 Gateway/motion 1
Gateway sending update to database
12:25:34 Gateway/motion 1
Gateway sending update to database
12:25:34 Gateway/motion 1
Gateway sending update to database
12:25:34 Gateway/motion 1
Gateway sending update to database
12:25:34 Gateway/motion 1
Gateway sending update to database
12:25:34 Gateway/motion 1
Gateway sending update to database
12:25:34 Gateway/motion 1
Gateway sending update to database
12:25:34 Gateway/motion 1
Gateway sending update to database
12:25:34 Gateway/motion 1
Gateway sending update to database
12:25:34 Gateway/motion 1
Gateway sending update to database
12:25:34 Gateway/motion 1
Gateway sending update to database
12:25:34 Gateway/motion 1
Gateway sending update to database
12:25:34 Gateway/motion 1
Gateway sending update to database
12:25:34 Gateway/motion 1
Gateway sending update to database
12:25:34 Gateway/motion 1
Gateway sending update to database
12:25:34 Gateway/motion 1
Gateway sending update to database
12:25:34 Gateway/motion 1
Gateway sending update to database
12:25:34 Gateway/motion 1
Gateway sending update to database
12:25:34 Gateway/motion 1
Gateway sending update to database
12:25:34 Gateway/motion 1
Gateway sending update to database
12:25:34 Gateway/motion 1
Gateway sending update to database
12:25:34 Gateway/motion 1
Gateway sending update to database
12:25:34 Gateway/motion 1
Gateway sending update to database
12:25:34 Gateway/motion 1
Gateway sending update to database
12:25:34 Gateway/motion 1
Gateway sending update to database
12:25:34 Gateway/motion 1
Gateway sending update to database
12:25:34 Gateway/motion 1
Gateway sending update to database
12:25:34 Gateway/motion 1
Gateway sending update to database
12:25:34 Gateway/motion 1
Gateway sending update to database
12:25:34 Gateway/motion 1
Gateway sending update to database
12:25:34 Gateway/motion 1
Gateway sending update to database
12:25:34 Gateway/motion 1
Gateway sending update to database
12:25:34 Gateway/motion 1
Gateway sending update to database
12:25:34 Gateway/motion 1
Gateway sending update to database
12:25:34 Gateway/motion 1
Gateway sending update to database
12:25:34 Gateway/motion 1
Gateway sending update to database
12:25:34 Gateway/motion 1
Gateway sending update to database
12:25:34 Gateway/motion 1
Gateway sending update to database
12:25:34 Gateway/motion 1
Gateway sending update to database
12:25:34 Gateway/motion 1
Gateway sending update to database
12:25:34 Gateway/motion 1
Gateway sending update to database
12:25:34 Gateway/motion 1
Gateway sending update to database
12:25:34 Gateway/motion 1
Gateway sending update to database
12:25:34 Gateway/motion 1
Gateway sending update to database
12:25:34 Gateway/motion 1
Gateway sending update to database
12:25:34 Gateway/motion 1
Gateway sending update to database
12:25:34 Gateway/motion 1
Gateway sending update to database
12:25:34 Gateway/motion 1
Gateway sending update to database
12:25:34 Gateway/motion 1
Gateway sending update to database
12:25:34 Gateway/motion 1
Gateway sending update to database
12:25:34 Gateway/motion 1
Gateway sending update to database
12:25:34 Gateway/motion 1
Gateway sending update to database
12:25:34 Gateway/motion 1
Gateway sending update to database
12:25:34 Gateway/motion 1
Gateway sending update to database
12:25:34 Gateway/motion 1
Gateway sending update to database
12:25:34 Gateway/motion 1
Gateway sending update to database
12:25:34 Gateway/motion 1
Gateway sending update to database
12:25:34 Gateway/motion 1
Gateway sending update to database
12:25:34 Gateway/motion 1
Gateway sending update to database
12:25:34 Gateway/motion 1
Gateway sending update to database
12:25:34 Gateway/motion 1
Gateway sending update to database
12:25:34 Gateway/motion 1
Gateway sending update to database
12:25:34 Gateway/motion 1
Gateway sending update to database
12:25:34 Gateway/motion 1
Gateway sending update to database
12:25:34 Gateway/motion 1
Gateway sending update to database
12:25:34 Gateway/motion 1
Gateway sending update to database
12:25:34 Gateway/motion 1
Gateway sending update to database
12:25:34 Gateway/motion 1
Gateway sending update to database
12:25:34 Gateway/motion 1
Gateway sending update to database
12:25:34 Gateway/motion 1
Gateway sending update to database
12:25:34 Gateway/motion 1
Gateway sending update to database
12:25:34 Gateway/motion 1
Gateway sending update to database
12:25:34 Gateway/motion 1
Gateway sending update to database
12:25:34 Gateway/motion 1
Gateway sending update to database
12:25:34 Gateway/motion 1
Gateway sending update to database
12:25:34 Gateway/motion 1
Gateway sending update to database
12:25:34 Gateway/motion 1
Gateway sending update to database
12:25:34 Gateway/motion 1
Gateway sending update to database
12:25:34 Gateway/motion 1
Gateway sending update to database
12:25:34 Gateway/motion 1
Gateway sending update to database
12:25:34 Gateway/motion 1
Gateway sending update to database
12:25:34 Gateway/motion 1
Gateway sending update to database
12:25:34 Gateway/motion 1
Gateway sending update to database
12:25:34 Gateway/motion 1
Gateway sending update to database
12:25:34 Gateway/motion 1
Gateway sending update to database
12:25:34 Gateway/motion 1
Gateway sending update to database
12:25:34 Gateway/motion 1
Gateway sending update to database
12:25:34 Gateway/motion 1
Gateway sending update to database
12:25:34 Gateway/motion 1
Gateway sending update to database
12:25:34 Gateway/motion 1
Gateway sending update to database
12:25:34 Gateway/motion 1
Gateway sending update to database
12:25:34 Gateway/motion 1
Gateway sending update to database
12:25:34 Gateway/motion 1
Gateway sending update to database
12:25:34 Gateway/motion 1
Gateway sending update to database
12:25:34 Gateway/motion 1
Gateway sending update to database
12:25:34 Gateway/motion 1
Gateway sending update to database
12:25:34 Gateway/motion 1
Gateway sending update to database
12:25:34 Gateway/motion 1
Gateway sending update to database
12:25:34 Gateway/motion 1
Gateway sending update to database
12:25:34 Gateway/motion 1
Gateway sending update to database
12:25:34 Gateway/motion 1
Gateway sending update to database
12:25:34 Gateway/motion 1
Gateway sending update to database
12:25:34 Gateway/motion 1
Gateway sending update to database
12:25:34 Gateway/motion 1
Gateway sending update to database
12:25:34 Gateway/motion 1
Gateway sending update to database
12:25:34 Gateway/motion 1
Gateway sending update to database
12:25:34 Gateway/motion 1
Gateway sending update to database
12:25:35 Gateway/motion 1
Gateway sending update to database
12:25:35 Gateway/motion 1
Gateway sending update to database
12:25:35 Gateway/motion 1
Gateway sending update to database
12:25:35 Gateway/motion 1
Gateway sending update to database
12:25:35 Gateway/motion 1
Gateway sending update to database
12:25:35 Gateway/motion 1
Gateway sending update to database
12:25:35 Gateway/motion 1
Gateway sending update to database
12:25:35 Gateway/motion 1
Gateway sending update to database
12:25:35 Gateway/motion 1
Gateway sending update to database
12:25:35 Gateway/motion 1
Gateway sending update to database
12:25:35 Gateway/motion 1
Gateway sending update to database
12:25:35 Gateway/motion 1
Gateway sending update to database
12:25:35 Gateway/motion 1
Gateway sending update to database
12:25:35 Gateway/motion 1
Gateway sending update to database
12:25:35 Gateway/motion 1
Gateway sending update to database
12:25:35 Gateway/motion 1
Gateway sending update to database
12:25:35 Gateway/motion 1
Gateway sending update to database
12:25:35 Gateway/motion 1
Gateway sending update to database
12:25:35 Gateway/motion 1
Gateway sending update to database
12:25:35 Gateway/motion 1
Gateway sending update to database
12:25:35 Gateway/motion 1
Gateway sending update to database
12:25:35 Gateway/motion 1
Gateway sending update to database
12:25:35 Gateway/motion 1
Gateway sending update to database
12:25:35 Gateway/motion 1
Gateway sending update to database
12:25:35 Gateway/motion 1
Gateway sending update to database
12:25:35 Gateway/motion 1
Gateway sending update to database
12:25:35 Gateway/motion 1
Gateway sending update to database
12:25:35 Gateway/motion 1
Gateway sending update to database
12:25:35 Gateway/motion 1
Gateway sending update to database
12:25:35 Gateway/motion 1
Gateway sending update to database
12:25:35 Gateway/motion 1
Gateway sending update to database
12:25:35 Gateway/motion 1
Gateway sending update to database
12:25:35 Gateway/motion 1
Gateway sending update to database
12:25:35 Gateway/motion 1
Gateway sending update to database
12:25:35 Gateway/motion 1
Gateway sending update to database
12:25:35 Gateway/motion 1
Gateway sending update to database
12:25:35 Gateway/motion 1
Gateway sending update to database
12:25:35 Gateway/motion 1
Gateway sending update to database
12:25:35 Gateway/motion 1
Gateway sending update to database
12:25:35 Gateway/motion 1
Gateway sending update to database
12:25:35 Gateway/motion 1
Gateway sending update to database
12:25:35 Gateway/motion 1
Gateway sending update to database
12:25:35 Gateway/motion 1
Gateway sending update to database
12:25:35 Gateway/motion 1
Gateway sending update to database
12:25:35 Gateway/motion 1
Gateway sending update to database
12:25:35 Gateway/motion 1
Gateway sending update to database
12:25:35 Gateway/motion 1
Gateway sending update to database
12:25:35 Gateway/motion 1
Gateway sending update to database
12:25:35 Gateway/motion 1
Gateway sending update to database
12:25:35 Gateway/motion 1
Gateway sending update to database
12:25:35 Gateway/motion 1
Gateway sending update to database
12:25:35 Gateway/motion 1
Gateway sending update to database
12:25:35 Gateway/motion 1
Gateway sending update to database
12:25:35 Gateway/motion 1
Gateway sending update to database
12:25:35 Gateway/motion 1
Gateway sending update to database
12:25:35 Gateway/motion 1
Gateway sending update to database
12:25:35 Gateway/motion 1
Gateway sending update to database
12:25:35 Gateway/motion 1
Gateway sending update to database
12:25:35 Gateway/motion 1
Gateway sending update to database
12:25:35 Gateway/motion 1
Gateway sending update to database
12:25:35 Gateway/motion 1
Gateway sending update to database
12:25:35 Gateway/motion 1
Gateway sending update to database
12:25:35 Gateway/motion 1
Gateway sending update to database
12:25:35 Gateway/motion 1
Gateway sending update to database
12:25:35 Gateway/motion 1
Gateway sending update to database
12:25:35 Gateway/motion 1
Gateway sending update to database
12:25:35 Gateway/motion 1
Gateway sending update to database
12:25:35 Gateway/motion 1
Gateway sending update to database
12:25:35 Gateway/motion 1
Gateway sending update to database
12:25:35 Gateway/motion 1
Gateway sending update to database
12:25:35 Gateway/motion 1
Gateway sending update to database
12:25:35 Gateway/motion 1
Gateway sending update to database
12:25:35 Gateway/motion 1
Gateway sending update to database
12:25:35 Gateway/motion 1
Gateway sending update to database
12:25:35 Gateway/motion 1
Gateway sending update to database
12:25:35 Gateway/motion 1
Gateway sending update to database
12:25:35 Gateway/motion 1
Gateway sending update to database
12:25:35 Gateway/motion 1
Gateway sending update to database
12:25:35 Gateway/motion 1
Gateway sending update to database
12:25:35 Gateway/motion 1
Gateway sending update to database
12:25:35 Gateway/motion 1
Gateway sending update to database
12:25:35 Gateway/motion 1
Gateway sending update to database
12:25:35 Gateway/motion 1
Gateway sending update to database
12:25:35 Gateway/motion 1
Gateway sending update to database
12:25:35 Gateway/motion 1
Gateway sending update to database
12:25:35 Gateway/motion 1
Gateway sending update to database
12:25:35 Gateway/motion 1
Gateway sending update to database
12:25:35 Gateway/motion 1
Gateway sending update to database
12:25:35 Gateway/motion 1
Gateway sending update to database
12:25:35 Gateway/motion 1
Gateway sending update to database
12:25:35 Gateway/motion 1
Gateway sending update to database
12:25:35 Gateway/motion 1
Gateway sending update to database
12:25:35 Gateway/motion 1
Gateway sending update to database
12:25:35 Gateway/motion 1
Gateway sending update to database
12:25:35 Gateway/motion 1
Gateway sending update to database
12:25:35 Gateway/motion 1
Gateway sending update to database
12:25:35 Gateway/motion 1
Gateway sending update to database
12:25:35 Gateway/motion 1
Gateway sending update to database
12:25:35 Gateway/motion 1
Gateway sending update to database
12:25:35 Gateway/motion 1
Gateway sending update to database
12:25:35 Gateway/motion 1
Gateway sending update to database
12:25:35 Gateway/motion 1
Gateway sending update to database
12:25:35 Gateway/motion 1
Gateway sending update to database
12:25:35 Gateway/motion 1
Gateway sending update to database
12:25:35 Gateway/motion 1
Gateway sending update to database
12:25:35 Gateway/motion 1
Gateway sending update to database
12:25:35 Gateway/motion 1
Gateway sending update to database
12:25:35 Gateway/motion 1
Gateway sending update to database
12:25:35 Gateway/motion 1
Gateway sending update to database
12:25:35 Gateway/motion 1
Gateway sending update to database
12:25:35 Gateway/motion 1
Gateway sending update to database
12:25:35 Gateway/motion 1
Gateway sending update to database
12:25:35 Gateway/motion 1
Gateway sending update to database
12:25:35 Gateway/motion 1
Gateway sending update to database
12:25:35 Gateway/motion 1
Gateway sending update to database
12:25:35 Gateway/motion 1
Gateway sending update to database
12:25:35 Gateway/motion 1
Gateway sending update to database
12:25:35 Gateway/motion 1
Gateway sending update to database
12:25:35 Gateway/motion 1
Gateway sending update to database
12:25:35 Gateway/motion 1
Gateway sending update to database
12:25:35 Gateway/motion 1
Gateway sending update to database
12:25:35 Gateway/motion 1
Gateway sending update to database
12:25:35 Gateway/motion 1
Gateway sending update to database
12:25:35 Gateway/motion 1
Gateway sending update to database
12:25:35 Gateway/motion 1
Gateway sending update to database
12:25:35 Gateway/motion 1
Gateway sending update to database
12:25:35 Gateway/motion 1
Gateway sending update to database
12:25:35 Gateway/motion 1
Gateway sending update to database
12:25:35 Gateway/motion 1
Gateway sending update to database
12:25:35 Gateway/motion 1
Gateway sending update to database
12:25:35 Gateway/motion 1
Gateway sending update to database
12:25:35 Gateway/motion 1
Gateway sending update to database
12:25:35 Gateway/motion 1
Gateway sending update to database
12:25:35 Gateway/motion 1
Gateway sending update to database
12:25:35 Gateway/motion 1
Gateway sending update to database
12:25:35 Gateway/motion 1
Gateway sending update to database
12:25:35 Gateway/motion 1
Gateway sending update to database
12:25:35 Gateway/motion 1
Gateway sending update to database
12:25:35 Gateway/motion 1
Gateway sending update to database
12:25:35 Gateway/motion 1
Gateway sending update to database
12:25:35 Gateway/motion 1
Gateway sending update to database
12:25:35 Gateway/motion 1
Gateway sending update to database
12:25:35 Gateway/motion 1
Gateway sending update to database
12:25:35 Gateway/motion 1
Gateway sending update to database
12:25:35 Gateway/motion 1
Gateway sending update to database
12:25:35 Gateway/motion 1
Gateway sending update to database
12:25:35 Gateway/motion 1
Gateway sending update to database
12:25:35 Gateway/motion 1
Gateway sending update to database
12:25:35 Gateway/motion 1
Gateway sending update to database
12:25:35 Gateway/motion 1
Gateway sending update to database
12:25:35 Gateway/motion 1
Gateway sending update to database
12:25:35 Gateway/motion 1
Gateway sending update to database
12:25:35 Gateway/motion 1
Gateway sending update to database
12:25:35 Gateway/motion 1
Gateway sending update to database
12:25:35 Gateway/motion 1
Gateway sending update to database
12:25:35 Gateway/motion 1
Gateway sending update to database
12:25:35 Gateway/motion 1
Gateway sending update to database
12:25:35 Gateway/motion 1
Gateway sending update to database
12:25:35 Gateway/motion 1
Gateway sending update to database
12:25:35 Gateway/motion 1
Gateway sending update to database
12:25:35 Gateway/motion 1
Gateway sending update to database
12:25:35 Gateway/motion 1
Gateway sending update to database
12:25:35 Gateway/motion 1
Gateway sending update to database
12:25:35 Gateway/motion 1
Gateway sending update to database
12:25:35 Gateway/motion 1
Gateway sending update to database
12:25:35 Gateway/motion 1
Gateway sending update to database
12:25:35 Gateway/motion 1
Gateway sending update to database
12:25:35 Gateway/motion 1
Gateway sending update to database
12:25:35 Gateway/motion 1
Gateway sending update to database
12:25:35 Gateway/motion 1
Gateway sending update to database
12:25:35 Gateway/motion 1
Gateway sending update to database
12:25:35 Gateway/motion 1
Gateway sending update to database
12:25:35 Gateway/motion 1
Gateway sending update to database
12:25:35 Gateway/motion 1
Gateway sending update to database
12:25:35 Gateway/motion 1
Gateway sending update to database
12:25:35 Gateway/motion 1
Gateway sending update to database
12:25:35 Gateway/motion 1
Gateway sending update to database
12:25:35 Gateway/motion 1
Gateway sending update to database
12:25:35 Gateway/motion 1
Gateway sending update to database
12:25:35 Gateway/motion 1
Gateway sending update to database
12:25:35 Gateway/motion 1
Gateway sending update to database
12:25:35 Gateway/motion 1
Gateway sending update to database
12:25:35 Gateway/motion 1
Gateway sending update to database
12:25:35 Gateway/motion 1
Gateway sending update to database
12:25:35 Gateway/motion 1
Gateway sending update to database
12:25:35 Gateway/motion 1
Gateway sending update to database
12:25:35 Gateway/motion 1
Gateway sending update to database
12:25:35 Gateway/motion 1
Gateway sending update to database
12:25:35 Gateway/motion 1
Gateway sending update to database
12:25:35 Gateway/motion 1
Gateway sending update to database
12:25:35 Gateway/motion 1
Gateway sending update to database
12:25:35 Gateway/motion 1
Gateway sending update to database
12:25:35 Gateway/motion 1
Gateway sending update to database
12:25:35 Gateway/motion 1
Gateway sending update to database
12:25:35 Gateway/motion 1
Gateway sending update to database
12:25:35 Gateway/motion 1
Gateway sending update to database
12:25:35 Gateway/motion 1
Gateway sending update to database
12:25:35 Gateway/motion 1
Gateway sending update to database
12:25:35 Gateway/motion 1
Gateway sending update to database
12:25:35 Gateway/motion 1
Gateway sending update to database
12:25:35 Gateway/motion 1
Gateway sending update to database
12:25:35 Gateway/motion 1
Gateway sending update to database
12:25:35 Gateway/motion 1
Gateway sending update to database
12:25:35 Gateway/motion 1
Gateway sending update to database
12:25:35 Gateway/motion 1
Gateway sending update to database
12:25:35 Gateway/motion 1
Gateway sending update to database
12:25:35 Gateway/motion 1
Gateway sending update to database
12:25:35 Gateway/motion 1
Gateway sending update to database
12:25:35 Gateway/motion 1
Gateway sending update to database
12:25:35 Gateway/motion 1
Gateway sending update to database
12:25:35 Gateway/motion 1
Gateway sending update to database
12:25:35 Gateway/motion 1
Gateway sending update to database
12:25:35 Gateway/motion 1
Gateway sending update to database
12:25:35 Gateway/motion 1
Gateway sending update to database
12:25:35 Gateway/motion 1
Gateway sending update to database
12:25:35 Gateway/motion 1
Gateway sending update to database
12:25:35 Gateway/motion 1
Gateway sending update to database
12:25:35 Gateway/motion 1
Gateway sending update to database
12:25:35 Gateway/motion 1
Gateway sending update to database
12:25:35 Gateway/motion 1
Gateway sending update to database
12:25:35 Gateway/motion 1
Gateway sending update to database
12:25:35 Gateway/motion 1
Gateway sending update to database
12:25:35 Gateway/motion 1
Gateway sending update to database
12:25:35 Gateway/motion 1
Gateway sending update to database
12:25:35 Gateway/motion 1
Gateway sending update to database
12:25:35 Gateway/motion 1
Gateway sending update to database
12:25:35 Gateway/motion 1
Gateway sending update to database
12:25:35 Gateway/motion 1
Gateway sending update to database
12:25:35 Gateway/motion 1
Gateway sending update to database
12:25:35 Gateway/motion 1
Gateway sending update to database
12:25:35 Gateway/motion 1
Gateway sending update to database
12:25:35 Gateway/motion 1
Gateway sending update to database
12:25:35 Gateway/motion 1
Gateway sending update to database
12:25:35 Gateway/motion 1
Gateway sending update to database
12:25:35 Gateway/motion 1
Gateway sending update to database
12:25:35 Gateway/motion 1
Gateway sending update to database
12:25:35 Gateway/motion 1
Gateway sending update to database
12:25:35 Gateway/motion 1
Gateway sending update to database
12:25:35 Gateway/motion 1
Gateway sending update to database
12:25:35 Gateway/motion 1
Gateway sending update to database
12:25:35 Gateway/motion 1
Gateway sending update to database
12:25:35 Gateway/motion 1
Gateway sending update to database
12:25:35 Gateway/motion 1
Gateway sending update to database
12:25:35 Gateway/motion 1
Gateway sending update to database
12:25:35 Gateway/motion 1
Gateway sending update to database
12:25:35 Gateway/motion 1
Gateway sending update to database
12:25:35 Gateway/motion 1
Gateway sending update to database
12:25:35 Gateway/motion 1
Gateway sending update to database
12:25:35 Gateway/motion 1
Gateway sending update to database
12:25:35 Gateway/motion 1
Gateway sending update to database
12:25:35 Gateway/motion 1
Gateway sending update to database
12:25:35 Gateway/motion 1
Gateway sending update to database
12:25:35 Gateway/motion 1
Gateway sending update to database
12:25:35 Gateway/motion 1
Gateway sending update to database
12:25:35 Gateway/motion 1
Gateway sending update to database
12:25:35 Gateway/motion 1
Gateway sending update to database
12:25:35 Gateway/motion 1
Gateway sending update to database
12:25:35 Gateway/motion 1
Gateway sending update to database
12:25:35 Gateway/motion 1
Gateway sending update to database
12:25:35 Gateway/motion 1
Gateway sending update to database
12:25:35 Gateway/motion 1
Gateway sending update to database
12:25:35 Gateway/motion 1
Gateway sending update to database
12:25:35 Gateway/motion 1
Gateway sending update to database
12:25:35 Gateway/motion 1
Gateway sending update to database
12:25:35 Gateway/motion 1
Gateway sending update to database
12:25:35 Gateway/motion 1
Gateway sending update to database
12:25:35 Gateway/motion 1
Gateway sending update to database
12:25:35 Gateway/motion 1
Gateway sending update to database
12:25:35 Gateway/motion 1
Gateway sending update to database
12:25:35 Gateway/motion 1
Gateway sending update to database
12:25:35 Gateway/motion 1
Gateway sending update to database
12:25:35 Gateway/motion 1
Gateway sending update to database
12:25:35 Gateway/motion 1
Gateway sending update to database
12:25:35 Gateway/motion 1
Gateway sending update to database
12:25:35 Gateway/motion 1
Gateway sending update to database
12:25:35 Gateway/motion 1
Gateway sending update to database
12:25:35 Gateway/motion 1
Gateway sending update to database
12:25:35 Gateway/motion 1
Gateway sending update to database
12:25:35 Gateway/motion 1
Gateway sending update to database
12:25:35 Gateway/motion 1
Gateway sending update to database
12:25:35 Gateway/motion 1
Gateway sending update to database
12:25:35 Gateway/motion 1
Gateway sending update to database
12:25:35 Gateway/motion 1
Gateway sending update to database
12:25:35 Gateway/motion 1
Gateway sending update to database
12:25:35 Gateway/motion 1
Gateway sending update to database
12:25:35 Gateway/motion 1
Gateway sending update to database
12:25:35 Gateway/motion 1
Gateway sending update to database
12:25:35 Gateway/motion 1
Gateway sending update to database
12:25:35 Gateway/motion 1
Gateway sending update to database
12:25:35 Gateway/motion 1
Gateway sending update to database
12:25:35 Gateway/motion 1
Gateway sending update to database
12:25:35 Gateway/motion 1
Gateway sending update to database
12:25:35 Gateway/motion 1
Gateway sending update to database
12:25:35 Gateway/motion 1
Gateway sending update to database
12:25:35 Gateway/motion 1
Gateway sending update to database
12:25:35 Gateway/motion 1
Gateway sending update to database
12:25:35 Gateway/motion 1
Gateway sending update to database
12:25:35 Gateway/motion 1
Gateway sending update to database
12:25:35 Gateway/motion 1
Gateway sending update to database
12:25:35 Gateway/motion 1
Gateway sending update to database
12:25:35 Gateway/motion 1
Gateway sending update to database
12:25:35 Gateway/motion 1
Gateway sending update to database
12:25:35 Gateway/motion 1
Gateway sending update to database
12:25:35 Gateway/motion 1
Gateway sending update to database
12:25:35 Gateway/motion 1
Gateway sending update to database
12:25:35 Gateway/motion 1
Gateway sending update to database
12:25:35 Gateway/motion 1
Gateway sending update to database
12:25:35 Gateway/motion 1
Gateway sending update to database
12:25:35 Gateway/motion 1
Gateway sending update to database
12:25:35 Gateway/motion 1
Gateway sending update to database
12:25:35 Gateway/motion 1
Gateway sending update to database
12:25:35 Gateway/motion 1
Gateway sending update to database
12:25:35 Gateway/motion 1
Gateway sending update to database
12:25:35 Gateway/motion 1
Gateway sending update to database
12:25:35 Gateway/motion 1
Gateway sending update to database
12:25:35 Gateway/motion 1
Gateway sending update to database
12:25:35 Gateway/motion 1
Gateway sending update to database
12:25:35 Gateway/motion 1
Gateway sending update to database
12:25:35 Gateway/motion 1
Gateway sending update to database
12:25:35 Gateway/motion 1
Gateway sending update to database
12:25:35 Gateway/motion 1
Gateway sending update to database
12:25:35 Gateway/motion 1
Gateway sending update to database
12:25:35 Gateway/motion 1
Gateway sending update to database
12:25:35 Gateway/motion 1
Gateway sending update to database
12:25:35 Gateway/motion 1
Gateway sending update to database
12:25:35 Gateway/motion 1
Gateway sending update to database
12:25:35 Gateway/motion 1
Gateway sending update to database
12:25:35 Gateway/motion 1
Gateway sending update to database
12:25:35 Gateway/motion 1
Gateway sending update to database
12:25:35 Gateway/motion 1
Gateway sending update to database
12:25:35 Gateway/motion 1
Gateway sending update to database
12:25:35 Gateway/motion 1
Gateway sending update to database
12:25:35 Gateway/motion 1
Gateway sending update to database
12:25:35 Gateway/motion 1
Gateway sending update to database
12:25:35 Gateway/motion 1
Gateway sending update to database
12:25:35 Gateway/motion 1
Gateway sending update to database
12:25:35 Gateway/motion 1
Gateway sending update to database
12:25:35 Gateway/motion 1
Gateway sending update to database
12:25:35 Gateway/motion 1
Gateway sending update to database
12:25:35 Gateway/motion 1
Gateway sending update to database
12:25:35 Gateway/motion 1
Gateway sending update to database
12:25:35 Gateway/motion 1
Gateway sending update to database
12:25:35 Gateway/motion 1
Gateway sending update to database
12:25:35 Gateway/motion 1
Gateway sending update to database
12:25:35 Gateway/motion 1
Gateway sending update to database
12:25:35 Gateway/motion 1
Gateway sending update to database
12:25:35 Gateway/motion 1
Gateway sending update to database
12:25:35 Gateway/motion 1
Gateway sending update to database
12:25:35 Gateway/motion 1
Gateway sending update to database
12:25:35 Gateway/motion 1
Gateway sending update to database
12:25:35 Gateway/motion 1
Gateway sending update to database
12:25:35 Gateway/motion 1
Gateway sending update to database
12:25:35 Gateway/motion 1
Gateway sending update to database
12:25:35 Gateway/motion 1
Gateway sending update to database
12:25:35 Gateway/motion 1
Gateway sending update to database
12:25:35 Gateway/motion 1
Gateway sending update to database
12:25:35 Gateway/motion 1
Gateway sending update to database
12:25:35 Gateway/motion 1
Gateway sending update to database
12:25:35 Gateway/motion 1
Gateway sending update to database
12:25:35 Gateway/motion 1
Gateway sending update to database
12:25:35 Gateway/motion 1
Gateway sending update to database
12:25:35 Gateway/motion 1
Gateway sending update to database
12:25:35 Gateway/motion 1
Gateway sending update to database
12:25:35 Gateway/motion 1
Gateway sending update to database
12:25:35 Gateway/motion 1
Gateway sending update to database
12:25:35 Gateway/motion 1
Gateway sending update to database
12:25:36 Gateway/motion 1
Gateway sending update to database
12:25:36 Gateway/motion 1
Gateway sending update to database
12:25:36 Gateway/motion 1
Gateway sending update to database
12:25:36 Gateway/motion 1
Gateway sending update to database
12:25:36 Gateway/motion 1
Gateway sending update to database
12:25:36 Gateway/motion 1
Gateway sending update to database
12:25:36 Gateway/motion 1
Gateway sending update to database
12:25:36 Gateway/motion 1
Gateway sending update to database
12:25:36 Gateway/motion 1
Gateway sending update to database
12:25:36 Gateway/motion 1
Gateway sending update to database
12:25:36 Gateway/motion 1
Gateway sending update to database
12:25:36 Gateway/motion 1
Gateway sending update to database
12:25:36 Gateway/motion 1
Gateway sending update to database
12:25:36 Gateway/motion 1
Gateway sending update to database
12:25:36 Gateway/motion 1
Gateway sending update to database
12:25:36 Gateway/motion 1
Gateway sending update to database
12:25:36 Gateway/motion 1
Gateway sending update to database
12:25:36 Gateway/motion 1
Gateway sending update to database
12:25:36 Gateway/motion 1
Gateway sending update to database
12:25:36 Gateway/motion 1
Gateway sending update to database
12:25:36 Gateway/motion 1
Gateway sending update to database
12:25:36 Gateway/motion 1
Gateway sending update to database
12:25:36 Gateway/motion 1
Gateway sending update to database
12:25:36 Gateway/motion 1
Gateway sending update to database
12:25:36 Gateway/motion 1
Gateway sending update to database
12:25:36 Gateway/motion 1
Gateway sending update to database
12:25:36 Gateway/motion 1
Gateway sending update to database
12:25:36 Gateway/motion 1
Gateway sending update to database
12:25:36 Gateway/motion 1
Gateway sending update to database
12:25:36 Gateway/motion 1
Gateway sending update to database
12:25:36 Gateway/motion 1
Gateway sending update to database
12:25:36 Gateway/motion 1
Gateway sending update to database
12:25:36 Gateway/motion 1
Gateway sending update to database
12:25:36 Gateway/motion 1
Gateway sending update to database
12:25:36 Gateway/motion 1
Gateway sending update to database
12:25:36 Gateway/motion 1
Gateway sending update to database
12:25:36 Gateway/motion 1
Gateway sending update to database
12:25:36 Gateway/motion 1
Gateway sending update to database
12:25:36 Gateway/motion 1
Gateway sending update to database
12:25:36 Gateway/motion 1
Gateway sending update to database
12:25:36 Gateway/motion 1
Gateway sending update to database
12:25:36 Gateway/motion 1
Gateway sending update to database
12:25:36 Gateway/motion 1
Gateway sending update to database
12:25:36 Gateway/motion 1
Gateway sending update to database
12:25:36 Gateway/motion 1
Gateway sending update to database
12:25:36 Gateway/motion 1
Gateway sending update to database
12:25:36 Gateway/motion 1
Gateway sending update to database
12:25:36 Gateway/motion 1
Gateway sending update to database
12:25:36 Gateway/motion 1
Gateway sending update to database
12:25:36 Gateway/motion 1
Gateway sending update to database
12:25:36 Gateway/motion 1
Gateway sending update to database
12:25:36 Gateway/motion 1
Gateway sending update to database
12:25:36 Gateway/motion 1
Gateway sending update to database
12:25:36 Gateway/motion 1
Gateway sending update to database
12:25:36 Gateway/motion 1
Gateway sending update to database
12:25:36 Gateway/motion 1
Gateway sending update to database
12:25:36 Gateway/motion 1
Gateway sending update to database
12:25:36 Gateway/motion 1
Gateway sending update to database
12:25:36 Gateway/motion 1
Gateway sending update to database
12:25:36 Gateway/motion 1
Gateway sending update to database
12:25:36 Gateway/motion 1
Gateway sending update to database
12:25:36 Gateway/motion 1
Gateway sending update to database
12:25:36 Gateway/motion 1
Gateway sending update to database
12:25:36 Gateway/motion 1
Gateway sending update to database
12:25:36 Gateway/motion 1
Gateway sending update to database
12:25:36 Gateway/motion 1
Gateway sending update to database
12:25:36 Gateway/motion 1
Gateway sending update to database
12:25:36 Gateway/motion 1
Gateway sending update to database
12:25:36 Gateway/motion 1
Gateway sending update to database
12:25:36 Gateway/motion 1
Gateway sending update to database
12:25:36 Gateway/motion 1
Gateway sending update to database
12:25:36 Gateway/motion 1
Gateway sending update to database
12:25:36 Gateway/motion 1
Gateway sending update to database
12:25:36 Gateway/motion 1
Gateway sending update to database
12:25:36 Gateway/motion 1
Gateway sending update to database
12:25:36 Gateway/motion 1
Gateway sending update to database
12:25:36 Gateway/motion 1
Gateway sending update to database
12:25:36 Gateway/motion 1
Gateway sending update to database
12:25:36 Gateway/motion 1
Gateway sending update to database
12:25:36 Gateway/motion 1
Gateway sending update to database
12:25:36 Gateway/motion 1
Gateway sending update to database
12:25:36 Gateway/motion 1
Gateway sending update to database
12:25:36 Gateway/motion 1
Gateway sending update to database
12:25:36 Gateway/motion 1
Gateway sending update to database
12:25:36 Gateway/motion 1
Gateway sending update to database
12:25:36 Gateway/motion 1
Gateway sending update to database
12:25:36 Gateway/motion 1
Gateway sending update to database
12:25:36 Gateway/motion 1
Gateway sending update to database
12:25:36 Gateway/motion 1
Gateway sending update to database
12:25:36 Gateway/motion 1
Gateway sending update to database
12:25:36 Gateway/motion 1
Gateway sending update to database
12:25:36 Gateway/motion 1
Gateway sending update to database
12:25:36 Gateway/motion 1
Gateway sending update to database
12:25:36 Gateway/motion 1
Gateway sending update to database
12:25:36 Gateway/motion 1
Gateway sending update to database
12:25:36 Gateway/motion 1
Gateway sending update to database
12:25:36 Gateway/motion 1
Gateway sending update to database
12:25:36 Gateway/motion 1
Gateway sending update to database
12:25:36 Gateway/motion 1
Gateway sending update to database
12:25:36 Gateway/motion 1
Gateway sending update to database
12:25:36 Gateway/motion 1
Gateway sending update to database
12:25:36 Gateway/motion 1
Gateway sending update to database
12:25:36 Gateway/motion 1
Gateway sending update to database
12:25:36 Gateway/motion 1
Gateway sending update to database
12:25:36 Gateway/motion 1
Gateway sending update to database
12:25:36 Gateway/motion 1
Gateway sending update to database
12:25:36 Gateway/motion 1
Gateway sending update to database
12:25:36 Gateway/motion 1
Gateway sending update to database
12:25:36 Gateway/motion 1
Gateway sending update to database
12:25:36 Gateway/motion 1
Gateway sending update to database
12:25:36 Gateway/motion 1
Gateway sending update to database
12:25:36 Gateway/motion 1
Gateway sending update to database
12:25:36 Gateway/motion 1
Gateway sending update to database
12:25:36 Gateway/motion 1
Gateway sending update to database
12:25:36 Gateway/motion 1
Gateway sending update to database
12:25:36 Gateway/motion 1
Gateway sending update to database
12:25:36 Gateway/motion 1
Gateway sending update to database
12:25:36 Gateway/motion 1
Gateway sending update to database
12:25:36 Gateway/motion 1
Gateway sending update to database
12:25:36 Gateway/motion 1
Gateway sending update to database
12:25:36 Gateway/motion 1
Gateway sending update to database
12:25:36 Gateway/motion 1
Gateway sending update to database
12:25:36 Gateway/motion 1
Gateway sending update to database
12:25:36 Gateway/motion 1
Gateway sending update to database
12:25:36 Gateway/motion 1
Gateway sending update to database
12:25:36 Gateway/motion 1
Gateway sending update to database
12:25:36 Gateway/motion 1
Gateway sending update to database
12:25:36 Gateway/motion 1
Gateway sending update to database
12:25:36 Gateway/motion 1
Gateway sending update to database
12:25:36 Gateway/motion 1
Gateway sending update to database
12:25:36 Gateway/motion 1
Gateway sending update to database
12:25:36 Gateway/motion 1
Gateway sending update to database
12:25:36 Gateway/motion 1
Gateway sending update to database
12:25:36 Gateway/motion 1
Gateway sending update to database
12:25:36 Gateway/motion 1
Gateway sending update to database
12:25:36 Gateway/motion 1
Gateway sending update to database
12:25:36 Gateway/motion 1
Gateway sending update to database
12:25:36 Gateway/motion 1
Gateway sending update to database
12:25:36 Gateway/motion 1
Gateway sending update to database
12:25:36 Gateway/motion 1
Gateway sending update to database
12:25:36 Gateway/motion 1
Gateway sending update to database
12:25:36 Gateway/motion 1
Gateway sending update to database
12:25:36 Gateway/motion 1
Gateway sending update to database
12:25:36 Gateway/motion 1
Gateway sending update to database
12:25:36 Gateway/motion 1
Gateway sending update to database
12:25:36 Gateway/motion 1
Gateway sending update to database
12:25:36 Gateway/motion 1
Gateway sending update to database
12:25:36 Gateway/motion 1
Gateway sending update to database
12:25:36 Gateway/motion 1
Gateway sending update to database
12:25:36 Gateway/motion 1
Gateway sending update to database
12:25:36 Gateway/motion 1
Gateway sending update to database
12:25:36 Gateway/motion 1
Gateway sending update to database
12:25:36 Gateway/motion 1
Gateway sending update to database
12:25:36 Gateway/motion 1
Gateway sending update to database
12:25:36 Gateway/motion 1
Gateway sending update to database
12:25:36 Gateway/motion 1
Gateway sending update to database
12:25:36 Gateway/motion 1
Gateway sending update to database
12:25:36 Gateway/motion 1
Gateway sending update to database
12:25:36 Gateway/motion 1
Gateway sending update to database
12:25:36 Gateway/motion 1
Gateway sending update to database
12:25:36 Gateway/motion 1
Gateway sending update to database
12:25:36 Gateway/motion 1
Gateway sending update to database
12:25:36 Gateway/motion 1
Gateway sending update to database
12:25:36 Gateway/motion 1
Gateway sending update to database
12:25:36 Gateway/motion 1
Gateway sending update to database
12:25:36 Gateway/motion 1
Gateway sending update to database
12:25:36 Gateway/motion 1
Gateway sending update to database
12:25:36 Gateway/motion 1
Gateway sending update to database
12:25:36 Gateway/motion 1
Gateway sending update to database
12:25:36 Gateway/motion 1
Gateway sending update to database
12:25:36 Gateway/motion 1
Gateway sending update to database
12:25:36 Gateway/motion 1
Gateway sending update to database
12:25:36 Gateway/motion 1
Gateway sending update to database
12:25:36 Gateway/motion 1
Gateway sending update to database
12:25:36 Gateway/motion 1
Gateway sending update to database
12:25:36 Gateway/motion 1
Gateway sending update to database
12:25:36 Gateway/motion 1
Gateway sending update to database
12:25:36 Gateway/motion 1
Gateway sending update to database
12:25:36 Gateway/motion 1
Gateway sending update to database
12:25:36 Gateway/motion 1
Gateway sending update to database
12:25:36 Gateway/motion 1
Gateway sending update to database
12:25:36 Gateway/motion 1
Gateway sending update to database
12:25:36 Gateway/motion 1
Gateway sending update to database
12:25:36 Gateway/motion 1
Gateway sending update to database
12:25:36 Gateway/motion 1
Gateway sending update to database
12:25:36 Gateway/motion 1
Gateway sending update to database
12:25:36 Gateway/motion 1
Gateway sending update to database
12:25:36 Gateway/motion 1
Gateway sending update to database
12:25:36 Gateway/motion 1
Gateway sending update to database
12:25:36 Gateway/motion 1
Gateway sending update to database
12:25:36 Gateway/motion 1
Gateway sending update to database
12:25:36 Gateway/motion 1
Gateway sending update to database
12:25:36 Gateway/motion 1
Gateway sending update to database
12:25:36 Gateway/motion 1
Gateway sending update to database
12:25:36 Gateway/motion 1
Gateway sending update to database
12:25:36 Gateway/motion 1
Gateway sending update to database
12:25:36 Gateway/motion 1
Gateway sending update to database
12:25:36 Gateway/motion 1
Gateway sending update to database
12:25:36 Gateway/motion 1
Gateway sending update to database
12:25:36 Gateway/motion 1
Gateway sending update to database
12:25:36 Gateway/motion 1
Gateway sending update to database
12:25:36 Gateway/motion 1
Gateway sending update to database
12:25:36 Gateway/motion 1
Gateway sending update to database
12:25:36 Gateway/motion 1
Gateway sending update to database
12:25:36 Gateway/motion 1
Gateway sending update to database
12:25:36 Gateway/motion 1
Gateway sending update to database
12:25:36 Gateway/motion 1
Gateway sending update to database
12:25:36 Gateway/motion 1
Gateway sending update to database
12:25:36 Gateway/motion 1
Gateway sending update to database
12:25:36 Gateway/motion 1
Gateway sending update to database
12:25:36 Gateway/motion 1
Gateway sending update to database
12:25:36 Gateway/motion 1
Gateway sending update to database
12:25:36 Gateway/motion 1
Gateway sending update to database
12:25:36 Gateway/motion 1
Gateway sending update to database
12:25:36 Gateway/motion 1
Gateway sending update to database
12:25:36 Gateway/motion 1
Gateway sending update to database
12:25:36 Gateway/motion 1
Gateway sending update to database
12:25:36 Gateway/motion 1
Gateway sending update to database
12:25:36 Gateway/motion 1
Gateway sending update to database
12:25:36 Gateway/motion 1
Gateway sending update to database
12:25:36 Gateway/motion 1
Gateway sending update to database
12:25:36 Gateway/motion 1
Gateway sending update to database
12:25:36 Gateway/motion 1
Gateway sending update to database
12:25:36 Gateway/motion 1
Gateway sending update to database
12:25:36 Gateway/motion 1
Gateway sending update to database
12:25:36 Gateway/motion 1
Gateway sending update to database
12:25:36 Gateway/motion 1
Gateway sending update to database
12:25:36 Gateway/motion 1
Gateway sending update to database
12:25:36 Gateway/motion 1
Gateway sending update to database
12:25:36 Gateway/motion 1
Gateway sending update to database
12:25:36 Gateway/motion 1
Gateway sending update to database
12:25:36 Gateway/motion 1
Gateway sending update to database
12:25:36 Gateway/motion 1
Gateway sending update to database
12:25:36 Gateway/motion 1
Gateway sending update to database
12:25:36 Gateway/motion 1
Gateway sending update to database
12:25:36 Gateway/motion 1
Gateway sending update to database
12:25:36 Gateway/motion 1
Gateway sending update to database
12:25:36 Gateway/motion 1
Gateway sending update to database
12:25:36 Gateway/motion 1
Gateway sending update to database
12:25:36 Gateway/motion 1
Gateway sending update to database
12:25:36 Gateway/motion 1
Gateway sending update to database
12:25:36 Gateway/motion 1
Gateway sending update to database
12:25:36 Gateway/motion 1
Gateway sending update to database
12:25:36 Gateway/motion 1
Gateway sending update to database
12:25:36 Gateway/motion 1
Gateway sending update to database
12:25:36 Gateway/motion 1
Gateway sending update to database
12:25:36 Gateway/motion 1
Gateway sending update to database
12:25:36 Gateway/motion 1
Gateway sending update to database
12:25:36 Gateway/motion 1
Gateway sending update to database
12:25:36 Gateway/motion 1
Gateway sending update to database
12:25:36 Gateway/motion 1
Gateway sending update to database
12:25:36 Gateway/motion 1
Gateway sending update to database
12:25:36 Gateway/motion 1
Gateway sending update to database
12:25:36 Gateway/motion 1
Gateway sending update to database
12:25:36 Gateway/motion 1
Gateway sending update to database
12:25:36 Gateway/motion 1
Gateway sending update to database
12:25:36 Gateway/motion 1
Gateway sending update to database
12:25:36 Gateway/motion 1
Gateway sending update to database
12:25:36 Gateway/motion 1
Gateway sending update to database
12:25:36 Gateway/motion 1
Gateway sending update to database
12:25:36 Gateway/motion 1
Gateway sending update to database
12:25:36 Gateway/motion 1
Gateway sending update to database
12:25:36 Gateway/motion 1
Gateway sending update to database
12:25:36 Gateway/motion 1
Gateway sending update to database
12:25:36 Gateway/motion 1
Gateway sending update to database
12:25:36 Gateway/motion 1
Gateway sending update to database
12:25:36 Gateway/motion 1
Gateway sending update to database
12:25:36 Gateway/motion 1
Gateway sending update to database
12:25:36 Gateway/motion 1
Gateway sending update to database
12:25:36 Gateway/motion 1
Gateway sending update to database
12:25:36 Gateway/motion 1
Gateway sending update to database
12:25:36 Gateway/motion 1
Gateway sending update to database
12:25:36 Gateway/motion 1
Gateway sending update to database
12:25:36 Gateway/motion 1
Gateway sending update to database
12:25:36 Gateway/motion 1
Gateway sending update to database
12:25:36 Gateway/motion 1
Gateway sending update to database
12:25:37 Gateway/motion 1
Gateway sending update to database
12:25:37 Gateway/motion 1
Gateway sending update to database
12:25:37 Gateway/motion 1
Gateway sending update to database
12:25:37 Gateway/motion 1
Gateway sending update to database
12:25:37 Gateway/motion 1
Gateway sending update to database
12:25:37 Gateway/motion 1
Gateway sending update to database
12:25:37 Gateway/motion 1
Gateway sending update to database
12:25:37 Gateway/motion 1
Gateway sending update to database
12:25:37 Gateway/motion 1
Gateway sending update to database
12:25:37 Gateway/motion 1
Gateway sending update to database
12:25:37 Gateway/motion 1
Gateway sending update to database
12:25:37 Gateway/motion 1
Gateway sending update to database
12:25:37 Gateway/motion 1
Gateway sending update to database
12:25:37 Gateway/motion 1
Gateway sending update to database
12:25:37 Gateway/motion 1
Gateway sending update to database
12:25:37 Gateway/motion 1
Gateway sending update to database
12:25:37 Gateway/motion 1
Gateway sending update to database
12:25:37 Gateway/motion 1
Gateway sending update to database
12:25:37 Gateway/motion 1
Gateway sending update to database
12:25:37 Gateway/motion 1
Gateway sending update to database
12:25:37 Gateway/motion 1
Gateway sending update to database
12:25:37 Gateway/motion 1
Gateway sending update to database
12:25:37 Gateway/motion 1
Gateway sending update to database
12:25:37 Gateway/motion 1
Gateway sending update to database
12:25:37 Gateway/motion 1
Gateway sending update to database
12:25:37 Gateway/motion 1
Gateway sending update to database
12:25:37 Gateway/motion 1
Gateway sending update to database
12:25:37 Gateway/motion 1
Gateway sending update to database
12:25:37 Gateway/motion 1
Gateway sending update to database
12:25:37 Gateway/motion 1
Gateway sending update to database
12:25:37 Gateway/motion 1
Gateway sending update to database
12:25:37 Gateway/motion 1
Gateway sending update to database
12:25:37 Gateway/motion 1
Gateway sending update to database
12:25:37 Gateway/motion 1
Gateway sending update to database
12:25:37 Gateway/motion 1
Gateway sending update to database
12:25:37 Gateway/motion 1
Gateway sending update to database
12:25:37 Gateway/motion 1
Gateway sending update to database
12:25:37 Gateway/motion 1
Gateway sending update to database
12:25:37 Gateway/motion 1
Gateway sending update to database
12:25:37 Gateway/motion 1
Gateway sending update to database
12:25:37 Gateway/motion 1
Gateway sending update to database
12:25:37 Gateway/motion 1
Gateway sending update to database
12:25:37 Gateway/motion 1
Gateway sending update to database
12:25:37 Gateway/motion 1
Gateway sending update to database
12:25:37 Gateway/motion 1
Gateway sending update to database
12:25:37 Gateway/motion 1
Gateway sending update to database
12:25:37 Gateway/motion 1
Gateway sending update to database
12:25:37 Gateway/motion 1
Gateway sending update to database
12:25:37 Gateway/motion 1
Gateway sending update to database
12:25:37 Gateway/motion 1
Gateway sending update to database
12:25:37 Gateway/motion 1
Gateway sending update to database
12:25:37 Gateway/motion 1
Gateway sending update to database
12:25:37 Gateway/motion 1
Gateway sending update to database
12:25:37 Gateway/motion 1
Gateway sending update to database
12:25:37 Gateway/motion 1
Gateway sending update to database
12:25:37 Gateway/motion 1
Gateway sending update to database
12:25:37 Gateway/motion 1
Gateway sending update to database
12:25:37 Gateway/motion 1
Gateway sending update to database
12:25:37 Gateway/motion 1
Gateway sending update to database
12:25:37 Gateway/motion 1
Gateway sending update to database
12:25:37 Gateway/motion 1
Gateway sending update to database
12:25:37 Gateway/motion 1
Gateway sending update to database
12:25:37 Gateway/motion 1
Gateway sending update to database
12:25:37 Gateway/motion 1
Gateway sending update to database
12:25:37 Gateway/motion 1
Gateway sending update to database
12:25:37 Gateway/motion 1
Gateway sending update to database
12:25:37 Gateway/motion 1
Gateway sending update to database
12:25:37 Gateway/motion 1
Gateway sending update to database
12:25:37 Gateway/motion 1
Gateway sending update to database
12:25:37 Gateway/motion 1
Gateway sending update to database
12:25:37 Gateway/motion 1
Gateway sending update to database
12:25:37 Gateway/motion 1
Gateway sending update to database
12:25:37 Gateway/motion 1
Gateway sending update to database
12:25:37 Gateway/motion 1
Gateway sending update to database
12:25:37 Gateway/motion 1
Gateway sending update to database
12:25:37 Gateway/motion 1
Gateway sending update to database
12:25:37 Gateway/motion 1
Gateway sending update to database
12:25:37 Gateway/motion 1
Gateway sending update to database
12:25:37 Gateway/motion 1
Gateway sending update to database
12:25:37 Gateway/motion 1
Gateway sending update to database
12:25:37 Gateway/motion 1
Gateway sending update to database
12:25:37 Gateway/motion 1
Gateway sending update to database
12:25:37 Gateway/motion 1
Gateway sending update to database
12:25:37 Gateway/motion 1
Gateway sending update to database
12:25:37 Gateway/motion 1
Gateway sending update to database
12:25:37 Gateway/motion 1
Gateway sending update to database
12:25:37 Gateway/motion 1
Gateway sending update to database
12:25:37 Gateway/motion 1
Gateway sending update to database
12:25:37 Gateway/motion 1
Gateway sending update to database
12:25:37 Gateway/motion 1
Gateway sending update to database
12:25:37 Gateway/motion 1
Gateway sending update to database
12:25:37 Gateway/motion 1
Gateway sending update to database
12:25:37 Gateway/motion 1
Gateway sending update to database
12:25:37 Gateway/motion 1
Gateway sending update to database
12:25:37 Gateway/motion 1
Gateway sending update to database
12:25:37 Gateway/motion 1
Gateway sending update to database
12:25:37 Gateway/motion 1
Gateway sending update to database
12:25:37 Gateway/motion 1
Gateway sending update to database
12:25:37 Gateway/motion 1
Gateway sending update to database
12:25:37 Gateway/motion 1
Gateway sending update to database
12:25:37 Gateway/motion 1
Gateway sending update to database
12:25:37 Gateway/motion 1
Gateway sending update to database
12:25:37 Gateway/motion 1
Gateway sending update to database
12:25:37 Gateway/motion 1
Gateway sending update to database
12:25:37 Gateway/motion 1
12:25:37 Temperature Sensor Gateway 0.0
Gateway sending update to database
Gateway sending update to database
Gateway sending update to database
12:25:37 Gateway/motion 1
Gateway sending update to database
12:25:37 Gateway/motion 1
Gateway sending update to database
12:25:37 Gateway/motion 1
Gateway sending update to database
12:25:37 Gateway/motion 1
Gateway sending update to database
12:25:37 Gateway/motion 1
Gateway sending update to database
12:25:37 Gateway/motion 1
Gateway sending update to database
12:25:37 Gateway/motion 1
Gateway sending update to database
12:25:37 Gateway/motion 1
Gateway sending update to database
12:25:37 Gateway/motion 1
Gateway sending update to database
12:25:37 Gateway/motion 1
Gateway sending update to database
12:25:37 Gateway/motion 1
Gateway sending update to database
12:25:37 Gateway/motion 1
Gateway sending update to database
12:25:37 Gateway/motion 1
Gateway sending update to database
12:25:37 Gateway/motion 1
Gateway sending update to database
12:25:37 Gateway/motion 1
Gateway sending update to database
12:25:37 Gateway/motion 1
Gateway sending update to database
12:25:37 Gateway/motion 1
Gateway sending update to database
12:25:37 Gateway/motion 1
Gateway sending update to database
12:25:37 Gateway/motion 1
Gateway sending update to database
12:25:37 Gateway/motion 1
Gateway sending update to database
12:25:37 Gateway/motion 1
Gateway sending update to database
12:25:37 Gateway/motion 1
Gateway sending update to database
12:25:37 Gateway/motion 1
Gateway sending update to database
12:25:37 Gateway/motion 1
Gateway sending update to database
12:25:37 Gateway/motion 1
Gateway sending update to database
12:25:37 Gateway/motion 1
Gateway sending update to database
12:25:37 Gateway/motion 1
Gateway sending update to database
12:25:37 Gateway/motion 1
Gateway sending update to database
12:25:37 Gateway/motion 1
Gateway sending update to database
12:25:37 Gateway/motion 1
Gateway sending update to database
12:25:37 Gateway/motion 1
Gateway sending update to database
12:25:37 Gateway/motion 1
Gateway sending update to database
12:25:37 Gateway/motion 1
Gateway sending update to database
12:25:37 Gateway/motion 1
Gateway sending update to database
12:25:37 Gateway/motion 1
Gateway sending update to database
12:25:37 Gateway/motion 1
Gateway sending update to database
12:25:37 Gateway/motion 1
Gateway sending update to database
12:25:37 Gateway/motion 1
Gateway sending update to database
12:25:37 Gateway/motion 1
Gateway sending update to database
12:25:37 Gateway/motion 1
Gateway sending update to database
12:25:37 Gateway/motion 1
Gateway sending update to database
12:25:37 Gateway/motion 1
Gateway sending update to database
12:25:37 Gateway/motion 1
Gateway sending update to database
12:25:37 Gateway/motion 1
Gateway sending update to database
12:25:37 Gateway/motion 1
Gateway sending update to database
12:25:37 Gateway/motion 1
Gateway sending update to database
12:25:37 Gateway/motion 1
Gateway sending update to database
12:25:37 Gateway/motion 1
Gateway sending update to database
12:25:37 Gateway/motion 1
Gateway sending update to database
12:25:37 Gateway/motion 1
Gateway sending update to database
12:25:37 Gateway/motion 1
Gateway sending update to database
12:25:37 Gateway/motion 1
Gateway sending update to database
12:25:37 Gateway/motion 1
Gateway sending update to database
12:25:37 Gateway/motion 1
Gateway sending update to database
12:25:37 Gateway/motion 1
Gateway sending update to database
12:25:37 Gateway/motion 1
Gateway sending update to database
12:25:37 Gateway/motion 1
Gateway sending update to database
12:25:37 Gateway/motion 1
Gateway sending update to database
12:25:37 Gateway/motion 1
Gateway sending update to database
12:25:37 Gateway/motion 1
Gateway sending update to database
12:25:37 Gateway/motion 1
Gateway sending update to database
12:25:37 Gateway/motion 1
Gateway sending update to database
12:25:37 Gateway/motion 1
Gateway sending update to database
12:25:37 Gateway/motion 1
Gateway sending update to database
12:25:37 Gateway/motion 1
Gateway sending update to database
12:25:37 Gateway/motion 1
Gateway sending update to database
12:25:37 Gateway/motion 1
Gateway sending update to database
12:25:37 Gateway/motion 1
Gateway sending update to database
12:25:37 Gateway/motion 1
Gateway sending update to database
12:25:37 Gateway/motion 1
Gateway sending update to database
12:25:37 Gateway/motion 1
Gateway sending update to database
12:25:37 Gateway/motion 1
Gateway sending update to database
12:25:37 Gateway/motion 1
Gateway sending update to database
12:25:37 Gateway/motion 1
Gateway sending update to database
12:25:37 Gateway/motion 1
Gateway sending update to database
12:25:37 Gateway/motion 1
Gateway sending update to database
12:25:37 Gateway/motion 1
Gateway sending update to database
12:25:37 Gateway/motion 1
Gateway sending update to database
12:25:37 Gateway/motion 1
Gateway sending update to database
12:25:37 Gateway/motion 1
Gateway sending update to database
12:25:37 Gateway/motion 1
Gateway sending update to database
12:25:37 Gateway/motion 1
Gateway sending update to database
12:25:37 Gateway/motion 1
Gateway sending update to database
12:25:37 Gateway/motion 1
Gateway sending update to database
12:25:37 Gateway/motion 1
Gateway sending update to database
12:25:37 Gateway/motion 1
Gateway sending update to database
12:25:37 Gateway/motion 1
Gateway sending update to database
12:25:37 Gateway/motion 1
Gateway sending update to database
12:25:37 Gateway/motion 1
Gateway sending update to database
12:25:37 Gateway/motion 1
Gateway sending update to database
12:25:37 Gateway/motion 1
Gateway sending update to database
12:25:37 Gateway/motion 1
Gateway sending update to database
12:25:37 Gateway/motion 1
Gateway sending update to database
12:25:37 Gateway/motion 1
Gateway sending update to database
12:25:37 Gateway/motion 1
Gateway sending update to database
12:25:37 Gateway/motion 1
Gateway sending update to database
12:25:37 Gateway/motion 1
Gateway sending update to database
12:25:37 Gateway/motion 1
Gateway sending update to database
12:25:37 Gateway/motion 1
Gateway sending update to database
12:25:37 Gateway/motion 1
Gateway sending update to database
12:25:37 Gateway/motion 1
Gateway sending update to database
12:25:37 Gateway/motion 1
Gateway sending update to database
12:25:37 Gateway/motion 1
Gateway sending update to database
12:25:37 Gateway/motion 1
Gateway sending update to database
12:25:37 Gateway/motion 1
Gateway sending update to database
12:25:37 Gateway/motion 1
Gateway sending update to database
12:25:37 Gateway/motion 1
Gateway sending update to database
12:25:37 Gateway/motion 1
Gateway sending update to database
12:25:37 Gateway/motion 1
Gateway sending update to database
12:25:37 Gateway/motion 1
Gateway sending update to database
12:25:37 Gateway/motion 1
Gateway sending update to database
12:25:37 Gateway/motion 1
Gateway sending update to database
12:25:37 Gateway/motion 1
Gateway sending update to database
12:25:37 Gateway/motion 1
Gateway sending update to database
12:25:37 Gateway/motion 1
Gateway sending update to database
12:25:37 Gateway/motion 1
Gateway sending update to database
12:25:37 Gateway/motion 1
Gateway sending update to database
12:25:37 Gateway/motion 1
Gateway sending update to database
12:25:37 Gateway/motion 1
Gateway sending update to database
12:25:37 Gateway/motion 1
Gateway sending update to database
12:25:37 Gateway/motion 1
Gateway sending update to database
12:25:37 Gateway/motion 1
Gateway sending update to database
12:25:37 Gateway/motion 1
Gateway sending update to database
12:25:37 Gateway/motion 1
Gateway sending update to database
12:25:37 Gateway/motion 1
Gateway sending update to database
12:25:37 Gateway/motion 1
Gateway sending update to database
12:25:37 Gateway/motion 1
Gateway sending update to database
12:25:37 Gateway/motion 1
Gateway sending update to database
12:25:37 Gateway/motion 1
Gateway sending update to database
12:25:37 Gateway/motion 1
Gateway sending update to database
12:25:37 Gateway/motion 1
Gateway sending update to database
12:25:37 Gateway/motion 1
Gateway sending update to database
12:25:37 Gateway/motion 1
Gateway sending update to database
12:25:37 Gateway/motion 1
Gateway sending update to database
12:25:37 Gateway/motion 1
Gateway sending update to database
12:25:37 Gateway/motion 1
Gateway sending update to database
12:25:37 Gateway/motion 1
Gateway sending update to database
12:25:37 Gateway/motion 1
Gateway sending update to database
12:25:37 Gateway/motion 1
Gateway sending update to database
12:25:37 Gateway/motion 1
Gateway sending update to database
12:25:37 Gateway/motion 1
Gateway sending update to database
12:25:37 Gateway/motion 1
Gateway sending update to database
12:25:37 Gateway/motion 1
Gateway sending update to database
12:25:37 Gateway/motion 1
Gateway sending update to database
12:25:37 Gateway/motion 1
Gateway sending update to database
12:25:37 Gateway/motion 1
Gateway sending update to database
12:25:37 Gateway/motion 1
Gateway sending update to database
12:25:37 Gateway/motion 1
Gateway sending update to database
12:25:37 Gateway/motion 1
Gateway sending update to database
12:25:37 Gateway/motion 1
Gateway sending update to database
12:25:37 Gateway/motion 1
Gateway sending update to database
12:25:37 Gateway/motion 1
Gateway sending update to database
12:25:37 Gateway/motion 1
Gateway sending update to database
12:25:37 Gateway/motion 1
Gateway sending update to database
12:25:37 Gateway/motion 1
Gateway sending update to database
12:25:37 Gateway/motion 1
Gateway sending update to database
12:25:37 Gateway/motion 1
Gateway sending update to database
12:25:37 Gateway/motion 1
Gateway sending update to database
12:25:37 Gateway/motion 1
Gateway sending update to database
12:25:37 Gateway/motion 1
Gateway sending update to database
12:25:37 Gateway/motion 1
Gateway sending update to database
12:25:37 Gateway/motion 1
Gateway sending update to database
12:25:37 Gateway/motion 1
Gateway sending update to database
12:25:37 Gateway/motion 1
Gateway sending update to database
12:25:37 Gateway/motion 1
Gateway sending update to database
12:25:37 Gateway/motion 1
Gateway sending update to database
12:25:37 Gateway/motion 1
Gateway sending update to database
12:25:37 Gateway/motion 1
Gateway sending update to database
12:25:37 Gateway/motion 1
Gateway sending update to database
12:25:37 Gateway/motion 1
Gateway sending update to database
12:25:37 Gateway/motion 1
Gateway sending update to database
12:25:37 Gateway/motion 1
Gateway sending update to database
12:25:37 Gateway/motion 1
Gateway sending update to database
12:25:37 Gateway/motion 1
Gateway sending update to database
12:25:37 Gateway/motion 1
Gateway sending update to database
12:25:37 Gateway/motion 1
Gateway sending update to database
12:25:37 Gateway/motion 1
Gateway sending update to database
12:25:37 Gateway/motion 1
Gateway sending update to database
12:25:37 Gateway/motion 1
Gateway sending update to database
12:25:37 Gateway/motion 1
Gateway sending update to database
12:25:37 Gateway/motion 1
Gateway sending update to database
12:25:37 Gateway/motion 1
Gateway sending update to database
12:25:37 Gateway/motion 1
Gateway sending update to database
12:25:37 Gateway/motion 1
Gateway sending update to database
12:25:37 Gateway/motion 1
Gateway sending update to database
12:25:37 Gateway/motion 1
Gateway sending update to database
12:25:37 Gateway/motion 1
Gateway sending update to database
12:25:37 Gateway/motion 1
Gateway sending update to database
12:25:37 Gateway/motion 1
Gateway sending update to database
12:25:37 Gateway/motion 1
Gateway sending update to database
12:25:37 Gateway/motion 1
Gateway sending update to database
12:25:37 Gateway/motion 1
Gateway sending update to database
12:25:37 Gateway/motion 1
Gateway sending update to database
12:25:37 Gateway/motion 1
Gateway sending update to database
12:25:37 Gateway/motion 1
Gateway sending update to database
12:25:37 Gateway/motion 1
Gateway sending update to database
12:25:37 Gateway/motion 1
Gateway sending update to database
12:25:37 Gateway/motion 1
Gateway sending update to database
12:25:37 Gateway/motion 1
Gateway sending update to database
12:25:37 Gateway/motion 1
Gateway sending update to database
12:25:37 Gateway/motion 1
Gateway sending update to database
12:25:37 Gateway/motion 1
Gateway sending update to database
12:25:37 Gateway/motion 1
Gateway sending update to database
12:25:37 Gateway/motion 1
Gateway sending update to database
12:25:37 Gateway/motion 1
Gateway sending update to database
12:25:37 Gateway/motion 1
Gateway sending update to database
12:25:37 Gateway/motion 1
Gateway sending update to database
12:25:37 Gateway/motion 1
Gateway sending update to database
12:25:37 Gateway/motion 1
Gateway sending update to database
12:25:37 Gateway/motion 1
Gateway sending update to database
12:25:37 Gateway/motion 1
Gateway sending update to database
12:25:37 Gateway/motion 1
Gateway sending update to database
12:25:37 Gateway/motion 1
Gateway sending update to database
12:25:37 Gateway/motion 1
Gateway sending update to database
12:25:37 Gateway/motion 1
Gateway sending update to database
12:25:37 Gateway/motion 1
Gateway sending update to database
12:25:37 Gateway/motion 1
Gateway sending update to database
12:25:37 Gateway/motion 1
Gateway sending update to database
12:25:37 Gateway/motion 1
Gateway sending update to database
12:25:37 Gateway/motion 1
Gateway sending update to database
12:25:37 Gateway/motion 1
Gateway sending update to database
12:25:37 Gateway/motion 1
Gateway sending update to database
12:25:37 Gateway/motion 1
Gateway sending update to database
12:25:37 Gateway/motion 1
Gateway sending update to database
12:25:37 Gateway/motion 1
Gateway sending update to database
12:25:37 Gateway/motion 1
Gateway sending update to database
12:25:37 Gateway/motion 1
Gateway sending update to database
12:25:37 Gateway/motion 1
Gateway sending update to database
12:25:37 Gateway/motion 1
Gateway sending update to database
12:25:37 Gateway/motion 1
Gateway sending update to database
12:25:37 Gateway/motion 1
Gateway sending update to database
12:25:37 Gateway/motion 1
Gateway sending update to database
12:25:37 Gateway/motion 1
Gateway sending update to database
12:25:37 Gateway/motion 1
Gateway sending update to database
12:25:37 Gateway/motion 1
Gateway sending update to database
12:25:37 Gateway/motion 1
Gateway sending update to database
12:25:37 Gateway/motion 1
Gateway sending update to database
12:25:37 Gateway/motion 1
Gateway sending update to database
12:25:37 Gateway/motion 1
Gateway sending update to database
12:25:37 Gateway/motion 1
Gateway sending update to database
12:25:37 Gateway/motion 1
Gateway sending update to database
12:25:37 Gateway/motion 1
Gateway sending update to database
12:25:37 Gateway/motion 1
Gateway sending update to database
12:25:37 Gateway/motion 1
Gateway sending update to database
12:25:37 Gateway/motion 1
Gateway sending update to database
12:25:37 Gateway/motion 1
Gateway sending update to database
12:25:37 Gateway/motion 1
Gateway sending update to database
12:25:37 Gateway/motion 1
Gateway sending update to database
12:25:38 Gateway/motion 1
Gateway sending update to database
12:25:38 Gateway/motion 1
Gateway sending update to database
12:25:38 Gateway/motion 1
Gateway sending update to database
12:25:38 Gateway/motion 1
Gateway sending update to database
12:25:38 Gateway/motion 1
Gateway sending update to database
12:25:38 Gateway/motion 1
Gateway sending update to database
12:25:38 Gateway/motion 1
Gateway sending update to database
12:25:38 Gateway/motion 1
Gateway sending update to database
12:25:38 Gateway/motion 1
Gateway sending update to database
12:25:38 Gateway/motion 1
Gateway sending update to database
12:25:38 Gateway/motion 1
Gateway sending update to database
12:25:38 Gateway/motion 1
Gateway sending update to database
12:25:38 Gateway/motion 1
Gateway sending update to database
12:25:38 Gateway/motion 1
Gateway sending update to database
12:25:38 Gateway/motion 1
Gateway sending update to database
12:25:38 Gateway/motion 1
Gateway sending update to database
12:25:38 Gateway/motion 1
Gateway sending update to database
12:25:38 Gateway/motion 1
Gateway sending update to database
12:25:38 Gateway/motion 1
Gateway sending update to database
12:25:38 Gateway/motion 1
Gateway sending update to database
12:25:38 Gateway/motion 1
Gateway sending update to database
12:25:38 Gateway/motion 1
Gateway sending update to database
12:25:38 Gateway/motion 1
Gateway sending update to database
12:25:38 Gateway/motion 1
Gateway sending update to database
12:25:38 Gateway/motion 1
Gateway sending update to database
12:25:38 Gateway/motion 1
Gateway sending update to database
12:25:38 Gateway/motion 1
Gateway sending update to database
12:25:38 Gateway/motion 1
Gateway sending update to database
12:25:38 Gateway/motion 1
Gateway sending update to database
12:25:38 Gateway/motion 1
Gateway sending update to database
12:25:38 Gateway/motion 1
Gateway sending update to database
12:25:38 Gateway/motion 1
Gateway sending update to database
12:25:38 Gateway/motion 1
Gateway sending update to database
12:25:38 Gateway/motion 1
Gateway sending update to database
12:25:38 Gateway/motion 1
Gateway sending update to database
12:25:38 Gateway/motion 1
Gateway sending update to database
12:25:38 Gateway/motion 1
Gateway sending update to database
12:25:38 Gateway/motion 1
Gateway sending update to database
12:25:38 Gateway/motion 1
Gateway sending update to database
12:25:38 Gateway/motion 1
Gateway sending update to database
12:25:38 Gateway/motion 1
Gateway sending update to database
12:25:38 Gateway/motion 1
Gateway sending update to database
12:25:38 Gateway/motion 1
Gateway sending update to database
12:25:38 Gateway/motion 1
Gateway sending update to database
12:25:38 Gateway/motion 1
Gateway sending update to database
12:25:38 Gateway/motion 1
Gateway sending update to database
12:25:38 Gateway/motion 1
Gateway sending update to database
12:25:38 Gateway/motion 1
Gateway sending update to database
12:25:38 Gateway/motion 1
Gateway sending update to database
12:25:38 Gateway/motion 1
Gateway sending update to database
12:25:38 Gateway/motion 1
Gateway sending update to database
12:25:38 Gateway/motion 1
Gateway sending update to database
12:25:38 Gateway/motion 1
Gateway sending update to database
12:25:38 Gateway/motion 1
Gateway sending update to database
12:25:38 Gateway/motion 1
Gateway sending update to database
12:25:38 Gateway/motion 1
Gateway sending update to database
12:25:38 Gateway/motion 1
Gateway sending update to database
12:25:38 Gateway/motion 1
Gateway sending update to database
12:25:38 Gateway/motion 1
Gateway sending update to database
12:25:38 Gateway/motion 1
Gateway sending update to database
12:25:38 Gateway/motion 1
Gateway sending update to database
12:25:38 Gateway/motion 1
Gateway sending update to database
12:25:38 Gateway/motion 1
Gateway sending update to database
12:25:38 Gateway/motion 1
Gateway sending update to database
12:25:38 Gateway/motion 1
Gateway sending update to database
12:25:38 Gateway/motion 1
Gateway sending update to database
12:25:38 Gateway/motion 1
Gateway sending update to database
12:25:38 Gateway/motion 1
Gateway sending update to database
12:25:38 Gateway/motion 1
Gateway sending update to database
12:25:38 Gateway/motion 1
Gateway sending update to database
12:25:38 Gateway/motion 1
Gateway sending update to database
12:25:38 Gateway/motion 1
Gateway sending update to database
12:25:38 Gateway/motion 1
Gateway sending update to database
12:25:38 Gateway/motion 1
Gateway sending update to database
12:25:38 Gateway/motion 1
Gateway sending update to database
12:25:38 Gateway/motion 1
Gateway sending update to database
12:25:38 Gateway/motion 1
Gateway sending update to database
12:25:38 Gateway/motion 1
Gateway sending update to database
12:25:38 Gateway/motion 1
Gateway sending update to database
12:25:38 Gateway/motion 1
Gateway sending update to database
12:25:38 Gateway/motion 1
Gateway sending update to database
12:25:38 Gateway/motion 1
Gateway sending update to database
12:25:38 Gateway/motion 1
Gateway sending update to database
12:25:38 Gateway/motion 1
Gateway sending update to database
12:25:38 Gateway/motion 1
Gateway sending update to database
12:25:38 Gateway/motion 1
Gateway sending update to database
12:25:38 Gateway/motion 1
Gateway sending update to database
12:25:38 Gateway/motion 1
Gateway sending update to database
12:25:38 Gateway/motion 1
Gateway sending update to database
12:25:38 Gateway/motion 1
Gateway sending update to database
12:25:38 Gateway/motion 1
Gateway sending update to database
12:25:38 Gateway/motion 1
Gateway sending update to database
12:25:38 Gateway/motion 1
Gateway sending update to database
12:25:38 Gateway/motion 1
Gateway sending update to database
12:25:38 Gateway/motion 1
Gateway sending update to database
12:25:38 Gateway/motion 1
Gateway sending update to database
12:25:38 Gateway/motion 1
Gateway sending update to database
12:25:38 Gateway/motion 1
Gateway sending update to database
12:25:38 Gateway/motion 1
Gateway sending update to database
12:25:38 Gateway/motion 1
Gateway sending update to database
12:25:38 Gateway/motion 1
Gateway sending update to database
12:25:38 Gateway/motion 1
Gateway sending update to database
12:25:38 Gateway/motion 1
Gateway sending update to database
12:25:38 Gateway/motion 1
Gateway sending update to database
12:25:38 Gateway/motion 1
Gateway sending update to database
12:25:38 Gateway/motion 1
Gateway sending update to database
12:25:38 Gateway/motion 1
Gateway sending update to database
12:25:38 Gateway/motion 1
Gateway sending update to database
12:25:38 Gateway/motion 1
Gateway sending update to database
12:25:38 Gateway/motion 1
Gateway sending update to database
12:25:38 Gateway/motion 1
Gateway sending update to database
12:25:38 Gateway/motion 1
Gateway sending update to database
12:25:38 Gateway/motion 1
Gateway sending update to database
12:25:38 Gateway/motion 1
Gateway sending update to database
12:25:38 Gateway/motion 1
Gateway sending update to database
12:25:38 Gateway/motion 1
Gateway sending update to database
12:25:38 Gateway/motion 1
Gateway sending update to database
12:25:38 Gateway/motion 1
Gateway sending update to database
12:25:38 Gateway/motion 1
Gateway sending update to database
12:25:38 Gateway/motion 1
Gateway sending update to database
12:25:38 Gateway/motion 1
Gateway sending update to database
12:25:38 Gateway/motion 1
Gateway sending update to database
12:25:38 Gateway/motion 1
Gateway sending update to database
12:25:38 Gateway/motion 1
Gateway sending update to database
12:25:38 Gateway/motion 1
Gateway sending update to database
12:25:38 Gateway/motion 1
Gateway sending update to database
12:25:38 Gateway/motion 1
Gateway sending update to database
12:25:38 Gateway/motion 1
Gateway sending update to database
12:25:38 Gateway/motion 1
Gateway sending update to database
12:25:38 Gateway/motion 1
Gateway sending update to database
12:25:38 Gateway/motion 1
Gateway sending update to database
12:25:38 Gateway/motion 1
Gateway sending update to database
12:25:38 Gateway/motion 1
Gateway sending update to database
12:25:38 Gateway/motion 1
Gateway sending update to database
12:25:38 Gateway/motion 1
Gateway sending update to database
12:25:38 Gateway/motion 1
Gateway sending update to database
12:25:38 Gateway/motion 1
Gateway sending update to database
12:25:38 Gateway/motion 1
Gateway sending update to database
12:25:38 Gateway/motion 1
Gateway sending update to database
12:25:38 Gateway/motion 1
Gateway sending update to database
12:25:38 Gateway/motion 1
Gateway sending update to database
12:25:38 Gateway/motion 1
Gateway sending update to database
12:25:38 Gateway/motion 1
Gateway sending update to database
12:25:38 Gateway/motion 1
Gateway sending update to database
12:25:38 Gateway/motion 1
Gateway sending update to database
12:25:38 Gateway/motion 1
Gateway sending update to database
12:25:38 Gateway/motion 1
Gateway sending update to database
12:25:38 Gateway/motion 1
Gateway sending update to database
12:25:38 Gateway/motion 1
Gateway sending update to database
12:25:38 Gateway/motion 1
Gateway sending update to database
12:25:38 Gateway/motion 1
Gateway sending update to database
12:25:38 Gateway/motion 1
Gateway sending update to database
12:25:38 Gateway/motion 1
Gateway sending update to database
12:25:38 Gateway/motion 1
Gateway sending update to database
12:25:38 Gateway/motion 1
Gateway sending update to database
12:25:38 Gateway/motion 1
Gateway sending update to database
12:25:38 Gateway/motion 1
Gateway sending update to database
12:25:38 Gateway/motion 1
Gateway sending update to database
12:25:38 Gateway/motion 1
Gateway sending update to database
12:25:38 Gateway/motion 1
Gateway sending update to database
12:25:38 Gateway/motion 1
Gateway sending update to database
12:25:38 Gateway/motion 1
Gateway sending update to database
12:25:38 Gateway/motion 1
Gateway sending update to database
12:25:38 Gateway/motion 1
Gateway sending update to database
12:25:38 Gateway/motion 1
Gateway sending update to database
12:25:38 Gateway/motion 1
Gateway sending update to database
12:25:38 Gateway/motion 1
Gateway sending update to database
12:25:38 Gateway/motion 1
Gateway sending update to database
12:25:38 Gateway/motion 1
Gateway sending update to database
12:25:38 Gateway/motion 1
Gateway sending update to database
12:25:38 Gateway/motion 1
Gateway sending update to database
12:25:38 Gateway/motion 1
Gateway sending update to database
12:25:38 Gateway/motion 1
Gateway sending update to database
12:25:38 Gateway/motion 1
Gateway sending update to database
12:25:38 Gateway/motion 1
Gateway sending update to database
12:25:38 Gateway/motion 1
Gateway sending update to database
12:25:38 Gateway/motion 1
Gateway sending update to database
12:25:38 Gateway/motion 1
Gateway sending update to database
12:25:38 Gateway/motion 1
Gateway sending update to database
12:25:38 Gateway/motion 1
Gateway sending update to database
12:25:38 Gateway/motion 1
Gateway sending update to database
12:25:38 Gateway/motion 1
Gateway sending update to database
12:25:38 Gateway/motion 1
Gateway sending update to database
12:25:38 Gateway/motion 1
Gateway sending update to database
12:25:38 Gateway/motion 1
Gateway sending update to database
12:25:38 Gateway/motion 1
Gateway sending update to database
12:25:38 Gateway/motion 1
Gateway sending update to database
12:25:38 Gateway/motion 1
Gateway sending update to database
12:25:38 Gateway/motion 1
Gateway sending update to database
12:25:38 Gateway/motion 1
Gateway sending update to database
12:25:38 Gateway/motion 1
Gateway sending update to database
12:25:38 Gateway/motion 1
Gateway sending update to database
12:25:38 Gateway/motion 1
Gateway sending update to database
12:25:38 Gateway/motion 1
Gateway sending update to database
12:25:38 Gateway/motion 1
Gateway sending update to database
12:25:38 Gateway/motion 1
Gateway sending update to database
12:25:38 Gateway/motion 1
Gateway sending update to database
12:25:38 Gateway/motion 1
Gateway sending update to database
12:25:38 Gateway/motion 1
Gateway sending update to database
12:25:38 Gateway/motion 1
Gateway sending update to database
12:25:38 Gateway/motion 1
Gateway sending update to database
12:25:38 Gateway/motion 1
Gateway sending update to database
12:25:38 Gateway/motion 1
Gateway sending update to database
12:25:38 Gateway/motion 1
Gateway sending update to database
12:25:38 Gateway/motion 1
Gateway sending update to database
12:25:38 Gateway/motion 1
Gateway sending update to database
12:25:38 Gateway/motion 1
Gateway sending update to database
12:25:38 Gateway/motion 1
Gateway sending update to database
12:25:38 Gateway/motion 1
Gateway sending update to database
12:25:38 Gateway/motion 1
Gateway sending update to database
12:25:38 Gateway/motion 1
Gateway sending update to database
12:25:38 Gateway/motion 1
Gateway sending update to database
12:25:39 Gateway/motion 1
Gateway sending update to database
12:25:39 Gateway/motion 1
Gateway sending update to database
12:25:39 Gateway/motion 1
Gateway sending update to database
12:25:39 Gateway/motion 1
Gateway sending update to database
12:25:39 Gateway/motion 1
Gateway sending update to database
12:25:39 Gateway/motion 1
Gateway sending update to database
12:25:39 Gateway/motion 1
Gateway sending update to database
12:25:39 Gateway/motion 1
Gateway sending update to database
12:25:39 Gateway/motion 1
Gateway sending update to database
12:25:39 Gateway/motion 1
Gateway sending update to database
12:25:39 Gateway/motion 1
Gateway sending update to database
12:25:39 Gateway/motion 1
Gateway sending update to database
12:25:39 Gateway/motion 1
Gateway sending update to database
12:25:39 Gateway/motion 1
Gateway sending update to database
12:25:39 Gateway/motion 1
Gateway sending update to database
12:25:39 Gateway/motion 1
Gateway sending update to database
12:25:39 Gateway/motion 1
Gateway sending update to database
12:25:39 Gateway/motion 1
Gateway sending update to database
12:25:39 Gateway/motion 1
Gateway sending update to database
12:25:39 Gateway/motion 1
Gateway sending update to database
12:25:39 Gateway/motion 1
Gateway sending update to database
12:25:39 Gateway/motion 1
Gateway sending update to database
12:25:39 Gateway/motion 1
Gateway sending update to database
12:25:39 Gateway/motion 1
Gateway sending update to database
12:25:39 Gateway/motion 1
Gateway sending update to database
12:25:39 Gateway/motion 1
Gateway sending update to database
12:25:39 Gateway/motion 1
Gateway sending update to database
12:25:39 Gateway/motion 1
Gateway sending update to database
12:25:39 Gateway/motion 1
Gateway sending update to database
12:25:39 Gateway/motion 1
Gateway sending update to database
12:25:39 Gateway/motion 1
Gateway sending update to database
12:25:39 Gateway/motion 1
Gateway sending update to database
12:25:39 Gateway/motion 1
Gateway sending update to database
12:25:39 Gateway/motion 1
Gateway sending update to database
12:25:39 Gateway/motion 1
Gateway sending update to database
12:25:39 Gateway/motion 1
Gateway sending update to database
12:25:39 Gateway/motion 1
Gateway sending update to database
12:25:39 Gateway/motion 1
Gateway sending update to database
12:25:39 Gateway/motion 1
Gateway sending update to database
12:25:39 Gateway/motion 1
Gateway sending update to database
12:25:39 Gateway/motion 1
Gateway sending update to database
12:25:39 Gateway/motion 1
Gateway sending update to database
12:25:39 Gateway/motion 1
Gateway sending update to database
12:25:39 Gateway/motion 1
Gateway sending update to database
12:25:39 Gateway/motion 1
Gateway sending update to database
12:25:39 Gateway/motion 1
Gateway sending update to database
12:25:39 Gateway/motion 1
Gateway sending update to database
12:25:39 Gateway/motion 1
Gateway sending update to database
12:25:39 Gateway/motion 1
Gateway sending update to database
12:25:39 Gateway/motion 1
Gateway sending update to database
12:25:39 Gateway/motion 1
Gateway sending update to database
12:25:39 Gateway/motion 1
Gateway sending update to database
12:25:39 Gateway/motion 1
Gateway sending update to database
12:25:39 Gateway/motion 1
Gateway sending update to database
12:25:39 Gateway/motion 1
Gateway sending update to database
12:25:39 Gateway/motion 1
Gateway sending update to database
12:25:39 Gateway/motion 1
Gateway sending update to database
12:25:39 Gateway/motion 1
Gateway sending update to database
12:25:39 Gateway/motion 1
Gateway sending update to database
12:25:39 Gateway/motion 1
Gateway sending update to database
12:25:39 Gateway/motion 1
Gateway sending update to database
12:25:39 Gateway/motion 1
Gateway sending update to database
12:25:39 Gateway/motion 1
Gateway sending update to database
12:25:39 Gateway/motion 1
Gateway sending update to database
12:25:39 Gateway/motion 1
Gateway sending update to database
12:25:39 Gateway/motion 1
Gateway sending update to database
12:25:39 Gateway/motion 1
Gateway sending update to database
12:25:39 Gateway/motion 1
Gateway sending update to database
12:25:39 Gateway/motion 1
Gateway sending update to database
12:25:39 Gateway/motion 1
Gateway sending update to database
12:25:39 Gateway/motion 1
Gateway sending update to database
12:25:39 Gateway/motion 1
Gateway sending update to database
12:25:39 Gateway/motion 1
Gateway sending update to database
12:25:39 Gateway/motion 1
Gateway sending update to database
12:25:39 Gateway/motion 1
Gateway sending update to database
12:25:39 Gateway/motion 1
Gateway sending update to database
12:25:39 Gateway/motion 1
Gateway sending update to database
12:25:39 Gateway/motion 1
Gateway sending update to database
12:25:39 Gateway/motion 1
Gateway sending update to database
12:25:39 Gateway/motion 1
Gateway sending update to database
12:25:39 Gateway/motion 1
Gateway sending update to database
12:25:39 Gateway/motion 1
Gateway sending update to database
12:25:39 Gateway/motion 1
Gateway sending update to database
12:25:39 Gateway/motion 1
Gateway sending update to database
12:25:39 Gateway/motion 1
Gateway sending update to database
12:25:39 Gateway/motion 1
Gateway sending update to database
12:25:39 Gateway/motion 1
Gateway sending update to database
12:25:39 Gateway/motion 1
Gateway sending update to database
12:25:39 Gateway/motion 1
Gateway sending update to database
12:25:39 Gateway/motion 1
Gateway sending update to database
12:25:39 Gateway/motion 1
Gateway sending update to database
12:25:39 Gateway/motion 1
Gateway sending update to database
12:25:39 Gateway/motion 1
Gateway sending update to database
12:25:39 Gateway/motion 1
Gateway sending update to database
12:25:39 Gateway/motion 1
Gateway sending update to database
12:25:39 Gateway/motion 1
Gateway sending update to database
12:25:39 Gateway/motion 1
Gateway sending update to database
12:25:39 Gateway/motion 1
Gateway sending update to database
12:25:39 Gateway/motion 1
Gateway sending update to database
12:25:39 Gateway/motion 1
Gateway sending update to database
12:25:39 Gateway/motion 1
Gateway sending update to database
12:25:39 Gateway/motion 1
Gateway sending update to database
12:25:39 Gateway/motion 1
Gateway sending update to database
12:25:39 Gateway/motion 1
Gateway sending update to database
12:25:39 Gateway/motion 1
Gateway sending update to database
12:25:39 Gateway/motion 1
Gateway sending update to database
12:25:39 Gateway/motion 1
Gateway sending update to database
12:25:39 Gateway/motion 1
Gateway sending update to database
12:25:39 Gateway/motion 1
Gateway sending update to database
12:25:39 Gateway/motion 1
Gateway sending update to database
12:25:39 Gateway/motion 1
Gateway sending update to database
12:25:39 Gateway/motion 1
Gateway sending update to database
12:25:39 Gateway/motion 1
Gateway sending update to database
12:25:39 Gateway/motion 1
Gateway sending update to database
12:25:39 Gateway/motion 1
Gateway sending update to database
12:25:39 Gateway/motion 1
Gateway sending update to database
12:25:39 Gateway/motion 1
Gateway sending update to database
12:25:39 Gateway/motion 1
Gateway sending update to database
12:25:39 Gateway/motion 1
Gateway sending update to database
12:25:39 Gateway/motion 1
Gateway sending update to database
12:25:39 Gateway/motion 1
Gateway sending update to database
12:25:39 Gateway/motion 1
Gateway sending update to database
12:25:39 Gateway/motion 1
Gateway sending update to database
12:25:39 Gateway/motion 1
Gateway sending update to database
12:25:39 Gateway/motion 1
Gateway sending update to database
12:25:39 Gateway/motion 1
Gateway sending update to database
12:25:39 Gateway/motion 1
Gateway sending update to database
12:25:39 Gateway/motion 1
Gateway sending update to database
12:25:39 Gateway/motion 1
Gateway sending update to database
12:25:39 Gateway/motion 1
Gateway sending update to database
12:25:39 Gateway/motion 1
Gateway sending update to database
12:25:39 Gateway/motion 1
Gateway sending update to database
12:25:39 Gateway/motion 1
Gateway sending update to database
12:25:39 Gateway/motion 1
Gateway sending update to database
12:25:39 Gateway/motion 1
Gateway sending update to database
12:25:39 Gateway/motion 1
Gateway sending update to database
12:25:39 Gateway/motion 1
Gateway sending update to database
12:25:39 Gateway/motion 1
Gateway sending update to database
12:25:39 Gateway/motion 1
Gateway sending update to database
12:25:39 Gateway/motion 1
Gateway sending update to database
12:25:39 Gateway/motion 1
Gateway sending update to database
12:25:40 Gateway/motion 1
Gateway sending update to database
12:25:40 Gateway/motion 1
Gateway sending update to database
12:25:40 Gateway/motion 1
Gateway sending update to database
12:25:40 Gateway/motion 1
Gateway sending update to database
12:25:40 Gateway/motion 1
Gateway sending update to database
12:25:40 Gateway/motion 1
Gateway sending update to database
12:25:40 Gateway/motion 1
Gateway sending update to database
12:25:40 Gateway/motion 1
Gateway sending update to database
12:25:40 Gateway/motion 1
Gateway sending update to database
12:25:40 Gateway/motion 1
Gateway sending update to database
12:25:40 Gateway/motion 1
Gateway sending update to database
12:25:40 Gateway/motion 1
Gateway sending update to database
12:25:40 Gateway/motion 1
Gateway sending update to database
12:25:40 Gateway/motion 1
Gateway sending update to database
12:25:40 Gateway/motion 1
Gateway sending update to database
12:25:40 Gateway/motion 1
Gateway sending update to database
12:25:40 Gateway/motion 1
Gateway sending update to database
12:25:40 Gateway/motion 1
Gateway sending update to database
12:25:40 Gateway/motion 1
Gateway sending update to database
12:25:40 Gateway/motion 1
Gateway sending update to database
12:25:40 Gateway/motion 1
Gateway sending update to database
12:25:40 Gateway/motion 1
Gateway sending update to database
12:25:40 Gateway/motion 1
Gateway sending update to database
12:25:40 Gateway/motion 1
Gateway sending update to database
12:25:40 Gateway/motion 1
Gateway sending update to database
12:25:40 Gateway/motion 1
Gateway sending update to database
12:25:40 Gateway/motion 1
Gateway sending update to database
12:25:40 Gateway/motion 1
Gateway sending update to database
12:25:40 Gateway/motion 1
Gateway sending update to database
12:25:40 Gateway/motion 1
Gateway sending update to database
12:25:40 Gateway/motion 1
Gateway sending update to database
12:25:40 Gateway/motion 1
Gateway sending update to database
12:25:40 Gateway/motion 1
Gateway sending update to database
12:25:40 Gateway/motion 1
Gateway sending update to database
12:25:40 Gateway/motion 1
Gateway sending update to database
12:25:40 Gateway/motion 1
Gateway sending update to database
12:25:40 Gateway/motion 1
Gateway sending update to database
12:25:40 Gateway/motion 1
Gateway sending update to database
12:25:40 Gateway/motion 1
Gateway sending update to database
12:25:40 Gateway/motion 1
Gateway sending update to database
12:25:40 Gateway/motion 1
Gateway sending update to database
12:25:40 Gateway/motion 1
Gateway sending update to database
12:25:40 Gateway/motion 1
Gateway sending update to database
12:25:40 Gateway/motion 1
Gateway sending update to database
12:25:40 Gateway/motion 1
Gateway sending update to database
12:25:40 Gateway/motion 1
Gateway sending update to database
12:25:40 Gateway/motion 1
Gateway sending update to database
12:25:40 Gateway/motion 1
Gateway sending update to database
12:25:40 Gateway/motion 1
Gateway sending update to database
12:25:40 Gateway/motion 1
Gateway sending update to database
12:25:40 Gateway/motion 1
Gateway sending update to database
12:25:40 Gateway/motion 1
Gateway sending update to database
12:25:40 Gateway/motion 1
Gateway sending update to database
12:25:40 Gateway/motion 1
Gateway sending update to database
12:25:40 Gateway/motion 1
Gateway sending update to database
12:25:40 Gateway/motion 1
Gateway sending update to database
12:25:40 Gateway/motion 1
Gateway sending update to database
12:25:40 Gateway/motion 1
Gateway sending update to database
12:25:40 Gateway/motion 1
Gateway sending update to database
12:25:40 Gateway/motion 1
Gateway sending update to database
12:25:40 Gateway/motion 1
Gateway sending update to database
12:25:40 Gateway/motion 1
Gateway sending update to database
12:25:40 Gateway/motion 1
Gateway sending update to database
12:25:40 Gateway/motion 1
Gateway sending update to database
12:25:40 Gateway/motion 1
Gateway sending update to database
12:25:40 Gateway/motion 1
Gateway sending update to database
12:25:40 Gateway/motion 1
Gateway sending update to database
12:25:40 Gateway/motion 1
Gateway sending update to database
12:25:40 Gateway/motion 1
Gateway sending update to database
12:25:40 Gateway/motion 1
Gateway sending update to database
12:25:40 Gateway/motion 1
Gateway sending update to database
12:25:40 Gateway/motion 1
Gateway sending update to database
12:25:40 Gateway/motion 1
Gateway sending update to database
12:25:40 Gateway/motion 1
Gateway sending update to database
12:25:40 Gateway/motion 1
Gateway sending update to database
12:25:40 Gateway/motion 1
Gateway sending update to database
12:25:40 Gateway/motion 1
Gateway sending update to database
12:25:40 Gateway/motion 1
Gateway sending update to database
12:25:40 Gateway/motion 1
Gateway sending update to database
12:25:40 Gateway/motion 1
Gateway sending update to database
12:25:40 Gateway/motion 1
Gateway sending update to database
12:25:40 Gateway/motion 1
Gateway sending update to database
12:25:40 Gateway/motion 1
Gateway sending update to database
12:25:40 Gateway/motion 1
Gateway sending update to database
12:25:40 Gateway/motion 1
Gateway sending update to database
12:25:40 Gateway/motion 1
Gateway sending update to database
12:25:40 Gateway/motion 1
Gateway sending update to database
12:25:40 Gateway/motion 1
Gateway sending update to database
12:25:40 Gateway/motion 1
Gateway sending update to database
12:25:40 Gateway/motion 1
Gateway sending update to database
12:25:40 Gateway/motion 1
Gateway sending update to database
12:25:40 Gateway/motion 1
Gateway sending update to database
12:25:40 Gateway/motion 1
Gateway sending update to database
12:25:40 Gateway/motion 1
Gateway sending update to database
12:25:40 Gateway/motion 1
Gateway sending update to database
12:25:40 Gateway/motion 1
Gateway sending update to database
12:25:40 Gateway/motion 1
Gateway sending update to database
12:25:40 Gateway/motion 1
Gateway sending update to database
12:25:40 Gateway/motion 1
Gateway sending update to database
12:25:40 Gateway/motion 1
Gateway sending update to database
12:25:40 Gateway/motion 1
Gateway sending update to database
12:25:40 Gateway/motion 1
Gateway sending update to database
12:25:40 Gateway/motion 1
Gateway sending update to database
12:25:40 Gateway/motion 1
Gateway sending update to database
12:25:40 Gateway/motion 1
Gateway sending update to database
12:25:40 Gateway/motion 1
Gateway sending update to database
12:25:40 Gateway/motion 1
Gateway sending update to database
12:25:40 Gateway/motion 1
Gateway sending update to database
12:25:40 Gateway/motion 1
Gateway sending update to database
12:25:40 Gateway/motion 1
Gateway sending update to database
12:25:40 Gateway/motion 1
Gateway sending update to database
12:25:40 Gateway/motion 1
Gateway sending update to database
12:25:40 Gateway/motion 1
Gateway sending update to database
12:25:40 Gateway/motion 1
Gateway sending update to database
12:25:40 Gateway/motion 1
Gateway sending update to database
12:25:40 Gateway/motion 1
Gateway sending update to database
12:25:40 Gateway/motion 1
Gateway sending update to database
12:25:40 Gateway/motion 1
Gateway sending update to database
12:25:40 Gateway/motion 1
Gateway sending update to database
12:25:40 Gateway/motion 1
Gateway sending update to database
12:25:40 Gateway/motion 1
Gateway sending update to database
12:25:40 Gateway/motion 1
Gateway sending update to database
12:25:40 Gateway/motion 1
Gateway sending update to database
12:25:40 Gateway/motion 1
Gateway sending update to database
12:25:40 Gateway/motion 1
Gateway sending update to database
12:25:40 Gateway/motion 1
Gateway sending update to database
12:25:40 Gateway/motion 1
Gateway sending update to database
12:25:40 Gateway/motion 1
Gateway sending update to database
12:25:40 Gateway/motion 1
Gateway sending update to database
12:25:40 Gateway/motion 1
Gateway sending update to database
12:25:40 Gateway/motion 1
Gateway sending update to database
12:25:40 Gateway/motion 1
Gateway sending update to database
12:25:40 Gateway/motion 1
Gateway sending update to database
12:25:40 Gateway/motion 1
Gateway sending update to database
12:25:40 Gateway/motion 1
Gateway sending update to database
12:25:40 Gateway/motion 1
Gateway sending update to database
12:25:40 Gateway/motion 1
Gateway sending update to database
12:25:40 Gateway/motion 1
Gateway sending update to database
12:25:40 Gateway/motion 1
Gateway sending update to database
12:25:40 Gateway/motion 1
Gateway sending update to database
12:25:40 Gateway/motion 1
Gateway sending update to database
12:25:40 Gateway/motion 1
Gateway sending update to database
12:25:40 Gateway/motion 1
Gateway sending update to database
12:25:40 Gateway/motion 1
Gateway sending update to database
12:25:40 Gateway/motion 1
Gateway sending update to database
12:25:40 Gateway/motion 1
Gateway sending update to database
12:25:40 Gateway/motion 1
Gateway sending update to database
12:25:40 Gateway/motion 1
Gateway sending update to database
12:25:40 Gateway/motion 1
Gateway sending update to database
12:25:40 Gateway/motion 1
Gateway sending update to database
12:25:40 Gateway/motion 1
Gateway sending update to database
12:25:40 Gateway/motion 1
Gateway sending update to database
12:25:40 Gateway/motion 1
Gateway sending update to database
12:25:40 Gateway/motion 1
Gateway sending update to database
12:25:40 Gateway/motion 1
Gateway sending update to database
12:25:40 Gateway/motion 1
Gateway sending update to database
12:25:40 Gateway/motion 1
Gateway sending update to database
12:25:40 Gateway/motion 1
Gateway sending update to database
12:25:40 Gateway/motion 1
Gateway sending update to database
12:25:40 Gateway/motion 1
Gateway sending update to database
12:25:40 Gateway/motion 1
Gateway sending update to database
12:25:40 Gateway/motion 1
Gateway sending update to database
12:25:40 Gateway/motion 1
Gateway sending update to database
12:25:40 Gateway/motion 1
Gateway sending update to database
12:25:40 Gateway/motion 1
Gateway sending update to database
12:25:40 Gateway/motion 1
Gateway sending update to database
12:25:40 Gateway/motion 1
Gateway sending update to database
12:25:40 Gateway/motion 1
Gateway sending update to database
12:25:40 Gateway/motion 1
Gateway sending update to database
12:25:40 Gateway/motion 1
Gateway sending update to database
12:25:40 Gateway/motion 1
Gateway sending update to database
12:25:40 Gateway/motion 1
Gateway sending update to database
12:25:40 Gateway/motion 1
Gateway sending update to database
12:25:40 Gateway/motion 1
Gateway sending update to database
12:25:40 Gateway/motion 1
Gateway sending update to database
12:25:40 Gateway/motion 1
Gateway sending update to database
12:25:40 Gateway/motion 1
Gateway sending update to database
12:25:40 Gateway/motion 1
Gateway sending update to database
12:25:40 Gateway/motion 1
Gateway sending update to database
12:25:40 Gateway/motion 1
Gateway sending update to database
12:25:40 Gateway/motion 1
Gateway sending update to database
12:25:40 Gateway/motion 1
Gateway sending update to database
12:25:40 Gateway/motion 1
Gateway sending update to database
12:25:40 Gateway/motion 1
Gateway sending update to database
12:25:40 Gateway/motion 1
Gateway sending update to database
12:25:40 Gateway/motion 1
Gateway sending update to database
12:25:40 Gateway/motion 1
Gateway sending update to database
12:25:40 Gateway/motion 1
Gateway sending update to database
12:25:40 Gateway/motion 1
Gateway sending update to database
12:25:40 Gateway/motion 1
Gateway sending update to database
12:25:40 Gateway/motion 1
Gateway sending update to database
12:25:40 Gateway/motion 1
Gateway sending update to database
12:25:40 Gateway/motion 1
Gateway sending update to database
12:25:40 Gateway/motion 1
Gateway sending update to database
12:25:40 Gateway/motion 1
Gateway sending update to database
12:25:40 Gateway/motion 1
Gateway sending update to database
12:25:40 Gateway/motion 1
Gateway sending update to database
12:25:40 Gateway/motion 1
Gateway sending update to database
12:25:40 Gateway/motion 1
Gateway sending update to database
12:25:40 Gateway/motion 1
Gateway sending update to database
12:25:40 Gateway/motion 1
Gateway sending update to database
12:25:40 Gateway/motion 1
Gateway sending update to database
12:25:40 Gateway/motion 1
Gateway sending update to database
12:25:40 Gateway/motion 1
Gateway sending update to database
12:25:40 Gateway/motion 1
Gateway sending update to database
12:25:40 Gateway/motion 1
Gateway sending update to database
12:25:40 Gateway/motion 1
Gateway sending update to database
12:25:40 Gateway/motion 1
Gateway sending update to database
12:25:40 Gateway/motion 1
Gateway sending update to database
12:25:40 Gateway/motion 1
Gateway sending update to database
12:25:40 Gateway/motion 1
Gateway sending update to database
12:25:40 Gateway/motion 1
Gateway sending update to database
12:25:40 Gateway/motion 1
Gateway sending update to database
12:25:40 Gateway/motion 1
Gateway sending update to database
12:25:40 Gateway/motion 1
Gateway sending update to database
12:25:40 Gateway/motion 1
Gateway sending update to database
12:25:40 Gateway/motion 1
Gateway sending update to database
12:25:40 Gateway/motion 1
Gateway sending update to database
12:25:40 Gateway/motion 1
Gateway sending update to database
12:25:40 Gateway/motion 1
Gateway sending update to database
12:25:40 Gateway/motion 1
Gateway sending update to database
12:25:40 Gateway/motion 1
Gateway sending update to database
12:25:40 Gateway/motion 1
Gateway sending update to database
12:25:40 Gateway/motion 1
Gateway sending update to database
12:25:40 Gateway/motion 1
Gateway sending update to database
12:25:40 Gateway/motion 1
Gateway sending update to database
12:25:40 Gateway/motion 1
Gateway sending update to database
12:25:40 Gateway/motion 1
Gateway sending update to database
12:25:40 Gateway/motion 1
Gateway sending update to database
12:25:40 Gateway/motion 1
Gateway sending update to database
12:25:40 Gateway/motion 1
Gateway sending update to database
12:25:40 Gateway/motion 1
Gateway sending update to database
12:25:40 Gateway/motion 1
Gateway sending update to database
12:25:40 Gateway/motion 1
Gateway sending update to database
12:25:40 Gateway/motion 1
Gateway sending update to database
12:25:40 Gateway/motion 1
Gateway sending update to database
12:25:40 Gateway/motion 1
Gateway sending update to database
12:25:40 Gateway/motion 1
Gateway sending update to database
12:25:40 Gateway/motion 1
Gateway sending update to database
12:25:40 Gateway/motion 1
Gateway sending update to database
12:25:40 Gateway/motion 1
Gateway sending update to database
12:25:40 Gateway/motion 1
Gateway sending update to database
12:25:40 Gateway/motion 1
Gateway sending update to database
12:25:40 Gateway/motion 1
Gateway sending update to database
12:25:40 Gateway/motion 1
Gateway sending update to database
12:25:40 Gateway/motion 1
Gateway sending update to database
12:25:40 Gateway/motion 1
Gateway sending update to database
12:25:40 Gateway/motion 1
Gateway sending update to database
12:25:40 Gateway/motion 1
Gateway sending update to database
12:25:40 Gateway/motion 1
Gateway sending update to database
12:25:40 Gateway/motion 1
Gateway sending update to database
12:25:40 Gateway/motion 1
Gateway sending update to database
12:25:40 Gateway/motion 1
Gateway sending update to database
12:25:40 Gateway/motion 1
Gateway sending update to database
12:25:40 Gateway/motion 1
Gateway sending update to database
12:25:40 Gateway/motion 1
Gateway sending update to database
12:25:41 Gateway/motion 1
Gateway sending update to database
12:25:41 Gateway/motion 1
Gateway sending update to database
12:25:41 Gateway/motion 1
Gateway sending update to database
12:25:41 Gateway/motion 1
Gateway sending update to database
12:25:41 Gateway/motion 1
Gateway sending update to database
12:25:41 Gateway/motion 1
Gateway sending update to database
12:25:41 Gateway/motion 1
Gateway sending update to database
12:25:41 Gateway/motion 1
Gateway sending update to database
12:25:41 Gateway/motion 1
Gateway sending update to database
12:25:41 Gateway/motion 1
Gateway sending update to database
12:25:41 Gateway/motion 1
Gateway sending update to database
12:25:41 Gateway/motion 1
Gateway sending update to database
12:25:41 Gateway/motion 1
Gateway sending update to database
12:25:41 Gateway/motion 1
Gateway sending update to database
12:25:41 Gateway/motion 1
Gateway sending update to database
12:25:41 Gateway/motion 1
Gateway sending update to database
12:25:41 Gateway/motion 1
Gateway sending update to database
12:25:41 Gateway/motion 1
Gateway sending update to database
12:25:41 Gateway/motion 1
Gateway sending update to database
12:25:41 Gateway/motion 1
Gateway sending update to database
12:25:41 Gateway/motion 1
Gateway sending update to database
12:25:41 Gateway/motion 1
Gateway sending update to database
12:25:41 Gateway/motion 1
Gateway sending update to database
12:25:41 Gateway/motion 1
Gateway sending update to database
12:25:41 Gateway/motion 1
Gateway sending update to database
12:25:41 Gateway/motion 1
Gateway sending update to database
12:25:41 Gateway/motion 1
Gateway sending update to database
12:25:41 Gateway/motion 1
Gateway sending update to database
12:25:41 Gateway/motion 1
Gateway sending update to database
12:25:41 Gateway/motion 1
Gateway sending update to database
12:25:41 Gateway/motion 1
Gateway sending update to database
12:25:41 Gateway/motion 1
Gateway sending update to database
12:25:41 Gateway/motion 1
Gateway sending update to database
12:25:41 Gateway/motion 1
Gateway sending update to database
12:25:41 Gateway/motion 1
Gateway sending update to database
12:25:41 Gateway/motion 1
Gateway sending update to database
12:25:41 Gateway/motion 1
Gateway sending update to database
12:25:41 Gateway/motion 1
Gateway sending update to database
12:25:41 Gateway/motion 1
Gateway sending update to database
12:25:41 Gateway/motion 1
Gateway sending update to database
12:25:41 Gateway/motion 1
Gateway sending update to database
12:25:41 Gateway/motion 1
Gateway sending update to database
12:25:41 Gateway/motion 1
Gateway sending update to database
12:25:41 Gateway/motion 1
Gateway sending update to database
12:25:41 Gateway/motion 1
Gateway sending update to database
12:25:41 Gateway/motion 1
Gateway sending update to database
12:25:41 Gateway/motion 1
Gateway sending update to database
12:25:41 Gateway/motion 1
Gateway sending update to database
12:25:41 Gateway/motion 1
Gateway sending update to database
12:25:41 Gateway/motion 1
Gateway sending update to database
12:25:41 Gateway/motion 1
Gateway sending update to database
12:25:41 Gateway/motion 1
Gateway sending update to database
12:25:41 Gateway/motion 1
Gateway sending update to database
12:25:41 Gateway/motion 1
Gateway sending update to database
12:25:41 Gateway/motion 1
Gateway sending update to database
12:25:41 Gateway/motion 1
Gateway sending update to database
12:25:41 Gateway/motion 1
Gateway sending update to database
12:25:41 Gateway/motion 1
Gateway sending update to database
12:25:41 Gateway/motion 1
Gateway sending update to database
12:25:41 Gateway/motion 1
Gateway sending update to database
12:25:41 Gateway/motion 1
Gateway sending update to database
12:25:41 Gateway/motion 1
Gateway sending update to database
12:25:41 Gateway/motion 1
Gateway sending update to database
12:25:41 Gateway/motion 1
Gateway sending update to database
12:25:41 Gateway/motion 1
Gateway sending update to database
12:25:41 Gateway/motion 1
Gateway sending update to database
12:25:41 Gateway/motion 1
Gateway sending update to database
12:25:41 Gateway/motion 1
Gateway sending update to database
12:25:41 Gateway/motion 1
Gateway sending update to database
12:25:41 Gateway/motion 1
Gateway sending update to database
12:25:41 Gateway/motion 1
Gateway sending update to database
12:25:41 Gateway/motion 1
Gateway sending update to database
12:25:41 Gateway/motion 1
Gateway sending update to database
12:25:41 Gateway/motion 1
Gateway sending update to database
12:25:41 Gateway/motion 1
Gateway sending update to database
12:25:41 Gateway/motion 1
Gateway sending update to database
12:25:41 Gateway/motion 1
Gateway sending update to database
12:25:41 Gateway/motion 1
Gateway sending update to database
12:25:41 Gateway/motion 1
Gateway sending update to database
12:25:41 Gateway/motion 1
Gateway sending update to database
12:25:41 Gateway/motion 1
Gateway sending update to database
12:25:41 Gateway/motion 1
Gateway sending update to database
12:25:41 Gateway/motion 1
Gateway sending update to database
12:25:41 Gateway/motion 1
Gateway sending update to database
12:25:41 Gateway/motion 1
Gateway sending update to database
12:25:41 Gateway/motion 1
Gateway sending update to database
12:25:41 Gateway/motion 1
Gateway sending update to database
12:25:41 Gateway/motion 1
Gateway sending update to database
12:25:41 Gateway/motion 1
Gateway sending update to database
12:25:41 Gateway/motion 1
Gateway sending update to database
12:25:41 Gateway/motion 1
Gateway sending update to database
12:25:41 Gateway/motion 1
Gateway sending update to database
12:25:41 Gateway/motion 1
Gateway sending update to database
12:25:41 Gateway/motion 1
Gateway sending update to database
12:25:41 Gateway/motion 1
Gateway sending update to database
12:25:41 Gateway/motion 1
Gateway sending update to database
12:25:41 Gateway/motion 1
Gateway sending update to database
12:25:41 Gateway/motion 1
Gateway sending update to database
12:25:41 Gateway/motion 1
Gateway sending update to database
12:25:41 Gateway/motion 1
Gateway sending update to database
12:25:41 Gateway/motion 1
Gateway sending update to database
12:25:41 Gateway/motion 1
Gateway sending update to database
12:25:41 Gateway/motion 1
Gateway sending update to database
12:25:41 Gateway/motion 1
Gateway sending update to database
12:25:41 Gateway/motion 1
Gateway sending update to database
12:25:41 Gateway/motion 1
Gateway sending update to database
12:25:41 Gateway/motion 1
Gateway sending update to database
12:25:41 Gateway/motion 1
Gateway sending update to database
12:25:41 Gateway/motion 1
Gateway sending update to database
12:25:41 Gateway/motion 1
Gateway sending update to database
12:25:41 Gateway/motion 1
Gateway sending update to database
12:25:41 Gateway/motion 1
Gateway sending update to database
12:25:41 Gateway/motion 1
Gateway sending update to database
12:25:41 Gateway/motion 1
Gateway sending update to database
12:25:41 Gateway/motion 1
Gateway sending update to database
12:25:41 Gateway/motion 1
Gateway sending update to database
12:25:41 Gateway/motion 1
Gateway sending update to database
12:25:41 Gateway/motion 1
Gateway sending update to database
12:25:41 Gateway/motion 1
Gateway sending update to database
12:25:41 Gateway/motion 1
Gateway sending update to database
12:25:41 Gateway/motion 1
Gateway sending update to database
12:25:41 Gateway/motion 1
Gateway sending update to database
12:25:41 Gateway/motion 1
Gateway sending update to database
12:25:41 Gateway/motion 1
Gateway sending update to database
12:25:41 Gateway/motion 1
Gateway sending update to database
12:25:41 Gateway/motion 1
Gateway sending update to database
12:25:41 Gateway/motion 1
Gateway sending update to database
12:25:41 Gateway/motion 1
Gateway sending update to database
12:25:41 Gateway/motion 1
Gateway sending update to database
12:25:41 Gateway/motion 1
Gateway sending update to database
12:25:41 Gateway/motion 1
Gateway sending update to database
12:25:41 Gateway/motion 1
Gateway sending update to database
12:25:41 Gateway/motion 1
Gateway sending update to database
12:25:41 Gateway/motion 1
Gateway sending update to database
12:25:41 Gateway/motion 1
Gateway sending update to database
12:25:41 Gateway/motion 1
Gateway sending update to database
12:25:41 Gateway/motion 1
Gateway sending update to database
12:25:41 Gateway/motion 1
Gateway sending update to database
12:25:41 Gateway/motion 1
Gateway sending update to database
12:25:41 Gateway/motion 1
Gateway sending update to database
12:25:41 Gateway/motion 1
Gateway sending update to database
12:25:41 Gateway/motion 1
Gateway sending update to database
12:25:41 Gateway/motion 1
Gateway sending update to database
12:25:41 Gateway/motion 1
Gateway sending update to database
12:25:41 Gateway/motion 1
Gateway sending update to database
12:25:41 Gateway/motion 1
Gateway sending update to database
12:25:41 Gateway/motion 1
Gateway sending update to database
12:25:41 Gateway/motion 1
Gateway sending update to database
12:25:41 Gateway/motion 1
Gateway sending update to database
12:25:41 Gateway/motion 1
Gateway sending update to database
12:25:41 Gateway/motion 1
Gateway sending update to database
12:25:41 Gateway/motion 1
Gateway sending update to database
12:25:41 Gateway/motion 1
Gateway sending update to database
12:25:41 Gateway/motion 1
Gateway sending update to database
12:25:41 Gateway/motion 1
Gateway sending update to database
12:25:41 Gateway/motion 1
Gateway sending update to database
12:25:41 Gateway/motion 1
Gateway sending update to database
12:25:41 Gateway/motion 1
Gateway sending update to database
12:25:41 Gateway/motion 1
Gateway sending update to database
12:25:41 Gateway/motion 1
Gateway sending update to database
12:25:41 Gateway/motion 1
Gateway sending update to database
12:25:41 Gateway/motion 1
Gateway sending update to database
12:25:41 Gateway/motion 1
Gateway sending update to database
12:25:41 Gateway/motion 1
Gateway sending update to database
12:25:41 Gateway/motion 1
Gateway sending update to database
12:25:41 Gateway/motion 1
Gateway sending update to database
12:25:41 Gateway/motion 1
Gateway sending update to database
12:25:41 Gateway/motion 1
Gateway sending update to database
12:25:41 Gateway/motion 1
Gateway sending update to database
12:25:41 Gateway/motion 1
Gateway sending update to database
12:25:41 Gateway/motion 1
Gateway sending update to database
12:25:41 Gateway/motion 1
Gateway sending update to database
12:25:41 Gateway/motion 1
Gateway sending update to database
12:25:41 Gateway/motion 1
Gateway sending update to database
12:25:41 Gateway/motion 1
Gateway sending update to database
12:25:41 Gateway/motion 1
Gateway sending update to database
12:25:41 Gateway/motion 1
Gateway sending update to database
12:25:41 Gateway/motion 1
Gateway sending update to database
12:25:41 Gateway/motion 1
Gateway sending update to database
12:25:41 Gateway/motion 1
Gateway sending update to database
12:25:41 Gateway/motion 1
Gateway sending update to database
12:25:41 Gateway/motion 1
Gateway sending update to database
12:25:41 Gateway/motion 1
Gateway sending update to database
12:25:41 Gateway/motion 1
Gateway sending update to database
12:25:41 Gateway/motion 1
Gateway sending update to database
12:25:41 Gateway/motion 1
Gateway sending update to database
12:25:41 Gateway/motion 1
Gateway sending update to database
12:25:41 Gateway/motion 1
Gateway sending update to database
12:25:41 Gateway/motion 1
Gateway sending update to database
12:25:41 Gateway/motion 1
Gateway sending update to database
12:25:41 Gateway/motion 1
Gateway sending update to database
12:25:41 Gateway/motion 1
Gateway sending update to database
12:25:41 Gateway/motion 1
Gateway sending update to database
12:25:41 Gateway/motion 1
Gateway sending update to database
12:25:41 Gateway/motion 1
Gateway sending update to database
12:25:41 Gateway/motion 1
Gateway sending update to database
12:25:41 Gateway/motion 1
Gateway sending update to database
12:25:41 Gateway/motion 1
Gateway sending update to database
12:25:41 Gateway/motion 1
Gateway sending update to database
12:25:41 Gateway/motion 1
Gateway sending update to database
12:25:41 Gateway/motion 1
Gateway sending update to database
12:25:41 Gateway/motion 1
Gateway sending update to database
12:25:41 Gateway/motion 1
Gateway sending update to database
12:25:41 Gateway/motion 1
Gateway sending update to database
12:25:41 Gateway/motion 1
Gateway sending update to database
12:25:41 Gateway/motion 1
Gateway sending update to database
12:25:41 Gateway/motion 1
Gateway sending update to database
12:25:41 Gateway/motion 1
Gateway sending update to database
12:25:41 Gateway/motion 1
Gateway sending update to database
12:25:41 Gateway/motion 1
Gateway sending update to database
12:25:41 Gateway/motion 1
Gateway sending update to database
12:25:41 Gateway/motion 1
Gateway sending update to database
12:25:41 Gateway/motion 1
Gateway sending update to database
12:25:41 Gateway/motion 1
Gateway sending update to database
12:25:41 Gateway/motion 1
Gateway sending update to database
12:25:41 Gateway/motion 1
Gateway sending update to database
12:25:41 Gateway/motion 1
Gateway sending update to database
12:25:41 Gateway/motion 1
Gateway sending update to database
12:25:41 Gateway/motion 1
Gateway sending update to database
12:25:41 Gateway/motion 1
Gateway sending update to database
12:25:41 Gateway/motion 1
Gateway sending update to database
12:25:41 Gateway/motion 1
Gateway sending update to database
12:25:41 Gateway/motion 1
Gateway sending update to database
12:25:41 Gateway/motion 1
Gateway sending update to database
12:25:41 Gateway/motion 1
Gateway sending update to database
12:25:41 Gateway/motion 1
Gateway sending update to database
12:25:41 Gateway/motion 1
Gateway sending update to database
12:25:41 Gateway/motion 1
Gateway sending update to database
12:25:41 Gateway/motion 1
Gateway sending update to database
12:25:41 Gateway/motion 1
Gateway sending update to database
12:25:41 Gateway/motion 1
Gateway sending update to database
12:25:41 Gateway/motion 1
Gateway sending update to database
12:25:41 Gateway/motion 1
Gateway sending update to database
12:25:41 Gateway/motion 1
Gateway sending update to database
12:25:41 Gateway/motion 1
Gateway sending update to database
12:25:41 Gateway/motion 1
Gateway sending update to database
12:25:41 Gateway/motion 1
Gateway sending update to database
12:25:41 Gateway/motion 1
Gateway sending update to database
12:25:41 Gateway/motion 1
Gateway sending update to database
12:25:41 Gateway/motion 1
Gateway sending update to database
12:25:41 Gateway/motion 1
Gateway sending update to database
12:25:41 Gateway/motion 1
Gateway sending update to database
12:25:41 Gateway/motion 1
Gateway sending update to database
12:25:41 Gateway/motion 1
Gateway sending update to database
12:25:41 Gateway/motion 1
Gateway sending update to database
12:25:41 Gateway/motion 1
Gateway sending update to database
12:25:41 Gateway/motion 1
Gateway sending update to database
12:25:41 Gateway/motion 1
Gateway sending update to database
12:25:41 Gateway/motion 1
Gateway sending update to database
12:25:41 Gateway/motion 1
Gateway sending update to database
12:25:41 Gateway/motion 1
Gateway sending update to database
12:25:41 Gateway/motion 1
Gateway sending update to database
12:25:41 Gateway/motion 1
Gateway sending update to database
12:25:41 Gateway/motion 1
Gateway sending update to database
12:25:41 Gateway/motion 1
Gateway sending update to database
12:25:41 Gateway/motion 1
Gateway sending update to database
12:25:41 Gateway/motion 1
Gateway sending update to database
12:25:41 Gateway/motion 1
Gateway sending update to database
12:25:41 Gateway/motion 1
Gateway sending update to database
12:25:41 Gateway/motion 1
Gateway sending update to database
12:25:41 Gateway/motion 1
Gateway sending update to database
12:25:41 Gateway/motion 1
Gateway sending update to database
12:25:41 Gateway/motion 1
Gateway sending update to database
12:25:41 Gateway/motion 1
Gateway sending update to database
12:25:41 Gateway/motion 1
Gateway sending update to database
12:25:41 Gateway/motion 1
Gateway sending update to database
12:25:41 Gateway/motion 1
Gateway sending update to database
12:25:41 Gateway/motion 1
Gateway sending update to database
12:25:41 Gateway/motion 1
Gateway sending update to database
12:25:41 Gateway/motion 1
Gateway sending update to database
12:25:41 Gateway/motion 1
Gateway sending update to database
12:25:41 Gateway/motion 1
Gateway sending update to database
12:25:41 Gateway/motion 1
Gateway sending update to database
12:25:41 Gateway/motion 1
Gateway sending update to database
12:25:41 Gateway/motion 1
Gateway sending update to database
12:25:41 Gateway/motion 1
Gateway sending update to database
12:25:41 Gateway/motion 1
Gateway sending update to database
12:25:41 Gateway/motion 1
Gateway sending update to database
12:25:41 Gateway/motion 1
Gateway sending update to database
12:25:41 Gateway/motion 1
Gateway sending update to database
12:25:41 Gateway/motion 1
Gateway sending update to database
12:25:41 Gateway/motion 1
Gateway sending update to database
12:25:41 Gateway/motion 1
Gateway sending update to database
12:25:41 Gateway/motion 1
Gateway sending update to database
12:25:41 Gateway/motion 1
Gateway sending update to database
12:25:41 Gateway/motion 1
Gateway sending update to database
12:25:41 Gateway/motion 1
Gateway sending update to database
12:25:41 Gateway/motion 1
Gateway sending update to database
12:25:41 Gateway/motion 1
Gateway sending update to database
12:25:41 Gateway/motion 1
Gateway sending update to database
12:25:41 Gateway/motion 1
Gateway sending update to database
12:25:41 Gateway/motion 1
Gateway sending update to database
12:25:41 Gateway/motion 1
Gateway sending update to database
12:25:41 Gateway/motion 1
Gateway sending update to database
12:25:41 Gateway/motion 1
Gateway sending update to database
12:25:41 Gateway/motion 1
Gateway sending update to database
12:25:41 Gateway/motion 1
Gateway sending update to database
12:25:41 Gateway/motion 1
Gateway sending update to database
12:25:41 Gateway/motion 1
Gateway sending update to database
12:25:41 Gateway/motion 1
Gateway sending update to database
12:25:41 Gateway/motion 1
Gateway sending update to database
12:25:41 Gateway/motion 1
Gateway sending update to database
12:25:41 Gateway/motion 1
Gateway sending update to database
12:25:41 Gateway/motion 1
Gateway sending update to database
12:25:41 Gateway/motion 1
Gateway sending update to database
12:25:41 Gateway/motion 1
Gateway sending update to database
12:25:41 Gateway/motion 1
Gateway sending update to database
12:25:41 Gateway/motion 1
Gateway sending update to database
12:25:41 Gateway/motion 1
Gateway sending update to database
12:25:41 Gateway/motion 1
Gateway sending update to database
12:25:41 Gateway/motion 1
Gateway sending update to database
12:25:41 Gateway/motion 1
Gateway sending update to database
12:25:41 Gateway/motion 1
Gateway sending update to database
12:25:41 Gateway/motion 1
Gateway sending update to database
12:25:41 Gateway/motion 1
Gateway sending update to database
12:25:41 Gateway/motion 1
Gateway sending update to database
12:25:41 Gateway/motion 1
Gateway sending update to database
12:25:41 Gateway/motion 1
Gateway sending update to database
12:25:41 Gateway/motion 1
Gateway sending update to database
12:25:41 Gateway/motion 1
Gateway sending update to database
12:25:41 Gateway/motion 1
Gateway sending update to database
12:25:41 Gateway/motion 1
Gateway sending update to database
12:25:41 Gateway/motion 1
Gateway sending update to database
12:25:41 Gateway/motion 1
Gateway sending update to database
12:25:41 Gateway/motion 1
Gateway sending update to database
12:25:41 Gateway/motion 1
Gateway sending update to database
12:25:41 Gateway/motion 1
Gateway sending update to database
12:25:41 Gateway/motion 1
Gateway sending update to database
12:25:41 Gateway/motion 1
Gateway sending update to database
12:25:41 Gateway/motion 1
Gateway sending update to database
12:25:41 Gateway/motion 1
Gateway sending update to database
12:25:41 Gateway/motion 1
Gateway sending update to database
12:25:41 Gateway/motion 1
Gateway sending update to database
12:25:41 Gateway/motion 1
Gateway sending update to database
12:25:41 Gateway/motion 1
Gateway sending update to database
12:25:41 Gateway/motion 1
Gateway sending update to database
12:25:41 Gateway/motion 1
Gateway sending update to database
12:25:41 Gateway/motion 1
Gateway sending update to database
12:25:41 Gateway/motion 1
Gateway sending update to database
12:25:41 Gateway/motion 1
Gateway sending update to database
12:25:41 Gateway/motion 1
Gateway sending update to database
12:25:41 Gateway/motion 1
Gateway sending update to database
12:25:41 Gateway/motion 1
Gateway sending update to database
12:25:41 Gateway/motion 1
Gateway sending update to database
12:25:41 Gateway/motion 1
Gateway sending update to database
12:25:41 Gateway/motion 1
Gateway sending update to database
12:25:41 Gateway/motion 1
Gateway sending update to database
12:25:41 Gateway/motion 1
Gateway sending update to database
12:25:41 Gateway/motion 1
Gateway sending update to database
12:25:41 Gateway/motion 1
Gateway sending update to database
12:25:41 Gateway/motion 1
Gateway sending update to database
12:25:41 Gateway/motion 1
Gateway sending update to database
12:25:41 Gateway/motion 1
Gateway sending update to database
12:25:41 Gateway/motion 1
Gateway sending update to database
12:25:41 Gateway/motion 1
Gateway sending update to database
12:25:41 Gateway/motion 1
Gateway sending update to database
12:25:41 Gateway/motion 1
Gateway sending update to database
12:25:41 Gateway/motion 1
Gateway sending update to database
12:25:41 Gateway/motion 1
Gateway sending update to database
12:25:41 Gateway/motion 1
Gateway sending update to database
12:25:41 Gateway/motion 1
Gateway sending update to database
12:25:41 Gateway/motion 1
Gateway sending update to database
12:25:41 Gateway/motion 1
Gateway sending update to database
12:25:41 Gateway/motion 1
Gateway sending update to database
12:25:41 Gateway/motion 1
Gateway sending update to database
12:25:41 Gateway/motion 1
Gateway sending update to database
12:25:41 Gateway/motion 1
Gateway sending update to database
12:25:41 Gateway/motion 1
Gateway sending update to database
12:25:41 Gateway/motion 1
Gateway sending update to database
12:25:41 Gateway/motion 1
Gateway sending update to database
12:25:41 Gateway/motion 1
Gateway sending update to database
12:25:41 Gateway/motion 1
Gateway sending update to database
12:25:41 Gateway/motion 1
Gateway sending update to database
12:25:41 Gateway/motion 1
Gateway sending update to database
12:25:41 Gateway/motion 1
Gateway sending update to database
12:25:41 Gateway/motion 1
Gateway sending update to database
12:25:41 Gateway/motion 1
Gateway sending update to database
12:25:41 Gateway/motion 1
Gateway sending update to database
12:25:41 Gateway/motion 1
Gateway sending update to database
12:25:41 Gateway/motion 1
Gateway sending update to database
12:25:41 Gateway/motion 1
Gateway sending update to database
12:25:41 Gateway/motion 1
Gateway sending update to database
12:25:41 Gateway/motion 1
Gateway sending update to database
12:25:41 Gateway/motion 1
Gateway sending update to database
12:25:41 Gateway/motion 1
Gateway sending update to database
12:25:41 Gateway/motion 1
Gateway sending update to database
12:25:41 Gateway/motion 1
Gateway sending update to database
12:25:41 Gateway/motion 1
Gateway sending update to database
12:25:41 Gateway/motion 1
Gateway sending update to database
12:25:41 Gateway/motion 1
Gateway sending update to database
12:25:41 Gateway/motion 1
Gateway sending update to database
12:25:41 Gateway/motion 1
Gateway sending update to database
12:25:41 Gateway/motion 1
Gateway sending update to database
12:25:41 Gateway/motion 1
Gateway sending update to database
12:25:41 Gateway/motion 1
Gateway sending update to database
12:25:41 Gateway/motion 1
Gateway sending update to database
12:25:41 Gateway/motion 1
Gateway sending update to database
12:25:41 Gateway/motion 1
Gateway sending update to database
12:25:41 Gateway/motion 1
Gateway sending update to database
12:25:41 Gateway/motion 1
Gateway sending update to database
12:25:41 Gateway/motion 1
Gateway sending update to database
12:25:41 Gateway/motion 1
Gateway sending update to database
12:25:41 Gateway/motion 1
Gateway sending update to database
12:25:41 Gateway/motion 1
Gateway sending update to database
12:25:41 Gateway/motion 1
Gateway sending update to database
12:25:41 Gateway/motion 1
Gateway sending update to database
12:25:41 Gateway/motion 1
Gateway sending update to database
12:25:41 Gateway/motion 1
Gateway sending update to database
12:25:41 Gateway/motion 1
Gateway sending update to database
12:25:41 Gateway/motion 1
Gateway sending update to database
12:25:41 Gateway/motion 1
Gateway sending update to database
12:25:41 Gateway/motion 1
Gateway sending update to database
12:25:41 Gateway/motion 1
Gateway sending update to database
12:25:42 Gateway/motion 1
Gateway sending update to database
12:25:42 Gateway/motion 1
Gateway sending update to database
12:25:42 Gateway/motion 1
Gateway sending update to database
12:25:42 Gateway/motion 1
Gateway sending update to database
12:25:42 Gateway/motion 1
Gateway sending update to database
12:25:42 Gateway/motion 1
Gateway sending update to database
12:25:42 Gateway/motion 1
Gateway sending update to database
12:25:42 Gateway/motion 1
Gateway sending update to database
12:25:42 Gateway/motion 1
Gateway sending update to database
12:25:42 Gateway/motion 1
Gateway sending update to database
12:25:42 Gateway/motion 1
Gateway sending update to database
12:25:42 Gateway/motion 1
Gateway sending update to database
12:25:42 Gateway/motion 1
Gateway sending update to database
12:25:42 Gateway/motion 1
Gateway sending update to database
12:25:42 Gateway/motion 1
Gateway sending update to database
12:25:42 Gateway/motion 1
Gateway sending update to database
12:25:42 Gateway/motion 1
Gateway sending update to database
12:25:42 Gateway/motion 1
Gateway sending update to database
12:25:42 Gateway/motion 1
Gateway sending update to database
12:25:42 Gateway/motion 1
Gateway sending update to database
12:25:42 Gateway/motion 1
Gateway sending update to database
12:25:42 Gateway/motion 1
Gateway sending update to database
12:25:42 Gateway/motion 1
Gateway sending update to database
12:25:42 Gateway/motion 1
Gateway sending update to database
12:25:42 Gateway/motion 1
Gateway sending update to database
12:25:42 Gateway/motion 1
Gateway sending update to database
12:25:42 Gateway/motion 1
Gateway sending update to database
12:25:42 Gateway/motion 1
Gateway sending update to database
12:25:42 Gateway/motion 1
Gateway sending update to database
12:25:42 Gateway/motion 1
Gateway sending update to database
12:25:42 Gateway/motion 1
Gateway sending update to database
12:25:42 Gateway/motion 1
Gateway sending update to database
12:25:42 Gateway/motion 1
Gateway sending update to database
12:25:42 Gateway/motion 1
Gateway sending update to database
12:25:42 Gateway/motion 1
Gateway sending update to database
12:25:42 Gateway/motion 1
Gateway sending update to database
12:25:42 Gateway/motion 1
Gateway sending update to database
12:25:42 Gateway/motion 1
Gateway sending update to database
12:25:42 Gateway/motion 1
Gateway sending update to database
12:25:42 Gateway/motion 1
Gateway sending update to database
12:25:42 Gateway/motion 1
Gateway sending update to database
12:25:42 Gateway/motion 1
Gateway sending update to database
12:25:42 Gateway/motion 1
Gateway sending update to database
12:25:42 Gateway/motion 1
Gateway sending update to database
12:25:42 Gateway/motion 1
Gateway sending update to database
12:25:42 Gateway/motion 1
Gateway sending update to database
12:25:42 Gateway/motion 1
Gateway sending update to database
12:25:42 Gateway/motion 1
Gateway sending update to database
12:25:42 Gateway/motion 1
Gateway sending update to database
12:25:42 Gateway/motion 1
Gateway sending update to database
12:25:42 Gateway/motion 1
Gateway sending update to database
12:25:42 Gateway/motion 1
Gateway sending update to database
12:25:42 Gateway/motion 1
Gateway sending update to database
12:25:42 Gateway/motion 1
Gateway sending update to database
12:25:42 Gateway/motion 1
Gateway sending update to database
12:25:42 Gateway/motion 1
Gateway sending update to database
12:25:42 Gateway/motion 1
Gateway sending update to database
12:25:42 Gateway/motion 1
Gateway sending update to database
12:25:42 Gateway/motion 1
Gateway sending update to database
12:25:42 Gateway/motion 1
Gateway sending update to database
12:25:42 Gateway/motion 1
Gateway sending update to database
12:25:42 Gateway/motion 1
Gateway sending update to database
12:25:42 Gateway/motion 1
Gateway sending update to database
12:25:42 Gateway/motion 1
Gateway sending update to database
12:25:42 Gateway/motion 1
Gateway sending update to database
12:25:42 Gateway/motion 1
Gateway sending update to database
12:25:42 Gateway/motion 1
Gateway sending update to database
12:25:42 Gateway/motion 1
Gateway sending update to database
12:25:42 Gateway/motion 1
Gateway sending update to database
12:25:42 Gateway/motion 1
Gateway sending update to database
12:25:42 Gateway/motion 1
Gateway sending update to database
12:25:42 Gateway/motion 1
Gateway sending update to database
12:25:42 Gateway/motion 1
Gateway sending update to database
12:25:42 Gateway/motion 1
Gateway sending update to database
12:25:42 Gateway/motion 1
Gateway sending update to database
12:25:42 Gateway/motion 1
Gateway sending update to database
12:25:42 Gateway/motion 1
Gateway sending update to database
12:25:42 Gateway/motion 1
Gateway sending update to database
12:25:42 Gateway/motion 1
Gateway sending update to database
12:25:42 Gateway/motion 1
Gateway sending update to database
12:25:42 Gateway/motion 1
Gateway sending update to database
12:25:42 Gateway/motion 1
Gateway sending update to database
12:25:42 Gateway/motion 1
Gateway sending update to database
12:25:42 Gateway/motion 1
Gateway sending update to database
12:25:42 Gateway/motion 1
Gateway sending update to database
12:25:42 Gateway/motion 1
Gateway sending update to database
12:25:42 Gateway/motion 1
Gateway sending update to database
12:25:42 Gateway/motion 1
Gateway sending update to database
12:25:42 Gateway/motion 1
Gateway sending update to database
12:25:42 Gateway/motion 1
Gateway sending update to database
12:25:42 Gateway/motion 1
Gateway sending update to database
12:25:42 Gateway/motion 1
Gateway sending update to database
12:25:42 Gateway/motion 1
Gateway sending update to database
12:25:42 Gateway/motion 1
Gateway sending update to database
12:25:42 Gateway/motion 1
Gateway sending update to database
12:25:42 Gateway/motion 1
Gateway sending update to database
12:25:42 Gateway/motion 1
Gateway sending update to database
12:25:42 Gateway/motion 1
Gateway sending update to database
12:25:42 Gateway/motion 1
Gateway sending update to database
12:25:42 Gateway/motion 1
Gateway sending update to database
12:25:42 Gateway/motion 1
Gateway sending update to database
12:25:42 Gateway/motion 1
Gateway sending update to database
12:25:42 Gateway/motion 1
Gateway sending update to database
12:25:42 Gateway/motion 1
Gateway sending update to database
12:25:42 Gateway/motion 1
Gateway sending update to database
12:25:42 Gateway/motion 1
Gateway sending update to database
12:25:42 Gateway/motion 1
Gateway sending update to database
12:25:42 Gateway/motion 1
Gateway sending update to database
12:25:42 Gateway/motion 1
Gateway sending update to database
12:25:42 Gateway/motion 1
Gateway sending update to database
12:25:42 Gateway/motion 1
Gateway sending update to database
12:25:42 Gateway/motion 1
Gateway sending update to database
12:25:42 Gateway/motion 1
Gateway sending update to database
12:25:42 Gateway/motion 1
Gateway sending update to database
12:25:42 Gateway/motion 1
Gateway sending update to database
12:25:42 Gateway/motion 1
Gateway sending update to database
12:25:42 Gateway/motion 1
Gateway sending update to database
12:25:44 Gateway/motion 1
Gateway sending update to database
12:25:44 Gateway/motion 1
Gateway sending update to database
12:25:44 Gateway/motion 1
Gateway sending update to database
12:25:44 Gateway/motion 1
Gateway sending update to database
12:25:44 Gateway/motion 1
Gateway sending update to database
12:25:44 Gateway/motion 1
Gateway sending update to database
12:25:44 Gateway/motion 1
Gateway sending update to database
12:25:44 Gateway/motion 1
Gateway sending update to database
12:25:44 Gateway/motion 1
Gateway sending update to database
12:25:44 Gateway/motion 1
Gateway sending update to database
12:25:44 Gateway/motion 1
Gateway sending update to database
12:25:45 Gateway/motion 1
Gateway sending update to database
12:25:45 Gateway/motion 1
Gateway sending update to database
12:25:45 Gateway/motion 1
Gateway sending update to database
12:25:45 Gateway/motion 1
Gateway sending update to database
12:25:45 Gateway/motion 1
Gateway sending update to database
12:25:45 Gateway/motion 1
Gateway sending update to database
12:25:45 Gateway/motion 1
Gateway sending update to database
12:25:45 Gateway/motion 1
Gateway sending update to database
12:25:45 Gateway/motion 1
Gateway sending update to database
12:25:45 Gateway/motion 1
Gateway sending update to database
12:25:45 Gateway/motion 1
Gateway sending update to database
12:25:45 Gateway/motion 1
Gateway sending update to database
12:25:45 Gateway/motion 1
Gateway sending update to database
12:25:45 Gateway/motion 1
Gateway sending update to database
12:25:45 Gateway/motion 1
Gateway sending update to database
12:25:45 Gateway/motion 1
Gateway sending update to database
12:25:45 Gateway/motion 1
Gateway sending update to database
12:25:45 Gateway/motion 1
Gateway sending update to database
12:25:45 Gateway/motion 1
Gateway sending update to database
12:25:45 Gateway/motion 1
Gateway sending update to database
12:25:45 Gateway/motion 1
Gateway sending update to database
12:25:45 Gateway/motion 1
Gateway sending update to database
12:25:45 Gateway/motion 1
Gateway sending update to database
12:25:45 Gateway/motion 1
Gateway sending update to database
12:25:45 Gateway/motion 1
Gateway sending update to database
12:25:45 Gateway/motion 1
Gateway sending update to database
12:25:45 Gateway/motion 1
Gateway sending update to database
12:25:45 Gateway/motion 1
Gateway sending update to database
12:25:45 Gateway/motion 1
Gateway sending update to database
12:25:45 Gateway/motion 1
Gateway sending update to database
12:25:45 Gateway/motion 1
Gateway sending update to database
12:25:45 Gateway/motion 1
Gateway sending update to database
12:25:45 Gateway/motion 1
Gateway sending update to database
12:25:45 Gateway/motion 1
Gateway sending update to database
12:25:45 Gateway/motion 1
Gateway sending update to database
12:25:45 Gateway/motion 1
Gateway sending update to database
12:25:45 Gateway/motion 1
Gateway sending update to database
12:25:45 Gateway/motion 1
Gateway sending update to database
12:25:45 Gateway/motion 1
Gateway sending update to database
12:25:45 Gateway/motion 1
Gateway sending update to database
12:25:45 Gateway/motion 1
Gateway sending update to database
12:25:45 Gateway/motion 1
Gateway sending update to database
12:25:45 Gateway/motion 1
Gateway sending update to database
12:25:45 Gateway/motion 1
Gateway sending update to database
12:25:45 Gateway/motion 1
Gateway sending update to database
12:25:45 Gateway/motion 1
Gateway sending update to database
12:25:45 Gateway/motion 1
Gateway sending update to database
12:25:45 Gateway/motion 1
Gateway sending update to database
12:25:45 Gateway/motion 1
Gateway sending update to database
12:25:45 Gateway/motion 1
Gateway sending update to database
12:25:45 Gateway/motion 1
Gateway sending update to database
12:25:45 Gateway/motion 1
Gateway sending update to database
12:25:45 Gateway/motion 1
Gateway sending update to database
12:25:45 Gateway/motion 1
Gateway sending update to database
12:25:45 Gateway/motion 1
Gateway sending update to database
12:25:45 Gateway/motion 1
Gateway sending update to database
12:25:45 Gateway/motion 1
Gateway sending update to database
12:25:45 Gateway/motion 1
Gateway sending update to database
12:25:45 Gateway/motion 1
Gateway sending update to database
12:25:45 Gateway/motion 1
Gateway sending update to database
12:25:45 Gateway/motion 1
Gateway sending update to database
12:25:45 Gateway/motion 1
Gateway sending update to database
12:25:45 Gateway/motion 1
Gateway sending update to database
12:25:45 Gateway/motion 1
Gateway sending update to database
12:25:45 Gateway/motion 1
Gateway sending update to database
12:25:45 Gateway/motion 1
Gateway sending update to database
12:25:45 Gateway/motion 1
Gateway sending update to database
12:25:45 Gateway/motion 1
Gateway sending update to database
12:25:45 Gateway/motion 1
Gateway sending update to database
12:25:45 Gateway/motion 1
Gateway sending update to database
12:25:45 Gateway/motion 1
Gateway sending update to database
12:25:45 Gateway/motion 1
Gateway sending update to database
12:25:45 Gateway/motion 1
Gateway sending update to database
12:25:45 Gateway/motion 1
Gateway sending update to database
12:25:45 Gateway/motion 1
Gateway sending update to database
12:25:45 Gateway/motion 1
Gateway sending update to database
12:25:45 Gateway/motion 1
Gateway sending update to database
12:25:45 Gateway/motion 1
Gateway sending update to database
12:25:45 Gateway/motion 1
Gateway sending update to database
12:25:45 Gateway/motion 1
Gateway sending update to database
12:25:45 Gateway/motion 1
Gateway sending update to database
12:25:45 Gateway/motion 1
Gateway sending update to database
12:25:45 Gateway/motion 1
Gateway sending update to database
12:25:45 Gateway/motion 1
Gateway sending update to database
12:25:45 Gateway/motion 1
Gateway sending update to database
12:25:45 Gateway/motion 1
Gateway sending update to database
12:25:45 Gateway/motion 1
Gateway sending update to database
12:25:45 Gateway/motion 1
Gateway sending update to database
12:25:45 Gateway/motion 1
Gateway sending update to database
12:25:45 Gateway/motion 1
Gateway sending update to database
12:25:45 Gateway/motion 1
Gateway sending update to database
12:25:45 Gateway/motion 1
Gateway sending update to database
12:25:45 Gateway/motion 1
Gateway sending update to database
12:25:45 Gateway/motion 1
Gateway sending update to database
12:25:45 Gateway/motion 1
Gateway sending update to database
12:25:45 Gateway/motion 1
Gateway sending update to database
12:25:45 Gateway/motion 1
Gateway sending update to database
12:25:45 Gateway/motion 1
Gateway sending update to database
12:25:45 Gateway/motion 1
Gateway sending update to database
12:25:45 Gateway/motion 1
Gateway sending update to database
12:25:45 Gateway/motion 1
Gateway sending update to database
12:25:45 Gateway/motion 1
Gateway sending update to database
12:25:45 Gateway/motion 1
Gateway sending update to database
12:25:45 Gateway/motion 1
Gateway sending update to database
12:25:45 Gateway/motion 1
Gateway sending update to database
12:25:45 Gateway/motion 1
Gateway sending update to database
12:25:45 Gateway/motion 1
Gateway sending update to database
12:25:45 Gateway/motion 1
Gateway sending update to database
12:25:45 Gateway/motion 1
Gateway sending update to database
12:25:45 Gateway/motion 1
Gateway sending update to database
12:25:45 Gateway/motion 1
Gateway sending update to database
12:25:45 Gateway/motion 1
Gateway sending update to database
12:25:45 Gateway/motion 1
Gateway sending update to database
12:25:45 Gateway/motion 1
Gateway sending update to database
12:25:45 Gateway/motion 1
Gateway sending update to database
12:25:45 Gateway/motion 1
Gateway sending update to database
12:25:45 Gateway/motion 1
Gateway sending update to database
12:25:45 Gateway/motion 1
Gateway sending update to database
12:25:45 Gateway/motion 1
Gateway sending update to database
12:25:45 Gateway/motion 1
Gateway sending update to database
12:25:45 Gateway/motion 1
Gateway sending update to database
12:25:45 Gateway/motion 1
Gateway sending update to database
12:25:45 Gateway/motion 1
Gateway sending update to database
12:25:45 Gateway/motion 1
Gateway sending update to database
12:25:45 Gateway/motion 1
Gateway sending update to database
12:25:45 Gateway/motion 1
Gateway sending update to database
12:25:45 Gateway/motion 1
Gateway sending update to database
12:25:45 Gateway/motion 1
Gateway sending update to database
12:25:45 Gateway/motion 1
Gateway sending update to database
12:25:45 Gateway/motion 1
Gateway sending update to database
12:25:45 Gateway/motion 1
Gateway sending update to database
12:25:45 Gateway/motion 1
Gateway sending update to database
12:25:45 Gateway/motion 1
Gateway sending update to database
12:25:45 Gateway/motion 1
Gateway sending update to database
12:25:45 Gateway/motion 1
Gateway sending update to database
12:25:45 Gateway/motion 1
Gateway sending update to database
12:25:45 Gateway/motion 1
Gateway sending update to database
12:25:45 Gateway/motion 1
Gateway sending update to database
12:25:45 Gateway/motion 1
Gateway sending update to database
12:25:45 Gateway/motion 1
Gateway sending update to database
12:25:45 Gateway/motion 1
Gateway sending update to database
12:25:45 Gateway/motion 1
Gateway sending update to database
12:25:45 Gateway/motion 1
Gateway sending update to database
12:25:45 Gateway/motion 1
Gateway sending update to database
12:25:45 Gateway/motion 1
Gateway sending update to database
12:25:45 Gateway/motion 1
Gateway sending update to database
12:25:45 Gateway/motion 1
Gateway sending update to database
12:25:45 Gateway/motion 1
Gateway sending update to database
12:25:45 Gateway/motion 1
Gateway sending update to database
12:25:45 Gateway/motion 1
Gateway sending update to database
12:25:45 Gateway/motion 1
Gateway sending update to database
12:25:45 Gateway/motion 1
Gateway sending update to database
12:25:45 Gateway/motion 1
Gateway sending update to database
12:25:45 Gateway/motion 1
Gateway sending update to database
12:25:45 Gateway/motion 1
Gateway sending update to database
12:25:45 Gateway/motion 1
Gateway sending update to database
12:25:45 Gateway/motion 1
Gateway sending update to database
12:25:45 Gateway/motion 1
Gateway sending update to database
12:25:45 Gateway/motion 1
Gateway sending update to database
12:25:45 Gateway/motion 1
Gateway sending update to database
12:25:45 Gateway/motion 1
Gateway sending update to database
12:25:45 Gateway/motion 1
Gateway sending update to database
12:25:45 Gateway/motion 1
Gateway sending update to database
12:25:45 Gateway/motion 1
Gateway sending update to database
12:25:45 Gateway/motion 1
Gateway sending update to database
12:25:45 Gateway/motion 1
Gateway sending update to database
12:25:45 Gateway/motion 1
Gateway sending update to database
12:25:45 Gateway/motion 1
Gateway sending update to database
12:25:45 Gateway/motion 1
Gateway sending update to database
12:25:45 Gateway/motion 1
Gateway sending update to database
12:25:45 Gateway/motion 1
Gateway sending update to database
12:25:45 Gateway/motion 1
Gateway sending update to database
12:25:45 Gateway/motion 1
Gateway sending update to database
12:25:45 Gateway/motion 1
Gateway sending update to database
12:25:45 Gateway/motion 1
Gateway sending update to database
12:25:45 Gateway/motion 1
Gateway sending update to database
12:25:45 Gateway/motion 1
Gateway sending update to database
12:25:45 Gateway/motion 1
Gateway sending update to database
12:25:45 Gateway/motion 1
Gateway sending update to database
12:25:45 Gateway/motion 1
Gateway sending update to database
12:25:45 Gateway/motion 1
Gateway sending update to database
12:25:45 Gateway/motion 1
Gateway sending update to database
12:25:45 Gateway/motion 1
Gateway sending update to database
12:25:45 Gateway/motion 1
Gateway sending update to database
12:25:45 Gateway/motion 1
Gateway sending update to database
12:25:45 Gateway/motion 1
Gateway sending update to database
12:25:45 Gateway/motion 1
Gateway sending update to database
12:25:45 Gateway/motion 1
Gateway sending update to database
12:25:45 Gateway/motion 1
Gateway sending update to database
12:25:45 Gateway/motion 1
Gateway sending update to database
12:25:45 Gateway/motion 1
Gateway sending update to database
12:25:45 Gateway/motion 1
Gateway sending update to database
12:25:45 Gateway/motion 1
Gateway sending update to database
12:25:45 Gateway/motion 1
Gateway sending update to database
12:25:45 Gateway/motion 1
Gateway sending update to database
12:25:45 Gateway/motion 1
Gateway sending update to database
12:25:45 Gateway/motion 1
Gateway sending update to database
12:25:45 Gateway/motion 1
Gateway sending update to database
12:25:45 Gateway/motion 1
Gateway sending update to database
12:25:46 Gateway/motion 1
Gateway sending update to database
12:25:46 Gateway/motion 1
Gateway sending update to database
12:25:46 Gateway/motion 1
Gateway sending update to database
12:25:46 Gateway/motion 1
Gateway sending update to database
12:25:46 Gateway/motion 1
Gateway sending update to database
12:25:46 Gateway/motion 1
Gateway sending update to database
12:25:46 Gateway/motion 1
Gateway sending update to database
12:25:46 Gateway/motion 1
Gateway sending update to database
12:25:46 Gateway/motion 1
Gateway sending update to database
12:25:46 Gateway/motion 1
Gateway sending update to database
12:25:46 Gateway/motion 1
Gateway sending update to database
12:25:46 Gateway/motion 1
Gateway sending update to database
12:25:46 Gateway/motion 1
Gateway sending update to database
12:25:46 Gateway/motion 1
Gateway sending update to database
12:25:46 Gateway/motion 1
Gateway sending update to database
12:25:46 Gateway/motion 1
Gateway sending update to database
12:25:46 Gateway/motion 1
Gateway sending update to database
12:25:46 Gateway/motion 1
Gateway sending update to database
12:25:46 Gateway/motion 1
Gateway sending update to database
12:25:46 Gateway/motion 1
Gateway sending update to database
12:25:46 Gateway/motion 1
Gateway sending update to database
12:25:46 Gateway/motion 1
Gateway sending update to database
12:25:46 Gateway/motion 1
Gateway sending update to database
12:25:46 Gateway/motion 1
Gateway sending update to database
12:25:46 Gateway/motion 1
Gateway sending update to database
12:25:46 Gateway/motion 1
Gateway sending update to database
12:25:46 Gateway/motion 1
Gateway sending update to database
12:25:46 Gateway/motion 1
Gateway sending update to database
12:25:46 Gateway/motion 1
Gateway sending update to database
12:25:46 Gateway/motion 1
Gateway sending update to database
12:25:46 Gateway/motion 1
Gateway sending update to database
12:25:46 Gateway/motion 1
Gateway sending update to database
12:25:46 Gateway/motion 1
Gateway sending update to database
12:25:46 Gateway/motion 1
Gateway sending update to database
12:25:46 Gateway/motion 1
Gateway sending update to database
12:25:46 Gateway/motion 1
Gateway sending update to database
12:25:46 Gateway/motion 1
Gateway sending update to database
12:25:46 Gateway/motion 1
Gateway sending update to database
12:25:46 Gateway/motion 1
Gateway sending update to database
12:25:46 Gateway/motion 1
Gateway sending update to database
12:25:46 Gateway/motion 1
Gateway sending update to database
12:25:46 Gateway/motion 1
Gateway sending update to database
12:25:46 Gateway/motion 1
Gateway sending update to database
12:25:46 Gateway/motion 1
Gateway sending update to database
12:25:46 Gateway/motion 1
Gateway sending update to database
12:25:46 Gateway/motion 1
Gateway sending update to database
12:25:46 Gateway/motion 1
Gateway sending update to database
12:25:46 Gateway/motion 1
Gateway sending update to database
12:25:46 Gateway/motion 1
Gateway sending update to database
12:25:46 Gateway/motion 1
Gateway sending update to database
12:25:46 Gateway/motion 1
Gateway sending update to database
12:25:46 Gateway/motion 1
Gateway sending update to database
12:25:46 Gateway/motion 1
Gateway sending update to database
12:25:46 Gateway/motion 1
Gateway sending update to database
12:25:46 Gateway/motion 1
Gateway sending update to database
12:25:46 Gateway/motion 1
Gateway sending update to database
12:25:46 Gateway/motion 1
Gateway sending update to database
12:25:46 Gateway/motion 1
Gateway sending update to database
12:25:46 Gateway/motion 1
Gateway sending update to database
12:25:46 Gateway/motion 1
Gateway sending update to database
12:25:46 Gateway/motion 1
Gateway sending update to database
12:25:46 Gateway/motion 1
Gateway sending update to database
12:25:46 Gateway/motion 1
Gateway sending update to database
12:25:46 Gateway/motion 1
Gateway sending update to database
12:25:46 Gateway/motion 1
Gateway sending update to database
12:25:46 Gateway/motion 1
Gateway sending update to database
12:25:46 Gateway/motion 1
Gateway sending update to database
12:25:46 Gateway/motion 1
Gateway sending update to database
12:25:46 Gateway/motion 1
Gateway sending update to database
12:25:46 Gateway/motion 1
Gateway sending update to database
12:25:46 Gateway/motion 1
Gateway sending update to database
12:25:46 Gateway/motion 1
Gateway sending update to database
12:25:46 Gateway/motion 1
Gateway sending update to database
12:25:46 Gateway/motion 1
Gateway sending update to database
12:25:46 Gateway/motion 1
Gateway sending update to database
12:25:46 Gateway/motion 1
Gateway sending update to database
12:25:46 Gateway/motion 1
Gateway sending update to database
12:25:46 Gateway/motion 1
Gateway sending update to database
12:25:46 Gateway/motion 1
Gateway sending update to database
12:25:46 Gateway/motion 1
Gateway sending update to database
12:25:46 Gateway/motion 1
Gateway sending update to database
12:25:46 Gateway/motion 1
Gateway sending update to database
12:25:46 Gateway/motion 1
Gateway sending update to database
12:25:46 Gateway/motion 1
Gateway sending update to database
12:25:46 Gateway/motion 1
Gateway sending update to database
12:25:46 Gateway/motion 1
Gateway sending update to database
12:25:46 Gateway/motion 1
Gateway sending update to database
12:25:46 Gateway/motion 1
Gateway sending update to database
12:25:46 Gateway/motion 1
Gateway sending update to database
12:25:46 Gateway/motion 1
Gateway sending update to database
12:25:46 Gateway/motion 1
Gateway sending update to database
12:25:46 Gateway/motion 1
Gateway sending update to database
12:25:46 Gateway/motion 1
Gateway sending update to database
12:25:46 Gateway/motion 1
Gateway sending update to database
12:25:46 Gateway/motion 1
Gateway sending update to database
12:25:46 Gateway/motion 1
Gateway sending update to database
12:25:46 Gateway/motion 1
Gateway sending update to database
12:25:46 Gateway/motion 1
Gateway sending update to database
12:25:46 Gateway/motion 1
Gateway sending update to database
12:25:46 Gateway/motion 1
Gateway sending update to database
12:25:46 Gateway/motion 1
Gateway sending update to database
12:25:46 Gateway/motion 1
Gateway sending update to database
12:25:46 Gateway/motion 1
Gateway sending update to database
12:25:46 Gateway/motion 1
Gateway sending update to database
12:25:46 Gateway/motion 1
Gateway sending update to database
12:25:46 Gateway/motion 1
Gateway sending update to database
12:25:46 Gateway/motion 1
Gateway sending update to database
12:25:46 Gateway/motion 1
Gateway sending update to database
12:25:46 Gateway/motion 1
Gateway sending update to database
12:25:46 Gateway/motion 1
Gateway sending update to database
12:25:46 Gateway/motion 1
Gateway sending update to database
12:25:46 Gateway/motion 1
Gateway sending update to database
12:25:46 Gateway/motion 1
Gateway sending update to database
12:25:46 Gateway/motion 1
Gateway sending update to database
12:25:46 Gateway/motion 1
Gateway sending update to database
12:25:46 Gateway/motion 1
Gateway sending update to database
12:25:46 Gateway/motion 1
Gateway sending update to database
12:25:46 Gateway/motion 1
Gateway sending update to database
12:25:46 Gateway/motion 1
Gateway sending update to database
12:25:46 Gateway/motion 1
Gateway sending update to database
12:25:46 Gateway/motion 1
Gateway sending update to database
12:25:46 Gateway/motion 1
Gateway sending update to database
12:25:46 Gateway/motion 1
Gateway sending update to database
12:25:46 Gateway/motion 1
Gateway sending update to database
12:25:46 Gateway/motion 1
Gateway sending update to database
12:25:46 Gateway/motion 1
Gateway sending update to database
12:25:46 Gateway/motion 1
Gateway sending update to database
12:25:46 Gateway/motion 1
Gateway sending update to database
12:25:46 Gateway/motion 1
Gateway sending update to database
12:25:46 Gateway/motion 1
Gateway sending update to database
12:25:46 Gateway/motion 1
Gateway sending update to database
12:25:46 Gateway/motion 1
Gateway sending update to database
12:25:46 Gateway/motion 1
Gateway sending update to database
12:25:46 Gateway/motion 1
Gateway sending update to database
12:25:46 Gateway/motion 1
Gateway sending update to database
12:25:46 Gateway/motion 1
Gateway sending update to database
12:25:46 Gateway/motion 1
Gateway sending update to database
12:25:46 Gateway/motion 1
Gateway sending update to database
12:25:46 Gateway/motion 1
Gateway sending update to database
12:25:46 Gateway/motion 1
Gateway sending update to database
12:25:46 Gateway/motion 1
Gateway sending update to database
12:25:46 Gateway/motion 1
Gateway sending update to database
12:25:46 Gateway/motion 1
Gateway sending update to database
12:25:46 Gateway/motion 1
Gateway sending update to database
12:25:46 Gateway/motion 1
Gateway sending update to database
12:25:46 Gateway/motion 1
Gateway sending update to database
12:25:46 Gateway/motion 1
Gateway sending update to database
12:25:46 Gateway/motion 1
Gateway sending update to database
12:25:46 Gateway/motion 1
Gateway sending update to database
12:25:46 Gateway/motion 1
Gateway sending update to database
12:25:46 Gateway/motion 1
Gateway sending update to database
12:25:46 Gateway/motion 1
Gateway sending update to database
12:25:46 Gateway/motion 1
Gateway sending update to database
12:25:46 Gateway/motion 1
Gateway sending update to database
12:25:46 Gateway/motion 1
Gateway sending update to database
12:25:46 Gateway/motion 1
Gateway sending update to database
12:25:46 Gateway/motion 1
Gateway sending update to database
12:25:46 Gateway/motion 1
Gateway sending update to database
12:25:46 Gateway/motion 1
Gateway sending update to database
12:25:46 Gateway/motion 1
Gateway sending update to database
12:25:46 Gateway/motion 1
Gateway sending update to database
12:25:46 Gateway/motion 1
Gateway sending update to database
12:25:46 Gateway/motion 1
Gateway sending update to database
12:25:46 Gateway/motion 1
Gateway sending update to database
12:25:46 Gateway/motion 1
Gateway sending update to database
12:25:46 Gateway/motion 1
Gateway sending update to database
12:25:46 Gateway/motion 1
Gateway sending update to database
12:25:46 Gateway/motion 1
Gateway sending update to database
12:25:46 Gateway/motion 1
Gateway sending update to database
12:25:46 Gateway/motion 1
Gateway sending update to database
12:25:46 Gateway/motion 1
Gateway sending update to database
12:25:46 Gateway/motion 1
Gateway sending update to database
12:25:46 Gateway/motion 1
Gateway sending update to database
12:25:46 Gateway/motion 1
Gateway sending update to database
12:25:46 Gateway/motion 1
Gateway sending update to database
12:25:46 Gateway/motion 1
Gateway sending update to database
12:25:46 Gateway/motion 1
Gateway sending update to database
12:25:46 Gateway/motion 1
Gateway sending update to database
12:25:46 Gateway/motion 1
Gateway sending update to database
12:25:46 Gateway/motion 1
Gateway sending update to database
12:25:46 Gateway/motion 1
Gateway sending update to database
12:25:46 Gateway/motion 1
Gateway sending update to database
12:25:46 Gateway/motion 1
Gateway sending update to database
12:25:46 Gateway/motion 1
Gateway sending update to database
12:25:46 Gateway/motion 1
Gateway sending update to database
12:25:46 Gateway/motion 1
Gateway sending update to database
12:25:46 Gateway/motion 1
Gateway sending update to database
12:25:46 Gateway/motion 1
Gateway sending update to database
12:25:46 Gateway/motion 1
Gateway sending update to database
12:25:46 Gateway/motion 1
Gateway sending update to database
12:25:46 Gateway/motion 1
Gateway sending update to database
12:25:46 Gateway/motion 1
Gateway sending update to database
12:25:46 Gateway/motion 1
Gateway sending update to database
12:25:46 Gateway/motion 1
Gateway sending update to database
12:25:46 Gateway/motion 1
Gateway sending update to database
12:25:46 Gateway/motion 1
Gateway sending update to database
12:25:46 Gateway/motion 1
Gateway sending update to database
12:25:46 Gateway/motion 1
Gateway sending update to database
12:25:46 Gateway/motion 1
Gateway sending update to database
12:25:46 Gateway/motion 1
Gateway sending update to database
12:25:46 Gateway/motion 1
Gateway sending update to database
12:25:46 Gateway/motion 1
Gateway sending update to database
12:25:46 Gateway/motion 1
Gateway sending update to database
12:25:46 Gateway/motion 1
Gateway sending update to database
12:25:46 Gateway/motion 1
Gateway sending update to database
12:25:46 Gateway/motion 1
Gateway sending update to database
12:25:46 Gateway/motion 1
Gateway sending update to database
12:25:46 Gateway/motion 1
Gateway sending update to database
12:25:46 Gateway/motion 1
Gateway sending update to database
12:25:46 Gateway/motion 1
Gateway sending update to database
12:25:46 Gateway/motion 1
Gateway sending update to database
12:25:46 Gateway/motion 1
Gateway sending update to database
12:25:46 Gateway/motion 1
Gateway sending update to database
12:25:46 Gateway/motion 1
Gateway sending update to database
12:25:46 Gateway/motion 1
Gateway sending update to database
12:25:46 Gateway/motion 1
Gateway sending update to database
12:25:46 Gateway/motion 1
Gateway sending update to database
12:25:46 Gateway/motion 1
Gateway sending update to database
12:25:46 Gateway/motion 1
Gateway sending update to database
12:25:46 Gateway/motion 1
Gateway sending update to database
12:25:46 Gateway/motion 1
Gateway sending update to database
12:25:46 Gateway/motion 1
Gateway sending update to database
12:25:46 Gateway/motion 1
Gateway sending update to database
12:25:46 Gateway/motion 1
Gateway sending update to database
12:25:46 Gateway/motion 1
Gateway sending update to database
12:25:46 Gateway/motion 1
Gateway sending update to database
12:25:46 Gateway/motion 1
Gateway sending update to database
12:25:46 Gateway/motion 1
Gateway sending update to database
12:25:46 Gateway/motion 1
Gateway sending update to database
12:25:46 Gateway/motion 1
Gateway sending update to database
12:25:46 Gateway/motion 1
Gateway sending update to database
12:25:46 Gateway/motion 1
Gateway sending update to database
12:25:46 Gateway/motion 1
Gateway sending update to database
12:25:46 Gateway/motion 1
Gateway sending update to database
12:25:46 Gateway/motion 1
Gateway sending update to database
12:25:46 Gateway/motion 1
Gateway sending update to database
12:25:46 Gateway/motion 1
Gateway sending update to database
12:25:46 Gateway/motion 1
Gateway sending update to database
12:25:46 Gateway/motion 1
Gateway sending update to database
12:25:46 Gateway/motion 1
Gateway sending update to database
12:25:46 Gateway/motion 1
Gateway sending update to database
12:25:46 Gateway/motion 1
Gateway sending update to database
12:25:46 Gateway/motion 1
Gateway sending update to database
12:25:46 Gateway/motion 1
Gateway sending update to database
12:25:46 Gateway/motion 1
Gateway sending update to database
12:25:46 Gateway/motion 1
Gateway sending update to database
12:25:46 Gateway/motion 1
Gateway sending update to database
12:25:46 Gateway/motion 1
Gateway sending update to database
12:25:46 Gateway/motion 1
Gateway sending update to database
12:25:46 Gateway/motion 1
Gateway sending update to database
12:25:46 Gateway/motion 1
Gateway sending update to database
12:25:46 Gateway/motion 1
Gateway sending update to database
12:25:46 Gateway/motion 1
Gateway sending update to database
12:25:46 Gateway/motion 1
Gateway sending update to database
12:25:46 Gateway/motion 1
Gateway sending update to database
12:25:46 Gateway/motion 1
Gateway sending update to database
12:25:46 Gateway/motion 1
Gateway sending update to database
12:25:46 Gateway/motion 1
Gateway sending update to database
12:25:46 Gateway/motion 1
Gateway sending update to database
12:25:46 Gateway/motion 1
Gateway sending update to database
12:25:46 Gateway/motion 1
Gateway sending update to database
12:25:46 Gateway/motion 1
Gateway sending update to database
12:25:46 Gateway/motion 1
Gateway sending update to database
12:25:46 Gateway/motion 1
Gateway sending update to database
12:25:46 Gateway/motion 1
Gateway sending update to database
12:25:46 Gateway/motion 1
Gateway sending update to database
12:25:46 Gateway/motion 1
Gateway sending update to database
12:25:46 Gateway/motion 1
Gateway sending update to database
12:25:46 Gateway/motion 1
Gateway sending update to database
12:25:46 Gateway/motion 1
Gateway sending update to database
12:25:46 Gateway/motion 1
Gateway sending update to database
12:25:46 Gateway/motion 1
Gateway sending update to database
12:25:46 Gateway/motion 1
Gateway sending update to database
12:25:46 Gateway/motion 1
Gateway sending update to database
12:25:46 Gateway/motion 1
Gateway sending update to database
12:25:46 Gateway/motion 1
Gateway sending update to database
12:25:46 Gateway/motion 1
Gateway sending update to database
12:25:46 Gateway/motion 1
Gateway sending update to database
12:25:46 Gateway/motion 1
Gateway sending update to database
12:25:46 Gateway/motion 1
Gateway sending update to database
12:25:46 Gateway/motion 1
Gateway sending update to database
12:25:46 Gateway/motion 1
Gateway sending update to database
12:25:46 Gateway/motion 1
Gateway sending update to database
12:25:46 Gateway/motion 1
Gateway sending update to database
12:25:46 Gateway/motion 1
Gateway sending update to database
12:25:46 Gateway/motion 1
Gateway sending update to database
12:25:46 Gateway/motion 1
Gateway sending update to database
12:25:46 Gateway/motion 1
Gateway sending update to database
12:25:46 Gateway/motion 1
Gateway sending update to database
12:25:46 Gateway/motion 1
Gateway sending update to database
12:25:46 Gateway/motion 1
Gateway sending update to database
12:25:46 Gateway/motion 1
Gateway sending update to database
12:25:46 Gateway/motion 1
Gateway sending update to database
12:25:46 Gateway/motion 1
Gateway sending update to database
12:25:46 Gateway/motion 1
Gateway sending update to database
12:25:46 Gateway/motion 1
Gateway sending update to database
12:25:46 Gateway/motion 1
Gateway sending update to database
12:25:46 Gateway/motion 1
Gateway sending update to database
12:25:46 Gateway/motion 1
Gateway sending update to database
12:25:46 Gateway/motion 1
Gateway sending update to database
12:25:46 Gateway/motion 1
Gateway sending update to database
12:25:46 Gateway/motion 1
Gateway sending update to database
12:25:46 Gateway/motion 1
Gateway sending update to database
12:25:46 Gateway/motion 1
Gateway sending update to database
12:25:46 Gateway/motion 1
Gateway sending update to database
12:25:46 Gateway/motion 1
Gateway sending update to database
12:25:46 Gateway/motion 1
Gateway sending update to database
12:25:46 Gateway/motion 1
Gateway sending update to database
12:25:46 Gateway/motion 1
Gateway sending update to database
12:25:46 Gateway/motion 1
Gateway sending update to database
12:25:46 Gateway/motion 1
Gateway sending update to database
12:25:46 Gateway/motion 1
Gateway sending update to database
12:25:46 Gateway/motion 1
Gateway sending update to database
12:25:46 Gateway/motion 1
Gateway sending update to database
12:25:46 Gateway/motion 1
Gateway sending update to database
12:25:46 Gateway/motion 1
Gateway sending update to database
12:25:46 Gateway/motion 1
Gateway sending update to database
12:25:46 Gateway/motion 1
Gateway sending update to database
12:25:46 Gateway/motion 1
Gateway sending update to database
12:25:46 Gateway/motion 1
Gateway sending update to database
12:25:46 Gateway/motion 1
Gateway sending update to database
12:25:46 Gateway/motion 1
Gateway sending update to database
12:25:46 Gateway/motion 1
Gateway sending update to database
12:25:46 Gateway/motion 1
Gateway sending update to database
12:25:46 Gateway/motion 1
Gateway sending update to database
12:25:46 Gateway/motion 1
Gateway sending update to database
12:25:46 Gateway/motion 1
Gateway sending update to database
12:25:46 Gateway/motion 1
Gateway sending update to database
12:25:46 Gateway/motion 1
Gateway sending update to database
12:25:46 Gateway/motion 1
Gateway sending update to database
12:25:46 Gateway/motion 1
Gateway sending update to database
12:25:46 Gateway/motion 1
Gateway sending update to database
12:25:46 Gateway/motion 1
Gateway sending update to database
12:25:46 Gateway/motion 1
Gateway sending update to database
12:25:46 Gateway/motion 1
Gateway sending update to database
12:25:46 Gateway/motion 1
Gateway sending update to database
12:25:46 Gateway/motion 1
Gateway sending update to database
12:25:46 Gateway/motion 1
Gateway sending update to database
12:25:46 Gateway/motion 1
Gateway sending update to database
12:25:46 Gateway/motion 1
Gateway sending update to database
12:25:46 Gateway/motion 1
Gateway sending update to database
12:25:46 Gateway/motion 1
Gateway sending update to database
12:25:46 Gateway/motion 1
Gateway sending update to database
12:25:46 Gateway/motion 1
Gateway sending update to database
12:25:46 Gateway/motion 1
Gateway sending update to database
12:25:46 Gateway/motion 1
Gateway sending update to database
12:25:46 Gateway/motion 1
Gateway sending update to database
12:25:46 Gateway/motion 1
Gateway sending update to database
12:25:46 Gateway/motion 1
Gateway sending update to database
12:25:46 Gateway/motion 1
Gateway sending update to database
12:25:46 Gateway/motion 1
Gateway sending update to database
12:25:46 Gateway/motion 1
Gateway sending update to database
12:25:46 Gateway/motion 1
Gateway sending update to database
12:25:46 Gateway/motion 1
Gateway sending update to database
12:25:46 Gateway/motion 1
Gateway sending update to database
12:25:46 Gateway/motion 1
Gateway sending update to database
12:25:46 Gateway/motion 1
Gateway sending update to database
12:25:46 Gateway/motion 1
Gateway sending update to database
12:25:46 Gateway/motion 1
Gateway sending update to database
12:25:46 Gateway/motion 1
Gateway sending update to database
12:25:47 Gateway/motion 1
Gateway sending update to database
12:25:47 Gateway/motion 1
Gateway sending update to database
12:25:47 Gateway/motion 1
Gateway sending update to database
12:25:47 Gateway/motion 1
Gateway sending update to database
12:25:47 Gateway/motion 1
Gateway sending update to database
12:25:47 Gateway/motion 1
Gateway sending update to database
12:25:47 Gateway/motion 1
Gateway sending update to database
12:25:47 Gateway/motion 1
Gateway sending update to database
12:25:47 Gateway/motion 1
Gateway sending update to database
12:25:47 Gateway/motion 1
Gateway sending update to database
12:25:47 Gateway/motion 1
Gateway sending update to database
12:25:47 Gateway/motion 1
Gateway sending update to database
12:25:47 Gateway/motion 1
Gateway sending update to database
12:25:47 Gateway/motion 1
Gateway sending update to database
12:25:47 Gateway/motion 1
Gateway sending update to database
12:25:47 Temperature Sensor Gateway 0.0
12:25:47 Gateway/motion 1
Gateway sending update to database
Gateway sending update to database
Gateway sending update to database
12:25:47 Gateway/motion 1
Gateway sending update to database
12:25:47 Gateway/motion 1
Gateway sending update to database
12:25:47 Gateway/motion 1
Gateway sending update to database
12:25:47 Gateway/motion 1
Gateway sending update to database
12:25:47 Gateway/motion 1
Gateway sending update to database
12:25:47 Gateway/motion 1
Gateway sending update to database
12:25:47 Gateway/motion 1
Gateway sending update to database
12:25:47 Gateway/motion 1
Gateway sending update to database
12:25:47 Gateway/motion 1
Gateway sending update to database
12:25:47 Gateway/motion 1
Gateway sending update to database
12:25:47 Gateway/motion 1
Gateway sending update to database
12:25:47 Gateway/motion 1
Gateway sending update to database
12:25:47 Gateway/motion 1
Gateway sending update to database
12:25:47 Gateway/motion 1
Gateway sending update to database
12:25:47 Gateway/motion 1
Gateway sending update to database
12:25:47 Gateway/motion 1
Gateway sending update to database
12:25:47 Gateway/motion 1
Gateway sending update to database
12:25:47 Gateway/motion 1
Gateway sending update to database
12:25:47 Gateway/motion 1
Gateway sending update to database
12:25:47 Gateway/motion 1
Gateway sending update to database
12:25:47 Gateway/motion 1
Gateway sending update to database
12:25:47 Gateway/motion 1
Gateway sending update to database
12:25:47 Gateway/motion 1
Gateway sending update to database
12:25:47 Gateway/motion 1
Gateway sending update to database
12:25:47 Gateway/motion 1
Gateway sending update to database
12:25:48 Gateway/motion 1
Gateway sending update to database
12:25:48 Gateway/motion 1
Gateway sending update to database
12:25:48 Gateway/motion 1
Gateway sending update to database
12:25:48 Gateway/motion 1
Gateway sending update to database
12:25:48 Gateway/motion 1
Gateway sending update to database
12:25:48 Gateway/motion 1
Gateway sending update to database
12:25:48 Gateway/motion 1
Gateway sending update to database
12:25:48 Gateway/motion 1
Gateway sending update to database
12:25:48 Gateway/motion 1
Gateway sending update to database
12:25:48 Gateway/motion 1
Gateway sending update to database
12:25:48 Gateway/motion 1
Gateway sending update to database
12:25:48 Gateway/motion 1
Gateway sending update to database
12:25:48 Gateway/motion 1
Gateway sending update to database
12:25:48 Gateway/motion 1
Gateway sending update to database
12:25:48 Gateway/motion 1
Gateway sending update to database
12:25:48 Gateway/motion 1
Gateway sending update to database
12:25:48 Gateway/motion 1
Gateway sending update to database
12:25:48 Gateway/motion 1
Gateway sending update to database
12:25:48 Gateway/motion 1
Gateway sending update to database
12:25:48 Gateway/motion 1
Gateway sending update to database
12:25:48 Gateway/motion 1
Gateway sending update to database
12:25:48 Gateway/motion 1
Gateway sending update to database
12:25:48 Gateway/motion 1
Gateway sending update to database
12:25:48 Gateway/motion 1
Gateway sending update to database
12:25:48 Gateway/motion 1
Gateway sending update to database
12:25:48 Gateway/motion 1
Gateway sending update to database
12:25:48 Gateway/motion 1
Gateway sending update to database
12:25:48 Gateway/motion 1
Gateway sending update to database
12:25:48 Gateway/motion 1
Gateway sending update to database
12:25:48 Gateway/motion 1
Gateway sending update to database
12:25:48 Gateway/motion 1
Gateway sending update to database
12:25:48 Gateway/motion 1
Gateway sending update to database
12:25:48 Gateway/motion 1
Gateway sending update to database
12:25:48 Gateway/motion 1
Gateway sending update to database
12:25:48 Gateway/motion 1
Gateway sending update to database
12:25:48 Gateway/motion 1
Gateway sending update to database
12:25:48 Gateway/motion 1
Gateway sending update to database
12:25:48 Gateway/motion 1
Gateway sending update to database
12:25:48 Gateway/motion 1
Gateway sending update to database
12:25:48 Gateway/motion 1
Gateway sending update to database
12:25:48 Gateway/motion 1
Gateway sending update to database
12:25:48 Gateway/motion 1
Gateway sending update to database
12:25:48 Gateway/motion 1
Gateway sending update to database
12:25:48 Gateway/motion 1
Gateway sending update to database
12:25:48 Gateway/motion 1
Gateway sending update to database
12:25:48 Gateway/motion 1
Gateway sending update to database
12:25:48 Gateway/motion 1
Gateway sending update to database
12:25:48 Gateway/motion 1
Gateway sending update to database
12:25:48 Gateway/motion 1
Gateway sending update to database
12:25:48 Gateway/motion 1
Gateway sending update to database
12:25:48 Gateway/motion 1
Gateway sending update to database
12:25:48 Gateway/motion 1
Gateway sending update to database
12:25:48 Gateway/motion 1
Gateway sending update to database
12:25:48 Gateway/motion 1
Gateway sending update to database
12:25:48 Gateway/motion 1
Gateway sending update to database
12:25:48 Gateway/motion 1
Gateway sending update to database
12:25:48 Gateway/motion 1
Gateway sending update to database
12:25:48 Gateway/motion 1
Gateway sending update to database
12:25:48 Gateway/motion 1
Gateway sending update to database
12:25:48 Gateway/motion 1
Gateway sending update to database
12:25:48 Gateway/motion 1
Gateway sending update to database
12:25:48 Gateway/motion 1
Gateway sending update to database
12:25:48 Gateway/motion 1
Gateway sending update to database
12:25:48 Gateway/motion 1
Gateway sending update to database
12:25:48 Gateway/motion 1
Gateway sending update to database
12:25:48 Gateway/motion 1
Gateway sending update to database
12:25:48 Gateway/motion 1
Gateway sending update to database
12:25:48 Gateway/motion 1
Gateway sending update to database
12:25:48 Gateway/motion 1
Gateway sending update to database
12:25:48 Gateway/motion 1
Gateway sending update to database
12:25:48 Gateway/motion 1
Gateway sending update to database
12:25:48 Gateway/motion 1
Gateway sending update to database
12:25:48 Gateway/motion 1
Gateway sending update to database
12:25:48 Gateway/motion 1
Gateway sending update to database
12:25:48 Gateway/motion 1
Gateway sending update to database
12:25:48 Gateway/motion 1
Gateway sending update to database
12:25:48 Gateway/motion 1
Gateway sending update to database
12:25:48 Gateway/motion 1
Gateway sending update to database
12:25:48 Gateway/motion 1
Gateway sending update to database
12:25:48 Gateway/motion 1
Gateway sending update to database
12:25:48 Gateway/motion 1
Gateway sending update to database
12:25:48 Gateway/motion 1
Gateway sending update to database
12:25:48 Gateway/motion 1
Gateway sending update to database
12:25:48 Gateway/motion 1
Gateway sending update to database
12:25:48 Gateway/motion 1
Gateway sending update to database
12:25:48 Gateway/motion 1
Gateway sending update to database
12:25:48 Gateway/motion 1
Gateway sending update to database
12:25:48 Gateway/motion 1
Gateway sending update to database
12:25:48 Gateway/motion 1
Gateway sending update to database
12:25:48 Gateway/motion 1
Gateway sending update to database
12:25:48 Gateway/motion 1
Gateway sending update to database
12:25:48 Gateway/motion 1
Gateway sending update to database
12:25:48 Gateway/motion 1
Gateway sending update to database
12:25:48 Gateway/motion 1
Gateway sending update to database
12:25:48 Gateway/motion 1
Gateway sending update to database
12:25:48 Gateway/motion 1
Gateway sending update to database
12:25:48 Gateway/motion 1
Gateway sending update to database
12:25:48 Gateway/motion 1
Gateway sending update to database
12:25:48 Gateway/motion 1
Gateway sending update to database
12:25:48 Gateway/motion 1
Gateway sending update to database
12:25:48 Gateway/motion 1
Gateway sending update to database
12:25:48 Gateway/motion 1
Gateway sending update to database
12:25:48 Gateway/motion 1
Gateway sending update to database
12:25:48 Gateway/motion 1
Gateway sending update to database
12:25:48 Gateway/motion 1
Gateway sending update to database
12:25:48 Gateway/motion 1
Gateway sending update to database
12:25:48 Gateway/motion 1
Gateway sending update to database
12:25:48 Gateway/motion 1
Gateway sending update to database
12:25:48 Gateway/motion 1
Gateway sending update to database
12:25:48 Gateway/motion 1
Gateway sending update to database
12:25:48 Gateway/motion 1
Gateway sending update to database
12:25:48 Gateway/motion 1
Gateway sending update to database
12:25:48 Gateway/motion 1
Gateway sending update to database
12:25:48 Gateway/motion 1
Gateway sending update to database
12:25:48 Gateway/motion 1
Gateway sending update to database
12:25:48 Gateway/motion 1
Gateway sending update to database
12:25:48 Gateway/motion 1
Gateway sending update to database
12:25:48 Gateway/motion 1
Gateway sending update to database
12:25:48 Gateway/motion 1
Gateway sending update to database
12:25:48 Gateway/motion 1
Gateway sending update to database
12:25:48 Gateway/motion 1
Gateway sending update to database
12:25:48 Gateway/motion 1
Gateway sending update to database
12:25:48 Gateway/motion 1
Gateway sending update to database
12:25:48 Gateway/motion 1
Gateway sending update to database
12:25:48 Gateway/motion 1
Gateway sending update to database
12:25:48 Gateway/motion 1
Gateway sending update to database
12:25:48 Gateway/motion 1
Gateway sending update to database
12:25:48 Gateway/motion 1
Gateway sending update to database
12:25:48 Gateway/motion 1
Gateway sending update to database
12:25:48 Gateway/motion 1
Gateway sending update to database
12:25:48 Gateway/motion 1
Gateway sending update to database
12:25:48 Gateway/motion 1
Gateway sending update to database
12:25:48 Gateway/motion 1
Gateway sending update to database
12:25:48 Gateway/motion 1
Gateway sending update to database
12:25:48 Gateway/motion 1
Gateway sending update to database
12:25:48 Gateway/motion 1
Gateway sending update to database
12:25:48 Gateway/motion 1
Gateway sending update to database
12:25:48 Gateway/motion 1
Gateway sending update to database
12:25:48 Gateway/motion 1
Gateway sending update to database
12:25:48 Gateway/motion 1
Gateway sending update to database
12:25:48 Gateway/motion 1
Gateway sending update to database
12:25:48 Gateway/motion 1
Gateway sending update to database
12:25:48 Gateway/motion 1
Gateway sending update to database
12:25:48 Gateway/motion 1
Gateway sending update to database
12:25:48 Gateway/motion 1
Gateway sending update to database
12:25:48 Gateway/motion 1
Gateway sending update to database
12:25:48 Gateway/motion 1
Gateway sending update to database
12:25:48 Gateway/motion 1
Gateway sending update to database
12:25:48 Gateway/motion 1
Gateway sending update to database
12:25:48 Gateway/motion 1
Gateway sending update to database
12:25:48 Gateway/motion 1
Gateway sending update to database
12:25:48 Gateway/motion 1
Gateway sending update to database
12:25:48 Gateway/motion 1
Gateway sending update to database
12:25:48 Gateway/motion 1
Gateway sending update to database
12:25:48 Gateway/motion 1
Gateway sending update to database
12:25:48 Gateway/motion 1
Gateway sending update to database
12:25:48 Gateway/motion 1
Gateway sending update to database
12:25:48 Gateway/motion 1
Gateway sending update to database
12:25:48 Gateway/motion 1
Gateway sending update to database
12:25:48 Gateway/motion 1
Gateway sending update to database
12:25:48 Gateway/motion 1
Gateway sending update to database
12:25:48 Gateway/motion 1
Gateway sending update to database
12:25:48 Gateway/motion 1
Gateway sending update to database
12:25:48 Gateway/motion 1
Gateway sending update to database
12:25:48 Gateway/motion 1
Gateway sending update to database
12:25:48 Gateway/motion 1
Gateway sending update to database
12:25:48 Gateway/motion 1
Gateway sending update to database
12:25:48 Gateway/motion 1
Gateway sending update to database
12:25:48 Gateway/motion 1
Gateway sending update to database
12:25:48 Gateway/motion 1
Gateway sending update to database
12:25:48 Gateway/motion 1
Gateway sending update to database
12:25:48 Gateway/motion 1
Gateway sending update to database
12:25:48 Gateway/motion 1
Gateway sending update to database
12:25:48 Gateway/motion 1
Gateway sending update to database
12:25:48 Gateway/motion 1
Gateway sending update to database
12:25:48 Gateway/motion 1
Gateway sending update to database
12:25:48 Gateway/motion 1
Gateway sending update to database
12:25:48 Gateway/motion 1
Gateway sending update to database
12:25:48 Gateway/motion 1
Gateway sending update to database
12:25:48 Gateway/motion 1
Gateway sending update to database
12:25:48 Gateway/motion 1
Gateway sending update to database
12:25:48 Gateway/motion 1
Gateway sending update to database
12:25:48 Gateway/motion 1
Gateway sending update to database
12:25:48 Gateway/motion 1
Gateway sending update to database
12:25:48 Gateway/motion 1
Gateway sending update to database
12:25:48 Gateway/motion 1
Gateway sending update to database
12:25:48 Gateway/motion 1
Gateway sending update to database
12:25:48 Gateway/motion 1
Gateway sending update to database
12:25:48 Gateway/motion 1
Gateway sending update to database
12:25:48 Gateway/motion 1
Gateway sending update to database
12:25:48 Gateway/motion 1
Gateway sending update to database
12:25:48 Gateway/motion 1
Gateway sending update to database
12:25:48 Gateway/motion 1
Gateway sending update to database
12:25:48 Gateway/motion 1
Gateway sending update to database
12:25:48 Gateway/motion 1
Gateway sending update to database
12:25:48 Gateway/motion 1
Gateway sending update to database
12:25:48 Gateway/motion 1
Gateway sending update to database
12:25:48 Gateway/motion 1
Gateway sending update to database
12:25:48 Gateway/motion 1
Gateway sending update to database
12:25:48 Gateway/motion 1
Gateway sending update to database
12:25:48 Gateway/motion 1
Gateway sending update to database
12:25:48 Gateway/motion 1
Gateway sending update to database
12:25:48 Gateway/motion 1
Gateway sending update to database
12:25:48 Gateway/motion 1
Gateway sending update to database
12:25:48 Gateway/motion 1
Gateway sending update to database
12:25:48 Gateway/motion 1
Gateway sending update to database
12:25:48 Gateway/motion 1
Gateway sending update to database
12:25:48 Gateway/motion 1
Gateway sending update to database
12:25:48 Gateway/motion 1
Gateway sending update to database
12:25:48 Gateway/motion 1
Gateway sending update to database
12:25:48 Gateway/motion 1
Gateway sending update to database
12:25:48 Gateway/motion 1
Gateway sending update to database
12:25:48 Gateway/motion 1
Gateway sending update to database
12:25:48 Gateway/motion 1
Gateway sending update to database
12:25:48 Gateway/motion 1
Gateway sending update to database
12:25:48 Gateway/motion 1
Gateway sending update to database
12:25:48 Gateway/motion 1
Gateway sending update to database
12:25:48 Gateway/motion 1
Gateway sending update to database
12:25:48 Gateway/motion 1
Gateway sending update to database
12:25:48 Gateway/motion 1
Gateway sending update to database
12:25:48 Gateway/motion 1
Gateway sending update to database
12:25:48 Gateway/motion 1
Gateway sending update to database
12:25:48 Gateway/motion 1
Gateway sending update to database
12:25:48 Gateway/motion 1
Gateway sending update to database
12:25:48 Gateway/motion 1
Gateway sending update to database
12:25:48 Gateway/motion 1
Gateway sending update to database
12:25:48 Gateway/motion 1
Gateway sending update to database
12:25:48 Gateway/motion 1
Gateway sending update to database
12:25:48 Gateway/motion 1
Gateway sending update to database
12:25:48 Gateway/motion 1
Gateway sending update to database
12:25:48 Gateway/motion 1
Gateway sending update to database
12:25:48 Gateway/motion 1
Gateway sending update to database
12:25:48 Gateway/motion 1
Gateway sending update to database
12:25:48 Gateway/motion 1
Gateway sending update to database
12:25:48 Gateway/motion 1
Gateway sending update to database
12:25:48 Gateway/motion 1
Gateway sending update to database
12:25:48 Gateway/motion 1
Gateway sending update to database
12:25:48 Gateway/motion 1
Gateway sending update to database
12:25:48 Gateway/motion 1
Gateway sending update to database
12:25:48 Gateway/motion 1
Gateway sending update to database
12:25:48 Gateway/motion 1
Gateway sending update to database
12:25:48 Gateway/motion 1
Gateway sending update to database
12:25:48 Gateway/motion 1
Gateway sending update to database
12:25:48 Gateway/motion 1
Gateway sending update to database
12:25:48 Gateway/motion 1
Gateway sending update to database
12:25:48 Gateway/motion 1
Gateway sending update to database
12:25:48 Gateway/motion 1
Gateway sending update to database
12:25:48 Gateway/motion 1
Gateway sending update to database
12:25:48 Gateway/motion 1
Gateway sending update to database
12:25:48 Gateway/motion 1
Gateway sending update to database
12:25:48 Gateway/motion 1
Gateway sending update to database
12:25:48 Gateway/motion 1
Gateway sending update to database
12:25:48 Gateway/motion 1
Gateway sending update to database
12:25:48 Gateway/motion 1
Gateway sending update to database
12:25:48 Gateway/motion 1
Gateway sending update to database
12:25:48 Gateway/motion 1
Gateway sending update to database
12:25:48 Gateway/motion 1
Gateway sending update to database
12:25:48 Gateway/motion 1
Gateway sending update to database
12:25:48 Gateway/motion 1
Gateway sending update to database
12:25:48 Gateway/motion 1
Gateway sending update to database
12:25:48 Gateway/motion 1
Gateway sending update to database
12:25:48 Gateway/motion 1
Gateway sending update to database
12:25:48 Gateway/motion 1
Gateway sending update to database
12:25:48 Gateway/motion 1
Gateway sending update to database
12:25:48 Gateway/motion 1
Gateway sending update to database
12:25:48 Gateway/motion 1
Gateway sending update to database
12:25:48 Gateway/motion 1
Gateway sending update to database
12:25:48 Gateway/motion 1
Gateway sending update to database
12:25:48 Gateway/motion 1
Gateway sending update to database
12:25:48 Gateway/motion 1
Gateway sending update to database
12:25:48 Gateway/motion 1
Gateway sending update to database
12:25:48 Gateway/motion 1
Gateway sending update to database
12:25:48 Gateway/motion 1
Gateway sending update to database
12:25:48 Gateway/motion 1
Gateway sending update to database
12:25:48 Gateway/motion 1
Gateway sending update to database
12:25:48 Gateway/motion 1
Gateway sending update to database
12:25:48 Gateway/motion 1
Gateway sending update to database
12:25:48 Gateway/motion 1
Gateway sending update to database
12:25:48 Gateway/motion 1
Gateway sending update to database
12:25:48 Gateway/motion 1
Gateway sending update to database
12:25:48 Gateway/motion 1
Gateway sending update to database
12:25:48 Gateway/motion 1
Gateway sending update to database
12:25:48 Gateway/motion 1
Gateway sending update to database
12:25:48 Gateway/motion 1
Gateway sending update to database
12:25:48 Gateway/motion 1
Gateway sending update to database
12:25:48 Gateway/motion 1
Gateway sending update to database
12:25:48 Gateway/motion 1
Gateway sending update to database
12:25:48 Gateway/motion 1
Gateway sending update to database
12:25:48 Gateway/motion 1
Gateway sending update to database
12:25:48 Gateway/motion 1
Gateway sending update to database
12:25:48 Gateway/motion 1
Gateway sending update to database
12:25:48 Gateway/motion 1
Gateway sending update to database
12:25:48 Gateway/motion 1
Gateway sending update to database
12:25:48 Gateway/motion 1
Gateway sending update to database
12:25:48 Gateway/motion 1
Gateway sending update to database
12:25:48 Gateway/motion 1
Gateway sending update to database
12:25:48 Gateway/motion 1
Gateway sending update to database
12:25:48 Gateway/motion 1
Gateway sending update to database
12:25:48 Gateway/motion 1
Gateway sending update to database
12:25:48 Gateway/motion 1
Gateway sending update to database
12:25:48 Gateway/motion 1
Gateway sending update to database
12:25:48 Gateway/motion 1
Gateway sending update to database
12:25:49 Gateway/motion 1
Gateway sending update to database
12:25:49 Gateway/motion 1
Gateway sending update to database
12:25:49 Gateway/motion 1
Gateway sending update to database
12:25:49 Gateway/motion 1
Gateway sending update to database
12:25:49 Gateway/motion 1
Gateway sending update to database
12:25:49 Gateway/motion 1
Gateway sending update to database
12:25:49 Gateway/motion 1
Gateway sending update to database
12:25:49 Gateway/motion 1
Gateway sending update to database
12:25:49 Gateway/motion 1
Gateway sending update to database
12:25:49 Gateway/motion 1
Gateway sending update to database
12:25:49 Gateway/motion 1
Gateway sending update to database
12:25:49 Gateway/motion 1
Gateway sending update to database
12:25:49 Gateway/motion 1
Gateway sending update to database
12:25:49 Gateway/motion 1
Gateway sending update to database
12:25:49 Gateway/motion 1
Gateway sending update to database
12:25:49 Gateway/motion 1
Gateway sending update to database
12:25:49 Gateway/motion 1
Gateway sending update to database
12:25:49 Gateway/motion 1
Gateway sending update to database
12:25:49 Gateway/motion 1
Gateway sending update to database
12:25:49 Gateway/motion 1
Gateway sending update to database
12:25:49 Gateway/motion 1
Gateway sending update to database
12:25:49 Gateway/motion 1
Gateway sending update to database
12:25:49 Gateway/motion 1
Gateway sending update to database
12:25:49 Gateway/motion 1
Gateway sending update to database
12:25:49 Gateway/motion 1
Gateway sending update to database
12:25:49 Gateway/motion 1
Gateway sending update to database
12:25:49 Gateway/motion 1
Gateway sending update to database
12:25:49 Gateway/motion 1
Gateway sending update to database
12:25:49 Gateway/motion 1
Gateway sending update to database
12:25:49 Gateway/motion 1
Gateway sending update to database
12:25:49 Gateway/motion 1
Gateway sending update to database
12:25:49 Gateway/motion 1
Gateway sending update to database
12:25:49 Gateway/motion 1
Gateway sending update to database
12:25:49 Gateway/motion 1
Gateway sending update to database
12:25:49 Gateway/motion 1
Gateway sending update to database
12:25:49 Gateway/motion 1
Gateway sending update to database
12:25:49 Gateway/motion 1
Gateway sending update to database
12:25:49 Gateway/motion 1
Gateway sending update to database
12:25:49 Gateway/motion 1
Gateway sending update to database
12:25:49 Gateway/motion 1
Gateway sending update to database
12:25:49 Gateway/motion 1
Gateway sending update to database
12:25:49 Gateway/motion 1
Gateway sending update to database
12:25:49 Gateway/motion 1
Gateway sending update to database
12:25:49 Gateway/motion 1
Gateway sending update to database
12:25:49 Gateway/motion 1
Gateway sending update to database
12:25:49 Gateway/motion 1
Gateway sending update to database
12:25:49 Gateway/motion 1
Gateway sending update to database
12:25:49 Gateway/motion 1
Gateway sending update to database
12:25:49 Gateway/motion 1
Gateway sending update to database
12:25:49 Gateway/motion 1
Gateway sending update to database
12:25:49 Gateway/motion 1
Gateway sending update to database
12:25:49 Gateway/motion 1
Gateway sending update to database
12:25:49 Gateway/motion 1
Gateway sending update to database
12:25:49 Gateway/motion 1
Gateway sending update to database
12:25:49 Gateway/motion 1
Gateway sending update to database
12:25:49 Gateway/motion 1
Gateway sending update to database
12:25:49 Gateway/motion 1
Gateway sending update to database
12:25:49 Gateway/motion 1
Gateway sending update to database
12:25:49 Gateway/motion 1
Gateway sending update to database
12:25:49 Gateway/motion 1
Gateway sending update to database
12:25:49 Gateway/motion 1
Gateway sending update to database
12:25:49 Gateway/motion 1
Gateway sending update to database
12:25:49 Gateway/motion 1
Gateway sending update to database
12:25:49 Gateway/motion 1
Gateway sending update to database
12:25:49 Gateway/motion 1
Gateway sending update to database
12:25:49 Gateway/motion 1
Gateway sending update to database
12:25:49 Gateway/motion 1
Gateway sending update to database
12:25:49 Gateway/motion 1
Gateway sending update to database
12:25:49 Gateway/motion 1
Gateway sending update to database
12:25:49 Gateway/motion 1
Gateway sending update to database
12:25:49 Gateway/motion 1
Gateway sending update to database
12:25:49 Gateway/motion 1
Gateway sending update to database
12:25:49 Gateway/motion 1
Gateway sending update to database
12:25:49 Gateway/motion 1
Gateway sending update to database
12:25:49 Gateway/motion 1
Gateway sending update to database
12:25:49 Gateway/motion 1
Gateway sending update to database
12:25:49 Gateway/motion 1
Gateway sending update to database
12:25:49 Gateway/motion 1
Gateway sending update to database
12:25:49 Gateway/motion 1
Gateway sending update to database
12:25:49 Gateway/motion 1
Gateway sending update to database
12:25:49 Gateway/motion 1
Gateway sending update to database
12:25:49 Gateway/motion 1
Gateway sending update to database
12:25:49 Gateway/motion 1
Gateway sending update to database
12:25:49 Gateway/motion 1
Gateway sending update to database
12:25:49 Gateway/motion 1
Gateway sending update to database
12:25:49 Gateway/motion 1
Gateway sending update to database
12:25:49 Gateway/motion 1
Gateway sending update to database
12:25:49 Gateway/motion 1
Gateway sending update to database
12:25:49 Gateway/motion 1
Gateway sending update to database
12:25:49 Gateway/motion 1
Gateway sending update to database
12:25:49 Gateway/motion 1
Gateway sending update to database
12:25:49 Gateway/motion 1
Gateway sending update to database
12:25:49 Gateway/motion 1
Gateway sending update to database
12:25:49 Gateway/motion 1
Gateway sending update to database
12:25:49 Gateway/motion 1
Gateway sending update to database
12:25:49 Gateway/motion 1
Gateway sending update to database
12:25:49 Gateway/motion 1
Gateway sending update to database
12:25:49 Gateway/motion 1
Gateway sending update to database
12:25:49 Gateway/motion 1
Gateway sending update to database
12:25:49 Gateway/motion 1
Gateway sending update to database
12:25:49 Gateway/motion 1
Gateway sending update to database
12:25:49 Gateway/motion 1
Gateway sending update to database
12:25:49 Gateway/motion 1
Gateway sending update to database
12:25:49 Gateway/motion 1
Gateway sending update to database
12:25:49 Gateway/motion 1
Gateway sending update to database
12:25:49 Gateway/motion 1
Gateway sending update to database
12:25:49 Gateway/motion 1
Gateway sending update to database
12:25:49 Gateway/motion 1
Gateway sending update to database
12:25:49 Gateway/motion 1
Gateway sending update to database
12:25:49 Gateway/motion 1
Gateway sending update to database
12:25:49 Gateway/motion 1
Gateway sending update to database
12:25:49 Gateway/motion 1
Gateway sending update to database
12:25:49 Gateway/motion 1
Gateway sending update to database
12:25:49 Gateway/motion 1
Gateway sending update to database
12:25:49 Gateway/motion 1
Gateway sending update to database
12:25:49 Gateway/motion 1
Gateway sending update to database
12:25:49 Gateway/motion 1
Gateway sending update to database
12:25:49 Gateway/motion 1
Gateway sending update to database
12:25:49 Gateway/motion 1
Gateway sending update to database
12:25:49 Gateway/motion 1
Gateway sending update to database
12:25:49 Gateway/motion 1
Gateway sending update to database
12:25:49 Gateway/motion 1
Gateway sending update to database
12:25:49 Gateway/motion 1
Gateway sending update to database
12:25:49 Gateway/motion 1
Gateway sending update to database
12:25:49 Gateway/motion 1
Gateway sending update to database
12:25:49 Gateway/motion 1
Gateway sending update to database
12:25:49 Gateway/motion 1
Gateway sending update to database
12:25:49 Gateway/motion 1
Gateway sending update to database
12:25:49 Gateway/motion 1
Gateway sending update to database
12:25:49 Gateway/motion 1
Gateway sending update to database
12:25:49 Gateway/motion 1
Gateway sending update to database
12:25:49 Gateway/motion 1
Gateway sending update to database
12:25:49 Gateway/motion 1
Gateway sending update to database
12:25:49 Gateway/motion 1
Gateway sending update to database
12:25:49 Gateway/motion 1
Gateway sending update to database
12:25:49 Gateway/motion 1
Gateway sending update to database
12:25:49 Gateway/motion 1
Gateway sending update to database
12:25:49 Gateway/motion 1
Gateway sending update to database
12:25:49 Gateway/motion 1
Gateway sending update to database
12:25:49 Gateway/motion 1
Gateway sending update to database
12:25:49 Gateway/motion 1
Gateway sending update to database
12:25:49 Gateway/motion 1
Gateway sending update to database
12:25:49 Gateway/motion 1
Gateway sending update to database
12:25:49 Gateway/motion 1
Gateway sending update to database
12:25:49 Gateway/motion 1
Gateway sending update to database
12:25:49 Gateway/motion 1
Gateway sending update to database
12:25:49 Gateway/motion 1
Gateway sending update to database
12:25:49 Gateway/motion 1
Gateway sending update to database
12:25:49 Gateway/motion 1
Gateway sending update to database
12:25:49 Gateway/motion 1
Gateway sending update to database
12:25:49 Gateway/motion 1
Gateway sending update to database
12:25:49 Gateway/motion 1
Gateway sending update to database
12:25:49 Gateway/motion 1
Gateway sending update to database
12:25:49 Gateway/motion 1
Gateway sending update to database
12:25:49 Gateway/motion 1
Gateway sending update to database
12:25:49 Gateway/motion 1
Gateway sending update to database
12:25:49 Gateway/motion 1
Gateway sending update to database
12:25:49 Gateway/motion 1
Gateway sending update to database
12:25:49 Gateway/motion 1
Gateway sending update to database
12:25:49 Gateway/motion 1
Gateway sending update to database
12:25:49 Gateway/motion 1
Gateway sending update to database
12:25:49 Gateway/motion 1
Gateway sending update to database
12:25:49 Gateway/motion 1
Gateway sending update to database
12:25:49 Gateway/motion 1
Gateway sending update to database
12:25:49 Gateway/motion 1
Gateway sending update to database
12:25:49 Gateway/motion 1
Gateway sending update to database
12:25:49 Gateway/motion 1
Gateway sending update to database
12:25:49 Gateway/motion 1
Gateway sending update to database
12:25:49 Gateway/motion 1
Gateway sending update to database
12:25:49 Gateway/motion 1
Gateway sending update to database
12:25:49 Gateway/motion 1
Gateway sending update to database
12:25:49 Gateway/motion 1
Gateway sending update to database
12:25:49 Gateway/motion 1
Gateway sending update to database
12:25:49 Gateway/motion 1
Gateway sending update to database
12:25:49 Gateway/motion 1
Gateway sending update to database
12:25:49 Gateway/motion 1
Gateway sending update to database
12:25:49 Gateway/motion 1
Gateway sending update to database
12:25:49 Gateway/motion 1
Gateway sending update to database
12:25:49 Gateway/motion 1
Gateway sending update to database
12:25:49 Gateway/motion 1
Gateway sending update to database
12:25:49 Gateway/motion 1
Gateway sending update to database
12:25:49 Gateway/motion 1
Gateway sending update to database
12:25:49 Gateway/motion 1
Gateway sending update to database
12:25:49 Gateway/motion 1
Gateway sending update to database
12:25:49 Gateway/motion 1
Gateway sending update to database
12:25:49 Gateway/motion 1
Gateway sending update to database
12:25:49 Gateway/motion 1
Gateway sending update to database
12:25:49 Gateway/motion 1
Gateway sending update to database
12:25:49 Gateway/motion 1
Gateway sending update to database
12:25:49 Gateway/motion 1
Gateway sending update to database
12:25:49 Gateway/motion 1
Gateway sending update to database
12:25:49 Gateway/motion 1
Gateway sending update to database
12:25:49 Gateway/motion 1
Gateway sending update to database
12:25:49 Gateway/motion 1
Gateway sending update to database
12:25:49 Gateway/motion 1
Gateway sending update to database
12:25:49 Gateway/motion 1
Gateway sending update to database
12:25:49 Gateway/motion 1
Gateway sending update to database
12:25:49 Gateway/motion 1
Gateway sending update to database
12:25:49 Gateway/motion 1
Gateway sending update to database
12:25:49 Gateway/motion 1
Gateway sending update to database
12:25:49 Gateway/motion 1
Gateway sending update to database
12:25:49 Gateway/motion 1
Gateway sending update to database
12:25:49 Gateway/motion 1
Gateway sending update to database
12:25:49 Gateway/motion 1
Gateway sending update to database
12:25:49 Gateway/motion 1
Gateway sending update to database
12:25:49 Gateway/motion 1
Gateway sending update to database
12:25:49 Gateway/motion 1
Gateway sending update to database
12:25:49 Gateway/motion 1
Gateway sending update to database
12:25:49 Gateway/motion 1
Gateway sending update to database
12:25:49 Gateway/motion 1
Gateway sending update to database
12:25:49 Gateway/motion 1
Gateway sending update to database
12:25:49 Gateway/motion 1
Gateway sending update to database
12:25:49 Gateway/motion 1
Gateway sending update to database
12:25:49 Gateway/motion 1
Gateway sending update to database
12:25:49 Gateway/motion 1
Gateway sending update to database
12:25:49 Gateway/motion 1
Gateway sending update to database
12:25:49 Gateway/motion 1
Gateway sending update to database
12:25:49 Gateway/motion 1
Gateway sending update to database
12:25:49 Gateway/motion 1
Gateway sending update to database
12:25:49 Gateway/motion 1
Gateway sending update to database
12:25:49 Gateway/motion 1
Gateway sending update to database
12:25:49 Gateway/motion 1
Gateway sending update to database
12:25:49 Gateway/motion 1
Gateway sending update to database
12:25:49 Gateway/motion 1
Gateway sending update to database
12:25:49 Gateway/motion 1
Gateway sending update to database
12:25:49 Gateway/motion 1
Gateway sending update to database
12:25:49 Gateway/motion 1
Gateway sending update to database
12:25:49 Gateway/motion 1
Gateway sending update to database
12:25:49 Gateway/motion 1
Gateway sending update to database
12:25:49 Gateway/motion 1
Gateway sending update to database
12:25:49 Gateway/motion 1
Gateway sending update to database
12:25:49 Gateway/motion 1
Gateway sending update to database
12:25:49 Gateway/motion 1
Gateway sending update to database
12:25:49 Gateway/motion 1
Gateway sending update to database
12:25:49 Gateway/motion 1
Gateway sending update to database
12:25:49 Gateway/motion 1
Gateway sending update to database
12:25:49 Gateway/motion 1
Gateway sending update to database
12:25:49 Gateway/motion 1
Gateway sending update to database
12:25:49 Gateway/motion 1
Gateway sending update to database
12:25:49 Gateway/motion 1
Gateway sending update to database
12:25:49 Gateway/motion 1
Gateway sending update to database
12:25:49 Gateway/motion 1
Gateway sending update to database
12:25:49 Gateway/motion 1
Gateway sending update to database
12:25:49 Gateway/motion 1
Gateway sending update to database
12:25:49 Gateway/motion 1
Gateway sending update to database
12:25:49 Gateway/motion 1
Gateway sending update to database
12:25:49 Gateway/motion 1
Gateway sending update to database
12:25:49 Gateway/motion 1
Gateway sending update to database
12:25:49 Gateway/motion 1
Gateway sending update to database
12:25:49 Gateway/motion 1
Gateway sending update to database
12:25:49 Gateway/motion 1
Gateway sending update to database
12:25:49 Gateway/motion 1
Gateway sending update to database
12:25:49 Gateway/motion 1
Gateway sending update to database
12:25:49 Gateway/motion 1
Gateway sending update to database
12:25:49 Gateway/motion 1
Gateway sending update to database
12:25:49 Gateway/motion 1
Gateway sending update to database
12:25:49 Gateway/motion 1
Gateway sending update to database
12:25:49 Gateway/motion 1
Gateway sending update to database
12:25:49 Gateway/motion 1
Gateway sending update to database
12:25:49 Gateway/motion 1
Gateway sending update to database
12:25:49 Gateway/motion 1
Gateway sending update to database
12:25:49 Gateway/motion 1
Gateway sending update to database
12:25:49 Gateway/motion 1
Gateway sending update to database
12:25:49 Gateway/motion 1
Gateway sending update to database
12:25:49 Gateway/motion 1
Gateway sending update to database
12:25:49 Gateway/motion 1
Gateway sending update to database
12:25:49 Gateway/motion 1
Gateway sending update to database
12:25:49 Gateway/motion 1
Gateway sending update to database
12:25:49 Gateway/motion 1
Gateway sending update to database
12:25:49 Gateway/motion 1
Gateway sending update to database
12:25:49 Gateway/motion 1
Gateway sending update to database
12:25:49 Gateway/motion 1
Gateway sending update to database
12:25:49 Gateway/motion 1
Gateway sending update to database
12:25:49 Gateway/motion 1
Gateway sending update to database
12:25:49 Gateway/motion 1
Gateway sending update to database
12:25:49 Gateway/motion 1
Gateway sending update to database
12:25:49 Gateway/motion 1
Gateway sending update to database
12:25:49 Gateway/motion 1
Gateway sending update to database
12:25:49 Gateway/motion 1
Gateway sending update to database
12:25:49 Gateway/motion 1
Gateway sending update to database
12:25:49 Gateway/motion 1
Gateway sending update to database
12:25:49 Gateway/motion 1
Gateway sending update to database
12:25:49 Gateway/motion 1
Gateway sending update to database
12:25:49 Gateway/motion 1
Gateway sending update to database
12:25:49 Gateway/motion 1
Gateway sending update to database
12:25:49 Gateway/motion 1
Gateway sending update to database
12:25:49 Gateway/motion 1
Gateway sending update to database
12:25:49 Gateway/motion 1
Gateway sending update to database
12:25:49 Gateway/motion 1
Gateway sending update to database
12:25:49 Gateway/motion 1
Gateway sending update to database
12:25:49 Gateway/motion 1
Gateway sending update to database
12:25:49 Gateway/motion 1
Gateway sending update to database
12:25:49 Gateway/motion 1
Gateway sending update to database
12:25:49 Gateway/motion 1
Gateway sending update to database
12:25:49 Gateway/motion 1
Gateway sending update to database
12:25:49 Gateway/motion 1
Gateway sending update to database
12:25:49 Gateway/motion 1
Gateway sending update to database
12:25:49 Gateway/motion 1
Gateway sending update to database
12:25:49 Gateway/motion 1
Gateway sending update to database
12:25:49 Gateway/motion 1
Gateway sending update to database
12:25:49 Gateway/motion 1
Gateway sending update to database
12:25:49 Gateway/motion 1
Gateway sending update to database
12:25:49 Gateway/motion 1
Gateway sending update to database
12:25:49 Gateway/motion 1
Gateway sending update to database
12:25:49 Gateway/motion 1
Gateway sending update to database
12:25:49 Gateway/motion 1
Gateway sending update to database
12:25:49 Gateway/motion 1
Gateway sending update to database
12:25:49 Gateway/motion 1
Gateway sending update to database
12:25:49 Gateway/motion 1
Gateway sending update to database
12:25:49 Gateway/motion 1
Gateway sending update to database
12:25:49 Gateway/motion 1
Gateway sending update to database
12:25:49 Gateway/motion 1
Gateway sending update to database
12:25:49 Gateway/motion 1
Gateway sending update to database
12:25:49 Gateway/motion 1
Gateway sending update to database
12:25:49 Gateway/motion 1
Gateway sending update to database
12:25:49 Gateway/motion 1
Gateway sending update to database
12:25:49 Gateway/motion 1
Gateway sending update to database
12:25:49 Gateway/motion 1
Gateway sending update to database
12:25:49 Gateway/motion 1
Gateway sending update to database
12:25:49 Gateway/motion 1
Gateway sending update to database
12:25:49 Gateway/motion 1
Gateway sending update to database
12:25:49 Gateway/motion 1
Gateway sending update to database
12:25:49 Gateway/motion 1
Gateway sending update to database
12:25:49 Gateway/motion 1
Gateway sending update to database
12:25:49 Gateway/motion 1
Gateway sending update to database
12:25:49 Gateway/motion 1
Gateway sending update to database
12:25:49 Gateway/motion 1
Gateway sending update to database
12:25:49 Gateway/motion 1
Gateway sending update to database
12:25:49 Gateway/motion 1
Gateway sending update to database
12:25:49 Gateway/motion 1
Gateway sending update to database
12:25:49 Gateway/motion 1
Gateway sending update to database
12:25:49 Gateway/motion 1
Gateway sending update to database
12:25:49 Gateway/motion 1
Gateway sending update to database
12:25:49 Gateway/motion 1
Gateway sending update to database
12:25:49 Gateway/motion 1
Gateway sending update to database
12:25:49 Gateway/motion 1
Gateway sending update to database
12:25:49 Gateway/motion 1
Gateway sending update to database
12:25:49 Gateway/motion 1
Gateway sending update to database
12:25:49 Gateway/motion 1
Gateway sending update to database
12:25:49 Gateway/motion 1
Gateway sending update to database
12:25:49 Gateway/motion 1
Gateway sending update to database
12:25:49 Gateway/motion 1
Gateway sending update to database
12:25:49 Gateway/motion 1
Gateway sending update to database
12:25:49 Gateway/motion 1
Gateway sending update to database
12:25:49 Gateway/motion 1
Gateway sending update to database
12:25:49 Gateway/motion 1
Gateway sending update to database
12:25:49 Gateway/motion 1
Gateway sending update to database
12:25:49 Gateway/motion 1
Gateway sending update to database
12:25:49 Gateway/motion 1
Gateway sending update to database
12:25:49 Gateway/motion 1
Gateway sending update to database
12:25:49 Gateway/motion 1
Gateway sending update to database
12:25:49 Gateway/motion 1
Gateway sending update to database
12:25:49 Gateway/motion 1
Gateway sending update to database
12:25:49 Gateway/motion 1
Gateway sending update to database
12:25:49 Gateway/motion 1
Gateway sending update to database
12:25:49 Gateway/motion 1
Gateway sending update to database
12:25:49 Gateway/motion 1
Gateway sending update to database
12:25:49 Gateway/motion 1
Gateway sending update to database
12:25:49 Gateway/motion 1
Gateway sending update to database
12:25:49 Gateway/motion 1
Gateway sending update to database
12:25:49 Gateway/motion 1
Gateway sending update to database
12:25:49 Gateway/motion 1
Gateway sending update to database
12:25:49 Gateway/motion 1
Gateway sending update to database
12:25:49 Gateway/motion 1
Gateway sending update to database
12:25:49 Gateway/motion 1
Gateway sending update to database
12:25:49 Gateway/motion 1
Gateway sending update to database
12:25:49 Gateway/motion 1
Gateway sending update to database
12:25:49 Gateway/motion 1
Gateway sending update to database
12:25:49 Gateway/motion 1
Gateway sending update to database
12:25:49 Gateway/motion 1
Gateway sending update to database
12:25:49 Gateway/motion 1
Gateway sending update to database
12:25:49 Gateway/motion 1
Gateway sending update to database
12:25:49 Gateway/motion 1
Gateway sending update to database
12:25:49 Gateway/motion 1
Gateway sending update to database
12:25:49 Gateway/motion 1
Gateway sending update to database
12:25:49 Gateway/motion 1
Gateway sending update to database
12:25:49 Gateway/motion 1
Gateway sending update to database
12:25:49 Gateway/motion 1
Gateway sending update to database
12:25:49 Gateway/motion 1
Gateway sending update to database
12:25:49 Gateway/motion 1
Gateway sending update to database
12:25:49 Gateway/motion 1
Gateway sending update to database
12:25:49 Gateway/motion 1
Gateway sending update to database
12:25:49 Gateway/motion 1
Gateway sending update to database
12:25:49 Gateway/motion 1
Gateway sending update to database
12:25:49 Gateway/motion 1
Gateway sending update to database
12:25:49 Gateway/motion 1
Gateway sending update to database
12:25:49 Gateway/motion 1
Gateway sending update to database
12:25:49 Gateway/motion 1
Gateway sending update to database
12:25:49 Gateway/motion 1
Gateway sending update to database
12:25:49 Gateway/motion 1
Gateway sending update to database
12:25:49 Gateway/motion 1
Gateway sending update to database
12:25:49 Gateway/motion 1
Gateway sending update to database
12:25:49 Gateway/motion 1
Gateway sending update to database
12:25:49 Gateway/motion 1
Gateway sending update to database
12:25:49 Gateway/motion 1
Gateway sending update to database
12:25:50 Gateway/motion 1
Gateway sending update to database
12:25:50 Gateway/motion 1
Gateway sending update to database
12:25:50 Gateway/motion 1
Gateway sending update to database
12:25:50 Gateway/motion 1
Gateway sending update to database
12:25:50 Gateway/motion 1
Gateway sending update to database
12:25:50 Gateway/motion 1
Gateway sending update to database
12:25:50 Gateway/motion 1
Gateway sending update to database
12:25:50 Gateway/motion 1
Gateway sending update to database
12:25:50 Gateway/motion 1
Gateway sending update to database
12:25:50 Gateway/motion 1
Gateway sending update to database
12:25:50 Gateway/motion 1
Gateway sending update to database
12:25:50 Gateway/motion 1
Gateway sending update to database
12:25:50 Gateway/motion 1
Gateway sending update to database
12:25:50 Gateway/motion 1
Gateway sending update to database
12:25:50 Gateway/motion 1
Gateway sending update to database
12:25:50 Gateway/motion 1
Gateway sending update to database
12:25:50 Gateway/motion 1
Gateway sending update to database
12:25:50 Gateway/motion 1
Gateway sending update to database
12:25:50 Gateway/motion 1
Gateway sending update to database
12:25:50 Gateway/motion 1
Gateway sending update to database
12:25:50 Gateway/motion 1
Gateway sending update to database
12:25:50 Gateway/motion 1
Gateway sending update to database
12:25:50 Gateway/motion 1
Gateway sending update to database
12:25:50 Gateway/motion 1
Gateway sending update to database
12:25:50 Gateway/motion 1
Gateway sending update to database
12:25:50 Gateway/motion 1
Gateway sending update to database
12:25:50 Gateway/motion 1
Gateway sending update to database
12:25:50 Gateway/motion 1
Gateway sending update to database
12:25:50 Gateway/motion 1
Gateway sending update to database
12:25:50 Gateway/motion 1
Gateway sending update to database
12:25:50 Gateway/motion 1
Gateway sending update to database
12:25:50 Gateway/motion 1
Gateway sending update to database
12:25:50 Gateway/motion 1
Gateway sending update to database
12:25:50 Gateway/motion 1
Gateway sending update to database
12:25:50 Gateway/motion 1
Gateway sending update to database
12:25:50 Gateway/motion 1
Gateway sending update to database
12:25:50 Gateway/motion 1
Gateway sending update to database
12:25:50 Gateway/motion 1
Gateway sending update to database
12:25:50 Gateway/motion 1
Gateway sending update to database
12:25:50 Gateway/motion 1
Gateway sending update to database
12:25:50 Gateway/motion 1
Gateway sending update to database
12:25:50 Gateway/motion 1
Gateway sending update to database
12:25:50 Gateway/motion 1
Gateway sending update to database
12:25:50 Gateway/motion 1
Gateway sending update to database
12:25:50 Gateway/motion 1
Gateway sending update to database
12:25:50 Gateway/motion 1
Gateway sending update to database
12:25:50 Gateway/motion 1
Gateway sending update to database
12:25:50 Gateway/motion 1
Gateway sending update to database
12:25:50 Gateway/motion 1
Gateway sending update to database
12:25:50 Gateway/motion 1
Gateway sending update to database
12:25:50 Gateway/motion 1
Gateway sending update to database
12:25:50 Gateway/motion 1
Gateway sending update to database
12:25:50 Gateway/motion 1
Gateway sending update to database
12:25:50 Gateway/motion 1
Gateway sending update to database
12:25:50 Gateway/motion 1
Gateway sending update to database
12:25:50 Gateway/motion 1
Gateway sending update to database
12:25:50 Gateway/motion 1
Gateway sending update to database
12:25:50 Gateway/motion 1
Gateway sending update to database
12:25:50 Gateway/motion 1
Gateway sending update to database
12:25:50 Gateway/motion 1
Gateway sending update to database
12:25:50 Gateway/motion 1
Gateway sending update to database
12:25:50 Gateway/motion 1
Gateway sending update to database
12:25:50 Gateway/motion 1
Gateway sending update to database
12:25:50 Gateway/motion 1
Gateway sending update to database
12:25:50 Gateway/motion 1
Gateway sending update to database
12:25:50 Gateway/motion 1
Gateway sending update to database
12:25:50 Gateway/motion 1
Gateway sending update to database
12:25:50 Gateway/motion 1
Gateway sending update to database
12:25:50 Gateway/motion 1
Gateway sending update to database
12:25:50 Gateway/motion 1
Gateway sending update to database
12:25:50 Gateway/motion 1
Gateway sending update to database
12:25:50 Gateway/motion 1
Gateway sending update to database
12:25:50 Gateway/motion 1
Gateway sending update to database
12:25:50 Gateway/motion 1
Gateway sending update to database
12:25:50 Gateway/motion 1
Gateway sending update to database
12:25:50 Gateway/motion 1
Gateway sending update to database
12:25:50 Gateway/motion 1
Gateway sending update to database
12:25:50 Gateway/motion 1
Gateway sending update to database
12:25:50 Gateway/motion 1
Gateway sending update to database
12:25:50 Gateway/motion 1
Gateway sending update to database
12:25:50 Gateway/motion 1
Gateway sending update to database
12:25:50 Gateway/motion 1
Gateway sending update to database
12:25:50 Gateway/motion 1
Gateway sending update to database
12:25:50 Gateway/motion 1
Gateway sending update to database
12:25:50 Gateway/motion 1
Gateway sending update to database
12:25:50 Gateway/motion 1
Gateway sending update to database
12:25:50 Gateway/motion 1
Gateway sending update to database
12:25:50 Gateway/motion 1
Gateway sending update to database
12:25:50 Gateway/motion 1
Gateway sending update to database
12:25:50 Gateway/motion 1
Gateway sending update to database
12:25:50 Gateway/motion 1
Gateway sending update to database
12:25:50 Gateway/motion 1
Gateway sending update to database
12:25:50 Gateway/motion 1
Gateway sending update to database
12:25:50 Gateway/motion 1
Gateway sending update to database
12:25:50 Gateway/motion 1
Gateway sending update to database
12:25:50 Gateway/motion 1
Gateway sending update to database
12:25:50 Gateway/motion 1
Gateway sending update to database
12:25:50 Gateway/motion 1
Gateway sending update to database
12:25:50 Gateway/motion 1
Gateway sending update to database
12:25:50 Gateway/motion 1
Gateway sending update to database
12:25:50 Gateway/motion 1
Gateway sending update to database
12:25:50 Gateway/motion 1
Gateway sending update to database
12:25:50 Gateway/motion 1
Gateway sending update to database
12:25:50 Gateway/motion 1
Gateway sending update to database
12:25:50 Gateway/motion 1
Gateway sending update to database
12:25:50 Gateway/motion 1
Gateway sending update to database
12:25:50 Gateway/motion 1
Gateway sending update to database
12:25:50 Gateway/motion 1
Gateway sending update to database
12:25:50 Gateway/motion 1
Gateway sending update to database
12:25:50 Gateway/motion 1
Gateway sending update to database
12:25:50 Gateway/motion 1
Gateway sending update to database
12:25:50 Gateway/motion 1
Gateway sending update to database
12:25:50 Gateway/motion 1
Gateway sending update to database
12:25:50 Gateway/motion 1
Gateway sending update to database
12:25:50 Gateway/motion 1
Gateway sending update to database
12:25:50 Gateway/motion 1
Gateway sending update to database
12:25:50 Gateway/motion 1
Gateway sending update to database
12:25:50 Gateway/motion 1
Gateway sending update to database
12:25:50 Gateway/motion 1
Gateway sending update to database
12:25:50 Gateway/motion 1
Gateway sending update to database
12:25:50 Gateway/motion 1
Gateway sending update to database
12:25:50 Gateway/motion 1
Gateway sending update to database
12:25:50 Gateway/motion 1
Gateway sending update to database
12:25:50 Gateway/motion 1
Gateway sending update to database
12:25:50 Gateway/motion 1
Gateway sending update to database
12:25:50 Gateway/motion 1
Gateway sending update to database
12:25:50 Gateway/motion 1
Gateway sending update to database
12:25:50 Gateway/motion 1
Gateway sending update to database
12:25:50 Gateway/motion 1
Gateway sending update to database
12:25:50 Gateway/motion 1
Gateway sending update to database
12:25:50 Gateway/motion 1
Gateway sending update to database
12:25:50 Gateway/motion 1
Gateway sending update to database
12:25:50 Gateway/motion 1
Gateway sending update to database
12:25:50 Gateway/motion 1
Gateway sending update to database
12:25:50 Gateway/motion 1
Gateway sending update to database
12:25:50 Gateway/motion 1
Gateway sending update to database
12:25:50 Gateway/motion 1
Gateway sending update to database
12:25:50 Gateway/motion 1
Gateway sending update to database
12:25:50 Gateway/motion 1
Gateway sending update to database
12:25:50 Gateway/motion 1
Gateway sending update to database
12:25:50 Gateway/motion 1
Gateway sending update to database
12:25:50 Gateway/motion 1
Gateway sending update to database
12:25:50 Gateway/motion 1
Gateway sending update to database
12:25:50 Gateway/motion 1
Gateway sending update to database
12:25:50 Gateway/motion 1
Gateway sending update to database
12:25:50 Gateway/motion 1
Gateway sending update to database
12:25:50 Gateway/motion 1
Gateway sending update to database
12:25:50 Gateway/motion 1
Gateway sending update to database
12:25:50 Gateway/motion 1
Gateway sending update to database
12:25:50 Gateway/motion 1
Gateway sending update to database
12:25:50 Gateway/motion 1
Gateway sending update to database
12:25:50 Gateway/motion 1
Gateway sending update to database
12:25:50 Gateway/motion 1
Gateway sending update to database
12:25:50 Gateway/motion 1
Gateway sending update to database
12:25:50 Gateway/motion 1
Gateway sending update to database
12:25:50 Gateway/motion 1
Gateway sending update to database
12:25:50 Gateway/motion 1
Gateway sending update to database
12:25:50 Gateway/motion 1
Gateway sending update to database
12:25:50 Gateway/motion 1
Gateway sending update to database
12:25:50 Gateway/motion 1
Gateway sending update to database
12:25:50 Gateway/motion 1
Gateway sending update to database
12:25:50 Gateway/motion 1
Gateway sending update to database
12:25:50 Gateway/motion 1
Gateway sending update to database
12:25:50 Gateway/motion 1
Gateway sending update to database
12:25:50 Gateway/motion 1
Gateway sending update to database
12:25:50 Gateway/motion 1
Gateway sending update to database
12:25:50 Gateway/motion 1
Gateway sending update to database
12:25:50 Gateway/motion 1
Gateway sending update to database
12:25:50 Gateway/motion 1
Gateway sending update to database
12:25:50 Gateway/motion 1
Gateway sending update to database
12:25:50 Gateway/motion 1
Gateway sending update to database
12:25:50 Gateway/motion 1
Gateway sending update to database
12:25:50 Gateway/motion 1
Gateway sending update to database
12:25:50 Gateway/motion 1
Gateway sending update to database
12:25:50 Gateway/motion 1
Gateway sending update to database
12:25:50 Gateway/motion 1
Gateway sending update to database
12:25:50 Gateway/motion 1
Gateway sending update to database
12:25:50 Gateway/motion 1
Gateway sending update to database
12:25:50 Gateway/motion 1
Gateway sending update to database
12:25:50 Gateway/motion 1
Gateway sending update to database
12:25:50 Gateway/motion 1
Gateway sending update to database
12:25:50 Gateway/motion 1
Gateway sending update to database
12:25:50 Gateway/motion 1
Gateway sending update to database
12:25:50 Gateway/motion 1
Gateway sending update to database
12:25:50 Gateway/motion 1
Gateway sending update to database
12:25:50 Gateway/motion 1
Gateway sending update to database
12:25:50 Gateway/motion 1
Gateway sending update to database
12:25:50 Gateway/motion 1
Gateway sending update to database
12:25:50 Gateway/motion 1
Gateway sending update to database
12:25:50 Gateway/motion 1
Gateway sending update to database
12:25:50 Gateway/motion 1
Gateway sending update to database
12:25:50 Gateway/motion 1
Gateway sending update to database
12:25:50 Gateway/motion 1
Gateway sending update to database
12:25:50 Gateway/motion 1
Gateway sending update to database
12:25:50 Gateway/motion 1
Gateway sending update to database
12:25:50 Gateway/motion 1
Gateway sending update to database
12:25:50 Gateway/motion 1
Gateway sending update to database
12:25:50 Gateway/motion 1
Gateway sending update to database
12:25:50 Gateway/motion 1
Gateway sending update to database
12:25:50 Gateway/motion 1
Gateway sending update to database
12:25:50 Gateway/motion 1
Gateway sending update to database
12:25:50 Gateway/motion 1
Gateway sending update to database
12:25:50 Gateway/motion 1
Gateway sending update to database
12:25:50 Gateway/motion 1
Gateway sending update to database
12:25:50 Gateway/motion 1
Gateway sending update to database
12:25:50 Gateway/motion 1
Gateway sending update to database
12:25:50 Gateway/motion 1
Gateway sending update to database
12:25:50 Gateway/motion 1
Gateway sending update to database
12:25:50 Gateway/motion 1
Gateway sending update to database
12:25:50 Gateway/motion 1
Gateway sending update to database
12:25:50 Gateway/motion 1
Gateway sending update to database
12:25:50 Gateway/motion 1
Gateway sending update to database
12:25:50 Gateway/motion 1
Gateway sending update to database
12:25:50 Gateway/motion 1
Gateway sending update to database
12:25:50 Gateway/motion 1
Gateway sending update to database
12:25:50 Gateway/motion 1
Gateway sending update to database
12:25:50 Gateway/motion 1
Gateway sending update to database
12:25:50 Gateway/motion 1
Gateway sending update to database
12:25:50 Gateway/motion 1
Gateway sending update to database
12:25:50 Gateway/motion 1
Gateway sending update to database
12:25:50 Gateway/motion 1
Gateway sending update to database
12:25:50 Gateway/motion 1
Gateway sending update to database
12:25:50 Gateway/motion 1
Gateway sending update to database
12:25:50 Gateway/motion 1
Gateway sending update to database
12:25:50 Gateway/motion 1
Gateway sending update to database
12:25:50 Gateway/motion 1
Gateway sending update to database
12:25:50 Gateway/motion 1
Gateway sending update to database
12:25:50 Gateway/motion 1
Gateway sending update to database
12:25:50 Gateway/motion 1
Gateway sending update to database
12:25:50 Gateway/motion 1
Gateway sending update to database
12:25:50 Gateway/motion 1
Gateway sending update to database
12:25:50 Gateway/motion 1
Gateway sending update to database
12:25:50 Gateway/motion 1
Gateway sending update to database
12:25:50 Gateway/motion 1
Gateway sending update to database
12:25:50 Gateway/motion 1
Gateway sending update to database
12:25:50 Gateway/motion 1
Gateway sending update to database
12:25:50 Gateway/motion 1
Gateway sending update to database
12:25:50 Gateway/motion 1
Gateway sending update to database
12:25:50 Gateway/motion 1
Gateway sending update to database
12:25:50 Gateway/motion 1
Gateway sending update to database
12:25:50 Gateway/motion 1
Gateway sending update to database
12:25:50 Gateway/motion 1
Gateway sending update to database
12:25:50 Gateway/motion 1
Gateway sending update to database
12:25:50 Gateway/motion 1
Gateway sending update to database
12:25:50 Gateway/motion 1
Gateway sending update to database
12:25:50 Gateway/motion 1
Gateway sending update to database
12:25:50 Gateway/motion 1
Gateway sending update to database
12:25:50 Gateway/motion 1
Gateway sending update to database
12:25:50 Gateway/motion 1
Gateway sending update to database
12:25:50 Gateway/motion 1
Gateway sending update to database
12:25:50 Gateway/motion 1
Gateway sending update to database
12:25:50 Gateway/motion 1
Gateway sending update to database
12:25:50 Gateway/motion 1
Gateway sending update to database
12:25:50 Gateway/motion 1
Gateway sending update to database
12:25:50 Gateway/motion 1
Gateway sending update to database
12:25:50 Gateway/motion 1
Gateway sending update to database
12:25:50 Gateway/motion 1
Gateway sending update to database
12:25:50 Gateway/motion 1
Gateway sending update to database
12:25:50 Gateway/motion 1
Gateway sending update to database
12:25:50 Gateway/motion 1
Gateway sending update to database
12:25:50 Gateway/motion 1
Gateway sending update to database
12:25:50 Gateway/motion 1
Gateway sending update to database
12:25:50 Gateway/motion 1
Gateway sending update to database
12:25:50 Gateway/motion 1
Gateway sending update to database
12:25:50 Gateway/motion 1
Gateway sending update to database
12:25:50 Gateway/motion 1
Gateway sending update to database
12:25:50 Gateway/motion 1
Gateway sending update to database
12:25:50 Gateway/motion 1
Gateway sending update to database
12:25:50 Gateway/motion 1
Gateway sending update to database
12:25:50 Gateway/motion 1
Gateway sending update to database
12:25:50 Gateway/motion 1
Gateway sending update to database
12:25:50 Gateway/motion 1
Gateway sending update to database
12:25:50 Gateway/motion 1
Gateway sending update to database
12:25:50 Gateway/motion 1
Gateway sending update to database
12:25:50 Gateway/motion 1
Gateway sending update to database
12:25:50 Gateway/motion 1
Gateway sending update to database
12:25:50 Gateway/motion 1
Gateway sending update to database
12:25:50 Gateway/motion 1
Gateway sending update to database
12:25:50 Gateway/motion 1
Gateway sending update to database
12:25:50 Gateway/motion 1
Gateway sending update to database
12:25:50 Gateway/motion 1
Gateway sending update to database
12:25:50 Gateway/motion 1
Gateway sending update to database
12:25:50 Gateway/motion 1
Gateway sending update to database
12:25:50 Gateway/motion 1
Gateway sending update to database
12:25:50 Gateway/motion 1
Gateway sending update to database
12:25:50 Gateway/motion 1
Gateway sending update to database
12:25:50 Gateway/motion 1
Gateway sending update to database
12:25:50 Gateway/motion 1
Gateway sending update to database
12:25:50 Gateway/motion 1
Gateway sending update to database
12:25:50 Gateway/motion 1
Gateway sending update to database
12:25:50 Gateway/motion 1
Gateway sending update to database
12:25:50 Gateway/motion 1
Gateway sending update to database
12:25:50 Gateway/motion 1
Gateway sending update to database
12:25:50 Gateway/motion 1
Gateway sending update to database
12:25:50 Gateway/motion 1
Gateway sending update to database
12:25:50 Gateway/motion 1
Gateway sending update to database
12:25:50 Gateway/motion 1
Gateway sending update to database
12:25:50 Gateway/motion 1
Gateway sending update to database
12:25:50 Gateway/motion 1
Gateway sending update to database
12:25:50 Gateway/motion 1
Gateway sending update to database
12:25:50 Gateway/motion 1
Gateway sending update to database
12:25:50 Gateway/motion 1
Gateway sending update to database
12:25:50 Gateway/motion 1
Gateway sending update to database
12:25:50 Gateway/motion 1
Gateway sending update to database
12:25:50 Gateway/motion 1
Gateway sending update to database
12:25:50 Gateway/motion 1
Gateway sending update to database
12:25:50 Gateway/motion 1
Gateway sending update to database
12:25:50 Gateway/motion 1
Gateway sending update to database
12:25:50 Gateway/motion 1
Gateway sending update to database
12:25:50 Gateway/motion 1
Gateway sending update to database
12:25:50 Gateway/motion 1
Gateway sending update to database
12:25:50 Gateway/motion 1
Gateway sending update to database
12:25:50 Gateway/motion 1
Gateway sending update to database
12:25:50 Gateway/motion 1
Gateway sending update to database
12:25:50 Gateway/motion 1
Gateway sending update to database
12:25:50 Gateway/motion 1
Gateway sending update to database
12:25:50 Gateway/motion 1
Gateway sending update to database
12:25:50 Gateway/motion 1
Gateway sending update to database
12:25:50 Gateway/motion 1
Gateway sending update to database
12:25:50 Gateway/motion 1
Gateway sending update to database
12:25:50 Gateway/motion 1
Gateway sending update to database
12:25:50 Gateway/motion 1
Gateway sending update to database
12:25:50 Gateway/motion 1
Gateway sending update to database
12:25:50 Gateway/motion 1
Gateway sending update to database
12:25:50 Gateway/motion 1
Gateway sending update to database
12:25:50 Gateway/motion 1
Gateway sending update to database
12:25:51 Gateway/motion 1
Gateway sending update to database
12:25:51 Gateway/motion 1
Gateway sending update to database
12:25:51 Gateway/motion 1
Gateway sending update to database
12:25:51 Gateway/motion 1
Gateway sending update to database
12:25:51 Gateway/motion 1
Gateway sending update to database
12:25:51 Gateway/motion 1
Gateway sending update to database
12:25:51 Gateway/motion 1
Gateway sending update to database
12:25:51 Gateway/motion 1
Gateway sending update to database
12:25:51 Gateway/motion 1
Gateway sending update to database
12:25:51 Gateway/motion 1
Gateway sending update to database
12:25:51 Gateway/motion 1
Gateway sending update to database
12:25:51 Gateway/motion 1
Gateway sending update to database
12:25:51 Gateway/motion 1
Gateway sending update to database
12:25:51 Gateway/motion 1
Gateway sending update to database
12:25:51 Gateway/motion 1
Gateway sending update to database
12:25:51 Gateway/motion 1
Gateway sending update to database
12:25:51 Gateway/motion 1
Gateway sending update to database
12:25:51 Gateway/motion 1
Gateway sending update to database
12:25:51 Gateway/motion 1
Gateway sending update to database
12:25:51 Gateway/motion 1
Gateway sending update to database
12:25:51 Gateway/motion 1
Gateway sending update to database
12:25:51 Gateway/motion 1
Gateway sending update to database
12:25:51 Gateway/motion 1
Gateway sending update to database
12:25:51 Gateway/motion 1
Gateway sending update to database
12:25:51 Gateway/motion 1
Gateway sending update to database
12:25:51 Gateway/motion 1
Gateway sending update to database
12:25:51 Gateway/motion 1
Gateway sending update to database
12:25:51 Gateway/motion 1
Gateway sending update to database
12:25:51 Gateway/motion 1
Gateway sending update to database
12:25:51 Gateway/motion 1
Gateway sending update to database
12:25:51 Gateway/motion 1
Gateway sending update to database
12:25:51 Gateway/motion 1
Gateway sending update to database
12:25:51 Gateway/motion 1
Gateway sending update to database
12:25:51 Gateway/motion 1
Gateway sending update to database
12:25:51 Gateway/motion 1
Gateway sending update to database
12:25:51 Gateway/motion 1
Gateway sending update to database
12:25:51 Gateway/motion 1
Gateway sending update to database
12:25:51 Gateway/motion 1
Gateway sending update to database
12:25:51 Gateway/motion 1
Gateway sending update to database
12:25:51 Gateway/motion 1
Gateway sending update to database
12:25:51 Gateway/motion 1
Gateway sending update to database
12:25:51 Gateway/motion 1
Gateway sending update to database
12:25:51 Gateway/motion 1
Gateway sending update to database
12:25:51 Gateway/motion 1
Gateway sending update to database
12:25:51 Gateway/motion 1
Gateway sending update to database
12:25:51 Gateway/motion 1
Gateway sending update to database
12:25:51 Gateway/motion 1
Gateway sending update to database
12:25:51 Gateway/motion 1
Gateway sending update to database
12:25:51 Gateway/motion 1
Gateway sending update to database
12:25:51 Gateway/motion 1
Gateway sending update to database
12:25:51 Gateway/motion 1
Gateway sending update to database
12:25:51 Gateway/motion 1
Gateway sending update to database
12:25:51 Gateway/motion 1
Gateway sending update to database
12:25:51 Gateway/motion 1
Gateway sending update to database
12:25:51 Gateway/motion 1
Gateway sending update to database
12:25:51 Gateway/motion 1
Gateway sending update to database
12:25:51 Gateway/motion 1
Gateway sending update to database
12:25:51 Gateway/motion 1
Gateway sending update to database
12:25:51 Gateway/motion 1
Gateway sending update to database
12:25:51 Gateway/motion 1
Gateway sending update to database
12:25:51 Gateway/motion 1
Gateway sending update to database
12:25:51 Gateway/motion 1
Gateway sending update to database
12:25:51 Gateway/motion 1
Gateway sending update to database
12:25:51 Gateway/motion 1
Gateway sending update to database
12:25:51 Gateway/motion 1
Gateway sending update to database
12:25:51 Gateway/motion 1
Gateway sending update to database
12:25:51 Gateway/motion 1
Gateway sending update to database
12:25:51 Gateway/motion 1
Gateway sending update to database
12:25:51 Gateway/motion 1
Gateway sending update to database
12:25:51 Gateway/motion 1
Gateway sending update to database
12:25:51 Gateway/motion 1
Gateway sending update to database
12:25:51 Gateway/motion 1
Gateway sending update to database
12:25:51 Gateway/motion 1
Gateway sending update to database
12:25:51 Gateway/motion 1
Gateway sending update to database
12:25:51 Gateway/motion 1
Gateway sending update to database
12:25:51 Gateway/motion 1
Gateway sending update to database
12:25:51 Gateway/motion 1
Gateway sending update to database
12:25:51 Gateway/motion 1
Gateway sending update to database
12:25:51 Gateway/motion 1
Gateway sending update to database
12:25:51 Gateway/motion 1
Gateway sending update to database
12:25:51 Gateway/motion 1
Gateway sending update to database
12:25:51 Gateway/motion 1
Gateway sending update to database
12:25:51 Gateway/motion 1
Gateway sending update to database
12:25:51 Gateway/motion 1
Gateway sending update to database
12:25:51 Gateway/motion 1
Gateway sending update to database
12:25:51 Gateway/motion 1
Gateway sending update to database
12:25:51 Gateway/motion 1
Gateway sending update to database
12:25:51 Gateway/motion 1
Gateway sending update to database
12:25:51 Gateway/motion 1
Gateway sending update to database
12:25:51 Gateway/motion 1
Gateway sending update to database
12:25:51 Gateway/motion 1
Gateway sending update to database
12:25:51 Gateway/motion 1
Gateway sending update to database
12:25:51 Gateway/motion 1
Gateway sending update to database
12:25:51 Gateway/motion 1
Gateway sending update to database
12:25:51 Gateway/motion 1
Gateway sending update to database
12:25:51 Gateway/motion 1
Gateway sending update to database
12:25:51 Gateway/motion 1
Gateway sending update to database
12:25:51 Gateway/motion 1
Gateway sending update to database
12:25:51 Gateway/motion 1
Gateway sending update to database
12:25:51 Gateway/motion 1
Gateway sending update to database
12:25:51 Gateway/motion 1
Gateway sending update to database
12:25:51 Gateway/motion 1
Gateway sending update to database
12:25:51 Gateway/motion 1
Gateway sending update to database
12:25:51 Gateway/motion 1
Gateway sending update to database
12:25:51 Gateway/motion 1
Gateway sending update to database
12:25:51 Gateway/motion 1
Gateway sending update to database
12:25:51 Gateway/motion 1
Gateway sending update to database
12:25:51 Gateway/motion 1
Gateway sending update to database
12:25:51 Gateway/motion 1
Gateway sending update to database
12:25:51 Gateway/motion 1
Gateway sending update to database
12:25:51 Gateway/motion 1
Gateway sending update to database
12:25:51 Gateway/motion 1
Gateway sending update to database
12:25:51 Gateway/motion 1
Gateway sending update to database
12:25:51 Gateway/motion 1
Gateway sending update to database
12:25:51 Gateway/motion 1
Gateway sending update to database
12:25:51 Gateway/motion 1
Gateway sending update to database
12:25:51 Gateway/motion 1
Gateway sending update to database
12:25:51 Gateway/motion 1
Gateway sending update to database
12:25:51 Gateway/motion 1
Gateway sending update to database
12:25:51 Gateway/motion 1
Gateway sending update to database
12:25:51 Gateway/motion 1
Gateway sending update to database
12:25:51 Gateway/motion 1
Gateway sending update to database
12:25:51 Gateway/motion 1
Gateway sending update to database
12:25:51 Gateway/motion 1
Gateway sending update to database
12:25:51 Gateway/motion 1
Gateway sending update to database
12:25:51 Gateway/motion 1
Gateway sending update to database
12:25:51 Gateway/motion 1
Gateway sending update to database
12:25:51 Gateway/motion 1
Gateway sending update to database
12:25:51 Gateway/motion 1
Gateway sending update to database
12:25:51 Gateway/motion 1
Gateway sending update to database
12:25:51 Gateway/motion 1
Gateway sending update to database
12:25:51 Gateway/motion 1
Gateway sending update to database
12:25:51 Gateway/motion 1
Gateway sending update to database
12:25:51 Gateway/motion 1
Gateway sending update to database
12:25:51 Gateway/motion 1
Gateway sending update to database
12:25:51 Gateway/motion 1
Gateway sending update to database
12:25:51 Gateway/motion 1
Gateway sending update to database
12:25:51 Gateway/motion 1
Gateway sending update to database
12:25:51 Gateway/motion 1
Gateway sending update to database
12:25:51 Gateway/motion 1
Gateway sending update to database
12:25:51 Gateway/motion 1
Gateway sending update to database
12:25:51 Gateway/motion 1
Gateway sending update to database
12:25:51 Gateway/motion 1
Gateway sending update to database
12:25:51 Gateway/motion 1
Gateway sending update to database
12:25:51 Gateway/motion 1
Gateway sending update to database
12:25:51 Gateway/motion 1
Gateway sending update to database
12:25:51 Gateway/motion 1
Gateway sending update to database
12:25:51 Gateway/motion 1
Gateway sending update to database
12:25:51 Gateway/motion 1
Gateway sending update to database
12:25:51 Gateway/motion 1
Gateway sending update to database
12:25:51 Gateway/motion 1
Gateway sending update to database
12:25:51 Gateway/motion 1
Gateway sending update to database
12:25:51 Gateway/motion 1
Gateway sending update to database
12:25:51 Gateway/motion 1
Gateway sending update to database
12:25:51 Gateway/motion 1
Gateway sending update to database
12:25:51 Gateway/motion 1
Gateway sending update to database
12:25:51 Gateway/motion 1
Gateway sending update to database
12:25:51 Gateway/motion 1
Gateway sending update to database
12:25:51 Gateway/motion 1
Gateway sending update to database
12:25:51 Gateway/motion 1
Gateway sending update to database
12:25:51 Gateway/motion 1
Gateway sending update to database
12:25:51 Gateway/motion 1
Gateway sending update to database
12:25:51 Gateway/motion 1
Gateway sending update to database
12:25:51 Gateway/motion 1
Gateway sending update to database
12:25:51 Gateway/motion 1
Gateway sending update to database
12:25:51 Gateway/motion 1
Gateway sending update to database
12:25:51 Gateway/motion 1
Gateway sending update to database
12:25:51 Gateway/motion 1
Gateway sending update to database
12:25:51 Gateway/motion 1
Gateway sending update to database
12:25:51 Gateway/motion 1
Gateway sending update to database
12:25:51 Gateway/motion 1
Gateway sending update to database
12:25:51 Gateway/motion 1
Gateway sending update to database
12:25:51 Gateway/motion 1
Gateway sending update to database
12:25:51 Gateway/motion 1
Gateway sending update to database
12:25:51 Gateway/motion 1
Gateway sending update to database
12:25:51 Gateway/motion 1
Gateway sending update to database
12:25:51 Gateway/motion 1
Gateway sending update to database
12:25:51 Gateway/motion 1
Gateway sending update to database
12:25:51 Gateway/motion 1
Gateway sending update to database
12:25:51 Gateway/motion 1
Gateway sending update to database
12:25:51 Gateway/motion 1
Gateway sending update to database
12:25:51 Gateway/motion 1
Gateway sending update to database
12:25:51 Gateway/motion 1
Gateway sending update to database
12:25:51 Gateway/motion 1
Gateway sending update to database
12:25:51 Gateway/motion 1
Gateway sending update to database
12:25:51 Gateway/motion 1
Gateway sending update to database
12:25:51 Gateway/motion 1
Gateway sending update to database
12:25:51 Gateway/motion 1
Gateway sending update to database
12:25:51 Gateway/motion 1
Gateway sending update to database
12:25:51 Gateway/motion 1
Gateway sending update to database
12:25:51 Gateway/motion 1
Gateway sending update to database
12:25:51 Gateway/motion 1
Gateway sending update to database
12:25:51 Gateway/motion 1
Gateway sending update to database
12:25:51 Gateway/motion 1
Gateway sending update to database
12:25:51 Gateway/motion 1
Gateway sending update to database
12:25:51 Gateway/motion 1
Gateway sending update to database
12:25:51 Gateway/motion 1
Gateway sending update to database
12:25:51 Gateway/motion 1
Gateway sending update to database
12:25:51 Gateway/motion 1
Gateway sending update to database
12:25:51 Gateway/motion 1
Gateway sending update to database
12:25:51 Gateway/motion 1
Gateway sending update to database
12:25:51 Gateway/motion 1
Gateway sending update to database
12:25:51 Gateway/motion 1
Gateway sending update to database
12:25:51 Gateway/motion 1
Gateway sending update to database
12:25:51 Gateway/motion 1
Gateway sending update to database
12:25:51 Gateway/motion 1
Gateway sending update to database
12:25:51 Gateway/motion 1
Gateway sending update to database
12:25:51 Gateway/motion 1
Gateway sending update to database
12:25:51 Gateway/motion 1
Gateway sending update to database
12:25:51 Gateway/motion 1
Gateway sending update to database
12:25:51 Gateway/motion 1
Gateway sending update to database
12:25:51 Gateway/motion 1
Gateway sending update to database
12:25:51 Gateway/motion 1
Gateway sending update to database
12:25:51 Gateway/motion 1
Gateway sending update to database
12:25:51 Gateway/motion 1
Gateway sending update to database
12:25:51 Gateway/motion 1
Gateway sending update to database
12:25:51 Gateway/motion 1
Gateway sending update to database
12:25:51 Gateway/motion 1
Gateway sending update to database
12:25:51 Gateway/motion 1
Gateway sending update to database
12:25:51 Gateway/motion 1
Gateway sending update to database
12:25:51 Gateway/motion 1
Gateway sending update to database
12:25:51 Gateway/motion 1
Gateway sending update to database
12:25:51 Gateway/motion 1
Gateway sending update to database
12:25:51 Gateway/motion 1
Gateway sending update to database
12:25:51 Gateway/motion 1
Gateway sending update to database
12:25:51 Gateway/motion 1
Gateway sending update to database
12:25:51 Gateway/motion 1
Gateway sending update to database
12:25:51 Gateway/motion 1
Gateway sending update to database
12:25:51 Gateway/motion 1
Gateway sending update to database
12:25:51 Gateway/motion 1
Gateway sending update to database
12:25:51 Gateway/motion 1
Gateway sending update to database
12:25:51 Gateway/motion 1
Gateway sending update to database
12:25:51 Gateway/motion 1
Gateway sending update to database
12:25:51 Gateway/motion 1
Gateway sending update to database
12:25:51 Gateway/motion 1
Gateway sending update to database
12:25:51 Gateway/motion 1
Gateway sending update to database
12:25:51 Gateway/motion 1
Gateway sending update to database
12:25:51 Gateway/motion 1
Gateway sending update to database
12:25:51 Gateway/motion 1
Gateway sending update to database
12:25:51 Gateway/motion 1
Gateway sending update to database
12:25:51 Gateway/motion 1
Gateway sending update to database
12:25:51 Gateway/motion 1
Gateway sending update to database
12:25:51 Gateway/motion 1
Gateway sending update to database
12:25:51 Gateway/motion 1
Gateway sending update to database
12:25:51 Gateway/motion 1
Gateway sending update to database
12:25:51 Gateway/motion 1
Gateway sending update to database
12:25:51 Gateway/motion 1
Gateway sending update to database
12:25:51 Gateway/motion 1
Gateway sending update to database
12:25:51 Gateway/motion 1
Gateway sending update to database
12:25:51 Gateway/motion 1
Gateway sending update to database
12:25:51 Gateway/motion 1
Gateway sending update to database
12:25:51 Gateway/motion 1
Gateway sending update to database
12:25:51 Gateway/motion 1
Gateway sending update to database
12:25:51 Gateway/motion 1
Gateway sending update to database
12:25:51 Gateway/motion 1
Gateway sending update to database
12:25:51 Gateway/motion 1
Gateway sending update to database
12:25:51 Gateway/motion 1
Gateway sending update to database
12:25:51 Gateway/motion 1
Gateway sending update to database
12:25:51 Gateway/motion 1
Gateway sending update to database
12:25:51 Gateway/motion 1
Gateway sending update to database
12:25:51 Gateway/motion 1
Gateway sending update to database
12:25:51 Gateway/motion 1
Gateway sending update to database
12:25:51 Gateway/motion 1
Gateway sending update to database
12:25:51 Gateway/motion 1
Gateway sending update to database
12:25:51 Gateway/motion 1
Gateway sending update to database
12:25:51 Gateway/motion 1
Gateway sending update to database
12:25:51 Gateway/motion 1
Gateway sending update to database
12:25:51 Gateway/motion 1
Gateway sending update to database
12:25:51 Gateway/motion 1
Gateway sending update to database
12:25:51 Gateway/motion 1
Gateway sending update to database
12:25:51 Gateway/motion 1
Gateway sending update to database
12:25:51 Gateway/motion 1
Gateway sending update to database
12:25:51 Gateway/motion 1
Gateway sending update to database
12:25:51 Gateway/motion 1
Gateway sending update to database
12:25:51 Gateway/motion 1
Gateway sending update to database
12:25:51 Gateway/motion 1
Gateway sending update to database
12:25:51 Gateway/motion 1
Gateway sending update to database
12:25:51 Gateway/motion 1
Gateway sending update to database
12:25:51 Gateway/motion 1
Gateway sending update to database
12:25:51 Gateway/motion 1
Gateway sending update to database
12:25:51 Gateway/motion 1
Gateway sending update to database
12:25:51 Gateway/motion 1
Gateway sending update to database
12:25:51 Gateway/motion 1
Gateway sending update to database
12:25:51 Gateway/motion 1
Gateway sending update to database
12:25:51 Gateway/motion 1
Gateway sending update to database
12:25:51 Gateway/motion 1
Gateway sending update to database
12:25:51 Gateway/motion 1
Gateway sending update to database
12:25:51 Gateway/motion 1
Gateway sending update to database
12:25:51 Gateway/motion 1
Gateway sending update to database
12:25:51 Gateway/motion 1
Gateway sending update to database
12:25:51 Gateway/motion 1
Gateway sending update to database
12:25:51 Gateway/motion 1
Gateway sending update to database
12:25:51 Gateway/motion 1
Gateway sending update to database
12:25:51 Gateway/motion 1
Gateway sending update to database
12:25:51 Gateway/motion 1
Gateway sending update to database
12:25:51 Gateway/motion 1
Gateway sending update to database
12:25:51 Gateway/motion 1
Gateway sending update to database
12:25:51 Gateway/motion 1
Gateway sending update to database
12:25:51 Gateway/motion 1
Gateway sending update to database
12:25:51 Gateway/motion 1
Gateway sending update to database
12:25:51 Gateway/motion 1
Gateway sending update to database
12:25:51 Gateway/motion 1
Gateway sending update to database
12:25:51 Gateway/motion 1
Gateway sending update to database
12:25:51 Gateway/motion 1
Gateway sending update to database
12:25:51 Gateway/motion 1
Gateway sending update to database
12:25:51 Gateway/motion 1
Gateway sending update to database
12:25:51 Gateway/motion 1
Gateway sending update to database
12:25:51 Gateway/motion 1
Gateway sending update to database
12:25:51 Gateway/motion 1
Gateway sending update to database
12:25:51 Gateway/motion 1
Gateway sending update to database
12:25:51 Gateway/motion 1
Gateway sending update to database
12:25:51 Gateway/motion 1
Gateway sending update to database
12:25:51 Gateway/motion 1
Gateway sending update to database
12:25:51 Gateway/motion 1
Gateway sending update to database
12:25:51 Gateway/motion 1
Gateway sending update to database
12:25:51 Gateway/motion 1
Gateway sending update to database
12:25:51 Gateway/motion 1
Gateway sending update to database
12:25:51 Gateway/motion 1
Gateway sending update to database
12:25:51 Gateway/motion 1
Gateway sending update to database
12:25:51 Gateway/motion 1
Gateway sending update to database
12:25:51 Gateway/motion 1
Gateway sending update to database
12:25:51 Gateway/motion 1
Gateway sending update to database
12:25:51 Gateway/motion 1
Gateway sending update to database
12:25:51 Gateway/motion 1
Gateway sending update to database
12:25:51 Gateway/motion 1
Gateway sending update to database
12:25:51 Gateway/motion 1
Gateway sending update to database
12:25:51 Gateway/motion 1
Gateway sending update to database
12:25:51 Gateway/motion 1
Gateway sending update to database
12:25:51 Gateway/motion 1
Gateway sending update to database
12:25:51 Gateway/motion 1
Gateway sending update to database
12:25:51 Gateway/motion 1
Gateway sending update to database
12:25:51 Gateway/motion 1
Gateway sending update to database
12:25:51 Gateway/motion 1
Gateway sending update to database
12:25:51 Gateway/motion 1
Gateway sending update to database
12:25:51 Gateway/motion 1
Gateway sending update to database
12:25:51 Gateway/motion 1
Gateway sending update to database
12:25:51 Gateway/motion 1
Gateway sending update to database
12:25:51 Gateway/motion 1
Gateway sending update to database
12:25:51 Gateway/motion 1
Gateway sending update to database
12:25:51 Gateway/motion 1
Gateway sending update to database
12:25:51 Gateway/motion 1
Gateway sending update to database
12:25:51 Gateway/motion 1
Gateway sending update to database
12:25:51 Gateway/motion 1
Gateway sending update to database
12:25:51 Gateway/motion 1
Gateway sending update to database
12:25:51 Gateway/motion 1
Gateway sending update to database
12:25:51 Gateway/motion 1
Gateway sending update to database
12:25:51 Gateway/motion 1
Gateway sending update to database
12:25:51 Gateway/motion 1
Gateway sending update to database
12:25:51 Gateway/motion 1
Gateway sending update to database
12:25:51 Gateway/motion 1
Gateway sending update to database
12:25:51 Gateway/motion 1
Gateway sending update to database
12:25:51 Gateway/motion 1
Gateway sending update to database
12:25:51 Gateway/motion 1
Gateway sending update to database
12:25:51 Gateway/motion 1
Gateway sending update to database
12:25:51 Gateway/motion 1
Gateway sending update to database
12:25:51 Gateway/motion 1
Gateway sending update to database
12:25:51 Gateway/motion 1
Gateway sending update to database
12:25:51 Gateway/motion 1
Gateway sending update to database
12:25:51 Gateway/motion 1
Gateway sending update to database
12:25:51 Gateway/motion 1
Gateway sending update to database
12:25:51 Gateway/motion 1
Gateway sending update to database
12:25:51 Gateway/motion 1
Gateway sending update to database
12:25:51 Gateway/motion 1
Gateway sending update to database
12:25:51 Gateway/motion 1
Gateway sending update to database
12:25:51 Gateway/motion 1
Gateway sending update to database
12:25:51 Gateway/motion 1
Gateway sending update to database
12:25:51 Gateway/motion 1
Gateway sending update to database
12:25:51 Gateway/motion 1
Gateway sending update to database
12:25:51 Gateway/motion 1
Gateway sending update to database
12:25:51 Gateway/motion 1
Gateway sending update to database
12:25:51 Gateway/motion 1
Gateway sending update to database
12:25:51 Gateway/motion 1
Gateway sending update to database
12:25:51 Gateway/motion 1
Gateway sending update to database
12:25:51 Gateway/motion 1
Gateway sending update to database
12:25:51 Gateway/motion 1
Gateway sending update to database
12:25:51 Gateway/motion 1
Gateway sending update to database
12:25:51 Gateway/motion 1
Gateway sending update to database
12:25:51 Gateway/motion 1
Gateway sending update to database
12:25:51 Gateway/motion 1
Gateway sending update to database
12:25:51 Gateway/motion 1
Gateway sending update to database
12:25:51 Gateway/motion 1
Gateway sending update to database
12:25:51 Gateway/motion 1
Gateway sending update to database
12:25:51 Gateway/motion 1
Gateway sending update to database
12:25:51 Gateway/motion 1
Gateway sending update to database
12:25:51 Gateway/motion 1
Gateway sending update to database
12:25:51 Gateway/motion 1
Gateway sending update to database
12:25:51 Gateway/motion 1
Gateway sending update to database
12:25:51 Gateway/motion 1
Gateway sending update to database
12:25:51 Gateway/motion 1
Gateway sending update to database
12:25:51 Gateway/motion 1
Gateway sending update to database
12:25:51 Gateway/motion 1
Gateway sending update to database
12:25:51 Gateway/motion 1
Gateway sending update to database
12:25:51 Gateway/motion 1
Gateway sending update to database
12:25:51 Gateway/motion 1
Gateway sending update to database
12:25:51 Gateway/motion 1
Gateway sending update to database
12:25:51 Gateway/motion 1
Gateway sending update to database
12:25:51 Gateway/motion 1
Gateway sending update to database
12:25:51 Gateway/motion 1
Gateway sending update to database
12:25:51 Gateway/motion 1
Gateway sending update to database
12:25:51 Gateway/motion 1
Gateway sending update to database
12:25:51 Gateway/motion 1
Gateway sending update to database
12:25:51 Gateway/motion 1
Gateway sending update to database
12:25:51 Gateway/motion 1
Gateway sending update to database
12:25:51 Gateway/motion 1
Gateway sending update to database
12:25:51 Gateway/motion 1
Gateway sending update to database
12:25:51 Gateway/motion 1
Gateway sending update to database
12:25:51 Gateway/motion 1
Gateway sending update to database
12:25:51 Gateway/motion 1
Gateway sending update to database
12:25:51 Gateway/motion 1
Gateway sending update to database
12:25:51 Gateway/motion 1
Gateway sending update to database
12:25:51 Gateway/motion 1
Gateway sending update to database
12:25:51 Gateway/motion 1
Gateway sending update to database
12:25:51 Gateway/motion 1
Gateway sending update to database
12:25:51 Gateway/motion 1
Gateway sending update to database
12:25:51 Gateway/motion 1
Gateway sending update to database
12:25:51 Gateway/motion 1
Gateway sending update to database
12:25:51 Gateway/motion 1
Gateway sending update to database
12:25:51 Gateway/motion 1
Gateway sending update to database
12:25:51 Gateway/motion 1
Gateway sending update to database
12:25:51 Gateway/motion 1
Gateway sending update to database
12:25:51 Gateway/motion 1
Gateway sending update to database
12:25:51 Gateway/motion 1
Gateway sending update to database
12:25:51 Gateway/motion 1
Gateway sending update to database
12:25:51 Gateway/motion 1
Gateway sending update to database
12:25:51 Gateway/motion 1
Gateway sending update to database
12:25:51 Gateway/motion 1
Gateway sending update to database
12:25:51 Gateway/motion 1
Gateway sending update to database
12:25:51 Gateway/motion 1
Gateway sending update to database
12:25:51 Gateway/motion 1
Gateway sending update to database
12:25:51 Gateway/motion 1
Gateway sending update to database
12:25:51 Gateway/motion 1
Gateway sending update to database
12:25:51 Gateway/motion 1
Gateway sending update to database
12:25:52 Gateway/motion 1
Gateway sending update to database
12:25:52 Gateway/motion 1
Gateway sending update to database
12:25:52 Gateway/motion 1
Gateway sending update to database
12:25:52 Gateway/motion 1
Gateway sending update to database
12:25:52 Gateway/motion 1
Gateway sending update to database
12:25:52 Gateway/motion 1
Gateway sending update to database
12:25:52 Gateway/motion 1
Gateway sending update to database
12:25:52 Gateway/motion 1
Gateway sending update to database
12:25:52 Gateway/motion 1
Gateway sending update to database
12:25:52 Gateway/motion 1
Gateway sending update to database
12:25:52 Gateway/motion 1
Gateway sending update to database
12:25:52 Gateway/motion 1
Gateway sending update to database
12:25:52 Gateway/motion 1
Gateway sending update to database
12:25:52 Gateway/motion 1
Gateway sending update to database
12:25:52 Gateway/motion 1
Gateway sending update to database
12:25:52 Gateway/motion 1
Gateway sending update to database
12:25:52 Gateway/motion 1
Gateway sending update to database
12:25:52 Gateway/motion 1
Gateway sending update to database
12:25:52 Gateway/motion 1
Gateway sending update to database
12:25:52 Gateway/motion 1
Gateway sending update to database
12:25:52 Gateway/motion 1
Gateway sending update to database
12:25:52 Gateway/motion 1
Gateway sending update to database
12:25:52 Gateway/motion 1
Gateway sending update to database
12:25:52 Gateway/motion 1
Gateway sending update to database
12:25:52 Gateway/motion 1
Gateway sending update to database
12:25:52 Gateway/motion 1
Gateway sending update to database
12:25:52 Gateway/motion 1
Gateway sending update to database
12:25:52 Gateway/motion 1
Gateway sending update to database
12:25:52 Gateway/motion 1
Gateway sending update to database
12:25:52 Gateway/motion 1
Gateway sending update to database
12:25:52 Gateway/motion 1
Gateway sending update to database
12:25:52 Gateway/motion 1
Gateway sending update to database
12:25:52 Gateway/motion 1
Gateway sending update to database
12:25:52 Gateway/motion 1
Gateway sending update to database
12:25:52 Gateway/motion 1
Gateway sending update to database
12:25:52 Gateway/motion 1
Gateway sending update to database
12:25:52 Gateway/motion 1
Gateway sending update to database
12:25:52 Gateway/motion 1
Gateway sending update to database
12:25:52 Gateway/motion 1
Gateway sending update to database
12:25:52 Gateway/motion 1
Gateway sending update to database
12:25:52 Gateway/motion 1
Gateway sending update to database
12:25:52 Gateway/motion 1
Gateway sending update to database
12:25:52 Gateway/motion 1
Gateway sending update to database
12:25:52 Gateway/motion 1
Gateway sending update to database
12:25:52 Gateway/motion 1
Gateway sending update to database
12:25:52 Gateway/motion 1
Gateway sending update to database
12:25:52 Gateway/motion 1
Gateway sending update to database
12:25:52 Gateway/motion 1
Gateway sending update to database
12:25:52 Gateway/motion 1
Gateway sending update to database
12:25:52 Gateway/motion 1
Gateway sending update to database
12:25:52 Gateway/motion 1
Gateway sending update to database
12:25:52 Gateway/motion 1
Gateway sending update to database
12:25:52 Gateway/motion 1
Gateway sending update to database
12:25:52 Gateway/motion 1
Gateway sending update to database
12:25:52 Gateway/motion 1
Gateway sending update to database
12:25:52 Gateway/motion 1
Gateway sending update to database
12:25:52 Gateway/motion 1
Gateway sending update to database
12:25:52 Gateway/motion 1
Gateway sending update to database
12:25:52 Gateway/motion 1
Gateway sending update to database
12:25:52 Gateway/motion 1
Gateway sending update to database
12:25:52 Gateway/motion 1
Gateway sending update to database
12:25:52 Gateway/motion 1
Gateway sending update to database
12:25:52 Gateway/motion 1
Gateway sending update to database
12:25:52 Gateway/motion 1
Gateway sending update to database
12:25:52 Gateway/motion 1
Gateway sending update to database
12:25:52 Gateway/motion 1
Gateway sending update to database
12:25:52 Gateway/motion 1
Gateway sending update to database
12:25:52 Gateway/motion 1
Gateway sending update to database
12:25:52 Gateway/motion 1
Gateway sending update to database
12:25:52 Gateway/motion 1
Gateway sending update to database
12:25:52 Gateway/motion 1
Gateway sending update to database
12:25:52 Gateway/motion 1
Gateway sending update to database
12:25:52 Gateway/motion 1
Gateway sending update to database
12:25:52 Gateway/motion 1
Gateway sending update to database
12:25:52 Gateway/motion 1
Gateway sending update to database
12:25:52 Gateway/motion 1
Gateway sending update to database
12:25:52 Gateway/motion 1
Gateway sending update to database
12:25:52 Gateway/motion 1
Gateway sending update to database
12:25:52 Gateway/motion 1
Gateway sending update to database
12:25:52 Gateway/motion 1
Gateway sending update to database
12:25:52 Gateway/motion 1
Gateway sending update to database
12:25:52 Gateway/motion 1
Gateway sending update to database
12:25:52 Gateway/motion 1
Gateway sending update to database
12:25:52 Gateway/motion 1
Gateway sending update to database
12:25:52 Gateway/motion 1
Gateway sending update to database
12:25:52 Gateway/motion 1
Gateway sending update to database
12:25:52 Gateway/motion 1
Gateway sending update to database
12:25:52 Gateway/motion 1
Gateway sending update to database
12:25:52 Gateway/motion 1
Gateway sending update to database
12:25:52 Gateway/motion 1
Gateway sending update to database
12:25:52 Gateway/motion 1
Gateway sending update to database
12:25:52 Gateway/motion 1
Gateway sending update to database
12:25:52 Gateway/motion 1
Gateway sending update to database
12:25:52 Gateway/motion 1
Gateway sending update to database
12:25:52 Gateway/motion 1
Gateway sending update to database
12:25:52 Gateway/motion 1
Gateway sending update to database
12:25:52 Gateway/motion 1
Gateway sending update to database
12:25:52 Gateway/motion 1
Gateway sending update to database
12:25:52 Gateway/motion 1
Gateway sending update to database
12:25:52 Gateway/motion 1
Gateway sending update to database
12:25:52 Gateway/motion 1
Gateway sending update to database
12:25:52 Gateway/motion 1
Gateway sending update to database
12:25:52 Gateway/motion 1
Gateway sending update to database
12:25:52 Gateway/motion 1
Gateway sending update to database
12:25:52 Gateway/motion 1
Gateway sending update to database
12:25:52 Gateway/motion 1
Gateway sending update to database
12:25:52 Gateway/motion 1
Gateway sending update to database
12:25:52 Gateway/motion 1
Gateway sending update to database
12:25:52 Gateway/motion 1
Gateway sending update to database
12:25:52 Gateway/motion 1
Gateway sending update to database
12:25:52 Gateway/motion 1
Gateway sending update to database
12:25:52 Gateway/motion 1
Gateway sending update to database
12:25:52 Gateway/motion 1
Gateway sending update to database
12:25:52 Gateway/motion 1
Gateway sending update to database
12:25:52 Gateway/motion 1
Gateway sending update to database
12:25:52 Gateway/motion 1
Gateway sending update to database
12:25:52 Gateway/motion 1
Gateway sending update to database
12:25:52 Gateway/motion 1
Gateway sending update to database
12:25:52 Gateway/motion 1
Gateway sending update to database
12:25:52 Gateway/motion 1
Gateway sending update to database
12:25:52 Gateway/motion 1
Gateway sending update to database
12:25:52 Gateway/motion 1
Gateway sending update to database
12:25:52 Gateway/motion 1
Gateway sending update to database
12:25:52 Gateway/motion 1
Gateway sending update to database
12:25:52 Gateway/motion 1
Gateway sending update to database
12:25:52 Gateway/motion 1
Gateway sending update to database
12:25:52 Gateway/motion 1
Gateway sending update to database
12:25:52 Gateway/motion 1
Gateway sending update to database
12:25:52 Gateway/motion 1
Gateway sending update to database
12:25:52 Gateway/motion 1
Gateway sending update to database
12:25:52 Gateway/motion 1
Gateway sending update to database
12:25:52 Gateway/motion 1
Gateway sending update to database
12:25:52 Gateway/motion 1
Gateway sending update to database
12:25:52 Gateway/motion 1
Gateway sending update to database
12:25:52 Gateway/motion 1
Gateway sending update to database
12:25:52 Gateway/motion 1
Gateway sending update to database
12:25:52 Gateway/motion 1
Gateway sending update to database
12:25:52 Gateway/motion 1
Gateway sending update to database
12:25:52 Gateway/motion 1
Gateway sending update to database
12:25:52 Gateway/motion 1
Gateway sending update to database
12:25:52 Gateway/motion 1
Gateway sending update to database
12:25:52 Gateway/motion 1
Gateway sending update to database
12:25:52 Gateway/motion 1
Gateway sending update to database
12:25:52 Gateway/motion 1
Gateway sending update to database
12:25:52 Gateway/motion 1
Gateway sending update to database
12:25:52 Gateway/motion 1
Gateway sending update to database
12:25:52 Gateway/motion 1
Gateway sending update to database
12:25:52 Gateway/motion 1
Gateway sending update to database
12:25:52 Gateway/motion 1
Gateway sending update to database
12:25:52 Gateway/motion 1
Gateway sending update to database
12:25:52 Gateway/motion 1
Gateway sending update to database
12:25:52 Gateway/motion 1
Gateway sending update to database
12:25:52 Gateway/motion 1
Gateway sending update to database
12:25:52 Gateway/motion 1
Gateway sending update to database
12:25:52 Gateway/motion 1
Gateway sending update to database
12:25:52 Gateway/motion 1
Gateway sending update to database
12:25:52 Gateway/motion 1
Gateway sending update to database
12:25:52 Gateway/motion 1
Gateway sending update to database
12:25:52 Gateway/motion 1
Gateway sending update to database
12:25:52 Gateway/motion 1
Gateway sending update to database
12:25:52 Gateway/motion 1
Gateway sending update to database
12:25:52 Gateway/motion 1
Gateway sending update to database
12:25:52 Gateway/motion 1
Gateway sending update to database
12:25:52 Gateway/motion 1
Gateway sending update to database
12:25:52 Gateway/motion 1
Gateway sending update to database
12:25:52 Gateway/motion 1
Gateway sending update to database
12:25:52 Gateway/motion 1
Gateway sending update to database
12:25:52 Gateway/motion 1
Gateway sending update to database
12:25:52 Gateway/motion 1
Gateway sending update to database
12:25:52 Gateway/motion 1
Gateway sending update to database
12:25:52 Gateway/motion 1
Gateway sending update to database
12:25:52 Gateway/motion 1
Gateway sending update to database
12:25:52 Gateway/motion 1
Gateway sending update to database
12:25:52 Gateway/motion 1
Gateway sending update to database
12:25:52 Gateway/motion 1
Gateway sending update to database
12:25:52 Gateway/motion 1
Gateway sending update to database
12:25:52 Gateway/motion 1
Gateway sending update to database
12:25:52 Gateway/motion 1
Gateway sending update to database
12:25:52 Gateway/motion 1
Gateway sending update to database
12:25:52 Gateway/motion 1
Gateway sending update to database
12:25:52 Gateway/motion 1
Gateway sending update to database
12:25:52 Gateway/motion 1
Gateway sending update to database
12:25:52 Gateway/motion 1
Gateway sending update to database
12:25:52 Gateway/motion 1
Gateway sending update to database
12:25:52 Gateway/motion 1
Gateway sending update to database
12:25:52 Gateway/motion 1
Gateway sending update to database
12:25:52 Gateway/motion 1
Gateway sending update to database
12:25:52 Gateway/motion 1
Gateway sending update to database
12:25:52 Gateway/motion 1
Gateway sending update to database
12:25:52 Gateway/motion 1
Gateway sending update to database
12:25:52 Gateway/motion 1
Gateway sending update to database
12:25:52 Gateway/motion 1
Gateway sending update to database
12:25:52 Gateway/motion 1
Gateway sending update to database
12:25:52 Gateway/motion 1
Gateway sending update to database
12:25:52 Gateway/motion 1
Gateway sending update to database
12:25:52 Gateway/motion 1
Gateway sending update to database
12:25:52 Gateway/motion 1
Gateway sending update to database
12:25:52 Gateway/motion 1
Gateway sending update to database
12:25:52 Gateway/motion 1
Gateway sending update to database
12:25:52 Gateway/motion 1
Gateway sending update to database
12:25:52 Gateway/motion 1
Gateway sending update to database
12:25:52 Gateway/motion 1
Gateway sending update to database
12:25:52 Gateway/motion 1
Gateway sending update to database
12:25:52 Gateway/motion 1
Gateway sending update to database
12:25:52 Gateway/motion 1
Gateway sending update to database
12:25:52 Gateway/motion 1
Gateway sending update to database
12:25:52 Gateway/motion 1
Gateway sending update to database
12:25:52 Gateway/motion 1
Gateway sending update to database
12:25:52 Gateway/motion 1
Gateway sending update to database
12:25:52 Gateway/motion 1
Gateway sending update to database
12:25:52 Gateway/motion 1
Gateway sending update to database
12:25:52 Gateway/motion 1
Gateway sending update to database
12:25:52 Gateway/motion 1
Gateway sending update to database
12:25:52 Gateway/motion 1
Gateway sending update to database
12:25:52 Gateway/motion 1
Gateway sending update to database
12:25:52 Gateway/motion 1
Gateway sending update to database
12:25:52 Gateway/motion 1
Gateway sending update to database
12:25:52 Gateway/motion 1
Gateway sending update to database
12:25:52 Gateway/motion 1
Gateway sending update to database
12:25:52 Gateway/motion 1
Gateway sending update to database
12:25:52 Gateway/motion 1
Gateway sending update to database
12:25:52 Gateway/motion 1
Gateway sending update to database
12:25:52 Gateway/motion 1
Gateway sending update to database
12:25:52 Gateway/motion 1
Gateway sending update to database
12:25:52 Gateway/motion 1
Gateway sending update to database
12:25:52 Gateway/motion 1
Gateway sending update to database
12:25:52 Gateway/motion 1
Gateway sending update to database
12:25:52 Gateway/motion 1
Gateway sending update to database
12:25:52 Gateway/motion 1
Gateway sending update to database
12:25:52 Gateway/motion 1
Gateway sending update to database
12:25:52 Gateway/motion 1
Gateway sending update to database
12:25:52 Gateway/motion 1
Gateway sending update to database
12:25:52 Gateway/motion 1
Gateway sending update to database
12:25:52 Gateway/motion 1
Gateway sending update to database
12:25:52 Gateway/motion 1
Gateway sending update to database
12:25:52 Gateway/motion 1
Gateway sending update to database
12:25:52 Gateway/motion 1
Gateway sending update to database
12:25:52 Gateway/motion 1
Gateway sending update to database
12:25:52 Gateway/motion 1
Gateway sending update to database
12:25:52 Gateway/motion 1
Gateway sending update to database
12:25:52 Gateway/motion 1
Gateway sending update to database
12:25:52 Gateway/motion 1
Gateway sending update to database
12:25:52 Gateway/motion 1
Gateway sending update to database
12:25:52 Gateway/motion 1
Gateway sending update to database
12:25:52 Gateway/motion 1
Gateway sending update to database
12:25:52 Gateway/motion 1
Gateway sending update to database
12:25:52 Gateway/motion 1
Gateway sending update to database
12:25:52 Gateway/motion 1
Gateway sending update to database
12:25:52 Gateway/motion 1
Gateway sending update to database
12:25:52 Gateway/motion 1
Gateway sending update to database
12:25:52 Gateway/motion 1
Gateway sending update to database
12:25:52 Gateway/motion 1
Gateway sending update to database
12:25:52 Gateway/motion 1
Gateway sending update to database
12:25:52 Gateway/motion 1
Gateway sending update to database
12:25:52 Gateway/motion 1
Gateway sending update to database
12:25:52 Gateway/motion 1
Gateway sending update to database
12:25:52 Gateway/motion 1
Gateway sending update to database
12:25:52 Gateway/motion 1
Gateway sending update to database
12:25:52 Gateway/motion 1
Gateway sending update to database
12:25:52 Gateway/motion 1
Gateway sending update to database
12:25:52 Gateway/motion 1
Gateway sending update to database
12:25:52 Gateway/motion 1
Gateway sending update to database
12:25:52 Gateway/motion 1
Gateway sending update to database
12:25:52 Gateway/motion 1
Gateway sending update to database
12:25:52 Gateway/motion 1
Gateway sending update to database
12:25:52 Gateway/motion 1
Gateway sending update to database
12:25:52 Gateway/motion 1
Gateway sending update to database
12:25:52 Gateway/motion 1
Gateway sending update to database
12:25:52 Gateway/motion 1
Gateway sending update to database
12:25:52 Gateway/motion 1
Gateway sending update to database
12:25:52 Gateway/motion 1
Gateway sending update to database
12:25:52 Gateway/motion 1
Gateway sending update to database
12:25:52 Gateway/motion 1
Gateway sending update to database
12:25:52 Gateway/motion 1
Gateway sending update to database
12:25:52 Gateway/motion 1
Gateway sending update to database
12:25:52 Gateway/motion 1
Gateway sending update to database
12:25:52 Gateway/motion 1
Gateway sending update to database
12:25:52 Gateway/motion 1
Gateway sending update to database
12:25:52 Gateway/motion 1
Gateway sending update to database
12:25:52 Gateway/motion 1
Gateway sending update to database
12:25:52 Gateway/motion 1
Gateway sending update to database
12:25:52 Gateway/motion 1
Gateway sending update to database
12:25:52 Gateway/motion 1
Gateway sending update to database
12:25:52 Gateway/motion 1
Gateway sending update to database
12:25:52 Gateway/motion 1
Gateway sending update to database
12:25:52 Gateway/motion 1
Gateway sending update to database
12:25:52 Gateway/motion 1
Gateway sending update to database
12:25:52 Gateway/motion 1
Gateway sending update to database
12:25:52 Gateway/motion 1
Gateway sending update to database
12:25:52 Gateway/motion 1
Gateway sending update to database
12:25:52 Gateway/motion 1
Gateway sending update to database
12:25:52 Gateway/motion 1
Gateway sending update to database
12:25:52 Gateway/motion 1
Gateway sending update to database
12:25:52 Gateway/motion 1
Gateway sending update to database
12:25:52 Gateway/motion 1
Gateway sending update to database
12:25:52 Gateway/motion 1
Gateway sending update to database
12:25:52 Gateway/motion 1
Gateway sending update to database
12:25:52 Gateway/motion 1
Gateway sending update to database
12:25:52 Gateway/motion 1
Gateway sending update to database
12:25:52 Gateway/motion 1
Gateway sending update to database
12:25:52 Gateway/motion 1
Gateway sending update to database
12:25:52 Gateway/motion 1
Gateway sending update to database
12:25:52 Gateway/motion 1
Gateway sending update to database
12:25:52 Gateway/motion 1
Gateway sending update to database
12:25:52 Gateway/motion 1
Gateway sending update to database
12:25:52 Gateway/motion 1
Gateway sending update to database
12:25:52 Gateway/motion 1
Gateway sending update to database
12:25:52 Gateway/motion 1
Gateway sending update to database
12:25:52 Gateway/motion 1
Gateway sending update to database
12:25:52 Gateway/motion 1
Gateway sending update to database
12:25:52 Gateway/motion 1
Gateway sending update to database
12:25:52 Gateway/motion 1
Gateway sending update to database
12:25:52 Gateway/motion 1
Gateway sending update to database
12:25:52 Gateway/motion 1
Gateway sending update to database
12:25:52 Gateway/motion 1
Gateway sending update to database
12:25:52 Gateway/motion 1
Gateway sending update to database
12:25:52 Gateway/motion 1
Gateway sending update to database
12:25:52 Gateway/motion 1
Gateway sending update to database
12:25:52 Gateway/motion 1
Gateway sending update to database
12:25:52 Gateway/motion 1
Gateway sending update to database
12:25:52 Gateway/motion 1
Gateway sending update to database
12:25:52 Gateway/motion 1
Gateway sending update to database
12:25:52 Gateway/motion 1
Gateway sending update to database
12:25:52 Gateway/motion 1
Gateway sending update to database
12:25:52 Gateway/motion 1
Gateway sending update to database
12:25:52 Gateway/motion 1
Gateway sending update to database
12:25:52 Gateway/motion 1
Gateway sending update to database
12:25:52 Gateway/motion 1
Gateway sending update to database
12:25:52 Gateway/motion 1
Gateway sending update to database
12:25:52 Gateway/motion 1
Gateway sending update to database
12:25:52 Gateway/motion 1
Gateway sending update to database
12:25:52 Gateway/motion 1
Gateway sending update to database
12:25:52 Gateway/motion 1
Gateway sending update to database
12:25:52 Gateway/motion 1
Gateway sending update to database
12:25:52 Gateway/motion 1
Gateway sending update to database
12:25:52 Gateway/motion 1
Gateway sending update to database
12:25:52 Gateway/motion 1
Gateway sending update to database
12:25:52 Gateway/motion 1
Gateway sending update to database
12:25:52 Gateway/motion 1
Gateway sending update to database
12:25:52 Gateway/motion 1
Gateway sending update to database
12:25:52 Gateway/motion 1
Gateway sending update to database
12:25:52 Gateway/motion 1
Gateway sending update to database
12:25:52 Gateway/motion 1
Gateway sending update to database
12:25:52 Gateway/motion 1
Gateway sending update to database
12:25:52 Gateway/motion 1
Gateway sending update to database
12:25:52 Gateway/motion 1
Gateway sending update to database
12:25:52 Gateway/motion 1
Gateway sending update to database
12:25:52 Gateway/motion 1
Gateway sending update to database
12:25:52 Gateway/motion 1
Gateway sending update to database
12:25:52 Gateway/motion 1
Gateway sending update to database
12:25:52 Gateway/motion 1
Gateway sending update to database
12:25:52 Gateway/motion 1
Gateway sending update to database
12:25:53 Gateway/motion 1
Gateway sending update to database
12:25:53 Gateway/motion 1
Gateway sending update to database
12:25:53 Gateway/motion 1
Gateway sending update to database
12:25:53 Gateway/motion 1
Gateway sending update to database
12:25:53 Gateway/motion 1
Gateway sending update to database
12:25:53 Gateway/motion 1
Gateway sending update to database
12:25:53 Gateway/motion 1
Gateway sending update to database
12:25:53 Gateway/motion 1
Gateway sending update to database
12:25:53 Gateway/motion 1
Gateway sending update to database
12:25:53 Gateway/motion 1
Gateway sending update to database
12:25:53 Gateway/motion 1
Gateway sending update to database
12:25:53 Gateway/motion 1
Gateway sending update to database
12:25:53 Gateway/motion 1
Gateway sending update to database
12:25:53 Gateway/motion 1
Gateway sending update to database
12:25:53 Gateway/motion 1
Gateway sending update to database
12:25:53 Gateway/motion 1
Gateway sending update to database
12:25:53 Gateway/motion 1
Gateway sending update to database
12:25:53 Gateway/motion 1
Gateway sending update to database
12:25:53 Gateway/motion 1
Gateway sending update to database
12:25:53 Gateway/motion 1
Gateway sending update to database
12:25:53 Gateway/motion 1
Gateway sending update to database
12:25:53 Gateway/motion 1
Gateway sending update to database
12:25:53 Gateway/motion 1
Gateway sending update to database
12:25:53 Gateway/motion 1
Gateway sending update to database
12:25:53 Gateway/motion 1
Gateway sending update to database
12:25:53 Gateway/motion 1
Gateway sending update to database
12:25:53 Gateway/motion 1
Gateway sending update to database
12:25:53 Gateway/motion 1
Gateway sending update to database
12:25:53 Gateway/motion 1
Gateway sending update to database
12:25:53 Gateway/motion 1
Gateway sending update to database
12:25:53 Gateway/motion 1
Gateway sending update to database
12:25:53 Gateway/motion 1
Gateway sending update to database
12:25:53 Gateway/motion 1
Gateway sending update to database
12:25:53 Gateway/motion 1
Gateway sending update to database
12:25:53 Gateway/motion 1
Gateway sending update to database
12:25:53 Gateway/motion 1
Gateway sending update to database
12:25:53 Gateway/motion 1
Gateway sending update to database
12:25:53 Gateway/motion 1
Gateway sending update to database
12:25:53 Gateway/motion 1
Gateway sending update to database
12:25:53 Gateway/motion 1
Gateway sending update to database
12:25:53 Gateway/motion 1
Gateway sending update to database
12:25:53 Gateway/motion 1
Gateway sending update to database
12:25:53 Gateway/motion 1
Gateway sending update to database
12:25:53 Gateway/motion 1
Gateway sending update to database
12:25:53 Gateway/motion 1
Gateway sending update to database
12:25:53 Gateway/motion 1
Gateway sending update to database
12:25:53 Gateway/motion 1
Gateway sending update to database
12:25:53 Gateway/motion 1
Gateway sending update to database
12:25:53 Gateway/motion 1
Gateway sending update to database
12:25:53 Gateway/motion 1
Gateway sending update to database
12:25:53 Gateway/motion 1
Gateway sending update to database
12:25:53 Gateway/motion 1
Gateway sending update to database
12:25:53 Gateway/motion 1
Gateway sending update to database
12:25:53 Gateway/motion 1
Gateway sending update to database
12:25:53 Gateway/motion 1
Gateway sending update to database
12:25:53 Gateway/motion 1
Gateway sending update to database
12:25:53 Gateway/motion 1
Gateway sending update to database
12:25:53 Gateway/motion 1
Gateway sending update to database
12:25:53 Gateway/motion 1
Gateway sending update to database
12:25:53 Gateway/motion 1
Gateway sending update to database
12:25:53 Gateway/motion 1
Gateway sending update to database
12:25:53 Gateway/motion 1
Gateway sending update to database
12:25:53 Gateway/motion 1
Gateway sending update to database
12:25:53 Gateway/motion 1
Gateway sending update to database
12:25:53 Gateway/motion 1
Gateway sending update to database
12:25:53 Gateway/motion 1
Gateway sending update to database
12:25:53 Gateway/motion 1
Gateway sending update to database
12:25:53 Gateway/motion 1
Gateway sending update to database
12:25:53 Gateway/motion 1
Gateway sending update to database
12:25:53 Gateway/motion 1
Gateway sending update to database
12:25:53 Gateway/motion 1
Gateway sending update to database
12:25:53 Gateway/motion 1
Gateway sending update to database
12:25:53 Gateway/motion 1
Gateway sending update to database
12:25:53 Gateway/motion 1
Gateway sending update to database
12:25:53 Gateway/motion 1
Gateway sending update to database
12:25:53 Gateway/motion 1
Gateway sending update to database
12:25:53 Gateway/motion 1
Gateway sending update to database
12:25:53 Gateway/motion 1
Gateway sending update to database
12:25:53 Gateway/motion 1
Gateway sending update to database
12:25:53 Gateway/motion 1
Gateway sending update to database
12:25:53 Gateway/motion 1
Gateway sending update to database
12:25:53 Gateway/motion 1
Gateway sending update to database
12:25:53 Gateway/motion 1
Gateway sending update to database
12:25:53 Gateway/motion 1
Gateway sending update to database
12:25:53 Gateway/motion 1
Gateway sending update to database
12:25:53 Gateway/motion 1
Gateway sending update to database
12:25:53 Gateway/motion 1
Gateway sending update to database
12:25:53 Gateway/motion 1
Gateway sending update to database
12:25:53 Gateway/motion 1
Gateway sending update to database
12:25:53 Gateway/motion 1
Gateway sending update to database
12:25:53 Gateway/motion 1
Gateway sending update to database
12:25:53 Gateway/motion 1
Gateway sending update to database
12:25:53 Gateway/motion 1
Gateway sending update to database
12:25:53 Gateway/motion 1
Gateway sending update to database
12:25:53 Gateway/motion 1
Gateway sending update to database
12:25:53 Gateway/motion 1
Gateway sending update to database
12:25:53 Gateway/motion 1
Gateway sending update to database
12:25:53 Gateway/motion 1
Gateway sending update to database
12:25:53 Gateway/motion 1
Gateway sending update to database
12:25:53 Gateway/motion 1
Gateway sending update to database
12:25:53 Gateway/motion 1
Gateway sending update to database
12:25:53 Gateway/motion 1
Gateway sending update to database
12:25:53 Gateway/motion 1
Gateway sending update to database
12:25:53 Gateway/motion 1
Gateway sending update to database
12:25:53 Gateway/motion 1
Gateway sending update to database
12:25:53 Gateway/motion 1
Gateway sending update to database
12:25:53 Gateway/motion 1
Gateway sending update to database
12:25:53 Gateway/motion 1
Gateway sending update to database
12:25:53 Gateway/motion 1
Gateway sending update to database
12:25:53 Gateway/motion 1
Gateway sending update to database
12:25:53 Gateway/motion 1
Gateway sending update to database
12:25:53 Gateway/motion 1
Gateway sending update to database
12:25:53 Gateway/motion 1
Gateway sending update to database
12:25:53 Gateway/motion 1
Gateway sending update to database
12:25:53 Gateway/motion 1
Gateway sending update to database
12:25:53 Gateway/motion 1
Gateway sending update to database
12:25:53 Gateway/motion 1
Gateway sending update to database
12:25:53 Gateway/motion 1
Gateway sending update to database
12:25:53 Gateway/motion 1
Gateway sending update to database
12:25:53 Gateway/motion 1
Gateway sending update to database
12:25:53 Gateway/motion 1
Gateway sending update to database
12:25:53 Gateway/motion 1
Gateway sending update to database
12:25:53 Gateway/motion 1
Gateway sending update to database
12:25:53 Gateway/motion 1
Gateway sending update to database
12:25:53 Gateway/motion 1
Gateway sending update to database
12:25:53 Gateway/motion 1
Gateway sending update to database
12:25:53 Gateway/motion 1
Gateway sending update to database
12:25:53 Gateway/motion 1
Gateway sending update to database
12:25:53 Gateway/motion 1
Gateway sending update to database
12:25:53 Gateway/motion 1
Gateway sending update to database
12:25:53 Gateway/motion 1
Gateway sending update to database
12:25:53 Gateway/motion 1
Gateway sending update to database
12:25:53 Gateway/motion 1
Gateway sending update to database
12:25:53 Gateway/motion 1
Gateway sending update to database
12:25:53 Gateway/motion 1
Gateway sending update to database
12:25:53 Gateway/motion 1
Gateway sending update to database
12:25:53 Gateway/motion 1
Gateway sending update to database
12:25:53 Gateway/motion 1
Gateway sending update to database
12:25:53 Gateway/motion 1
Gateway sending update to database
12:25:53 Gateway/motion 1
Gateway sending update to database
12:25:53 Gateway/motion 1
Gateway sending update to database
12:25:53 Gateway/motion 1
Gateway sending update to database
12:25:53 Gateway/motion 1
Gateway sending update to database
12:25:53 Gateway/motion 1
Gateway sending update to database
12:25:53 Gateway/motion 1
Gateway sending update to database
12:25:53 Gateway/motion 1
Gateway sending update to database
12:25:53 Gateway/motion 1
Gateway sending update to database
12:25:53 Gateway/motion 1
Gateway sending update to database
12:25:53 Gateway/motion 1
Gateway sending update to database
12:25:53 Gateway/motion 1
Gateway sending update to database
12:25:53 Gateway/motion 1
Gateway sending update to database
12:25:53 Gateway/motion 1
Gateway sending update to database
12:25:53 Gateway/motion 1
Gateway sending update to database
12:25:53 Gateway/motion 1
Gateway sending update to database
12:25:53 Gateway/motion 1
Gateway sending update to database
12:25:53 Gateway/motion 1
Gateway sending update to database
12:25:53 Gateway/motion 1
Gateway sending update to database
12:25:53 Gateway/motion 1
Gateway sending update to database
12:25:53 Gateway/motion 1
Gateway sending update to database
12:25:53 Gateway/motion 1
Gateway sending update to database
12:25:53 Gateway/motion 1
Gateway sending update to database
12:25:53 Gateway/motion 1
Gateway sending update to database
12:25:53 Gateway/motion 1
Gateway sending update to database
12:25:53 Gateway/motion 1
Gateway sending update to database
12:25:53 Gateway/motion 1
Gateway sending update to database
12:25:53 Gateway/motion 1
Gateway sending update to database
12:25:53 Gateway/motion 1
Gateway sending update to database
12:25:53 Gateway/motion 1
Gateway sending update to database
12:25:53 Gateway/motion 1
Gateway sending update to database
12:25:53 Gateway/motion 1
Gateway sending update to database
12:25:53 Gateway/motion 1
Gateway sending update to database
12:25:53 Gateway/motion 1
Gateway sending update to database
12:25:53 Gateway/motion 1
Gateway sending update to database
12:25:53 Gateway/motion 1
Gateway sending update to database
12:25:53 Gateway/motion 1
Gateway sending update to database
12:25:53 Gateway/motion 1
Gateway sending update to database
12:25:53 Gateway/motion 1
Gateway sending update to database
12:25:53 Gateway/motion 1
Gateway sending update to database
12:25:53 Gateway/motion 1
Gateway sending update to database
12:25:53 Gateway/motion 1
Gateway sending update to database
12:25:53 Gateway/motion 1
Gateway sending update to database
12:25:53 Gateway/motion 1
Gateway sending update to database
12:25:53 Gateway/motion 1
Gateway sending update to database
12:25:53 Gateway/motion 1
Gateway sending update to database
12:25:53 Gateway/motion 1
Gateway sending update to database
12:25:53 Gateway/motion 1
Gateway sending update to database
12:25:53 Gateway/motion 1
Gateway sending update to database
12:25:54 Gateway/motion 1
Gateway sending update to database
12:25:54 Gateway/motion 1
Gateway sending update to database
12:25:54 Gateway/motion 1
Gateway sending update to database
12:25:54 Gateway/motion 1
Gateway sending update to database
12:25:54 Gateway/motion 1
Gateway sending update to database
12:25:54 Gateway/motion 1
Gateway sending update to database
12:25:54 Gateway/motion 1
Gateway sending update to database
12:25:54 Gateway/motion 1
Gateway sending update to database
12:25:54 Gateway/motion 1
Gateway sending update to database
12:25:54 Gateway/motion 1
Gateway sending update to database
12:25:54 Gateway/motion 1
Gateway sending update to database
12:25:54 Gateway/motion 1
Gateway sending update to database
12:25:54 Gateway/motion 1
Gateway sending update to database
12:25:54 Gateway/motion 1
Gateway sending update to database
12:25:54 Gateway/motion 1
Gateway sending update to database
12:25:54 Gateway/motion 1
Gateway sending update to database
12:25:54 Gateway/motion 1
Gateway sending update to database
12:25:54 Gateway/motion 1
Gateway sending update to database
12:25:54 Gateway/motion 1
Gateway sending update to database
12:25:54 Gateway/motion 1
Gateway sending update to database
12:25:54 Gateway/motion 1
Gateway sending update to database
12:25:54 Gateway/motion 1
Gateway sending update to database
12:25:54 Gateway/motion 1
Gateway sending update to database
12:25:54 Gateway/motion 1
Gateway sending update to database
12:25:54 Gateway/motion 1
Gateway sending update to database
12:25:54 Gateway/motion 1
Gateway sending update to database
12:25:54 Gateway/motion 1
Gateway sending update to database
12:25:54 Gateway/motion 1
Gateway sending update to database
12:25:54 Gateway/motion 1
Gateway sending update to database
12:25:54 Gateway/motion 1
Gateway sending update to database
12:25:54 Gateway/motion 1
Gateway sending update to database
12:25:54 Gateway/motion 1
Gateway sending update to database
12:25:54 Gateway/motion 1
Gateway sending update to database
12:25:54 Gateway/motion 1
Gateway sending update to database
12:25:54 Gateway/motion 1
Gateway sending update to database
12:25:54 Gateway/motion 1
Gateway sending update to database
12:25:54 Gateway/motion 1
Gateway sending update to database
12:25:54 Gateway/motion 1
Gateway sending update to database
12:25:54 Gateway/motion 1
Gateway sending update to database
12:25:54 Gateway/motion 1
Gateway sending update to database
12:25:54 Gateway/motion 1
Gateway sending update to database
12:25:54 Gateway/motion 1
Gateway sending update to database
12:25:54 Gateway/motion 1
Gateway sending update to database
12:25:54 Gateway/motion 1
Gateway sending update to database
12:25:54 Gateway/motion 1
Gateway sending update to database
12:25:54 Gateway/motion 1
Gateway sending update to database
12:25:54 Gateway/motion 1
Gateway sending update to database
12:25:54 Gateway/motion 1
Gateway sending update to database
12:25:54 Gateway/motion 1
Gateway sending update to database
12:25:54 Gateway/motion 1
Gateway sending update to database
12:25:54 Gateway/motion 1
Gateway sending update to database
12:25:54 Gateway/motion 1
Gateway sending update to database
12:25:54 Gateway/motion 1
Gateway sending update to database
12:25:54 Gateway/motion 1
Gateway sending update to database
12:25:54 Gateway/motion 1
Gateway sending update to database
12:25:54 Gateway/motion 1
Gateway sending update to database
12:25:54 Gateway/motion 1
Gateway sending update to database
12:25:54 Gateway/motion 1
Gateway sending update to database
12:25:54 Gateway/motion 1
Gateway sending update to database
12:25:54 Gateway/motion 1
Gateway sending update to database
12:25:54 Gateway/motion 1
Gateway sending update to database
12:25:54 Gateway/motion 1
Gateway sending update to database
12:25:54 Gateway/motion 1
Gateway sending update to database
12:25:54 Gateway/motion 1
Gateway sending update to database
12:25:54 Gateway/motion 1
Gateway sending update to database
12:25:54 Gateway/motion 1
Gateway sending update to database
12:25:54 Gateway/motion 1
Gateway sending update to database
12:25:54 Gateway/motion 1
Gateway sending update to database
12:25:54 Gateway/motion 1
Gateway sending update to database
12:25:54 Gateway/motion 1
Gateway sending update to database
12:25:54 Gateway/motion 1
Gateway sending update to database
12:25:54 Gateway/motion 1
Gateway sending update to database
12:25:54 Gateway/motion 1
Gateway sending update to database
12:25:54 Gateway/motion 1
Gateway sending update to database
12:25:54 Gateway/motion 1
Gateway sending update to database
12:25:54 Gateway/motion 1
Gateway sending update to database
12:25:54 Gateway/motion 1
Gateway sending update to database
12:25:54 Gateway/motion 1
Gateway sending update to database
12:25:54 Gateway/motion 1
Gateway sending update to database
12:25:54 Gateway/motion 1
Gateway sending update to database
12:25:54 Gateway/motion 1
Gateway sending update to database
12:25:54 Gateway/motion 1
Gateway sending update to database
12:25:54 Gateway/motion 1
Gateway sending update to database
12:25:54 Gateway/motion 1
Gateway sending update to database
12:25:54 Gateway/motion 1
Gateway sending update to database
12:25:54 Gateway/motion 1
Gateway sending update to database
12:25:54 Gateway/motion 1
Gateway sending update to database
12:25:54 Gateway/motion 1
Gateway sending update to database
12:25:54 Gateway/motion 1
Gateway sending update to database
12:25:54 Gateway/motion 1
Gateway sending update to database
12:25:54 Gateway/motion 1
Gateway sending update to database
12:25:54 Gateway/motion 1
Gateway sending update to database
12:25:54 Gateway/motion 1
Gateway sending update to database
12:25:54 Gateway/motion 1
Gateway sending update to database
12:25:54 Gateway/motion 1
Gateway sending update to database
12:25:54 Gateway/motion 1
Gateway sending update to database
12:25:54 Gateway/motion 1
Gateway sending update to database
12:25:54 Gateway/motion 1
Gateway sending update to database
12:25:54 Gateway/motion 1
Gateway sending update to database
12:25:54 Gateway/motion 1
Gateway sending update to database
12:25:54 Gateway/motion 1
Gateway sending update to database
12:25:54 Gateway/motion 1
Gateway sending update to database
12:25:54 Gateway/motion 1
Gateway sending update to database
12:25:54 Gateway/motion 1
Gateway sending update to database
12:25:54 Gateway/motion 1
Gateway sending update to database
12:25:54 Gateway/motion 1
Gateway sending update to database
12:25:54 Gateway/motion 1
Gateway sending update to database
12:25:54 Gateway/motion 1
Gateway sending update to database
12:25:54 Gateway/motion 1
Gateway sending update to database
12:25:54 Gateway/motion 1
Gateway sending update to database
12:25:54 Gateway/motion 1
Gateway sending update to database
12:25:54 Gateway/motion 1
Gateway sending update to database
12:25:54 Gateway/motion 1
Gateway sending update to database
12:25:54 Gateway/motion 1
Gateway sending update to database
12:25:54 Gateway/motion 1
Gateway sending update to database
12:25:54 Gateway/motion 1
Gateway sending update to database
12:25:54 Gateway/motion 1
Gateway sending update to database
12:25:54 Gateway/motion 1
Gateway sending update to database
12:25:54 Gateway/motion 1
Gateway sending update to database
12:25:54 Gateway/motion 1
Gateway sending update to database
12:25:54 Gateway/motion 1
Gateway sending update to database
12:25:54 Gateway/motion 1
Gateway sending update to database
12:25:54 Gateway/motion 1
Gateway sending update to database
12:25:54 Gateway/motion 1
Gateway sending update to database
12:25:54 Gateway/motion 1
Gateway sending update to database
12:25:54 Gateway/motion 1
Gateway sending update to database
12:25:54 Gateway/motion 1
Gateway sending update to database
12:25:54 Gateway/motion 1
Gateway sending update to database
12:25:54 Gateway/motion 1
Gateway sending update to database
12:25:54 Gateway/motion 1
Gateway sending update to database
12:25:54 Gateway/motion 1
Gateway sending update to database
12:25:54 Gateway/motion 1
Gateway sending update to database
12:25:54 Gateway/motion 1
Gateway sending update to database
12:25:54 Gateway/motion 1
Gateway sending update to database
12:25:54 Gateway/motion 1
Gateway sending update to database
12:25:54 Gateway/motion 1
Gateway sending update to database
12:25:54 Gateway/motion 1
Gateway sending update to database
12:25:54 Gateway/motion 1
Gateway sending update to database
12:25:54 Gateway/motion 1
Gateway sending update to database
12:25:54 Gateway/motion 1
Gateway sending update to database
12:25:54 Gateway/motion 1
Gateway sending update to database
12:25:54 Gateway/motion 1
Gateway sending update to database
12:25:54 Gateway/motion 1
Gateway sending update to database
12:25:54 Gateway/motion 1
Gateway sending update to database
12:25:54 Gateway/motion 1
Gateway sending update to database
12:25:54 Gateway/motion 1
Gateway sending update to database
12:25:54 Gateway/motion 1
Gateway sending update to database
12:25:54 Gateway/motion 1
Gateway sending update to database
12:25:54 Gateway/motion 1
Gateway sending update to database
12:25:54 Gateway/motion 1
Gateway sending update to database
12:25:54 Gateway/motion 1
Gateway sending update to database
12:25:54 Gateway/motion 1
Gateway sending update to database
12:25:54 Gateway/motion 1
Gateway sending update to database
12:25:54 Gateway/motion 1
Gateway sending update to database
12:25:54 Gateway/motion 1
Gateway sending update to database
12:25:54 Gateway/motion 1
Gateway sending update to database
12:25:54 Gateway/motion 1
Gateway sending update to database
12:25:54 Gateway/motion 1
Gateway sending update to database
12:25:54 Gateway/motion 1
Gateway sending update to database
12:25:54 Gateway/motion 1
Gateway sending update to database
12:25:54 Gateway/motion 1
Gateway sending update to database
12:25:54 Gateway/motion 1
Gateway sending update to database
12:25:54 Gateway/motion 1
Gateway sending update to database
12:25:54 Gateway/motion 1
Gateway sending update to database
12:25:54 Gateway/motion 1
Gateway sending update to database
12:25:54 Gateway/motion 1
Gateway sending update to database
12:25:54 Gateway/motion 1
Gateway sending update to database
12:25:54 Gateway/motion 1
Gateway sending update to database
12:25:54 Gateway/motion 1
Gateway sending update to database
12:25:54 Gateway/motion 1
Gateway sending update to database
12:25:54 Gateway/motion 1
Gateway sending update to database
12:25:54 Gateway/motion 1
Gateway sending update to database
12:25:54 Gateway/motion 1
Gateway sending update to database
12:25:54 Gateway/motion 1
Gateway sending update to database
12:25:54 Gateway/motion 1
Gateway sending update to database
12:25:54 Gateway/motion 1
Gateway sending update to database
12:25:54 Gateway/motion 1
Gateway sending update to database
12:25:54 Gateway/motion 1
Gateway sending update to database
12:25:54 Gateway/motion 1
Gateway sending update to database
12:25:54 Gateway/motion 1
Gateway sending update to database
12:25:54 Gateway/motion 1
Gateway sending update to database
12:25:54 Gateway/motion 1
Gateway sending update to database
12:25:54 Gateway/motion 1
Gateway sending update to database
12:25:54 Gateway/motion 1
Gateway sending update to database
12:25:54 Gateway/motion 1
Gateway sending update to database
12:25:54 Gateway/motion 1
Gateway sending update to database
12:25:54 Gateway/motion 1
Gateway sending update to database
12:25:54 Gateway/motion 1
Gateway sending update to database
12:25:54 Gateway/motion 1
Gateway sending update to database
12:25:54 Gateway/motion 1
Gateway sending update to database
12:25:54 Gateway/motion 1
Gateway sending update to database
12:25:54 Gateway/motion 1
Gateway sending update to database
12:25:54 Gateway/motion 1
Gateway sending update to database
12:25:54 Gateway/motion 1
Gateway sending update to database
12:25:54 Gateway/motion 1
Gateway sending update to database
12:25:54 Gateway/motion 1
Gateway sending update to database
12:25:54 Gateway/motion 1
Gateway sending update to database
12:25:54 Gateway/motion 1
Gateway sending update to database
12:25:54 Gateway/motion 1
Gateway sending update to database
12:25:54 Gateway/motion 1
Gateway sending update to database
12:25:54 Gateway/motion 1
Gateway sending update to database
12:25:54 Gateway/motion 1
Gateway sending update to database
12:25:54 Gateway/motion 1
Gateway sending update to database
12:25:54 Gateway/motion 1
Gateway sending update to database
12:25:54 Gateway/motion 1
Gateway sending update to database
12:25:54 Gateway/motion 1
Gateway sending update to database
12:25:54 Gateway/motion 1
Gateway sending update to database
12:25:55 Gateway/motion 1
Gateway sending update to database
12:25:55 Gateway/motion 1
Gateway sending update to database
12:25:55 Gateway/motion 1
Gateway sending update to database
12:25:55 Gateway/motion 1
Gateway sending update to database
12:25:55 Gateway/motion 1
Gateway sending update to database
12:25:55 Gateway/motion 1
Gateway sending update to database
12:25:55 Gateway/motion 1
Gateway sending update to database
12:25:55 Gateway/motion 1
Gateway sending update to database
12:25:55 Gateway/motion 1
Gateway sending update to database
12:25:55 Gateway/motion 1
Gateway sending update to database
12:25:55 Gateway/motion 1
Gateway sending update to database
12:25:55 Gateway/motion 1
Gateway sending update to database
12:25:55 Gateway/motion 1
Gateway sending update to database
12:25:55 Gateway/motion 1
Gateway sending update to database
12:25:55 Gateway/motion 1
Gateway sending update to database
12:25:55 Gateway/motion 1
Gateway sending update to database
12:25:55 Gateway/motion 1
Gateway sending update to database
12:25:55 Gateway/motion 1
Gateway sending update to database
12:25:55 Gateway/motion 1
Gateway sending update to database
12:25:55 Gateway/motion 1
Gateway sending update to database
12:25:55 Gateway/motion 1
Gateway sending update to database
12:25:55 Gateway/motion 1
Gateway sending update to database
12:25:55 Gateway/motion 1
Gateway sending update to database
12:25:55 Gateway/motion 1
Gateway sending update to database
12:25:55 Gateway/motion 1
Gateway sending update to database
12:25:55 Gateway/motion 1
Gateway sending update to database
12:25:55 Gateway/motion 1
Gateway sending update to database
12:25:55 Gateway/motion 1
Gateway sending update to database
12:25:55 Gateway/motion 1
Gateway sending update to database
12:25:55 Gateway/motion 1
Gateway sending update to database
12:25:55 Gateway/motion 1
Gateway sending update to database
12:25:55 Gateway/motion 1
Gateway sending update to database
12:25:55 Gateway/motion 1
Gateway sending update to database
12:25:55 Gateway/motion 1
Gateway sending update to database
12:25:55 Gateway/motion 1
Gateway sending update to database
12:25:55 Gateway/motion 1
Gateway sending update to database
12:25:55 Gateway/motion 1
Gateway sending update to database
12:25:55 Gateway/motion 1
Gateway sending update to database
12:25:55 Gateway/motion 1
Gateway sending update to database
12:25:55 Gateway/motion 1
Gateway sending update to database
12:25:55 Gateway/motion 1
Gateway sending update to database
12:25:55 Gateway/motion 1
Gateway sending update to database
12:25:55 Gateway/motion 1
Gateway sending update to database
12:25:55 Gateway/motion 1
Gateway sending update to database
12:25:55 Gateway/motion 1
Gateway sending update to database
12:25:55 Gateway/motion 1
Gateway sending update to database
12:25:55 Gateway/motion 1
Gateway sending update to database
12:25:55 Gateway/motion 1
Gateway sending update to database
12:25:55 Gateway/motion 1
Gateway sending update to database
12:25:55 Gateway/motion 1
Gateway sending update to database
12:25:55 Gateway/motion 1
Gateway sending update to database
12:25:55 Gateway/motion 1
Gateway sending update to database
12:25:55 Gateway/motion 1
Gateway sending update to database
12:25:55 Gateway/motion 1
Gateway sending update to database
12:25:55 Gateway/motion 1
Gateway sending update to database
12:25:55 Gateway/motion 1
Gateway sending update to database
12:25:55 Gateway/motion 1
Gateway sending update to database
12:25:55 Gateway/motion 1
Gateway sending update to database
12:25:55 Gateway/motion 1
Gateway sending update to database
12:25:55 Gateway/motion 1
Gateway sending update to database
12:25:55 Gateway/motion 1
Gateway sending update to database
12:25:55 Gateway/motion 1
Gateway sending update to database
12:25:55 Gateway/motion 1
Gateway sending update to database
12:25:55 Gateway/motion 1
Gateway sending update to database
12:25:55 Gateway/motion 1
Gateway sending update to database
12:25:55 Gateway/motion 1
Gateway sending update to database
12:25:55 Gateway/motion 1
Gateway sending update to database
12:25:55 Gateway/motion 1
Gateway sending update to database
12:25:55 Gateway/motion 1
Gateway sending update to database
12:25:55 Gateway/motion 1
Gateway sending update to database
12:25:55 Gateway/motion 1
Gateway sending update to database
12:25:55 Gateway/motion 1
Gateway sending update to database
12:25:55 Gateway/motion 1
Gateway sending update to database
12:25:55 Gateway/motion 1
Gateway sending update to database
12:25:55 Gateway/motion 1
Gateway sending update to database
12:25:55 Gateway/motion 1
Gateway sending update to database
12:25:55 Gateway/motion 1
Gateway sending update to database
12:25:55 Gateway/motion 1
Gateway sending update to database
12:25:55 Gateway/motion 1
Gateway sending update to database
12:25:55 Gateway/motion 1
Gateway sending update to database
12:25:55 Gateway/motion 1
Gateway sending update to database
12:25:55 Gateway/motion 1
Gateway sending update to database
12:25:55 Gateway/motion 1
Gateway sending update to database
12:25:55 Gateway/motion 1
Gateway sending update to database
12:25:55 Gateway/motion 1
Gateway sending update to database
12:25:55 Gateway/motion 1
Gateway sending update to database
12:25:55 Gateway/motion 1
Gateway sending update to database
12:25:55 Gateway/motion 1
Gateway sending update to database
12:25:55 Gateway/motion 1
Gateway sending update to database
12:25:55 Gateway/motion 1
Gateway sending update to database
12:25:55 Gateway/motion 1
Gateway sending update to database
12:25:55 Gateway/motion 1
Gateway sending update to database
12:25:55 Gateway/motion 1
Gateway sending update to database
12:25:55 Gateway/motion 1
Gateway sending update to database
12:25:55 Gateway/motion 1
Gateway sending update to database
12:25:55 Gateway/motion 1
Gateway sending update to database
12:25:55 Gateway/motion 1
Gateway sending update to database
12:25:55 Gateway/motion 1
Gateway sending update to database
12:25:55 Gateway/motion 1
Gateway sending update to database
12:25:55 Gateway/motion 1
Gateway sending update to database
12:25:55 Gateway/motion 1
Gateway sending update to database
12:25:55 Gateway/motion 1
Gateway sending update to database
12:25:55 Gateway/motion 1
Gateway sending update to database
12:25:55 Gateway/motion 1
Gateway sending update to database
12:25:55 Gateway/motion 1
Gateway sending update to database
12:25:55 Gateway/motion 1
Gateway sending update to database
12:25:55 Gateway/motion 1
Gateway sending update to database
12:25:55 Gateway/motion 1
Gateway sending update to database
12:25:55 Gateway/motion 1
Gateway sending update to database
12:25:55 Gateway/motion 1
Gateway sending update to database
12:25:55 Gateway/motion 1
Gateway sending update to database
12:25:55 Gateway/motion 1
Gateway sending update to database
12:25:55 Gateway/motion 1
Gateway sending update to database
12:25:55 Gateway/motion 1
Gateway sending update to database
12:25:55 Gateway/motion 1
Gateway sending update to database
12:25:55 Gateway/motion 1
Gateway sending update to database
12:25:55 Gateway/motion 1
Gateway sending update to database
12:25:55 Gateway/motion 1
Gateway sending update to database
12:25:55 Gateway/motion 1
Gateway sending update to database
12:25:55 Gateway/motion 1
Gateway sending update to database
12:25:55 Gateway/motion 1
Gateway sending update to database
12:25:55 Gateway/motion 1
Gateway sending update to database
12:25:55 Gateway/motion 1
Gateway sending update to database
12:25:55 Gateway/motion 1
Gateway sending update to database
12:25:55 Gateway/motion 1
Gateway sending update to database
12:25:55 Gateway/motion 1
Gateway sending update to database
12:25:55 Gateway/motion 1
Gateway sending update to database
12:25:55 Gateway/motion 1
Gateway sending update to database
12:25:55 Gateway/motion 1
Gateway sending update to database
12:25:55 Gateway/motion 1
Gateway sending update to database
12:25:55 Gateway/motion 1
Gateway sending update to database
12:25:55 Gateway/motion 1
Gateway sending update to database
12:25:55 Gateway/motion 1
Gateway sending update to database
12:25:55 Gateway/motion 1
Gateway sending update to database
12:25:55 Gateway/motion 1
Gateway sending update to database
12:25:55 Gateway/motion 1
Gateway sending update to database
12:25:55 Gateway/motion 1
Gateway sending update to database
12:25:55 Gateway/motion 1
Gateway sending update to database
12:25:55 Gateway/motion 1
Gateway sending update to database
12:25:55 Gateway/motion 1
Gateway sending update to database
12:25:55 Gateway/motion 1
Gateway sending update to database
12:25:55 Gateway/motion 1
Gateway sending update to database
12:25:55 Gateway/motion 1
Gateway sending update to database
12:25:55 Gateway/motion 1
Gateway sending update to database
12:25:55 Gateway/motion 1
Gateway sending update to database
12:25:55 Gateway/motion 1
Gateway sending update to database
12:25:55 Gateway/motion 1
Gateway sending update to database
12:25:55 Gateway/motion 1
Gateway sending update to database
12:25:55 Gateway/motion 1
Gateway sending update to database
12:25:55 Gateway/motion 1
Gateway sending update to database
12:25:55 Gateway/motion 1
Gateway sending update to database
12:25:55 Gateway/motion 1
Gateway sending update to database
12:25:55 Gateway/motion 1
Gateway sending update to database
12:25:55 Gateway/motion 1
Gateway sending update to database
12:25:55 Gateway/motion 1
Gateway sending update to database
12:25:55 Gateway/motion 1
Gateway sending update to database
12:25:55 Gateway/motion 1
Gateway sending update to database
12:25:55 Gateway/motion 1
Gateway sending update to database
12:25:55 Gateway/motion 1
Gateway sending update to database
12:25:55 Gateway/motion 1
Gateway sending update to database
12:25:55 Gateway/motion 1
Gateway sending update to database
12:25:55 Gateway/motion 1
Gateway sending update to database
12:25:55 Gateway/motion 1
Gateway sending update to database
12:25:55 Gateway/motion 1
Gateway sending update to database
12:25:55 Gateway/motion 1
Gateway sending update to database
12:25:55 Gateway/motion 1
Gateway sending update to database
12:25:55 Gateway/motion 1
Gateway sending update to database
12:25:55 Gateway/motion 1
Gateway sending update to database
12:25:55 Gateway/motion 1
Gateway sending update to database
12:25:55 Gateway/motion 1
Gateway sending update to database
12:25:55 Gateway/motion 1
Gateway sending update to database
12:25:55 Gateway/motion 1
Gateway sending update to database
12:25:55 Gateway/motion 1
Gateway sending update to database
12:25:55 Gateway/motion 1
Gateway sending update to database
12:25:55 Gateway/motion 1
Gateway sending update to database
12:25:55 Gateway/motion 1
Gateway sending update to database
12:25:55 Gateway/motion 1
Gateway sending update to database
12:25:55 Gateway/motion 1
Gateway sending update to database
12:25:55 Gateway/motion 1
Gateway sending update to database
12:25:55 Gateway/motion 1
Gateway sending update to database
12:25:55 Gateway/motion 1
Gateway sending update to database
12:25:55 Gateway/motion 1
Gateway sending update to database
12:25:55 Gateway/motion 1
Gateway sending update to database
12:25:55 Gateway/motion 1
Gateway sending update to database
12:25:55 Gateway/motion 1
Gateway sending update to database
12:25:55 Gateway/motion 1
Gateway sending update to database
12:25:55 Gateway/motion 1
Gateway sending update to database
12:25:55 Gateway/motion 1
Gateway sending update to database
12:25:55 Gateway/motion 1
Gateway sending update to database
12:25:55 Gateway/motion 1
Gateway sending update to database
12:25:55 Gateway/motion 1
Gateway sending update to database
12:25:55 Gateway/motion 1
Gateway sending update to database
12:25:55 Gateway/motion 1
Gateway sending update to database
12:25:55 Gateway/motion 1
Gateway sending update to database
12:25:55 Gateway/motion 1
Gateway sending update to database
12:25:55 Gateway/motion 1
Gateway sending update to database
12:25:55 Gateway/motion 1
Gateway sending update to database
12:25:55 Gateway/motion 1
Gateway sending update to database
12:25:55 Gateway/motion 1
Gateway sending update to database
12:25:55 Gateway/motion 1
Gateway sending update to database
12:25:55 Gateway/motion 1
Gateway sending update to database
12:25:55 Gateway/motion 1
Gateway sending update to database
12:25:55 Gateway/motion 1
Gateway sending update to database
12:25:55 Gateway/motion 1
Gateway sending update to database
12:25:55 Gateway/motion 1
Gateway sending update to database
12:25:55 Gateway/motion 1
Gateway sending update to database
12:25:55 Gateway/motion 1
Gateway sending update to database
12:25:55 Gateway/motion 1
Gateway sending update to database
12:25:55 Gateway/motion 1
Gateway sending update to database
12:25:55 Gateway/motion 1
Gateway sending update to database
12:25:55 Gateway/motion 1
Gateway sending update to database
12:25:55 Gateway/motion 1
Gateway sending update to database
12:25:55 Gateway/motion 1
Gateway sending update to database
12:25:55 Gateway/motion 1
Gateway sending update to database
12:25:55 Gateway/motion 1
Gateway sending update to database
12:25:55 Gateway/motion 1
Gateway sending update to database
12:25:55 Gateway/motion 1
Gateway sending update to database
12:25:55 Gateway/motion 1
Gateway sending update to database
12:25:55 Gateway/motion 1
Gateway sending update to database
12:25:55 Gateway/motion 1
Gateway sending update to database
12:25:55 Gateway/motion 1
Gateway sending update to database
12:25:56 Gateway/motion 1
Gateway sending update to database
12:25:56 Gateway/motion 1
Gateway sending update to database
12:25:56 Gateway/motion 1
Gateway sending update to database
12:25:56 Gateway/motion 1
Gateway sending update to database
12:25:56 Gateway/motion 1
Gateway sending update to database
12:25:56 Gateway/motion 1
Gateway sending update to database
12:25:56 Gateway/motion 1
Gateway sending update to database
12:25:56 Gateway/motion 1
Gateway sending update to database
12:25:56 Gateway/motion 1
Gateway sending update to database
12:25:56 Gateway/motion 1
Gateway sending update to database
12:25:56 Gateway/motion 1
Gateway sending update to database
12:25:56 Gateway/motion 1
Gateway sending update to database
12:25:56 Gateway/motion 1
Gateway sending update to database
12:25:56 Gateway/motion 1
Gateway sending update to database
12:25:56 Gateway/motion 1
Gateway sending update to database
12:25:56 Gateway/motion 1
Gateway sending update to database
12:25:56 Gateway/motion 1
Gateway sending update to database
12:25:56 Gateway/motion 1
Gateway sending update to database
12:25:56 Gateway/motion 1
Gateway sending update to database
12:25:56 Gateway/motion 1
Gateway sending update to database
12:25:56 Gateway/motion 1
Gateway sending update to database
12:25:56 Gateway/motion 1
Gateway sending update to database
12:25:56 Gateway/motion 1
Gateway sending update to database
12:25:56 Gateway/motion 1
Gateway sending update to database
12:25:56 Gateway/motion 1
Gateway sending update to database
12:25:56 Gateway/motion 1
Gateway sending update to database
12:25:56 Gateway/motion 1
Gateway sending update to database
12:25:56 Gateway/motion 1
Gateway sending update to database
12:25:56 Gateway/motion 1
Gateway sending update to database
12:25:56 Gateway/motion 1
Gateway sending update to database
12:25:56 Gateway/motion 1
Gateway sending update to database
12:25:56 Gateway/motion 1
Gateway sending update to database
12:25:56 Gateway/motion 1
Gateway sending update to database
12:25:56 Gateway/motion 1
Gateway sending update to database
12:25:56 Gateway/motion 1
Gateway sending update to database
12:25:56 Gateway/motion 1
Gateway sending update to database
12:25:56 Gateway/motion 1
Gateway sending update to database
12:25:56 Gateway/motion 1
Gateway sending update to database
12:25:56 Gateway/motion 1
Gateway sending update to database
12:25:56 Gateway/motion 1
Gateway sending update to database
12:25:56 Gateway/motion 1
Gateway sending update to database
12:25:56 Gateway/motion 1
Gateway sending update to database
12:25:56 Gateway/motion 1
Gateway sending update to database
12:25:56 Gateway/motion 1
Gateway sending update to database
12:25:56 Gateway/motion 1
Gateway sending update to database
12:25:56 Gateway/motion 1
Gateway sending update to database
12:25:56 Gateway/motion 1
Gateway sending update to database
12:25:56 Gateway/motion 1
Gateway sending update to database
12:25:56 Gateway/motion 1
Gateway sending update to database
12:25:56 Gateway/motion 1
Gateway sending update to database
12:25:56 Gateway/motion 1
Gateway sending update to database
12:25:56 Gateway/motion 1
Gateway sending update to database
12:25:56 Gateway/motion 1
Gateway sending update to database
12:25:56 Gateway/motion 1
Gateway sending update to database
12:25:56 Gateway/motion 1
Gateway sending update to database
12:25:56 Gateway/motion 1
Gateway sending update to database
12:25:56 Gateway/motion 1
Gateway sending update to database
12:25:56 Gateway/motion 1
Gateway sending update to database
12:25:56 Gateway/motion 1
Gateway sending update to database
12:25:56 Gateway/motion 1
Gateway sending update to database
12:25:56 Gateway/motion 1
Gateway sending update to database
12:25:56 Gateway/motion 1
Gateway sending update to database
12:25:56 Gateway/motion 1
Gateway sending update to database
12:25:56 Gateway/motion 1
Gateway sending update to database
12:25:56 Gateway/motion 1
Gateway sending update to database
12:25:56 Gateway/motion 1
Gateway sending update to database
12:25:56 Gateway/motion 1
Gateway sending update to database
12:25:56 Gateway/motion 1
Gateway sending update to database
12:25:56 Gateway/motion 1
Gateway sending update to database
12:25:56 Gateway/motion 1
Gateway sending update to database
12:25:56 Gateway/motion 1
Gateway sending update to database
12:25:56 Gateway/motion 1
Gateway sending update to database
12:25:56 Gateway/motion 1
Gateway sending update to database
12:25:56 Gateway/motion 1
Gateway sending update to database
12:25:56 Gateway/motion 1
Gateway sending update to database
12:25:56 Gateway/motion 1
Gateway sending update to database
12:25:56 Gateway/motion 1
Gateway sending update to database
12:25:56 Gateway/motion 1
Gateway sending update to database
12:25:56 Gateway/motion 1
Gateway sending update to database
12:25:56 Gateway/motion 1
Gateway sending update to database
12:25:56 Gateway/motion 1
Gateway sending update to database
12:25:56 Gateway/motion 1
Gateway sending update to database
12:25:56 Gateway/motion 1
Gateway sending update to database
12:25:56 Gateway/motion 1
Gateway sending update to database
12:25:56 Gateway/motion 1
Gateway sending update to database
12:25:56 Gateway/motion 1
Gateway sending update to database
12:25:56 Gateway/motion 1
Gateway sending update to database
12:25:56 Gateway/motion 1
Gateway sending update to database
12:25:56 Gateway/motion 1
Gateway sending update to database
12:25:56 Gateway/motion 1
Gateway sending update to database
12:25:56 Gateway/motion 1
Gateway sending update to database
12:25:56 Gateway/motion 1
Gateway sending update to database
12:25:56 Gateway/motion 1
Gateway sending update to database
12:25:56 Gateway/motion 1
Gateway sending update to database
12:25:56 Gateway/motion 1
Gateway sending update to database
12:25:56 Gateway/motion 1
Gateway sending update to database
12:25:56 Gateway/motion 1
Gateway sending update to database
12:25:56 Gateway/motion 1
Gateway sending update to database
12:25:56 Gateway/motion 1
Gateway sending update to database
12:25:56 Gateway/motion 1
Gateway sending update to database
12:25:56 Gateway/motion 1
Gateway sending update to database
12:25:56 Gateway/motion 1
Gateway sending update to database
12:25:56 Gateway/motion 1
Gateway sending update to database
12:25:56 Gateway/motion 1
Gateway sending update to database
12:25:56 Gateway/motion 1
Gateway sending update to database
12:25:56 Gateway/motion 1
Gateway sending update to database
12:25:56 Gateway/motion 1
Gateway sending update to database
12:25:56 Gateway/motion 1
Gateway sending update to database
12:25:56 Gateway/motion 1
Gateway sending update to database
12:25:56 Gateway/motion 1
Gateway sending update to database
12:25:56 Gateway/motion 1
Gateway sending update to database
12:25:56 Gateway/motion 1
Gateway sending update to database
12:25:56 Gateway/motion 1
Gateway sending update to database
12:25:56 Gateway/motion 1
Gateway sending update to database
12:25:56 Gateway/motion 1
Gateway sending update to database
12:25:56 Gateway/motion 1
Gateway sending update to database
12:25:56 Gateway/motion 1
Gateway sending update to database
12:25:56 Gateway/motion 1
Gateway sending update to database
12:25:56 Gateway/motion 1
Gateway sending update to database
12:25:56 Gateway/motion 1
Gateway sending update to database
12:25:56 Gateway/motion 1
Gateway sending update to database
12:25:56 Gateway/motion 1
Gateway sending update to database
12:25:56 Gateway/motion 1
Gateway sending update to database
12:25:56 Gateway/motion 1
Gateway sending update to database
12:25:56 Gateway/motion 1
Gateway sending update to database
12:25:56 Gateway/motion 1
Gateway sending update to database
12:25:56 Gateway/motion 1
Gateway sending update to database
12:25:56 Gateway/motion 1
Gateway sending update to database
12:25:56 Gateway/motion 1
Gateway sending update to database
12:25:56 Gateway/motion 1
Gateway sending update to database
12:25:56 Gateway/motion 1
Gateway sending update to database
12:25:56 Gateway/motion 1
Gateway sending update to database
12:25:56 Gateway/motion 1
Gateway sending update to database
12:25:56 Gateway/motion 1
Gateway sending update to database
12:25:56 Gateway/motion 1
Gateway sending update to database
12:25:56 Gateway/motion 1
Gateway sending update to database
12:25:56 Gateway/motion 1
Gateway sending update to database
12:25:56 Gateway/motion 1
Gateway sending update to database
12:25:56 Gateway/motion 1
Gateway sending update to database
12:25:56 Gateway/motion 1
Gateway sending update to database
12:25:56 Gateway/motion 1
Gateway sending update to database
12:25:56 Gateway/motion 1
Gateway sending update to database
12:25:56 Gateway/motion 1
Gateway sending update to database
12:25:56 Gateway/motion 1
Gateway sending update to database
12:25:56 Gateway/motion 1
Gateway sending update to database
12:25:56 Gateway/motion 1
Gateway sending update to database
12:25:56 Gateway/motion 1
Gateway sending update to database
12:25:56 Gateway/motion 1
Gateway sending update to database
12:25:56 Gateway/motion 1
Gateway sending update to database
12:25:56 Gateway/motion 1
Gateway sending update to database
12:25:56 Gateway/motion 1
Gateway sending update to database
12:25:56 Gateway/motion 1
Gateway sending update to database
12:25:56 Gateway/motion 1
Gateway sending update to database
12:25:56 Gateway/motion 1
Gateway sending update to database
12:25:56 Gateway/motion 1
Gateway sending update to database
12:25:56 Gateway/motion 1
Gateway sending update to database
12:25:56 Gateway/motion 1
Gateway sending update to database
12:25:56 Gateway/motion 1
Gateway sending update to database
12:25:56 Gateway/motion 1
Gateway sending update to database
12:25:56 Gateway/motion 1
Gateway sending update to database
12:25:56 Gateway/motion 1
Gateway sending update to database
12:25:56 Gateway/motion 1
Gateway sending update to database
12:25:56 Gateway/motion 1
Gateway sending update to database
12:25:56 Gateway/motion 1
Gateway sending update to database
12:25:56 Gateway/motion 1
Gateway sending update to database
12:25:56 Gateway/motion 1
Gateway sending update to database
12:25:56 Gateway/motion 1
Gateway sending update to database
12:25:56 Gateway/motion 1
Gateway sending update to database
12:25:56 Gateway/motion 1
Gateway sending update to database
12:25:56 Gateway/motion 1
Gateway sending update to database
12:25:56 Gateway/motion 1
Gateway sending update to database
12:25:56 Gateway/motion 1
Gateway sending update to database
12:25:56 Gateway/motion 1
Gateway sending update to database
12:25:56 Gateway/motion 1
Gateway sending update to database
12:25:56 Gateway/motion 1
Gateway sending update to database
12:25:56 Gateway/motion 1
Gateway sending update to database
12:25:56 Gateway/motion 1
Gateway sending update to database
12:25:56 Gateway/motion 1
Gateway sending update to database
12:25:56 Gateway/motion 1
Gateway sending update to database
12:25:56 Gateway/motion 1
Gateway sending update to database
12:25:56 Gateway/motion 1
Gateway sending update to database
12:25:56 Gateway/motion 1
Gateway sending update to database
12:25:56 Gateway/motion 1
Gateway sending update to database
12:25:56 Gateway/motion 1
Gateway sending update to database
12:25:56 Gateway/motion 1
Gateway sending update to database
12:25:56 Gateway/motion 1
Gateway sending update to database
12:25:56 Gateway/motion 1
Gateway sending update to database
12:25:56 Gateway/motion 1
Gateway sending update to database
12:25:56 Gateway/motion 1
Gateway sending update to database
12:25:56 Gateway/motion 1
Gateway sending update to database
12:25:56 Gateway/motion 1
Gateway sending update to database
12:25:56 Gateway/motion 1
Gateway sending update to database
12:25:56 Gateway/motion 1
Gateway sending update to database
12:25:56 Gateway/motion 1
Gateway sending update to database
12:25:56 Gateway/motion 1
Gateway sending update to database
12:25:56 Gateway/motion 1
Gateway sending update to database
12:25:56 Gateway/motion 1
Gateway sending update to database
12:25:56 Gateway/motion 1
Gateway sending update to database
12:25:56 Gateway/motion 1
Gateway sending update to database
12:25:56 Gateway/motion 1
Gateway sending update to database
12:25:56 Gateway/motion 1
Gateway sending update to database
12:25:56 Gateway/motion 1
Gateway sending update to database
12:25:56 Gateway/motion 1
Gateway sending update to database
12:25:56 Gateway/motion 1
Gateway sending update to database
12:25:56 Gateway/motion 1
Gateway sending update to database
12:25:56 Gateway/motion 1
Gateway sending update to database
12:25:56 Gateway/motion 1
Gateway sending update to database
12:25:56 Gateway/motion 1
Gateway sending update to database
12:25:56 Gateway/motion 1
Gateway sending update to database
12:25:56 Gateway/motion 1
Gateway sending update to database
12:25:56 Gateway/motion 1
Gateway sending update to database
12:25:56 Gateway/motion 1
Gateway sending update to database
12:25:56 Gateway/motion 1
Gateway sending update to database
12:25:56 Gateway/motion 1
Gateway sending update to database
12:25:56 Gateway/motion 1
Gateway sending update to database
12:25:56 Gateway/motion 1
Gateway sending update to database
12:25:56 Gateway/motion 1
Gateway sending update to database
12:25:56 Gateway/motion 1
Gateway sending update to database
12:25:56 Gateway/motion 1
Gateway sending update to database
12:25:56 Gateway/motion 1
Gateway sending update to database
12:25:56 Gateway/motion 1
Gateway sending update to database
12:25:56 Gateway/motion 1
Gateway sending update to database
12:25:56 Gateway/motion 1
Gateway sending update to database
12:25:56 Gateway/motion 1
Gateway sending update to database
12:25:56 Gateway/motion 1
Gateway sending update to database
12:25:56 Gateway/motion 1
Gateway sending update to database
12:25:56 Gateway/motion 1
Gateway sending update to database
12:25:56 Gateway/motion 1
Gateway sending update to database
12:25:56 Gateway/motion 1
Gateway sending update to database
12:25:56 Gateway/motion 1
Gateway sending update to database
12:25:56 Gateway/motion 1
Gateway sending update to database
12:25:56 Gateway/motion 1
Gateway sending update to database
12:25:56 Gateway/motion 1
Gateway sending update to database
12:25:56 Gateway/motion 1
Gateway sending update to database
12:25:56 Gateway/motion 1
Gateway sending update to database
12:25:56 Gateway/motion 1
Gateway sending update to database
12:25:56 Gateway/motion 1
Gateway sending update to database
12:25:56 Gateway/motion 1
Gateway sending update to database
12:25:56 Gateway/motion 1
Gateway sending update to database
12:25:56 Gateway/motion 1
Gateway sending update to database
12:25:56 Gateway/motion 1
Gateway sending update to database
12:25:56 Gateway/motion 1
Gateway sending update to database
12:25:56 Gateway/motion 1
Gateway sending update to database
12:25:56 Gateway/motion 1
Gateway sending update to database
12:25:56 Gateway/motion 1
Gateway sending update to database
12:25:56 Gateway/motion 1
Gateway sending update to database
12:25:56 Gateway/motion 1
Gateway sending update to database
12:25:56 Gateway/motion 1
Gateway sending update to database
12:25:57 Gateway/motion 1
Gateway sending update to database
12:25:57 Gateway/motion 1
Gateway sending update to database
12:25:57 Gateway/motion 1
Gateway sending update to database
12:25:57 Gateway/motion 1
Gateway sending update to database
12:25:57 Gateway/motion 1
Gateway sending update to database
12:25:57 Gateway/motion 1
Gateway sending update to database
12:25:57 Gateway/motion 1
Gateway sending update to database
12:25:57 Gateway/motion 1
Gateway sending update to database
12:25:57 Gateway/motion 1
Gateway sending update to database
12:25:57 Gateway/motion 1
Gateway sending update to database
12:25:57 Gateway/motion 1
Gateway sending update to database
12:25:57 Gateway/motion 1
Gateway sending update to database
12:25:57 Gateway/motion 1
Gateway sending update to database
12:25:57 Gateway/motion 1
Gateway sending update to database
12:25:57 Gateway/motion 1
Gateway sending update to database
12:25:57 Gateway/motion 1
Gateway sending update to database
12:25:57 Gateway/motion 1
Gateway sending update to database
12:25:57 Gateway/motion 1
Gateway sending update to database
12:25:57 Gateway/motion 1
Gateway sending update to database
12:25:57 Gateway/motion 1
Gateway sending update to database
12:25:57 Gateway/motion 1
Gateway sending update to database
12:25:57 Gateway/motion 1
Gateway sending update to database
12:25:57 Gateway/motion 1
Gateway sending update to database
12:25:57 Gateway/motion 1
Gateway sending update to database
12:25:57 Gateway/motion 1
Gateway sending update to database
12:25:57 Gateway/motion 1
Gateway sending update to database
12:25:57 Gateway/motion 1
Gateway sending update to database
12:25:57 Gateway/motion 1
Gateway sending update to database
12:25:57 Gateway/motion 1
Gateway sending update to database
12:25:57 Gateway/motion 1
Gateway sending update to database
12:25:57 Gateway/motion 1
Gateway sending update to database
12:25:57 Gateway/motion 1
Gateway sending update to database
12:25:57 Gateway/motion 1
Gateway sending update to database
12:25:57 Gateway/motion 1
Gateway sending update to database
12:25:57 Gateway/motion 1
Gateway sending update to database
12:25:57 Gateway/motion 1
Gateway sending update to database
12:25:57 Gateway/motion 1
Gateway sending update to database
12:25:57 Gateway/motion 1
Gateway sending update to database
12:25:57 Gateway/motion 1
Gateway sending update to database
12:25:57 Gateway/motion 1
Gateway sending update to database
12:25:57 Gateway/motion 1
Gateway sending update to database
12:25:57 Gateway/motion 1
Gateway sending update to database
12:25:57 Gateway/motion 1
Gateway sending update to database
12:25:57 Gateway/motion 1
Gateway sending update to database
12:25:57 Gateway/motion 1
Gateway sending update to database
12:25:57 Gateway/motion 1
Gateway sending update to database
12:25:57 Gateway/motion 1
Gateway sending update to database
12:25:57 Gateway/motion 1
Gateway sending update to database
12:25:57 Gateway/motion 1
Gateway sending update to database
12:25:57 Gateway/motion 1
Gateway sending update to database
12:25:57 Gateway/motion 1
Gateway sending update to database
12:25:57 Gateway/motion 1
Gateway sending update to database
12:25:57 Gateway/motion 1
Gateway sending update to database
12:25:57 Gateway/motion 1
Gateway sending update to database
12:25:57 Gateway/motion 1
Gateway sending update to database
12:25:57 Gateway/motion 1
Gateway sending update to database
12:25:57 Gateway/motion 1
Gateway sending update to database
12:25:57 Gateway/motion 1
Gateway sending update to database
12:25:57 Gateway/motion 1
Gateway sending update to database
12:25:57 Gateway/motion 1
Gateway sending update to database
12:25:57 Gateway/motion 1
Gateway sending update to database
12:25:57 Gateway/motion 1
Gateway sending update to database
12:25:57 Gateway/motion 1
Gateway sending update to database
12:25:57 Gateway/motion 1
Gateway sending update to database
12:25:57 Gateway/motion 1
Gateway sending update to database
12:25:57 Gateway/motion 1
Gateway sending update to database
12:25:57 Gateway/motion 1
Gateway sending update to database
12:25:57 Gateway/motion 1
Gateway sending update to database
12:25:57 Gateway/motion 1
Gateway sending update to database
12:25:57 Gateway/motion 1
Gateway sending update to database
12:25:57 Gateway/motion 1
Gateway sending update to database
12:25:57 Gateway/motion 1
Gateway sending update to database
12:25:57 Gateway/motion 1
Gateway sending update to database
12:25:57 Gateway/motion 1
Gateway sending update to database
12:25:57 Gateway/motion 1
Gateway sending update to database
12:25:57 Gateway/motion 1
Gateway sending update to database
12:25:57 Gateway/motion 1
Gateway sending update to database
12:25:57 Gateway/motion 1
Gateway sending update to database
12:25:57 Gateway/motion 1
Gateway sending update to database
12:25:57 Gateway/motion 1
Gateway sending update to database
12:25:57 Gateway/motion 1
Gateway sending update to database
12:25:57 Gateway/motion 1
Gateway sending update to database
12:25:57 Gateway/motion 1
Gateway sending update to database
12:25:57 Gateway/motion 1
Gateway sending update to database
12:25:57 Gateway/motion 1
Gateway sending update to database
12:25:57 Gateway/motion 1
Gateway sending update to database
12:25:57 Gateway/motion 1
Gateway sending update to database
12:25:57 Gateway/motion 1
Gateway sending update to database
12:25:57 Gateway/motion 1
Gateway sending update to database
12:25:57 Gateway/motion 1
Gateway sending update to database
12:25:57 Gateway/motion 1
Gateway sending update to database
12:25:57 Gateway/motion 1
Gateway sending update to database
12:25:57 Gateway/motion 1
Gateway sending update to database
12:25:57 Gateway/motion 1
Gateway sending update to database
12:25:57 Gateway/motion 1
Gateway sending update to database
12:25:57 Gateway/motion 1
Gateway sending update to database
12:25:57 Gateway/motion 1
Gateway sending update to database
12:25:57 Gateway/motion 1
Gateway sending update to database
12:25:57 Gateway/motion 1
Gateway sending update to database
12:25:57 Gateway/motion 1
Gateway sending update to database
12:25:57 Gateway/motion 1
Gateway sending update to database
12:25:57 Gateway/motion 1
Gateway sending update to database
12:25:57 Gateway/motion 1
Gateway sending update to database
12:25:57 Gateway/motion 1
Gateway sending update to database
12:25:57 Gateway/motion 1
Gateway sending update to database
12:25:57 Gateway/motion 1
Gateway sending update to database
12:25:57 Gateway/motion 1
Gateway sending update to database
12:25:57 Gateway/motion 1
Gateway sending update to database
12:25:57 Gateway/motion 1
Gateway sending update to database
12:25:57 Gateway/motion 1
Gateway sending update to database
12:25:57 Gateway/motion 1
Gateway sending update to database
12:25:57 Gateway/motion 1
Gateway sending update to database
12:25:57 Gateway/motion 1
Gateway sending update to database
12:25:57 Gateway/motion 1
Gateway sending update to database
12:25:57 Temperature Sensor Gateway 0.0
Gateway sending update to database
Gateway sending update to database
12:25:57 Gateway/motion 1
Gateway sending update to database
12:25:57 Gateway/motion 1
Gateway sending update to database
12:25:57 Gateway/motion 1
Gateway sending update to database
12:25:57 Gateway/motion 1
Gateway sending update to database
12:25:57 Gateway/motion 1
Gateway sending update to database
12:25:57 Gateway/motion 1
Gateway sending update to database
12:25:57 Gateway/motion 1
Gateway sending update to database
12:25:57 Gateway/motion 1
Gateway sending update to database
12:25:57 Gateway/motion 1
Gateway sending update to database
12:25:57 Gateway/motion 1
Gateway sending update to database
12:25:57 Gateway/motion 1
Gateway sending update to database
12:25:57 Gateway/motion 1
Gateway sending update to database
12:25:57 Gateway/motion 1
Gateway sending update to database
12:25:57 Gateway/motion 1
Gateway sending update to database
12:25:57 Gateway/motion 1
Gateway sending update to database
12:25:57 Gateway/motion 1
Gateway sending update to database
12:25:57 Gateway/motion 1
Gateway sending update to database
12:25:57 Gateway/motion 1
Gateway sending update to database
12:25:57 Gateway/motion 1
Gateway sending update to database
12:25:57 Gateway/motion 1
Gateway sending update to database
12:25:57 Gateway/motion 1
Gateway sending update to database
12:25:57 Gateway/motion 1
Gateway sending update to database
12:25:57 Gateway/motion 1
Gateway sending update to database
12:25:57 Gateway/motion 1
Gateway sending update to database
12:25:57 Gateway/motion 1
Gateway sending update to database
12:25:57 Gateway/motion 1
Gateway sending update to database
12:25:57 Gateway/motion 1
Gateway sending update to database
12:25:57 Gateway/motion 1
Gateway sending update to database
12:25:57 Gateway/motion 1
Gateway sending update to database
12:25:57 Gateway/motion 1
Gateway sending update to database
12:25:57 Gateway/motion 1
Gateway sending update to database
12:25:57 Gateway/motion 1
Gateway sending update to database
12:25:57 Gateway/motion 1
Gateway sending update to database
12:25:57 Gateway/motion 1
Gateway sending update to database
12:25:57 Gateway/motion 1
Gateway sending update to database
12:25:57 Gateway/motion 1
Gateway sending update to database
12:25:57 Gateway/motion 1
Gateway sending update to database
12:25:57 Gateway/motion 1
Gateway sending update to database
12:25:57 Gateway/motion 1
Gateway sending update to database
12:25:57 Gateway/motion 1
Gateway sending update to database
12:25:57 Gateway/motion 1
Gateway sending update to database
12:25:57 Gateway/motion 1
Gateway sending update to database
12:25:57 Gateway/motion 1
Gateway sending update to database
12:25:57 Gateway/motion 1
Gateway sending update to database
12:25:57 Gateway/motion 1
Gateway sending update to database
12:25:57 Gateway/motion 1
Gateway sending update to database
12:25:57 Gateway/motion 1
Gateway sending update to database
12:25:57 Gateway/motion 1
Gateway sending update to database
12:25:57 Gateway/motion 1
Gateway sending update to database
12:25:57 Gateway/motion 1
Gateway sending update to database
12:25:57 Gateway/motion 1
Gateway sending update to database
12:25:57 Gateway/motion 1
Gateway sending update to database
12:25:57 Gateway/motion 1
Gateway sending update to database
12:25:57 Gateway/motion 1
Gateway sending update to database
12:25:57 Gateway/motion 1
Gateway sending update to database
12:25:57 Gateway/motion 1
Gateway sending update to database
12:25:57 Gateway/motion 1
Gateway sending update to database
12:25:57 Gateway/motion 1
Gateway sending update to database
12:25:57 Gateway/motion 1
Gateway sending update to database
12:25:57 Gateway/motion 1
Gateway sending update to database
12:25:57 Gateway/motion 1
Gateway sending update to database
12:25:57 Gateway/motion 1
Gateway sending update to database
12:25:57 Gateway/motion 1
Gateway sending update to database
12:25:57 Gateway/motion 1
Gateway sending update to database
12:25:57 Gateway/motion 1
Gateway sending update to database
12:25:57 Gateway/motion 1
Gateway sending update to database
12:25:57 Gateway/motion 1
Gateway sending update to database
12:25:57 Gateway/motion 1
Gateway sending update to database
12:25:57 Gateway/motion 1
Gateway sending update to database
12:25:57 Gateway/motion 1
Gateway sending update to database
12:25:57 Gateway/motion 1
Gateway sending update to database
12:25:57 Gateway/motion 1
Gateway sending update to database
12:25:57 Gateway/motion 1
Gateway sending update to database
12:25:57 Gateway/motion 1
Gateway sending update to database
12:25:57 Gateway/motion 1
Gateway sending update to database
12:25:57 Gateway/motion 1
Gateway sending update to database
12:25:57 Gateway/motion 1
Gateway sending update to database
12:25:57 Gateway/motion 1
Gateway sending update to database
12:25:57 Gateway/motion 1
Gateway sending update to database
12:25:57 Gateway/motion 1
Gateway sending update to database
12:25:57 Gateway/motion 1
Gateway sending update to database
12:25:57 Gateway/motion 1
Gateway sending update to database
12:25:57 Gateway/motion 1
Gateway sending update to database
12:25:57 Gateway/motion 1
Gateway sending update to database
12:25:57 Gateway/motion 1
Gateway sending update to database
12:25:57 Gateway/motion 1
Gateway sending update to database
12:25:57 Gateway/motion 1
Gateway sending update to database
12:25:57 Gateway/motion 1
Gateway sending update to database
12:25:57 Gateway/motion 1
Gateway sending update to database
12:25:57 Gateway/motion 1
Gateway sending update to database
12:25:57 Gateway/motion 1
Gateway sending update to database
12:25:57 Gateway/motion 1
Gateway sending update to database
12:25:57 Gateway/motion 1
Gateway sending update to database
12:25:57 Gateway/motion 1
Gateway sending update to database
12:25:57 Gateway/motion 1
Gateway sending update to database
12:25:57 Gateway/motion 1
Gateway sending update to database
12:25:57 Gateway/motion 1
Gateway sending update to database
12:25:57 Gateway/motion 1
Gateway sending update to database
12:25:57 Gateway/motion 1
Gateway sending update to database
12:25:57 Gateway/motion 1
Gateway sending update to database
12:25:57 Gateway/motion 1
Gateway sending update to database
12:25:57 Gateway/motion 1
Gateway sending update to database
12:25:57 Gateway/motion 1
Gateway sending update to database
12:25:57 Gateway/motion 1
Gateway sending update to database
12:25:57 Gateway/motion 1
Gateway sending update to database
12:25:57 Gateway/motion 1
Gateway sending update to database
12:25:57 Gateway/motion 1
Gateway sending update to database
12:25:57 Gateway/motion 1
Gateway sending update to database
12:25:57 Gateway/motion 1
Gateway sending update to database
12:25:57 Gateway/motion 1
Gateway sending update to database
12:25:57 Gateway/motion 1
Gateway sending update to database
12:25:57 Gateway/motion 1
Gateway sending update to database
12:25:57 Gateway/motion 1
Gateway sending update to database
12:25:57 Gateway/motion 1
Gateway sending update to database
12:25:57 Gateway/motion 1
Gateway sending update to database
12:25:57 Gateway/motion 1
Gateway sending update to database
12:25:57 Gateway/motion 1
Gateway sending update to database
12:25:57 Gateway/motion 1
Gateway sending update to database
12:25:57 Gateway/motion 1
Gateway sending update to database
12:25:57 Gateway/motion 1
Gateway sending update to database
12:25:57 Gateway/motion 1
Gateway sending update to database
12:25:57 Gateway/motion 1
Gateway sending update to database
12:25:57 Gateway/motion 1
Gateway sending update to database
12:25:57 Gateway/motion 1
Gateway sending update to database
12:25:57 Gateway/motion 1
Gateway sending update to database
12:25:57 Gateway/motion 1
Gateway sending update to database
12:25:57 Gateway/motion 1
Gateway sending update to database
12:25:58 Gateway/motion 1
Gateway sending update to database
12:25:58 Gateway/motion 1
Gateway sending update to database
12:25:58 Gateway/motion 1
Gateway sending update to database
12:25:58 Gateway/motion 1
Gateway sending update to database
12:25:58 Gateway/motion 1
Gateway sending update to database
12:25:58 Gateway/motion 1
Gateway sending update to database
12:25:58 Gateway/motion 1
Gateway sending update to database
12:25:58 Gateway/motion 1
Gateway sending update to database
12:25:58 Gateway/motion 1
Gateway sending update to database
12:25:58 Gateway/motion 1
Gateway sending update to database
12:25:58 Gateway/motion 1
Gateway sending update to database
12:25:58 Gateway/motion 1
Gateway sending update to database
12:25:58 Gateway/motion 1
Gateway sending update to database
12:25:58 Gateway/motion 1
Gateway sending update to database
12:25:58 Gateway/motion 1
Gateway sending update to database
12:25:58 Gateway/motion 1
Gateway sending update to database
12:25:58 Gateway/motion 1
Gateway sending update to database
12:25:58 Gateway/motion 1
Gateway sending update to database
12:25:58 Gateway/motion 1
Gateway sending update to database
12:25:58 Gateway/motion 1
Gateway sending update to database
12:25:58 Gateway/motion 1
Gateway sending update to database
12:25:58 Gateway/motion 1
Gateway sending update to database
12:25:58 Gateway/motion 1
Gateway sending update to database
12:25:58 Gateway/motion 1
Gateway sending update to database
12:25:58 Gateway/motion 1
Gateway sending update to database
12:25:58 Gateway/motion 1
Gateway sending update to database
12:25:58 Gateway/motion 1
Gateway sending update to database
12:25:58 Gateway/motion 1
Gateway sending update to database
12:25:58 Gateway/motion 1
Gateway sending update to database
12:25:58 Gateway/motion 1
Gateway sending update to database
12:25:58 Gateway/motion 1
Gateway sending update to database
12:25:58 Gateway/motion 1
Gateway sending update to database
12:25:58 Gateway/motion 1
Gateway sending update to database
12:25:58 Gateway/motion 1
Gateway sending update to database
12:25:58 Gateway/motion 1
Gateway sending update to database
12:25:58 Gateway/motion 1
Gateway sending update to database
12:25:58 Gateway/motion 1
Gateway sending update to database
12:25:58 Gateway/motion 1
Gateway sending update to database
12:25:58 Gateway/motion 1
Gateway sending update to database
12:25:58 Gateway/motion 1
Gateway sending update to database
12:25:58 Gateway/motion 1
Gateway sending update to database
12:25:58 Gateway/motion 1
Gateway sending update to database
12:25:58 Gateway/motion 1
Gateway sending update to database
12:25:58 Gateway/motion 1
Gateway sending update to database
12:25:58 Gateway/motion 1
Gateway sending update to database
12:25:58 Gateway/motion 1
Gateway sending update to database
12:25:58 Gateway/motion 1
Gateway sending update to database
12:25:58 Gateway/motion 1
Gateway sending update to database
12:25:58 Gateway/motion 1
Gateway sending update to database
12:25:58 Gateway/motion 1
Gateway sending update to database
12:25:58 Gateway/motion 1
Gateway sending update to database
12:25:58 Gateway/motion 1
Gateway sending update to database
12:25:58 Gateway/motion 1
Gateway sending update to database
12:25:58 Gateway/motion 1
Gateway sending update to database
12:25:58 Gateway/motion 1
Gateway sending update to database
12:25:58 Gateway/motion 1
Gateway sending update to database
12:25:58 Gateway/motion 1
Gateway sending update to database
12:25:58 Gateway/motion 1
Gateway sending update to database
12:25:58 Gateway/motion 1
Gateway sending update to database
12:25:58 Gateway/motion 1
Gateway sending update to database
12:25:58 Gateway/motion 1
Gateway sending update to database
12:25:58 Gateway/motion 1
Gateway sending update to database
12:25:58 Gateway/motion 1
Gateway sending update to database
12:25:58 Gateway/motion 1
Gateway sending update to database
12:25:58 Gateway/motion 1
Gateway sending update to database
12:25:58 Gateway/motion 1
Gateway sending update to database
12:25:58 Gateway/motion 1
Gateway sending update to database
12:25:58 Gateway/motion 1
Gateway sending update to database
12:25:58 Gateway/motion 1
Gateway sending update to database
12:25:58 Gateway/motion 1
Gateway sending update to database
12:25:58 Gateway/motion 1
Gateway sending update to database
12:25:58 Gateway/motion 1
Gateway sending update to database
12:25:58 Gateway/motion 1
Gateway sending update to database
12:25:58 Gateway/motion 1
Gateway sending update to database
12:25:58 Gateway/motion 1
Gateway sending update to database
12:25:58 Gateway/motion 1
Gateway sending update to database
12:25:58 Gateway/motion 1
Gateway sending update to database
12:25:58 Gateway/motion 1
Gateway sending update to database
12:25:58 Gateway/motion 1
Gateway sending update to database
12:25:58 Gateway/motion 1
Gateway sending update to database
12:25:58 Gateway/motion 1
Gateway sending update to database
12:25:58 Gateway/motion 1
Gateway sending update to database
12:25:58 Gateway/motion 1
Gateway sending update to database
12:25:58 Gateway/motion 1
Gateway sending update to database
12:25:58 Gateway/motion 1
Gateway sending update to database
12:25:58 Gateway/motion 1
Gateway sending update to database
12:25:58 Gateway/motion 1
Gateway sending update to database
12:25:58 Gateway/motion 1
Gateway sending update to database
12:25:58 Gateway/motion 1
Gateway sending update to database
12:25:58 Gateway/motion 1
Gateway sending update to database
12:25:58 Gateway/motion 1
Gateway sending update to database
12:25:58 Gateway/motion 1
Gateway sending update to database
12:25:58 Gateway/motion 1
Gateway sending update to database
12:25:58 Gateway/motion 1
Gateway sending update to database
12:25:58 Gateway/motion 1
Gateway sending update to database
12:25:58 Gateway/motion 1
Gateway sending update to database
12:25:58 Gateway/motion 1
Gateway sending update to database
12:25:58 Gateway/motion 1
Gateway sending update to database
12:25:58 Gateway/motion 1
Gateway sending update to database
12:25:58 Gateway/motion 1
Gateway sending update to database
12:25:58 Gateway/motion 1
Gateway sending update to database
12:25:58 Gateway/motion 1
Gateway sending update to database
12:25:58 Gateway/motion 1
Gateway sending update to database
12:25:58 Gateway/motion 1
Gateway sending update to database
12:25:58 Gateway/motion 1
Gateway sending update to database
12:25:58 Gateway/motion 1
Gateway sending update to database
12:25:58 Gateway/motion 1
Gateway sending update to database
12:25:58 Gateway/motion 1
Gateway sending update to database
12:25:58 Gateway/motion 1
Gateway sending update to database
12:25:58 Gateway/motion 1
Gateway sending update to database
12:25:58 Gateway/motion 1
Gateway sending update to database
12:25:58 Gateway/motion 1
Gateway sending update to database
12:25:58 Gateway/motion 1
Gateway sending update to database
12:25:58 Gateway/motion 1
Gateway sending update to database
12:25:58 Gateway/motion 1
Gateway sending update to database
12:25:58 Gateway/motion 1
Gateway sending update to database
12:25:58 Gateway/motion 1
Gateway sending update to database
12:25:58 Gateway/motion 1
Gateway sending update to database
12:25:58 Gateway/motion 1
Gateway sending update to database
12:25:58 Gateway/motion 1
Gateway sending update to database
12:25:58 Gateway/motion 1
Gateway sending update to database
12:25:58 Gateway/motion 1
Gateway sending update to database
12:25:58 Gateway/motion 1
Gateway sending update to database
12:25:58 Gateway/motion 1
Gateway sending update to database
12:25:58 Gateway/motion 1
Gateway sending update to database
12:25:58 Gateway/motion 1
Gateway sending update to database
12:25:58 Gateway/motion 1
Gateway sending update to database
12:25:58 Gateway/motion 1
Gateway sending update to database
12:25:58 Gateway/motion 1
Gateway sending update to database
12:25:58 Gateway/motion 1
Gateway sending update to database
12:25:58 Gateway/motion 1
Gateway sending update to database
12:25:58 Gateway/motion 1
Gateway sending update to database
12:25:58 Gateway/motion 1
Gateway sending update to database
12:25:58 Gateway/motion 1
Gateway sending update to database
12:25:58 Gateway/motion 1
Gateway sending update to database
12:25:58 Gateway/motion 1
Gateway sending update to database
12:25:58 Gateway/motion 1
Gateway sending update to database
12:25:58 Gateway/motion 1
Gateway sending update to database
12:25:58 Gateway/motion 1
Gateway sending update to database
12:25:58 Gateway/motion 1
Gateway sending update to database
12:25:58 Gateway/motion 1
Gateway sending update to database
12:25:58 Gateway/motion 1
Gateway sending update to database
12:25:58 Gateway/motion 1
Gateway sending update to database
12:25:58 Gateway/motion 1
Gateway sending update to database
12:25:58 Gateway/motion 1
Gateway sending update to database
12:25:58 Gateway/motion 1
Gateway sending update to database
12:25:58 Gateway/motion 1
Gateway sending update to database
12:25:58 Gateway/motion 1
Gateway sending update to database
12:25:58 Gateway/motion 1
Gateway sending update to database
12:25:58 Gateway/motion 1
Gateway sending update to database
12:25:58 Gateway/motion 1
Gateway sending update to database
12:25:58 Gateway/motion 1
Gateway sending update to database
12:25:58 Gateway/motion 1
Gateway sending update to database
12:25:58 Gateway/motion 1
Gateway sending update to database
12:25:58 Gateway/motion 1
Gateway sending update to database
12:25:58 Gateway/motion 1
Gateway sending update to database
12:25:58 Gateway/motion 1
Gateway sending update to database
12:25:58 Gateway/motion 1
Gateway sending update to database
12:25:58 Gateway/motion 1
Gateway sending update to database
12:25:58 Gateway/motion 1
Gateway sending update to database
12:25:58 Gateway/motion 1
Gateway sending update to database
12:25:58 Gateway/motion 1
Gateway sending update to database
12:25:58 Gateway/motion 1
Gateway sending update to database
12:25:58 Gateway/motion 1
Gateway sending update to database
12:25:58 Gateway/motion 1
Gateway sending update to database
12:25:58 Gateway/motion 1
Gateway sending update to database
12:25:58 Gateway/motion 1
Gateway sending update to database
12:25:58 Gateway/motion 1
Gateway sending update to database
12:25:58 Gateway/motion 1
Gateway sending update to database
12:25:58 Gateway/motion 1
Gateway sending update to database
12:25:58 Gateway/motion 1
Gateway sending update to database
12:25:58 Gateway/motion 1
Gateway sending update to database
12:25:58 Gateway/motion 1
Gateway sending update to database
12:25:58 Gateway/motion 1
Gateway sending update to database
12:25:58 Gateway/motion 1
Gateway sending update to database
12:25:58 Gateway/motion 1
Gateway sending update to database
12:25:58 Gateway/motion 1
Gateway sending update to database
12:25:59 Gateway/motion 1
Gateway sending update to database
12:25:59 Gateway/motion 1
Gateway sending update to database
12:25:59 Gateway/motion 1
Gateway sending update to database
12:25:59 Gateway/motion 1
Gateway sending update to database
12:25:59 Gateway/motion 1
Gateway sending update to database
12:25:59 Gateway/motion 1
Gateway sending update to database
12:25:59 Gateway/motion 1
Gateway sending update to database
12:25:59 Gateway/motion 1
Gateway sending update to database
12:25:59 Gateway/motion 1
Gateway sending update to database
12:25:59 Gateway/motion 1
Gateway sending update to database
12:25:59 Gateway/motion 1
Gateway sending update to database
12:25:59 Gateway/motion 1
Gateway sending update to database
12:25:59 Gateway/motion 1
Gateway sending update to database
12:25:59 Gateway/motion 1
Gateway sending update to database
12:25:59 Gateway/motion 1
Gateway sending update to database
12:25:59 Gateway/motion 1
Gateway sending update to database
12:25:59 Gateway/motion 1
Gateway sending update to database
12:25:59 Gateway/motion 1
Gateway sending update to database
12:25:59 Gateway/motion 1
Gateway sending update to database
12:25:59 Gateway/motion 1
Gateway sending update to database
12:25:59 Gateway/motion 1
Gateway sending update to database
12:25:59 Gateway/motion 1
Gateway sending update to database
12:25:59 Gateway/motion 1
Gateway sending update to database
12:25:59 Gateway/motion 1
Gateway sending update to database
12:25:59 Gateway/motion 1
Gateway sending update to database
12:25:59 Gateway/motion 1
Gateway sending update to database
12:25:59 Gateway/motion 1
Gateway sending update to database
12:25:59 Gateway/motion 1
Gateway sending update to database
12:25:59 Gateway/motion 1
Gateway sending update to database
12:25:59 Gateway/motion 1
Gateway sending update to database
12:25:59 Gateway/motion 1
Gateway sending update to database
12:25:59 Gateway/motion 1
Gateway sending update to database
12:25:59 Gateway/motion 1
Gateway sending update to database
12:25:59 Gateway/motion 1
Gateway sending update to database
12:25:59 Gateway/motion 1
Gateway sending update to database
12:26:00 Gateway/motion 1
Gateway sending update to database
12:26:00 Gateway/motion 1
Gateway sending update to database
12:26:00 Gateway/motion 1
Gateway sending update to database
12:26:00 Gateway/motion 1
Gateway sending update to database
12:26:00 Gateway/motion 1
Gateway sending update to database
12:26:00 Gateway/motion 1
Gateway sending update to database
12:26:00 Gateway/motion 1
Gateway sending update to database
12:26:00 Gateway/motion 1
Gateway sending update to database
12:26:00 Gateway/motion 1
Gateway sending update to database
12:26:00 Gateway/motion 1
Gateway sending update to database
12:26:00 Gateway/motion 1
Gateway sending update to database
12:26:00 Gateway/motion 1
Gateway sending update to database
12:26:00 Gateway/motion 1
Gateway sending update to database
12:26:00 Gateway/motion 1
Gateway sending update to database
12:26:00 Gateway/motion 1
Gateway sending update to database
12:26:00 Gateway/motion 1
Gateway sending update to database
12:26:00 Gateway/motion 1
Gateway sending update to database
12:26:00 Gateway/motion 1
Gateway sending update to database
12:26:00 Gateway/motion 1
Gateway sending update to database
12:26:00 Gateway/motion 1
Gateway sending update to database
12:26:00 Gateway/motion 1
Gateway sending update to database
12:26:00 Gateway/motion 1
Gateway sending update to database
12:26:00 Gateway/motion 1
Gateway sending update to database
12:26:00 Gateway/motion 1
Gateway sending update to database
12:26:00 Gateway/motion 1
Gateway sending update to database
12:26:00 Gateway/motion 1
Gateway sending update to database
12:26:00 Gateway/motion 1
Gateway sending update to database
12:26:00 Gateway/motion 1
Gateway sending update to database
12:26:00 Gateway/motion 1
Gateway sending update to database
12:26:00 Gateway/motion 1
Gateway sending update to database
12:26:00 Gateway/motion 1
Gateway sending update to database
12:26:00 Gateway/motion 1
Gateway sending update to database
12:26:00 Gateway/motion 1
Gateway sending update to database
12:26:00 Gateway/motion 1
Gateway sending update to database
12:26:00 Gateway/motion 1
Gateway sending update to database
12:26:00 Gateway/motion 1
Gateway sending update to database
12:26:00 Gateway/motion 1
Gateway sending update to database
12:26:00 Gateway/motion 1
Gateway sending update to database
12:26:00 Gateway/motion 1
Gateway sending update to database
12:26:00 Gateway/motion 1
Gateway sending update to database
12:26:00 Gateway/motion 1
Gateway sending update to database
12:26:00 Gateway/motion 1
Gateway sending update to database
12:26:00 Gateway/motion 1
Gateway sending update to database
12:26:00 Gateway/motion 1
Gateway sending update to database
12:26:00 Gateway/motion 1
Gateway sending update to database
12:26:00 Gateway/motion 1
Gateway sending update to database
12:26:00 Gateway/motion 1
Gateway sending update to database
12:26:00 Gateway/motion 1
Gateway sending update to database
12:26:00 Gateway/motion 1
Gateway sending update to database
12:26:00 Gateway/motion 1
Gateway sending update to database
12:26:00 Gateway/motion 1
Gateway sending update to database
12:26:00 Gateway/motion 1
Gateway sending update to database
12:26:00 Gateway/motion 1
Gateway sending update to database
12:26:00 Gateway/motion 1
Gateway sending update to database
12:26:00 Gateway/motion 1
Gateway sending update to database
12:26:00 Gateway/motion 1
Gateway sending update to database
12:26:00 Gateway/motion 1
Gateway sending update to database
12:26:00 Gateway/motion 1
Gateway sending update to database
12:26:00 Gateway/motion 1
Gateway sending update to database
12:26:00 Gateway/motion 1
Gateway sending update to database
12:26:00 Gateway/motion 1
Gateway sending update to database
12:26:00 Gateway/motion 1
Gateway sending update to database
12:26:00 Gateway/motion 1
Gateway sending update to database
12:26:00 Gateway/motion 1
Gateway sending update to database
12:26:00 Gateway/motion 1
Gateway sending update to database
12:26:00 Gateway/motion 1
Gateway sending update to database
12:26:00 Gateway/motion 1
Gateway sending update to database
12:26:00 Gateway/motion 1
Gateway sending update to database
12:26:00 Gateway/motion 1
Gateway sending update to database
12:26:00 Gateway/motion 1
Gateway sending update to database
12:26:00 Gateway/motion 1
Gateway sending update to database
12:26:00 Gateway/motion 1
Gateway sending update to database
12:26:00 Gateway/motion 1
Gateway sending update to database
12:26:00 Gateway/motion 1
Gateway sending update to database
12:26:00 Gateway/motion 1
Gateway sending update to database
12:26:00 Gateway/motion 1
Gateway sending update to database
12:26:00 Gateway/motion 1
Gateway sending update to database
12:26:00 Gateway/motion 1
Gateway sending update to database
12:26:00 Gateway/motion 1
Gateway sending update to database
12:26:00 Gateway/motion 1
Gateway sending update to database
12:26:00 Gateway/motion 1
Gateway sending update to database
12:26:00 Gateway/motion 1
Gateway sending update to database
12:26:00 Gateway/motion 1
Gateway sending update to database
12:26:00 Gateway/motion 1
Gateway sending update to database
12:26:00 Gateway/motion 1
Gateway sending update to database
12:26:00 Gateway/motion 1
Gateway sending update to database
12:26:00 Gateway/motion 1
Gateway sending update to database
12:26:00 Gateway/motion 1
Gateway sending update to database
12:26:00 Gateway/motion 1
Gateway sending update to database
12:26:00 Gateway/motion 1
Gateway sending update to database
12:26:00 Gateway/motion 1
Gateway sending update to database
12:26:00 Gateway/motion 1
Gateway sending update to database
12:26:00 Gateway/motion 1
Gateway sending update to database
12:26:00 Gateway/motion 1
Gateway sending update to database
12:26:00 Gateway/motion 1
Gateway sending update to database
12:26:00 Gateway/motion 1
Gateway sending update to database
12:26:00 Gateway/motion 1
Gateway sending update to database
12:26:00 Gateway/motion 1
Gateway sending update to database
12:26:00 Gateway/motion 1
Gateway sending update to database
12:26:00 Gateway/motion 1
Gateway sending update to database
12:26:00 Gateway/motion 1
Gateway sending update to database
12:26:00 Gateway/motion 1
Gateway sending update to database
12:26:00 Gateway/motion 1
Gateway sending update to database
12:26:00 Gateway/motion 1
Gateway sending update to database
12:26:00 Gateway/motion 1
Gateway sending update to database
12:26:00 Gateway/motion 1
Gateway sending update to database
12:26:00 Gateway/motion 1
Gateway sending update to database
12:26:00 Gateway/motion 1
Gateway sending update to database
12:26:00 Gateway/motion 1
Gateway sending update to database
12:26:00 Gateway/motion 1
Gateway sending update to database
12:26:00 Gateway/motion 1
Gateway sending update to database
12:26:00 Gateway/motion 1
Gateway sending update to database
12:26:00 Gateway/motion 1
Gateway sending update to database
12:26:00 Gateway/motion 1
Gateway sending update to database
12:26:00 Gateway/motion 1
Gateway sending update to database
12:26:00 Gateway/motion 1
Gateway sending update to database
12:26:00 Gateway/motion 1
Gateway sending update to database
12:26:00 Gateway/motion 1
Gateway sending update to database
12:26:00 Gateway/motion 1
Gateway sending update to database
12:26:00 Gateway/motion 1
Gateway sending update to database
12:26:00 Gateway/motion 1
Gateway sending update to database
12:26:00 Gateway/motion 1
Gateway sending update to database
12:26:00 Gateway/motion 1
Gateway sending update to database
12:26:00 Gateway/motion 1
Gateway sending update to database
12:26:00 Gateway/motion 1
Gateway sending update to database
12:26:00 Gateway/motion 1
Gateway sending update to database
12:26:00 Gateway/motion 1
Gateway sending update to database
12:26:00 Gateway/motion 1
Gateway sending update to database
12:26:00 Gateway/motion 1
Gateway sending update to database
12:26:00 Gateway/motion 1
Gateway sending update to database
12:26:00 Gateway/motion 1
Gateway sending update to database
12:26:00 Gateway/motion 1
Gateway sending update to database
12:26:00 Gateway/motion 1
Gateway sending update to database
12:26:00 Gateway/motion 1
Gateway sending update to database
12:26:00 Gateway/motion 1
Gateway sending update to database
12:26:00 Gateway/motion 1
Gateway sending update to database
12:26:00 Gateway/motion 1
Gateway sending update to database
12:26:00 Gateway/motion 1
Gateway sending update to database
12:26:00 Gateway/motion 1
Gateway sending update to database
12:26:00 Gateway/motion 1
Gateway sending update to database
12:26:00 Gateway/motion 1
Gateway sending update to database
12:26:00 Gateway/motion 1
Gateway sending update to database
12:26:00 Gateway/motion 1
Gateway sending update to database
12:26:00 Gateway/motion 1
Gateway sending update to database
12:26:00 Gateway/motion 1
Gateway sending update to database
12:26:00 Gateway/motion 1
Gateway sending update to database
12:26:00 Gateway/motion 1
Gateway sending update to database
12:26:00 Gateway/motion 1
Gateway sending update to database
12:26:00 Gateway/motion 1
Gateway sending update to database
12:26:00 Gateway/motion 1
Gateway sending update to database
12:26:00 Gateway/motion 1
Gateway sending update to database
12:26:00 Gateway/motion 1
Gateway sending update to database
12:26:00 Gateway/motion 1
Gateway sending update to database
12:26:00 Gateway/motion 1
Gateway sending update to database
12:26:00 Gateway/motion 1
Gateway sending update to database
12:26:00 Gateway/motion 1
Gateway sending update to database
12:26:00 Gateway/motion 1
Gateway sending update to database
12:26:00 Gateway/motion 1
Gateway sending update to database
12:26:00 Gateway/motion 1
Gateway sending update to database
12:26:00 Gateway/motion 1
Gateway sending update to database
12:26:00 Gateway/motion 1
Gateway sending update to database
12:26:00 Gateway/motion 1
Gateway sending update to database
12:26:00 Gateway/motion 1
Gateway sending update to database
12:26:00 Gateway/motion 1
Gateway sending update to database
12:26:00 Gateway/motion 1
Gateway sending update to database
12:26:00 Gateway/motion 1
Gateway sending update to database
12:26:00 Gateway/motion 1
Gateway sending update to database
12:26:00 Gateway/motion 1
Gateway sending update to database
12:26:00 Gateway/motion 1
Gateway sending update to database
12:26:00 Gateway/motion 1
Gateway sending update to database
12:26:00 Gateway/motion 1
Gateway sending update to database
12:26:00 Gateway/motion 1
Gateway sending update to database
12:26:00 Gateway/motion 1
Gateway sending update to database
12:26:00 Gateway/motion 1
Gateway sending update to database
12:26:00 Gateway/motion 1
Gateway sending update to database
12:26:00 Gateway/motion 1
Gateway sending update to database
12:26:00 Gateway/motion 1
Gateway sending update to database
12:26:00 Gateway/motion 1
Gateway sending update to database
12:26:00 Gateway/motion 1
Gateway sending update to database
12:26:00 Gateway/motion 1
Gateway sending update to database
12:26:00 Gateway/motion 1
Gateway sending update to database
12:26:00 Gateway/motion 1
Gateway sending update to database
12:26:00 Gateway/motion 1
Gateway sending update to database
12:26:00 Gateway/motion 1
Gateway sending update to database
12:26:00 Gateway/motion 1
Gateway sending update to database
12:26:00 Gateway/motion 1
Gateway sending update to database
12:26:00 Gateway/motion 1
Gateway sending update to database
12:26:00 Gateway/motion 1
Gateway sending update to database
12:26:00 Gateway/motion 1
Gateway sending update to database
12:26:00 Gateway/motion 1
Gateway sending update to database
12:26:00 Gateway/motion 1
Gateway sending update to database
12:26:00 Gateway/motion 1
Gateway sending update to database
12:26:00 Gateway/motion 1
Gateway sending update to database
12:26:00 Gateway/motion 1
Gateway sending update to database
12:26:00 Gateway/motion 1
Gateway sending update to database
12:26:00 Gateway/motion 1
Gateway sending update to database
12:26:00 Gateway/motion 1
Gateway sending update to database
12:26:00 Gateway/motion 1
Gateway sending update to database
12:26:00 Gateway/motion 1
Gateway sending update to database
12:26:00 Gateway/motion 1
Gateway sending update to database
12:26:00 Gateway/motion 1
Gateway sending update to database
12:26:00 Gateway/motion 1
Gateway sending update to database
12:26:00 Gateway/motion 1
Gateway sending update to database
12:26:00 Gateway/motion 1
Gateway sending update to database
12:26:00 Gateway/motion 1
Gateway sending update to database
12:26:00 Gateway/motion 1
Gateway sending update to database
12:26:00 Gateway/motion 1
Gateway sending update to database
12:26:00 Gateway/motion 1
Gateway sending update to database
12:26:00 Gateway/motion 1
Gateway sending update to database
12:26:00 Gateway/motion 1
Gateway sending update to database
12:26:00 Gateway/motion 1
Gateway sending update to database
12:26:00 Gateway/motion 1
Gateway sending update to database
12:26:00 Gateway/motion 1
Gateway sending update to database
12:26:00 Gateway/motion 1
Gateway sending update to database
12:26:00 Gateway/motion 1
Gateway sending update to database
12:26:00 Gateway/motion 1
Gateway sending update to database
12:26:00 Gateway/motion 1
Gateway sending update to database
12:26:00 Gateway/motion 1
Gateway sending update to database
12:26:00 Gateway/motion 1
Gateway sending update to database
12:26:00 Gateway/motion 1
Gateway sending update to database
12:26:00 Gateway/motion 1
Gateway sending update to database
12:26:00 Gateway/motion 1
Gateway sending update to database
12:26:00 Gateway/motion 1
Gateway sending update to database
12:26:00 Gateway/motion 1
Gateway sending update to database
12:26:00 Gateway/motion 1
Gateway sending update to database
12:26:00 Gateway/motion 1
Gateway sending update to database
12:26:00 Gateway/motion 1
Gateway sending update to database
12:26:00 Gateway/motion 1
Gateway sending update to database
12:26:00 Gateway/motion 1
Gateway sending update to database
12:26:00 Gateway/motion 1
Gateway sending update to database
12:26:00 Gateway/motion 1
Gateway sending update to database
12:26:00 Gateway/motion 1
Gateway sending update to database
12:26:00 Gateway/motion 1
Gateway sending update to database
12:26:00 Gateway/motion 1
Gateway sending update to database
12:26:00 Gateway/motion 1
Gateway sending update to database
12:26:00 Gateway/motion 1
Gateway sending update to database
12:26:00 Gateway/motion 1
Gateway sending update to database
12:26:00 Gateway/motion 1
Gateway sending update to database
12:26:00 Gateway/motion 1
Gateway sending update to database
12:26:00 Gateway/motion 1
Gateway sending update to database
12:26:00 Gateway/motion 1
Gateway sending update to database
12:26:00 Gateway/motion 1
Gateway sending update to database
12:26:00 Gateway/motion 1
Gateway sending update to database
12:26:00 Gateway/motion 1
Gateway sending update to database
12:26:00 Gateway/motion 1
Gateway sending update to database
12:26:00 Gateway/motion 1
Gateway sending update to database
12:26:00 Gateway/motion 1
Gateway sending update to database
12:26:00 Gateway/motion 1
Gateway sending update to database
12:26:00 Gateway/motion 1
Gateway sending update to database
12:26:00 Gateway/motion 1
Gateway sending update to database
12:26:00 Gateway/motion 1
Gateway sending update to database
12:26:00 Gateway/motion 1
Gateway sending update to database
12:26:00 Gateway/motion 1
Gateway sending update to database
12:26:00 Gateway/motion 1
Gateway sending update to database
12:26:00 Gateway/motion 1
Gateway sending update to database
12:26:00 Gateway/motion 1
Gateway sending update to database
12:26:00 Gateway/motion 1
Gateway sending update to database
12:26:00 Gateway/motion 1
Gateway sending update to database
12:26:00 Gateway/motion 1
Gateway sending update to database
12:26:00 Gateway/motion 1
Gateway sending update to database
12:26:00 Gateway/motion 1
Gateway sending update to database
12:26:00 Gateway/motion 1
Gateway sending update to database
12:26:00 Gateway/motion 1
Gateway sending update to database
12:26:00 Gateway/motion 1
Gateway sending update to database
12:26:00 Gateway/motion 1
Gateway sending update to database
12:26:00 Gateway/motion 1
Gateway sending update to database
12:26:00 Gateway/motion 1
Gateway sending update to database
12:26:00 Gateway/motion 1
Gateway sending update to database
12:26:00 Gateway/motion 1
Gateway sending update to database
12:26:00 Gateway/motion 1
Gateway sending update to database
12:26:00 Gateway/motion 1
Gateway sending update to database
12:26:00 Gateway/motion 1
Gateway sending update to database
12:26:00 Gateway/motion 1
Gateway sending update to database
12:26:00 Gateway/motion 1
Gateway sending update to database
12:26:00 Gateway/motion 1
Gateway sending update to database
12:26:00 Gateway/motion 1
Gateway sending update to database
12:26:00 Gateway/motion 1
Gateway sending update to database
12:26:00 Gateway/motion 1
Gateway sending update to database
12:26:00 Gateway/motion 1
Gateway sending update to database
12:26:00 Gateway/motion 1
Gateway sending update to database
12:26:00 Gateway/motion 1
Gateway sending update to database
12:26:00 Gateway/motion 1
Gateway sending update to database
12:26:00 Gateway/motion 1
Gateway sending update to database
12:26:00 Gateway/motion 1
Gateway sending update to database
12:26:00 Gateway/motion 1
Gateway sending update to database
12:26:00 Gateway/motion 1
Gateway sending update to database
12:26:00 Gateway/motion 1
Gateway sending update to database
12:26:00 Gateway/motion 1
Gateway sending update to database
12:26:00 Gateway/motion 1
Gateway sending update to database
12:26:00 Gateway/motion 1
Gateway sending update to database
12:26:00 Gateway/motion 1
Gateway sending update to database
12:26:00 Gateway/motion 1
Gateway sending update to database
12:26:00 Gateway/motion 1
Gateway sending update to database
12:26:00 Gateway/motion 1
Gateway sending update to database
12:26:00 Gateway/motion 1
Gateway sending update to database
12:26:00 Gateway/motion 1
Gateway sending update to database
12:26:00 Gateway/motion 1
Gateway sending update to database
12:26:00 Gateway/motion 1
Gateway sending update to database
12:26:00 Gateway/motion 1
Gateway sending update to database
12:26:00 Gateway/motion 1
Gateway sending update to database
12:26:00 Gateway/motion 1
Gateway sending update to database
12:26:00 Gateway/motion 1
Gateway sending update to database
12:26:00 Gateway/motion 1
Gateway sending update to database
12:26:00 Gateway/motion 1
Gateway sending update to database
12:26:00 Gateway/motion 1
Gateway sending update to database
12:26:00 Gateway/motion 1
Gateway sending update to database
12:26:00 Gateway/motion 1
Gateway sending update to database
12:26:00 Gateway/motion 1
Gateway sending update to database
12:26:00 Gateway/motion 1
Gateway sending update to database
12:26:00 Gateway/motion 1
Gateway sending update to database
12:26:00 Gateway/motion 1
Gateway sending update to database
12:26:00 Gateway/motion 1
Gateway sending update to database
12:26:00 Gateway/motion 1
Gateway sending update to database
12:26:00 Gateway/motion 1
Gateway sending update to database
12:26:00 Gateway/motion 1
Gateway sending update to database
12:26:00 Gateway/motion 1
Gateway sending update to database
12:26:00 Gateway/motion 1
Gateway sending update to database
12:26:00 Gateway/motion 1
Gateway sending update to database
12:26:00 Gateway/motion 1
Gateway sending update to database
12:26:00 Gateway/motion 1
Gateway sending update to database
12:26:00 Gateway/motion 1
Gateway sending update to database
12:26:00 Gateway/motion 1
Gateway sending update to database
12:26:00 Gateway/motion 1
Gateway sending update to database
12:26:00 Gateway/motion 1
Gateway sending update to database
12:26:00 Gateway/motion 1
Gateway sending update to database
12:26:00 Gateway/motion 1
Gateway sending update to database
12:26:00 Gateway/motion 1
Gateway sending update to database
12:26:00 Gateway/motion 1
Gateway sending update to database
12:26:00 Gateway/motion 1
Gateway sending update to database
12:26:00 Gateway/motion 1
Gateway sending update to database
12:26:00 Gateway/motion 1
Gateway sending update to database
12:26:00 Gateway/motion 1
Gateway sending update to database
12:26:00 Gateway/motion 1
Gateway sending update to database
12:26:00 Gateway/motion 1
Gateway sending update to database
12:26:00 Gateway/motion 1
Gateway sending update to database
12:26:00 Gateway/motion 1
Gateway sending update to database
12:26:00 Gateway/motion 1
Gateway sending update to database
12:26:00 Gateway/motion 1
Gateway sending update to database
12:26:00 Gateway/motion 1
Gateway sending update to database
12:26:00 Gateway/motion 1
Gateway sending update to database
12:26:00 Gateway/motion 1
Gateway sending update to database
12:26:00 Gateway/motion 1
Gateway sending update to database
12:26:00 Gateway/motion 1
Gateway sending update to database
12:26:00 Gateway/motion 1
Gateway sending update to database
12:26:00 Gateway/motion 1
Gateway sending update to database
12:26:01 Gateway/motion 1
Gateway sending update to database
12:26:01 Gateway/motion 1
Gateway sending update to database
12:26:01 Gateway/motion 1
Gateway sending update to database
12:26:01 Gateway/motion 1
Gateway sending update to database
12:26:01 Gateway/motion 1
Gateway sending update to database
12:26:01 Gateway/motion 1
Gateway sending update to database
12:26:01 Gateway/motion 1
Gateway sending update to database
12:26:01 Gateway/motion 1
Gateway sending update to database
12:26:01 Gateway/motion 1
Gateway sending update to database
12:26:01 Gateway/motion 1
Gateway sending update to database
12:26:01 Gateway/motion 1
Gateway sending update to database
12:26:01 Gateway/motion 1
Gateway sending update to database
12:26:01 Gateway/motion 1
Gateway sending update to database
12:26:01 Gateway/motion 1
Gateway sending update to database
12:26:01 Gateway/motion 1
Gateway sending update to database
12:26:01 Gateway/motion 1
Gateway sending update to database
12:26:01 Gateway/motion 1
Gateway sending update to database
12:26:01 Gateway/motion 1
Gateway sending update to database
12:26:01 Gateway/motion 1
Gateway sending update to database
12:26:01 Gateway/motion 1
Gateway sending update to database
12:26:01 Gateway/motion 1
Gateway sending update to database
12:26:01 Gateway/motion 1
Gateway sending update to database
12:26:01 Gateway/motion 1
Gateway sending update to database
12:26:01 Gateway/motion 1
Gateway sending update to database
12:26:01 Gateway/motion 1
Gateway sending update to database
12:26:01 Gateway/motion 1
Gateway sending update to database
12:26:01 Gateway/motion 1
Gateway sending update to database
12:26:01 Gateway/motion 1
Gateway sending update to database
12:26:01 Gateway/motion 1
Gateway sending update to database
12:26:01 Gateway/motion 1
Gateway sending update to database
12:26:01 Gateway/motion 1
Gateway sending update to database
12:26:01 Gateway/motion 1
Gateway sending update to database
12:26:01 Gateway/motion 1
Gateway sending update to database
12:26:01 Gateway/motion 1
Gateway sending update to database
12:26:01 Gateway/motion 1
Gateway sending update to database
12:26:01 Gateway/motion 1
Gateway sending update to database
12:26:01 Gateway/motion 1
Gateway sending update to database
12:26:01 Gateway/motion 1
Gateway sending update to database
12:26:01 Gateway/motion 1
Gateway sending update to database
12:26:01 Gateway/motion 1
Gateway sending update to database
12:26:01 Gateway/motion 1
Gateway sending update to database
12:26:01 Gateway/motion 1
Gateway sending update to database
12:26:01 Gateway/motion 1
Gateway sending update to database
12:26:01 Gateway/motion 1
Gateway sending update to database
12:26:01 Gateway/motion 1
Gateway sending update to database
12:26:01 Gateway/motion 1
Gateway sending update to database
12:26:01 Gateway/motion 1
Gateway sending update to database
12:26:01 Gateway/motion 1
Gateway sending update to database
12:26:01 Gateway/motion 1
Gateway sending update to database
12:26:01 Gateway/motion 1
Gateway sending update to database
12:26:01 Gateway/motion 1
Gateway sending update to database
12:26:01 Gateway/motion 1
Gateway sending update to database
12:26:01 Gateway/motion 1
Gateway sending update to database
12:26:01 Gateway/motion 1
Gateway sending update to database
12:26:01 Gateway/motion 1
Gateway sending update to database
12:26:01 Gateway/motion 1
Gateway sending update to database
12:26:01 Gateway/motion 1
Gateway sending update to database
12:26:01 Gateway/motion 1
Gateway sending update to database
12:26:01 Gateway/motion 1
Gateway sending update to database
12:26:01 Gateway/motion 1
Gateway sending update to database
12:26:01 Gateway/motion 1
Gateway sending update to database
12:26:01 Gateway/motion 1
Gateway sending update to database
12:26:01 Gateway/motion 1
Gateway sending update to database
12:26:01 Gateway/motion 1
Gateway sending update to database
12:26:01 Gateway/motion 1
Gateway sending update to database
12:26:01 Gateway/motion 1
Gateway sending update to database
12:26:01 Gateway/motion 1
Gateway sending update to database
12:26:01 Gateway/motion 1
Gateway sending update to database
12:26:01 Gateway/motion 1
Gateway sending update to database
12:26:01 Gateway/motion 1
Gateway sending update to database
12:26:01 Gateway/motion 1
Gateway sending update to database
12:26:01 Gateway/motion 1
Gateway sending update to database
12:26:01 Gateway/motion 1
Gateway sending update to database
12:26:01 Gateway/motion 1
Gateway sending update to database
12:26:01 Gateway/motion 1
Gateway sending update to database
12:26:01 Gateway/motion 1
Gateway sending update to database
12:26:01 Gateway/motion 1
Gateway sending update to database
12:26:01 Gateway/motion 1
Gateway sending update to database
12:26:01 Gateway/motion 1
Gateway sending update to database
12:26:01 Gateway/motion 1
Gateway sending update to database
12:26:01 Gateway/motion 1
Gateway sending update to database
12:26:01 Gateway/motion 1
Gateway sending update to database
12:26:01 Gateway/motion 1
Gateway sending update to database
12:26:01 Gateway/motion 1
Gateway sending update to database
12:26:01 Gateway/motion 1
Gateway sending update to database
12:26:01 Gateway/motion 1
Gateway sending update to database
12:26:01 Gateway/motion 1
Gateway sending update to database
12:26:01 Gateway/motion 1
Gateway sending update to database
12:26:01 Gateway/motion 1
Gateway sending update to database
12:26:01 Gateway/motion 1
Gateway sending update to database
12:26:01 Gateway/motion 1
Gateway sending update to database
12:26:01 Gateway/motion 1
Gateway sending update to database
12:26:01 Gateway/motion 1
Gateway sending update to database
12:26:01 Gateway/motion 1
Gateway sending update to database
12:26:01 Gateway/motion 1
Gateway sending update to database
12:26:01 Gateway/motion 1
Gateway sending update to database
12:26:01 Gateway/motion 1
Gateway sending update to database
12:26:01 Gateway/motion 1
Gateway sending update to database
12:26:01 Gateway/motion 1
Gateway sending update to database
12:26:01 Gateway/motion 1
Gateway sending update to database
12:26:01 Gateway/motion 1
Gateway sending update to database
12:26:01 Gateway/motion 1
Gateway sending update to database
12:26:01 Gateway/motion 1
Gateway sending update to database
12:26:01 Gateway/motion 1
Gateway sending update to database
12:26:01 Gateway/motion 1
Gateway sending update to database
12:26:01 Gateway/motion 1
Gateway sending update to database
12:26:01 Gateway/motion 1
Gateway sending update to database
12:26:01 Gateway/motion 1
Gateway sending update to database
12:26:01 Gateway/motion 1
Gateway sending update to database
12:26:01 Gateway/motion 1
Gateway sending update to database
12:26:01 Gateway/motion 1
Gateway sending update to database
12:26:01 Gateway/motion 1
Gateway sending update to database
12:26:01 Gateway/motion 1
Gateway sending update to database
12:26:01 Gateway/motion 1
Gateway sending update to database
12:26:01 Gateway/motion 1
Gateway sending update to database
12:26:01 Gateway/motion 1
Gateway sending update to database
12:26:01 Gateway/motion 1
Gateway sending update to database
12:26:01 Gateway/motion 1
Gateway sending update to database
12:26:01 Gateway/motion 1
Gateway sending update to database
12:26:01 Gateway/motion 1
Gateway sending update to database
12:26:01 Gateway/motion 1
Gateway sending update to database
12:26:01 Gateway/motion 1
Gateway sending update to database
12:26:01 Gateway/motion 1
Gateway sending update to database
12:26:01 Gateway/motion 1
Gateway sending update to database
12:26:01 Gateway/motion 1
Gateway sending update to database
12:26:01 Gateway/motion 1
Gateway sending update to database
12:26:01 Gateway/motion 1
Gateway sending update to database
12:26:01 Gateway/motion 1
Gateway sending update to database
12:26:01 Gateway/motion 1
Gateway sending update to database
12:26:01 Gateway/motion 1
Gateway sending update to database
12:26:01 Gateway/motion 1
Gateway sending update to database
12:26:01 Gateway/motion 1
Gateway sending update to database
12:26:01 Gateway/motion 1
Gateway sending update to database
12:26:01 Gateway/motion 1
Gateway sending update to database
12:26:01 Gateway/motion 1
Gateway sending update to database
12:26:01 Gateway/motion 1
Gateway sending update to database
12:26:01 Gateway/motion 1
Gateway sending update to database
12:26:01 Gateway/motion 1
Gateway sending update to database
12:26:01 Gateway/motion 1
Gateway sending update to database
12:26:01 Gateway/motion 1
Gateway sending update to database
12:26:01 Gateway/motion 1
Gateway sending update to database
12:26:01 Gateway/motion 1
Gateway sending update to database
12:26:01 Gateway/motion 1
Gateway sending update to database
12:26:01 Gateway/motion 1
Gateway sending update to database
12:26:01 Gateway/motion 1
Gateway sending update to database
12:26:01 Gateway/motion 1
Gateway sending update to database
12:26:01 Gateway/motion 1
Gateway sending update to database
12:26:01 Gateway/motion 1
Gateway sending update to database
12:26:01 Gateway/motion 1
Gateway sending update to database
12:26:01 Gateway/motion 1
Gateway sending update to database
12:26:01 Gateway/motion 1
Gateway sending update to database
12:26:01 Gateway/motion 1
Gateway sending update to database
12:26:01 Gateway/motion 1
Gateway sending update to database
12:26:01 Gateway/motion 1
Gateway sending update to database
12:26:01 Gateway/motion 1
Gateway sending update to database
12:26:01 Gateway/motion 1
Gateway sending update to database
12:26:01 Gateway/motion 1
Gateway sending update to database
12:26:01 Gateway/motion 1
Gateway sending update to database
12:26:01 Gateway/motion 1
Gateway sending update to database
12:26:01 Gateway/motion 1
Gateway sending update to database
12:26:01 Gateway/motion 1
Gateway sending update to database
12:26:01 Gateway/motion 1
Gateway sending update to database
12:26:01 Gateway/motion 1
Gateway sending update to database
12:26:01 Gateway/motion 1
Gateway sending update to database
12:26:01 Gateway/motion 1
Gateway sending update to database
12:26:01 Gateway/motion 1
Gateway sending update to database
12:26:01 Gateway/motion 1
Gateway sending update to database
12:26:01 Gateway/motion 1
Gateway sending update to database
12:26:01 Gateway/motion 1
Gateway sending update to database
12:26:01 Gateway/motion 1
Gateway sending update to database
12:26:01 Gateway/motion 1
Gateway sending update to database
12:26:01 Gateway/motion 1
Gateway sending update to database
12:26:01 Gateway/motion 1
Gateway sending update to database
12:26:01 Gateway/motion 1
Gateway sending update to database
12:26:01 Gateway/motion 1
Gateway sending update to database
12:26:01 Gateway/motion 1
Gateway sending update to database
12:26:01 Gateway/motion 1
Gateway sending update to database
12:26:01 Gateway/motion 1
Gateway sending update to database
12:26:01 Gateway/motion 1
Gateway sending update to database
12:26:01 Gateway/motion 1
Gateway sending update to database
12:26:01 Gateway/motion 1
Gateway sending update to database
12:26:01 Gateway/motion 1
Gateway sending update to database
12:26:01 Gateway/motion 1
Gateway sending update to database
12:26:01 Gateway/motion 1
Gateway sending update to database
12:26:01 Gateway/motion 1
Gateway sending update to database
12:26:01 Gateway/motion 1
Gateway sending update to database
12:26:01 Gateway/motion 1
Gateway sending update to database
12:26:01 Gateway/motion 1
Gateway sending update to database
12:26:01 Gateway/motion 1
Gateway sending update to database
12:26:01 Gateway/motion 1
Gateway sending update to database
12:26:01 Gateway/motion 1
Gateway sending update to database
12:26:01 Gateway/motion 1
Gateway sending update to database
12:26:01 Gateway/motion 1
Gateway sending update to database
12:26:01 Gateway/motion 1
Gateway sending update to database
12:26:01 Gateway/motion 1
Gateway sending update to database
12:26:01 Gateway/motion 1
Gateway sending update to database
12:26:01 Gateway/motion 1
Gateway sending update to database
12:26:01 Gateway/motion 1
Gateway sending update to database
12:26:01 Gateway/motion 1
Gateway sending update to database
12:26:01 Gateway/motion 1
Gateway sending update to database
12:26:01 Gateway/motion 1
Gateway sending update to database
12:26:01 Gateway/motion 1
Gateway sending update to database
12:26:01 Gateway/motion 1
Gateway sending update to database
12:26:01 Gateway/motion 1
Gateway sending update to database
12:26:01 Gateway/motion 1
Gateway sending update to database
12:26:01 Gateway/motion 1
Gateway sending update to database
12:26:01 Gateway/motion 1
Gateway sending update to database
12:26:01 Gateway/motion 1
Gateway sending update to database
12:26:01 Gateway/motion 1
Gateway sending update to database
12:26:01 Gateway/motion 1
Gateway sending update to database
12:26:01 Gateway/motion 1
Gateway sending update to database
12:26:01 Gateway/motion 1
Gateway sending update to database
12:26:01 Gateway/motion 1
Gateway sending update to database
12:26:01 Gateway/motion 1
Gateway sending update to database
12:26:01 Gateway/motion 1
Gateway sending update to database
12:26:01 Gateway/motion 1
Gateway sending update to database
12:26:01 Gateway/motion 1
Gateway sending update to database
12:26:01 Gateway/motion 1
Gateway sending update to database
12:26:01 Gateway/motion 1
Gateway sending update to database
12:26:01 Gateway/motion 1
Gateway sending update to database
12:26:01 Gateway/motion 1
Gateway sending update to database
12:26:01 Gateway/motion 1
Gateway sending update to database
12:26:01 Gateway/motion 1
Gateway sending update to database
12:26:01 Gateway/motion 1
Gateway sending update to database
12:26:01 Gateway/motion 1
Gateway sending update to database
12:26:01 Gateway/motion 1
Gateway sending update to database
12:26:01 Gateway/motion 1
Gateway sending update to database
12:26:01 Gateway/motion 1
Gateway sending update to database
12:26:01 Gateway/motion 1
Gateway sending update to database
12:26:01 Gateway/motion 1
Gateway sending update to database
12:26:01 Gateway/motion 1
Gateway sending update to database
12:26:01 Gateway/motion 1
Gateway sending update to database
12:26:01 Gateway/motion 1
Gateway sending update to database
12:26:01 Gateway/motion 1
Gateway sending update to database
12:26:01 Gateway/motion 1
Gateway sending update to database
12:26:01 Gateway/motion 1
Gateway sending update to database
12:26:01 Gateway/motion 1
Gateway sending update to database
12:26:01 Gateway/motion 1
Gateway sending update to database
12:26:01 Gateway/motion 1
Gateway sending update to database
12:26:01 Gateway/motion 1
Gateway sending update to database
12:26:01 Gateway/motion 1
Gateway sending update to database
12:26:01 Gateway/motion 1
Gateway sending update to database
12:26:01 Gateway/motion 1
Gateway sending update to database
12:26:01 Gateway/motion 1
Gateway sending update to database
12:26:01 Gateway/motion 1
Gateway sending update to database
12:26:01 Gateway/motion 1
Gateway sending update to database
12:26:01 Gateway/motion 1
Gateway sending update to database
12:26:01 Gateway/motion 1
Gateway sending update to database
12:26:01 Gateway/motion 1
Gateway sending update to database
12:26:01 Gateway/motion 1
Gateway sending update to database
12:26:01 Gateway/motion 1
Gateway sending update to database
12:26:01 Gateway/motion 1
Gateway sending update to database
12:26:01 Gateway/motion 1
Gateway sending update to database
12:26:01 Gateway/motion 1
Gateway sending update to database
12:26:01 Gateway/motion 1
Gateway sending update to database
12:26:01 Gateway/motion 1
Gateway sending update to database
12:26:01 Gateway/motion 1
Gateway sending update to database
12:26:01 Gateway/motion 1
Gateway sending update to database
12:26:01 Gateway/motion 1
Gateway sending update to database
12:26:01 Gateway/motion 1
Gateway sending update to database
12:26:01 Gateway/motion 1
Gateway sending update to database
12:26:01 Gateway/motion 1
Gateway sending update to database
12:26:01 Gateway/motion 1
Gateway sending update to database
12:26:01 Gateway/motion 1
Gateway sending update to database
12:26:01 Gateway/motion 1
Gateway sending update to database
12:26:01 Gateway/motion 1
Gateway sending update to database
12:26:01 Gateway/motion 1
Gateway sending update to database
12:26:01 Gateway/motion 1
Gateway sending update to database
12:26:01 Gateway/motion 1
Gateway sending update to database
12:26:01 Gateway/motion 1
Gateway sending update to database
12:26:01 Gateway/motion 1
Gateway sending update to database
12:26:01 Gateway/motion 1
Gateway sending update to database
12:26:01 Gateway/motion 1
Gateway sending update to database
12:26:01 Gateway/motion 1
Gateway sending update to database
12:26:01 Gateway/motion 1
Gateway sending update to database
12:26:01 Gateway/motion 1
Gateway sending update to database
12:26:01 Gateway/motion 1
Gateway sending update to database
12:26:01 Gateway/motion 1
Gateway sending update to database
12:26:01 Gateway/motion 1
Gateway sending update to database
12:26:01 Gateway/motion 1
Gateway sending update to database
12:26:01 Gateway/motion 1
Gateway sending update to database
12:26:01 Gateway/motion 1
Gateway sending update to database
12:26:01 Gateway/motion 1
Gateway sending update to database
12:26:01 Gateway/motion 1
Gateway sending update to database
12:26:01 Gateway/motion 1
Gateway sending update to database
12:26:01 Gateway/motion 1
Gateway sending update to database
12:26:01 Gateway/motion 1
Gateway sending update to database
12:26:01 Gateway/motion 1
Gateway sending update to database
12:26:01 Gateway/motion 1
Gateway sending update to database
12:26:01 Gateway/motion 1
Gateway sending update to database
12:26:01 Gateway/motion 1
Gateway sending update to database
12:26:01 Gateway/motion 1
Gateway sending update to database
12:26:01 Gateway/motion 1
Gateway sending update to database
12:26:01 Gateway/motion 1
Gateway sending update to database
12:26:01 Gateway/motion 1
Gateway sending update to database
12:26:01 Gateway/motion 1
Gateway sending update to database
12:26:01 Gateway/motion 1
Gateway sending update to database
12:26:01 Gateway/motion 1
Gateway sending update to database
12:26:01 Gateway/motion 1
Gateway sending update to database
12:26:01 Gateway/motion 1
Gateway sending update to database
12:26:01 Gateway/motion 1
Gateway sending update to database
12:26:01 Gateway/motion 1
Gateway sending update to database
12:26:01 Gateway/motion 1
Gateway sending update to database
12:26:01 Gateway/motion 1
Gateway sending update to database
12:26:01 Gateway/motion 1
Gateway sending update to database
12:26:01 Gateway/motion 1
Gateway sending update to database
12:26:01 Gateway/motion 1
Gateway sending update to database
12:26:01 Gateway/motion 1
Gateway sending update to database
12:26:01 Gateway/motion 1
Gateway sending update to database
12:26:01 Gateway/motion 1
Gateway sending update to database
12:26:01 Gateway/motion 1
Gateway sending update to database
12:26:01 Gateway/motion 1
Gateway sending update to database
12:26:01 Gateway/motion 1
Gateway sending update to database
12:26:01 Gateway/motion 1
Gateway sending update to database
12:26:01 Gateway/motion 1
Gateway sending update to database
12:26:01 Gateway/motion 1
Gateway sending update to database
12:26:01 Gateway/motion 1
Gateway sending update to database
12:26:01 Gateway/motion 1
Gateway sending update to database
12:26:01 Gateway/motion 1
Gateway sending update to database
12:26:01 Gateway/motion 1
Gateway sending update to database
12:26:01 Gateway/motion 1
Gateway sending update to database
12:26:01 Gateway/motion 1
Gateway sending update to database
12:26:01 Gateway/motion 1
Gateway sending update to database
12:26:01 Gateway/motion 1
Gateway sending update to database
12:26:01 Gateway/motion 1
Gateway sending update to database
12:26:01 Gateway/motion 1
Gateway sending update to database
12:26:01 Gateway/motion 1
Gateway sending update to database
12:26:01 Gateway/motion 1
Gateway sending update to database
12:26:01 Gateway/motion 1
Gateway sending update to database
12:26:01 Gateway/motion 1
Gateway sending update to database
12:26:01 Gateway/motion 1
Gateway sending update to database
12:26:01 Gateway/motion 1
Gateway sending update to database
12:26:01 Gateway/motion 1
Gateway sending update to database
12:26:01 Gateway/motion 1
Gateway sending update to database
12:26:01 Gateway/motion 1
Gateway sending update to database
12:26:01 Gateway/motion 1
Gateway sending update to database
12:26:01 Gateway/motion 1
Gateway sending update to database
12:26:01 Gateway/motion 1
Gateway sending update to database
12:26:01 Gateway/motion 1
Gateway sending update to database
12:26:01 Gateway/motion 1
Gateway sending update to database
12:26:01 Gateway/motion 1
Gateway sending update to database
12:26:01 Gateway/motion 1
Gateway sending update to database
12:26:01 Gateway/motion 1
Gateway sending update to database
12:26:01 Gateway/motion 1
Gateway sending update to database
12:26:01 Gateway/motion 1
Gateway sending update to database
12:26:01 Gateway/motion 1
Gateway sending update to database
12:26:01 Gateway/motion 1
Gateway sending update to database
12:26:01 Gateway/motion 1
Gateway sending update to database
12:26:01 Gateway/motion 1
Gateway sending update to database
12:26:01 Gateway/motion 1
Gateway sending update to database
12:26:01 Gateway/motion 1
Gateway sending update to database
12:26:01 Gateway/motion 1
Gateway sending update to database
12:26:01 Gateway/motion 1
Gateway sending update to database
12:26:01 Gateway/motion 1
Gateway sending update to database
12:26:01 Gateway/motion 1
Gateway sending update to database
12:26:01 Gateway/motion 1
Gateway sending update to database
12:26:01 Gateway/motion 1
Gateway sending update to database
12:26:01 Gateway/motion 1
Gateway sending update to database
12:26:01 Gateway/motion 1
Gateway sending update to database
12:26:01 Gateway/motion 1
Gateway sending update to database
12:26:01 Gateway/motion 1
Gateway sending update to database
12:26:01 Gateway/motion 1
Gateway sending update to database
12:26:01 Gateway/motion 1
Gateway sending update to database
12:26:01 Gateway/motion 1
Gateway sending update to database
12:26:01 Gateway/motion 1
Gateway sending update to database
12:26:01 Gateway/motion 1
Gateway sending update to database
12:26:01 Gateway/motion 1
Gateway sending update to database
12:26:01 Gateway/motion 1
Gateway sending update to database
12:26:01 Gateway/motion 1
Gateway sending update to database
12:26:01 Gateway/motion 1
Gateway sending update to database
12:26:01 Gateway/motion 1
Gateway sending update to database
12:26:01 Gateway/motion 1
Gateway sending update to database
12:26:01 Gateway/motion 1
Gateway sending update to database
12:26:01 Gateway/motion 1
Gateway sending update to database
12:26:01 Gateway/motion 1
Gateway sending update to database
12:26:01 Gateway/motion 1
Gateway sending update to database
12:26:01 Gateway/motion 1
Gateway sending update to database
12:26:01 Gateway/motion 1
Gateway sending update to database
12:26:01 Gateway/motion 1
Gateway sending update to database
12:26:01 Gateway/motion 1
Gateway sending update to database
12:26:01 Gateway/motion 1
Gateway sending update to database
12:26:01 Gateway/motion 1
Gateway sending update to database
12:26:01 Gateway/motion 1
Gateway sending update to database
12:26:01 Gateway/motion 1
Gateway sending update to database
12:26:01 Gateway/motion 1
Gateway sending update to database
12:26:01 Gateway/motion 1
Gateway sending update to database
12:26:01 Gateway/motion 1
Gateway sending update to database
12:26:01 Gateway/motion 1
Gateway sending update to database
12:26:01 Gateway/motion 1
Gateway sending update to database
12:26:02 Gateway/motion 1
Gateway sending update to database
12:26:02 Gateway/motion 1
Gateway sending update to database
12:26:02 Gateway/motion 1
Gateway sending update to database
12:26:02 Gateway/motion 1
Gateway sending update to database
12:26:02 Gateway/motion 1
Gateway sending update to database
12:26:02 Gateway/motion 1
Gateway sending update to database
12:26:02 Gateway/motion 1
Gateway sending update to database
12:26:02 Gateway/motion 1
Gateway sending update to database
12:26:02 Gateway/motion 1
Gateway sending update to database
12:26:02 Gateway/motion 1
Gateway sending update to database
12:26:02 Gateway/motion 1
Gateway sending update to database
12:26:02 Gateway/motion 1
Gateway sending update to database
12:26:02 Gateway/motion 1
Gateway sending update to database
12:26:02 Gateway/motion 1
Gateway sending update to database
12:26:02 Gateway/motion 1
Gateway sending update to database
12:26:02 Gateway/motion 1
Gateway sending update to database
12:26:02 Gateway/motion 1
Gateway sending update to database
12:26:02 Gateway/motion 1
Gateway sending update to database
12:26:02 Gateway/motion 1
Gateway sending update to database
12:26:02 Gateway/motion 1
Gateway sending update to database
12:26:02 Gateway/motion 1
Gateway sending update to database
12:26:02 Gateway/motion 1
Gateway sending update to database
12:26:02 Gateway/motion 1
Gateway sending update to database
12:26:02 Gateway/motion 1
Gateway sending update to database
12:26:02 Gateway/motion 1
Gateway sending update to database
12:26:02 Gateway/motion 1
Gateway sending update to database
12:26:02 Gateway/motion 1
Gateway sending update to database
12:26:02 Gateway/motion 1
Gateway sending update to database
12:26:02 Gateway/motion 1
Gateway sending update to database
12:26:02 Gateway/motion 1
Gateway sending update to database
12:26:02 Gateway/motion 1
Gateway sending update to database
12:26:02 Gateway/motion 1
Gateway sending update to database
12:26:02 Gateway/motion 1
Gateway sending update to database
12:26:02 Gateway/motion 1
Gateway sending update to database
12:26:02 Gateway/motion 1
Gateway sending update to database
12:26:02 Gateway/motion 1
Gateway sending update to database
12:26:02 Gateway/motion 1
Gateway sending update to database
12:26:02 Gateway/motion 1
Gateway sending update to database
12:26:02 Gateway/motion 1
Gateway sending update to database
12:26:02 Gateway/motion 1
Gateway sending update to database
12:26:02 Gateway/motion 1
Gateway sending update to database
12:26:02 Gateway/motion 1
Gateway sending update to database
12:26:02 Gateway/motion 1
Gateway sending update to database
12:26:02 Gateway/motion 1
Gateway sending update to database
12:26:02 Gateway/motion 1
Gateway sending update to database
12:26:02 Gateway/motion 1
Gateway sending update to database
12:26:02 Gateway/motion 1
Gateway sending update to database
12:26:02 Gateway/motion 1
Gateway sending update to database
12:26:02 Gateway/motion 1
Gateway sending update to database
12:26:02 Gateway/motion 1
Gateway sending update to database
12:26:02 Gateway/motion 1
Gateway sending update to database
12:26:02 Gateway/motion 1
Gateway sending update to database
12:26:02 Gateway/motion 1
Gateway sending update to database
12:26:02 Gateway/motion 1
Gateway sending update to database
12:26:02 Gateway/motion 1
Gateway sending update to database
12:26:02 Gateway/motion 1
Gateway sending update to database
12:26:02 Gateway/motion 1
Gateway sending update to database
12:26:02 Gateway/motion 1
Gateway sending update to database
12:26:02 Gateway/motion 1
Gateway sending update to database
12:26:02 Gateway/motion 1
Gateway sending update to database
12:26:02 Gateway/motion 1
Gateway sending update to database
12:26:02 Gateway/motion 1
Gateway sending update to database
12:26:02 Gateway/motion 1
Gateway sending update to database
12:26:02 Gateway/motion 1
Gateway sending update to database
12:26:02 Gateway/motion 1
Gateway sending update to database
12:26:02 Gateway/motion 1
Gateway sending update to database
12:26:02 Gateway/motion 1
Gateway sending update to database
12:26:02 Gateway/motion 1
Gateway sending update to database
12:26:02 Gateway/motion 1
Gateway sending update to database
12:26:02 Gateway/motion 1
Gateway sending update to database
12:26:02 Gateway/motion 1
Gateway sending update to database
12:26:02 Gateway/motion 1
Gateway sending update to database
12:26:02 Gateway/motion 1
Gateway sending update to database
12:26:02 Gateway/motion 1
Gateway sending update to database
12:26:02 Gateway/motion 1
Gateway sending update to database
12:26:02 Gateway/motion 1
Gateway sending update to database
12:26:02 Gateway/motion 1
Gateway sending update to database
12:26:02 Gateway/motion 1
Gateway sending update to database
12:26:02 Gateway/motion 1
Gateway sending update to database
12:26:02 Gateway/motion 1
Gateway sending update to database
12:26:02 Gateway/motion 1
Gateway sending update to database
12:26:02 Gateway/motion 1
Gateway sending update to database
12:26:02 Gateway/motion 1
Gateway sending update to database
12:26:02 Gateway/motion 1
Gateway sending update to database
12:26:02 Gateway/motion 1
Gateway sending update to database
12:26:02 Gateway/motion 1
Gateway sending update to database
12:26:02 Gateway/motion 1
Gateway sending update to database
12:26:02 Gateway/motion 1
Gateway sending update to database
12:26:02 Gateway/motion 1
Gateway sending update to database
12:26:02 Gateway/motion 1
Gateway sending update to database
12:26:02 Gateway/motion 1
Gateway sending update to database
12:26:02 Gateway/motion 1
Gateway sending update to database
12:26:02 Gateway/motion 1
Gateway sending update to database
12:26:02 Gateway/motion 1
Gateway sending update to database
12:26:02 Gateway/motion 1
Gateway sending update to database
12:26:02 Gateway/motion 1
Gateway sending update to database
12:26:02 Gateway/motion 1
Gateway sending update to database
12:26:02 Gateway/motion 1
Gateway sending update to database
12:26:02 Gateway/motion 1
Gateway sending update to database
12:26:02 Gateway/motion 1
Gateway sending update to database
12:26:02 Gateway/motion 1
Gateway sending update to database
12:26:02 Gateway/motion 1
Gateway sending update to database
12:26:02 Gateway/motion 1
Gateway sending update to database
12:26:02 Gateway/motion 1
Gateway sending update to database
12:26:02 Gateway/motion 1
Gateway sending update to database
12:26:02 Gateway/motion 1
Gateway sending update to database
12:26:02 Gateway/motion 1
Gateway sending update to database
12:26:02 Gateway/motion 1
Gateway sending update to database
12:26:02 Gateway/motion 1
Gateway sending update to database
12:26:02 Gateway/motion 1
Gateway sending update to database
12:26:02 Gateway/motion 1
Gateway sending update to database
12:26:02 Gateway/motion 1
Gateway sending update to database
12:26:02 Gateway/motion 1
Gateway sending update to database
12:26:02 Gateway/motion 1
Gateway sending update to database
12:26:02 Gateway/motion 1
Gateway sending update to database
12:26:02 Gateway/motion 1
Gateway sending update to database
12:26:02 Gateway/motion 1
Gateway sending update to database
12:26:02 Gateway/motion 1
Gateway sending update to database
12:26:02 Gateway/motion 1
Gateway sending update to database
12:26:02 Gateway/motion 1
Gateway sending update to database
12:26:02 Gateway/motion 1
Gateway sending update to database
12:26:02 Gateway/motion 1
Gateway sending update to database
12:26:02 Gateway/motion 1
Gateway sending update to database
12:26:02 Gateway/motion 1
Gateway sending update to database
12:26:02 Gateway/motion 1
Gateway sending update to database
12:26:02 Gateway/motion 1
Gateway sending update to database
12:26:02 Gateway/motion 1
Gateway sending update to database
12:26:02 Gateway/motion 1
Gateway sending update to database
12:26:02 Gateway/motion 1
Gateway sending update to database
12:26:02 Gateway/motion 1
Gateway sending update to database
12:26:02 Gateway/motion 1
Gateway sending update to database
12:26:02 Gateway/motion 1
Gateway sending update to database
12:26:02 Gateway/motion 1
Gateway sending update to database
12:26:02 Gateway/motion 1
Gateway sending update to database
12:26:02 Gateway/motion 1
Gateway sending update to database
12:26:02 Gateway/motion 1
Gateway sending update to database
12:26:02 Gateway/motion 1
Gateway sending update to database
12:26:02 Gateway/motion 1
Gateway sending update to database
12:26:02 Gateway/motion 1
Gateway sending update to database
12:26:02 Gateway/motion 1
Gateway sending update to database
12:26:02 Gateway/motion 1
Gateway sending update to database
12:26:02 Gateway/motion 1
Gateway sending update to database
12:26:02 Gateway/motion 1
Gateway sending update to database
12:26:02 Gateway/motion 1
Gateway sending update to database
12:26:02 Gateway/motion 1
Gateway sending update to database
12:26:02 Gateway/motion 1
Gateway sending update to database
12:26:02 Gateway/motion 1
Gateway sending update to database
12:26:02 Gateway/motion 1
Gateway sending update to database
12:26:02 Gateway/motion 1
Gateway sending update to database
12:26:02 Gateway/motion 1
Gateway sending update to database
12:26:02 Gateway/motion 1
Gateway sending update to database
12:26:02 Gateway/motion 1
Gateway sending update to database
12:26:02 Gateway/motion 1
Gateway sending update to database
12:26:02 Gateway/motion 1
Gateway sending update to database
12:26:02 Gateway/motion 1
Gateway sending update to database
12:26:02 Gateway/motion 1
Gateway sending update to database
12:26:02 Gateway/motion 1
Gateway sending update to database
12:26:02 Gateway/motion 1
Gateway sending update to database
12:26:02 Gateway/motion 1
Gateway sending update to database
12:26:02 Gateway/motion 1
Gateway sending update to database
12:26:02 Gateway/motion 1
Gateway sending update to database
12:26:02 Gateway/motion 1
Gateway sending update to database
12:26:02 Gateway/motion 1
Gateway sending update to database
12:26:02 Gateway/motion 1
Gateway sending update to database
12:26:02 Gateway/motion 1
Gateway sending update to database
12:26:02 Gateway/motion 1
Gateway sending update to database
12:26:02 Gateway/motion 1
Gateway sending update to database
12:26:02 Gateway/motion 1
Gateway sending update to database
12:26:02 Gateway/motion 1
Gateway sending update to database
12:26:02 Gateway/motion 1
Gateway sending update to database
12:26:02 Gateway/motion 1
Gateway sending update to database
12:26:02 Gateway/motion 1
Gateway sending update to database
12:26:02 Gateway/motion 1
Gateway sending update to database
12:26:02 Gateway/motion 1
Gateway sending update to database
12:26:02 Gateway/motion 1
Gateway sending update to database
12:26:02 Gateway/motion 1
Gateway sending update to database
12:26:02 Gateway/motion 1
Gateway sending update to database
12:26:02 Gateway/motion 1
Gateway sending update to database
12:26:02 Gateway/motion 1
Gateway sending update to database
12:26:02 Gateway/motion 1
Gateway sending update to database
12:26:02 Gateway/motion 1
Gateway sending update to database
12:26:02 Gateway/motion 1
Gateway sending update to database
12:26:02 Gateway/motion 1
Gateway sending update to database
12:26:02 Gateway/motion 1
Gateway sending update to database
12:26:02 Gateway/motion 1
Gateway sending update to database
12:26:02 Gateway/motion 1
Gateway sending update to database
12:26:02 Gateway/motion 1
Gateway sending update to database
12:26:02 Gateway/motion 1
Gateway sending update to database
12:26:02 Gateway/motion 1
Gateway sending update to database
12:26:02 Gateway/motion 1
Gateway sending update to database
12:26:02 Gateway/motion 1
Gateway sending update to database
12:26:02 Gateway/motion 1
Gateway sending update to database
12:26:02 Gateway/motion 1
Gateway sending update to database
12:26:02 Gateway/motion 1
Gateway sending update to database
12:26:02 Gateway/motion 1
Gateway sending update to database
12:26:02 Gateway/motion 1
Gateway sending update to database
12:26:02 Gateway/motion 1
Gateway sending update to database
12:26:02 Gateway/motion 1
Gateway sending update to database
12:26:02 Gateway/motion 1
Gateway sending update to database
12:26:02 Gateway/motion 1
Gateway sending update to database
12:26:02 Gateway/motion 1
Gateway sending update to database
12:26:02 Gateway/motion 1
Gateway sending update to database
12:26:02 Gateway/motion 1
Gateway sending update to database
12:26:02 Gateway/motion 1
Gateway sending update to database
12:26:02 Gateway/motion 1
Gateway sending update to database
12:26:02 Gateway/motion 1
Gateway sending update to database
12:26:02 Gateway/motion 1
Gateway sending update to database
12:26:02 Gateway/motion 1
Gateway sending update to database
12:26:02 Gateway/motion 1
Gateway sending update to database
12:26:02 Gateway/motion 1
Gateway sending update to database
12:26:02 Gateway/motion 1
Gateway sending update to database
12:26:02 Gateway/motion 1
Gateway sending update to database
12:26:02 Gateway/motion 1
Gateway sending update to database
12:26:02 Gateway/motion 1
Gateway sending update to database
12:26:02 Gateway/motion 1
Gateway sending update to database
12:26:02 Gateway/motion 1
Gateway sending update to database
12:26:02 Gateway/motion 1
Gateway sending update to database
12:26:02 Gateway/motion 1
Gateway sending update to database
12:26:02 Gateway/motion 1
Gateway sending update to database
12:26:02 Gateway/motion 1
Gateway sending update to database
12:26:02 Gateway/motion 1
Gateway sending update to database
12:26:02 Gateway/motion 1
Gateway sending update to database
12:26:02 Gateway/motion 1
Gateway sending update to database
12:26:02 Gateway/motion 1
Gateway sending update to database
12:26:02 Gateway/motion 1
Gateway sending update to database
12:26:02 Gateway/motion 1
Gateway sending update to database
12:26:02 Gateway/motion 1
Gateway sending update to database
12:26:02 Gateway/motion 1
Gateway sending update to database
12:26:02 Gateway/motion 1
Gateway sending update to database
12:26:02 Gateway/motion 1
Gateway sending update to database
12:26:02 Gateway/motion 1
Gateway sending update to database
12:26:02 Gateway/motion 1
Gateway sending update to database
12:26:02 Gateway/motion 1
Gateway sending update to database
12:26:02 Gateway/motion 1
Gateway sending update to database
12:26:02 Gateway/motion 1
Gateway sending update to database
12:26:02 Gateway/motion 1
Gateway sending update to database
12:26:02 Gateway/motion 1
Gateway sending update to database
12:26:02 Gateway/motion 1
Gateway sending update to database
12:26:02 Gateway/motion 1
Gateway sending update to database
12:26:02 Gateway/motion 1
Gateway sending update to database
12:26:02 Gateway/motion 1
Gateway sending update to database
12:26:02 Gateway/motion 1
Gateway sending update to database
12:26:02 Gateway/motion 1
Gateway sending update to database
12:26:02 Gateway/motion 1
Gateway sending update to database
12:26:02 Gateway/motion 1
Gateway sending update to database
12:26:02 Gateway/motion 1
Gateway sending update to database
12:26:02 Gateway/motion 1
Gateway sending update to database
12:26:02 Gateway/motion 1
Gateway sending update to database
12:26:02 Gateway/motion 1
Gateway sending update to database
12:26:02 Gateway/motion 1
Gateway sending update to database
12:26:02 Gateway/motion 1
Gateway sending update to database
12:26:02 Gateway/motion 1
Gateway sending update to database
12:26:03 Gateway/motion 1
Gateway sending update to database
12:26:03 Gateway/motion 1
Gateway sending update to database
12:26:03 Gateway/motion 1
Gateway sending update to database
12:26:03 Gateway/motion 1
Gateway sending update to database
12:26:03 Gateway/motion 1
Gateway sending update to database
12:26:03 Gateway/motion 1
Gateway sending update to database
12:26:03 Gateway/motion 1
Gateway sending update to database
12:26:03 Gateway/motion 1
Gateway sending update to database
12:26:03 Gateway/motion 1
Gateway sending update to database
12:26:03 Gateway/motion 1
Gateway sending update to database
12:26:03 Gateway/motion 1
Gateway sending update to database
12:26:03 Gateway/motion 1
Gateway sending update to database
12:26:03 Gateway/motion 1
Gateway sending update to database
12:26:03 Gateway/motion 1
Gateway sending update to database
12:26:03 Gateway/motion 1
Gateway sending update to database
12:26:03 Gateway/motion 1
Gateway sending update to database
12:26:03 Gateway/motion 1
Gateway sending update to database
12:26:03 Gateway/motion 1
Gateway sending update to database
12:26:03 Gateway/motion 1
Gateway sending update to database
12:26:03 Gateway/motion 1
Gateway sending update to database
12:26:03 Gateway/motion 1
Gateway sending update to database
12:26:03 Gateway/motion 1
Gateway sending update to database
12:26:03 Gateway/motion 1
Gateway sending update to database
12:26:03 Gateway/motion 1
Gateway sending update to database
12:26:03 Gateway/motion 1
Gateway sending update to database
12:26:03 Gateway/motion 1
Gateway sending update to database
12:26:03 Gateway/motion 1
Gateway sending update to database
12:26:03 Gateway/motion 1
Gateway sending update to database
12:26:03 Gateway/motion 1
Gateway sending update to database
12:26:03 Gateway/motion 1
Gateway sending update to database
12:26:03 Gateway/motion 1
Gateway sending update to database
12:26:03 Gateway/motion 1
Gateway sending update to database
12:26:03 Gateway/motion 1
Gateway sending update to database
12:26:03 Gateway/motion 1
Gateway sending update to database
12:26:03 Gateway/motion 1
Gateway sending update to database
12:26:03 Gateway/motion 1
Gateway sending update to database
12:26:03 Gateway/motion 1
Gateway sending update to database
12:26:03 Gateway/motion 1
Gateway sending update to database
12:26:03 Gateway/motion 1
Gateway sending update to database
12:26:03 Gateway/motion 1
Gateway sending update to database
12:26:03 Gateway/motion 1
Gateway sending update to database
12:26:03 Gateway/motion 1
Gateway sending update to database
12:26:03 Gateway/motion 1
Gateway sending update to database
12:26:03 Gateway/motion 1
Gateway sending update to database
12:26:03 Gateway/motion 1
Gateway sending update to database
12:26:03 Gateway/motion 1
Gateway sending update to database
12:26:03 Gateway/motion 1
Gateway sending update to database
12:26:03 Gateway/motion 1
Gateway sending update to database
12:26:03 Gateway/motion 1
Gateway sending update to database
12:26:03 Gateway/motion 1
Gateway sending update to database
12:26:03 Gateway/motion 1
Gateway sending update to database
12:26:03 Gateway/motion 1
Gateway sending update to database
12:26:03 Gateway/motion 1
Gateway sending update to database
12:26:03 Gateway/motion 1
Gateway sending update to database
12:26:03 Gateway/motion 1
Gateway sending update to database
12:26:03 Gateway/motion 1
Gateway sending update to database
12:26:03 Gateway/motion 1
Gateway sending update to database
12:26:03 Gateway/motion 1
Gateway sending update to database
12:26:03 Gateway/motion 1
Gateway sending update to database
12:26:03 Gateway/motion 1
Gateway sending update to database
12:26:03 Gateway/motion 1
Gateway sending update to database
12:26:03 Gateway/motion 1
Gateway sending update to database
12:26:03 Gateway/motion 1
Gateway sending update to database
12:26:03 Gateway/motion 1
Gateway sending update to database
12:26:03 Gateway/motion 1
Gateway sending update to database
12:26:03 Gateway/motion 1
Gateway sending update to database
12:26:03 Gateway/motion 1
Gateway sending update to database
12:26:03 Gateway/motion 1
Gateway sending update to database
12:26:03 Gateway/motion 1
Gateway sending update to database
12:26:03 Gateway/motion 1
Gateway sending update to database
12:26:03 Gateway/motion 1
Gateway sending update to database
12:26:03 Gateway/motion 1
Gateway sending update to database
12:26:03 Gateway/motion 1
Gateway sending update to database
12:26:03 Gateway/motion 1
Gateway sending update to database
12:26:03 Gateway/motion 1
Gateway sending update to database
12:26:03 Gateway/motion 1
Gateway sending update to database
12:26:03 Gateway/motion 1
Gateway sending update to database
12:26:03 Gateway/motion 1
Gateway sending update to database
12:26:03 Gateway/motion 1
Gateway sending update to database
12:26:03 Gateway/motion 1
Gateway sending update to database
12:26:03 Gateway/motion 1
Gateway sending update to database
12:26:03 Gateway/motion 1
Gateway sending update to database
12:26:03 Gateway/motion 1
Gateway sending update to database
12:26:03 Gateway/motion 1
Gateway sending update to database
12:26:03 Gateway/motion 1
Gateway sending update to database
12:26:03 Gateway/motion 1
Gateway sending update to database
12:26:03 Gateway/motion 1
Gateway sending update to database
12:26:03 Gateway/motion 1
Gateway sending update to database
12:26:03 Gateway/motion 1
Gateway sending update to database
12:26:03 Gateway/motion 1
Gateway sending update to database
12:26:03 Gateway/motion 1
Gateway sending update to database
12:26:03 Gateway/motion 1
Gateway sending update to database
12:26:03 Gateway/motion 1
Gateway sending update to database
12:26:03 Gateway/motion 1
Gateway sending update to database
12:26:03 Gateway/motion 1
Gateway sending update to database
12:26:03 Gateway/motion 1
Gateway sending update to database
12:26:03 Gateway/motion 1
Gateway sending update to database
12:26:03 Gateway/motion 1
Gateway sending update to database
12:26:03 Gateway/motion 1
Gateway sending update to database
12:26:03 Gateway/motion 1
Gateway sending update to database
12:26:03 Gateway/motion 1
Gateway sending update to database
12:26:03 Gateway/motion 1
Gateway sending update to database
12:26:03 Gateway/motion 1
Gateway sending update to database
12:26:03 Gateway/motion 1
Gateway sending update to database
12:26:03 Gateway/motion 1
Gateway sending update to database
12:26:03 Gateway/motion 1
Gateway sending update to database
12:26:03 Gateway/motion 1
Gateway sending update to database
12:26:03 Gateway/motion 1
Gateway sending update to database
12:26:03 Gateway/motion 1
Gateway sending update to database
12:26:03 Gateway/motion 1
Gateway sending update to database
12:26:03 Gateway/motion 1
Gateway sending update to database
12:26:03 Gateway/motion 1
Gateway sending update to database
12:26:03 Gateway/motion 1
Gateway sending update to database
12:26:03 Gateway/motion 1
Gateway sending update to database
12:26:03 Gateway/motion 1
Gateway sending update to database
12:26:03 Gateway/motion 1
Gateway sending update to database
12:26:03 Gateway/motion 1
Gateway sending update to database
12:26:03 Gateway/motion 1
Gateway sending update to database
12:26:03 Gateway/motion 1
Gateway sending update to database
12:26:03 Gateway/motion 1
Gateway sending update to database
12:26:03 Gateway/motion 1
Gateway sending update to database
12:26:03 Gateway/motion 1
Gateway sending update to database
12:26:03 Gateway/motion 1
Gateway sending update to database
12:26:03 Gateway/motion 1
Gateway sending update to database
12:26:03 Gateway/motion 1
Gateway sending update to database
12:26:03 Gateway/motion 1
Gateway sending update to database
12:26:03 Gateway/motion 1
Gateway sending update to database
12:26:03 Gateway/motion 1
Gateway sending update to database
12:26:03 Gateway/motion 1
Gateway sending update to database
12:26:03 Gateway/motion 1
Gateway sending update to database
12:26:03 Gateway/motion 1
Gateway sending update to database
12:26:03 Gateway/motion 1
Gateway sending update to database
12:26:03 Gateway/motion 1
Gateway sending update to database
12:26:03 Gateway/motion 1
Gateway sending update to database
12:26:03 Gateway/motion 1
Gateway sending update to database
12:26:03 Gateway/motion 1
Gateway sending update to database
12:26:03 Gateway/motion 1
Gateway sending update to database
12:26:03 Gateway/motion 1
Gateway sending update to database
12:26:03 Gateway/motion 1
Gateway sending update to database
12:26:03 Gateway/motion 1
Gateway sending update to database
12:26:03 Gateway/motion 1
Gateway sending update to database
12:26:03 Gateway/motion 1
Gateway sending update to database
12:26:03 Gateway/motion 1
Gateway sending update to database
12:26:03 Gateway/motion 1
Gateway sending update to database
12:26:03 Gateway/motion 1
Gateway sending update to database
12:26:03 Gateway/motion 1
Gateway sending update to database
12:26:03 Gateway/motion 1
Gateway sending update to database
12:26:03 Gateway/motion 1
Gateway sending update to database
12:26:03 Gateway/motion 1
Gateway sending update to database
12:26:03 Gateway/motion 1
Gateway sending update to database
12:26:03 Gateway/motion 1
Gateway sending update to database
12:26:03 Gateway/motion 1
Gateway sending update to database
12:26:03 Gateway/motion 1
Gateway sending update to database
12:26:03 Gateway/motion 1
Gateway sending update to database
12:26:03 Gateway/motion 1
Gateway sending update to database
12:26:03 Gateway/motion 1
Gateway sending update to database
12:26:03 Gateway/motion 1
Gateway sending update to database
12:26:03 Gateway/motion 1
Gateway sending update to database
12:26:03 Gateway/motion 1
Gateway sending update to database
12:26:03 Gateway/motion 1
Gateway sending update to database
12:26:03 Gateway/motion 1
Gateway sending update to database
12:26:03 Gateway/motion 1
Gateway sending update to database
12:26:03 Gateway/motion 1
Gateway sending update to database
12:26:03 Gateway/motion 1
Gateway sending update to database
12:26:03 Gateway/motion 1
Gateway sending update to database
12:26:03 Gateway/motion 1
Gateway sending update to database
12:26:03 Gateway/motion 1
Gateway sending update to database
12:26:03 Gateway/motion 1
Gateway sending update to database
12:26:03 Gateway/motion 1
Gateway sending update to database
12:26:03 Gateway/motion 1
Gateway sending update to database
12:26:03 Gateway/motion 1
Gateway sending update to database
12:26:03 Gateway/motion 1
Gateway sending update to database
12:26:03 Gateway/motion 1
Gateway sending update to database
12:26:03 Gateway/motion 1
Gateway sending update to database
12:26:03 Gateway/motion 1
Gateway sending update to database
12:26:03 Gateway/motion 1
Gateway sending update to database
12:26:03 Gateway/motion 1
Gateway sending update to database
12:26:03 Gateway/motion 1
Gateway sending update to database
12:26:03 Gateway/motion 1
Gateway sending update to database
12:26:03 Gateway/motion 1
Gateway sending update to database
12:26:03 Gateway/motion 1
Gateway sending update to database
12:26:03 Gateway/motion 1
Gateway sending update to database
12:26:03 Gateway/motion 1
Gateway sending update to database
12:26:03 Gateway/motion 1
Gateway sending update to database
12:26:03 Gateway/motion 1
Gateway sending update to database
12:26:03 Gateway/motion 1
Gateway sending update to database
12:26:03 Gateway/motion 1
Gateway sending update to database
12:26:03 Gateway/motion 1
Gateway sending update to database
12:26:03 Gateway/motion 1
Gateway sending update to database
12:26:03 Gateway/motion 1
Gateway sending update to database
12:26:03 Gateway/motion 1
Gateway sending update to database
12:26:03 Gateway/motion 1
Gateway sending update to database
12:26:03 Gateway/motion 1
Gateway sending update to database
12:26:03 Gateway/motion 1
Gateway sending update to database
12:26:03 Gateway/motion 1
Gateway sending update to database
12:26:03 Gateway/motion 1
Gateway sending update to database
12:26:03 Gateway/motion 1
Gateway sending update to database
12:26:03 Gateway/motion 1
Gateway sending update to database
12:26:03 Gateway/motion 1
Gateway sending update to database
12:26:03 Gateway/motion 1
Gateway sending update to database
12:26:03 Gateway/motion 1
Gateway sending update to database
12:26:03 Gateway/motion 1
Gateway sending update to database
12:26:03 Gateway/motion 1
Gateway sending update to database
12:26:03 Gateway/motion 1
Gateway sending update to database
12:26:03 Gateway/motion 1
Gateway sending update to database
12:26:03 Gateway/motion 1
Gateway sending update to database
12:26:03 Gateway/motion 1
Gateway sending update to database
12:26:03 Gateway/motion 1
Gateway sending update to database
12:26:03 Gateway/motion 1
Gateway sending update to database
12:26:03 Gateway/motion 1
Gateway sending update to database
12:26:03 Gateway/motion 1
Gateway sending update to database
12:26:03 Gateway/motion 1
Gateway sending update to database
12:26:03 Gateway/motion 1
Gateway sending update to database
12:26:03 Gateway/motion 1
Gateway sending update to database
12:26:03 Gateway/motion 1
Gateway sending update to database
12:26:03 Gateway/motion 1
Gateway sending update to database
12:26:03 Gateway/motion 1
Gateway sending update to database
12:26:03 Gateway/motion 1
Gateway sending update to database
12:26:03 Gateway/motion 1
Gateway sending update to database
12:26:03 Gateway/motion 1
Gateway sending update to database
12:26:03 Gateway/motion 1
Gateway sending update to database
12:26:03 Gateway/motion 1
Gateway sending update to database
12:26:03 Gateway/motion 1
Gateway sending update to database
12:26:03 Gateway/motion 1
Gateway sending update to database
12:26:03 Gateway/motion 1
Gateway sending update to database
12:26:03 Gateway/motion 1
Gateway sending update to database
12:26:03 Gateway/motion 1
Gateway sending update to database
12:26:03 Gateway/motion 1
Gateway sending update to database
12:26:03 Gateway/motion 1
Gateway sending update to database
12:26:03 Gateway/motion 1
Gateway sending update to database
12:26:03 Gateway/motion 1
Gateway sending update to database
12:26:03 Gateway/motion 1
Gateway sending update to database
12:26:03 Gateway/motion 1
Gateway sending update to database
12:26:03 Gateway/motion 1
Gateway sending update to database
12:26:03 Gateway/motion 1
Gateway sending update to database
12:26:03 Gateway/motion 1
Gateway sending update to database
12:26:03 Gateway/motion 1
Gateway sending update to database
12:26:03 Gateway/motion 1
Gateway sending update to database
12:26:03 Gateway/motion 1
Gateway sending update to database
12:26:03 Gateway/motion 1
Gateway sending update to database
12:26:03 Gateway/motion 1
Gateway sending update to database
12:26:03 Gateway/motion 1
Gateway sending update to database
12:26:03 Gateway/motion 1
Gateway sending update to database
12:26:03 Gateway/motion 1
Gateway sending update to database
12:26:03 Gateway/motion 1
Gateway sending update to database
12:26:03 Gateway/motion 1
Gateway sending update to database
12:26:03 Gateway/motion 1
Gateway sending update to database
12:26:03 Gateway/motion 1
Gateway sending update to database
12:26:03 Gateway/motion 1
Gateway sending update to database
12:26:03 Gateway/motion 1
Gateway sending update to database
12:26:03 Gateway/motion 1
Gateway sending update to database
12:26:03 Gateway/motion 1
Gateway sending update to database
12:26:03 Gateway/motion 1
Gateway sending update to database
12:26:03 Gateway/motion 1
Gateway sending update to database
12:26:03 Gateway/motion 1
Gateway sending update to database
12:26:03 Gateway/motion 1
Gateway sending update to database
12:26:03 Gateway/motion 1
Gateway sending update to database
12:26:03 Gateway/motion 1
Gateway sending update to database
12:26:03 Gateway/motion 1
Gateway sending update to database
12:26:03 Gateway/motion 1
Gateway sending update to database
12:26:03 Gateway/motion 1
Gateway sending update to database
12:26:03 Gateway/motion 1
Gateway sending update to database
12:26:03 Gateway/motion 1
Gateway sending update to database
12:26:03 Gateway/motion 1
Gateway sending update to database
12:26:03 Gateway/motion 1
Gateway sending update to database
12:26:03 Gateway/motion 1
Gateway sending update to database
12:26:03 Gateway/motion 1
Gateway sending update to database
12:26:03 Gateway/motion 1
Gateway sending update to database
12:26:03 Gateway/motion 1
Gateway sending update to database
12:26:03 Gateway/motion 1
Gateway sending update to database
12:26:03 Gateway/motion 1
Gateway sending update to database
12:26:03 Gateway/motion 1
Gateway sending update to database
12:26:03 Gateway/motion 1
Gateway sending update to database
12:26:03 Gateway/motion 1
Gateway sending update to database
12:26:03 Gateway/motion 1
Gateway sending update to database
12:26:03 Gateway/motion 1
Gateway sending update to database
12:26:03 Gateway/motion 1
Gateway sending update to database
12:26:03 Gateway/motion 1
Gateway sending update to database
12:26:03 Gateway/motion 1
Gateway sending update to database
12:26:03 Gateway/motion 1
Gateway sending update to database
12:26:03 Gateway/motion 1
Gateway sending update to database
12:26:03 Gateway/motion 1
Gateway sending update to database
12:26:03 Gateway/motion 1
Gateway sending update to database
12:26:03 Gateway/motion 1
Gateway sending update to database
12:26:03 Gateway/motion 1
Gateway sending update to database
12:26:03 Gateway/motion 1
Gateway sending update to database
12:26:03 Gateway/motion 1
Gateway sending update to database
12:26:03 Gateway/motion 1
Gateway sending update to database
12:26:03 Gateway/motion 1
Gateway sending update to database
12:26:03 Gateway/motion 1
Gateway sending update to database
12:26:03 Gateway/motion 1
Gateway sending update to database
12:26:03 Gateway/motion 1
Gateway sending update to database
12:26:03 Gateway/motion 1
Gateway sending update to database
12:26:03 Gateway/motion 1
Gateway sending update to database
12:26:03 Gateway/motion 1
Gateway sending update to database
12:26:03 Gateway/motion 1
Gateway sending update to database
12:26:03 Gateway/motion 1
Gateway sending update to database
12:26:03 Gateway/motion 1
Gateway sending update to database
12:26:03 Gateway/motion 1
Gateway sending update to database
12:26:03 Gateway/motion 1
Gateway sending update to database
12:26:03 Gateway/motion 1
Gateway sending update to database
12:26:03 Gateway/motion 1
Gateway sending update to database
12:26:03 Gateway/motion 1
Gateway sending update to database
12:26:03 Gateway/motion 1
Gateway sending update to database
12:26:03 Gateway/motion 1
Gateway sending update to database
12:26:03 Gateway/motion 1
Gateway sending update to database
12:26:03 Gateway/motion 1
Gateway sending update to database
12:26:03 Gateway/motion 1
Gateway sending update to database
12:26:03 Gateway/motion 1
Gateway sending update to database
12:26:03 Gateway/motion 1
Gateway sending update to database
12:26:03 Gateway/motion 1
Gateway sending update to database
12:26:03 Gateway/motion 1
Gateway sending update to database
12:26:03 Gateway/motion 1
Gateway sending update to database
12:26:03 Gateway/motion 1
Gateway sending update to database
12:26:03 Gateway/motion 1
Gateway sending update to database
12:26:03 Gateway/motion 1
Gateway sending update to database
12:26:03 Gateway/motion 1
Gateway sending update to database
12:26:03 Gateway/motion 1
Gateway sending update to database
12:26:03 Gateway/motion 1
Gateway sending update to database
12:26:03 Gateway/motion 1
Gateway sending update to database
12:26:03 Gateway/motion 1
Gateway sending update to database
12:26:03 Gateway/motion 1
Gateway sending update to database
12:26:03 Gateway/motion 1
Gateway sending update to database
12:26:03 Gateway/motion 1
Gateway sending update to database
12:26:03 Gateway/motion 1
Gateway sending update to database
12:26:03 Gateway/motion 1
Gateway sending update to database
12:26:03 Gateway/motion 1
Gateway sending update to database
12:26:03 Gateway/motion 1
Gateway sending update to database
12:26:03 Gateway/motion 1
Gateway sending update to database
12:26:03 Gateway/motion 1
Gateway sending update to database
12:26:03 Gateway/motion 1
Gateway sending update to database
12:26:03 Gateway/motion 1
Gateway sending update to database
12:26:03 Gateway/motion 1
Gateway sending update to database
12:26:03 Gateway/motion 1
Gateway sending update to database
12:26:03 Gateway/motion 1
Gateway sending update to database
12:26:03 Gateway/motion 1
Gateway sending update to database
12:26:03 Gateway/motion 1
Gateway sending update to database
12:26:03 Gateway/motion 1
Gateway sending update to database
12:26:03 Gateway/motion 1
Gateway sending update to database
12:26:03 Gateway/motion 1
Gateway sending update to database
12:26:03 Gateway/motion 1
Gateway sending update to database
12:26:03 Gateway/motion 1
Gateway sending update to database
12:26:03 Gateway/motion 1
Gateway sending update to database
12:26:03 Gateway/motion 1
Gateway sending update to database
12:26:03 Gateway/motion 1
Gateway sending update to database
12:26:03 Gateway/motion 1
Gateway sending update to database
12:26:03 Gateway/motion 1
Gateway sending update to database
12:26:03 Gateway/motion 1
Gateway sending update to database
12:26:03 Gateway/motion 1
Gateway sending update to database
12:26:03 Gateway/motion 1
Gateway sending update to database
12:26:03 Gateway/motion 1
Gateway sending update to database
12:26:03 Gateway/motion 1
Gateway sending update to database
12:26:03 Gateway/motion 1
Gateway sending update to database
12:26:03 Gateway/motion 1
Gateway sending update to database
12:26:03 Gateway/motion 1
Gateway sending update to database
12:26:03 Gateway/motion 1
Gateway sending update to database
12:26:03 Gateway/motion 1
Gateway sending update to database
12:26:03 Gateway/motion 1
Gateway sending update to database
12:26:03 Gateway/motion 1
Gateway sending update to database
12:26:03 Gateway/motion 1
Gateway sending update to database
12:26:03 Gateway/motion 1
Gateway sending update to database
12:26:03 Gateway/motion 1
Gateway sending update to database
12:26:03 Gateway/motion 1
Gateway sending update to database
12:26:03 Gateway/motion 1
Gateway sending update to database
12:26:03 Gateway/motion 1
Gateway sending update to database
12:26:03 Gateway/motion 1
Gateway sending update to database
12:26:03 Gateway/motion 1
Gateway sending update to database
12:26:03 Gateway/motion 1
Gateway sending update to database
12:26:03 Gateway/motion 1
Gateway sending update to database
12:26:03 Gateway/motion 1
Gateway sending update to database
12:26:03 Gateway/motion 1
Gateway sending update to database
12:26:03 Gateway/motion 1
Gateway sending update to database
12:26:03 Gateway/motion 1
Gateway sending update to database
12:26:03 Gateway/motion 1
Gateway sending update to database
12:26:03 Gateway/motion 1
Gateway sending update to database
12:26:03 Gateway/motion 1
Gateway sending update to database
12:26:03 Gateway/motion 1
Gateway sending update to database
12:26:03 Gateway/motion 1
Gateway sending update to database
12:26:03 Gateway/motion 1
Gateway sending update to database
12:26:03 Gateway/motion 1
Gateway sending update to database
12:26:03 Gateway/motion 1
Gateway sending update to database
12:26:03 Gateway/motion 1
Gateway sending update to database
12:26:03 Gateway/motion 1
Gateway sending update to database
12:26:03 Gateway/motion 1
Gateway sending update to database
12:26:03 Gateway/motion 1
Gateway sending update to database
12:26:03 Gateway/motion 1
Gateway sending update to database
12:26:03 Gateway/motion 1
Gateway sending update to database
12:26:03 Gateway/motion 1
Gateway sending update to database
12:26:03 Gateway/motion 1
Gateway sending update to database
12:26:03 Gateway/motion 1
Gateway sending update to database
12:26:03 Gateway/motion 1
Gateway sending update to database
12:26:03 Gateway/motion 1
Gateway sending update to database
12:26:03 Gateway/motion 1
Gateway sending update to database
12:26:03 Gateway/motion 1
Gateway sending update to database
12:26:03 Gateway/motion 1
Gateway sending update to database
12:26:03 Gateway/motion 1
Gateway sending update to database
12:26:03 Gateway/motion 1
Gateway sending update to database
12:26:03 Gateway/motion 1
Gateway sending update to database
12:26:03 Gateway/motion 1
Gateway sending update to database
12:26:03 Gateway/motion 1
Gateway sending update to database
12:26:03 Gateway/motion 1
Gateway sending update to database
12:26:03 Gateway/motion 1
Gateway sending update to database
12:26:03 Gateway/motion 1
Gateway sending update to database
12:26:03 Gateway/motion 1
Gateway sending update to database
12:26:03 Gateway/motion 1
Gateway sending update to database
12:26:03 Gateway/motion 1
Gateway sending update to database
12:26:03 Gateway/motion 1
Gateway sending update to database
12:26:03 Gateway/motion 1
Gateway sending update to database
12:26:03 Gateway/motion 1
Gateway sending update to database
12:26:04 Gateway/motion 1
Gateway sending update to database
12:26:04 Gateway/motion 1
Gateway sending update to database
12:26:04 Gateway/motion 1
Gateway sending update to database
12:26:04 Gateway/motion 1
Gateway sending update to database
12:26:04 Gateway/motion 1
Gateway sending update to database
12:26:04 Gateway/motion 1
Gateway sending update to database
12:26:04 Gateway/motion 1
Gateway sending update to database
12:26:04 Gateway/motion 1
Gateway sending update to database
12:26:04 Gateway/motion 1
Gateway sending update to database
12:26:04 Gateway/motion 1
Gateway sending update to database
12:26:04 Gateway/motion 1
Gateway sending update to database
12:26:04 Gateway/motion 1
Gateway sending update to database
12:26:04 Gateway/motion 1
Gateway sending update to database
12:26:04 Gateway/motion 1
Gateway sending update to database
12:26:04 Gateway/motion 1
Gateway sending update to database
12:26:04 Gateway/motion 1
Gateway sending update to database
12:26:04 Gateway/motion 1
Gateway sending update to database
12:26:04 Gateway/motion 1
Gateway sending update to database
12:26:04 Gateway/motion 1
Gateway sending update to database
12:26:04 Gateway/motion 1
Gateway sending update to database
12:26:04 Gateway/motion 1
Gateway sending update to database
12:26:04 Gateway/motion 1
Gateway sending update to database
12:26:04 Gateway/motion 1
Gateway sending update to database
12:26:04 Gateway/motion 1
Gateway sending update to database
12:26:04 Gateway/motion 1
Gateway sending update to database
12:26:04 Gateway/motion 1
Gateway sending update to database
12:26:04 Gateway/motion 1
Gateway sending update to database
12:26:04 Gateway/motion 1
Gateway sending update to database
12:26:04 Gateway/motion 1
Gateway sending update to database
12:26:04 Gateway/motion 1
Gateway sending update to database
12:26:04 Gateway/motion 1
Gateway sending update to database
12:26:04 Gateway/motion 1
Gateway sending update to database
12:26:04 Gateway/motion 1
Gateway sending update to database
12:26:04 Gateway/motion 1
Gateway sending update to database
12:26:04 Gateway/motion 1
Gateway sending update to database
12:26:04 Gateway/motion 1
Gateway sending update to database
12:26:04 Gateway/motion 1
Gateway sending update to database
12:26:04 Gateway/motion 1
Gateway sending update to database
12:26:04 Gateway/motion 1
Gateway sending update to database
12:26:04 Gateway/motion 1
Gateway sending update to database
12:26:04 Gateway/motion 1
Gateway sending update to database
12:26:04 Gateway/motion 1
Gateway sending update to database
12:26:04 Gateway/motion 1
Gateway sending update to database
12:26:04 Gateway/motion 1
Gateway sending update to database
12:26:04 Gateway/motion 1
Gateway sending update to database
12:26:04 Gateway/motion 1
Gateway sending update to database
12:26:04 Gateway/motion 1
Gateway sending update to database
12:26:04 Gateway/motion 1
Gateway sending update to database
12:26:04 Gateway/motion 1
Gateway sending update to database
12:26:04 Gateway/motion 1
Gateway sending update to database
12:26:04 Gateway/motion 1
Gateway sending update to database
12:26:04 Gateway/motion 1
Gateway sending update to database
12:26:04 Gateway/motion 1
Gateway sending update to database
12:26:04 Gateway/motion 1
Gateway sending update to database
12:26:04 Gateway/motion 1
Gateway sending update to database
12:26:04 Gateway/motion 1
Gateway sending update to database
12:26:04 Gateway/motion 1
Gateway sending update to database
12:26:04 Gateway/motion 1
Gateway sending update to database
12:26:04 Gateway/motion 1
Gateway sending update to database
12:26:04 Gateway/motion 1
Gateway sending update to database
12:26:04 Gateway/motion 1
Gateway sending update to database
12:26:04 Gateway/motion 1
Gateway sending update to database
12:26:04 Gateway/motion 1
Gateway sending update to database
12:26:04 Gateway/motion 1
Gateway sending update to database
12:26:04 Gateway/motion 1
Gateway sending update to database
12:26:04 Gateway/motion 1
Gateway sending update to database
12:26:04 Gateway/motion 1
Gateway sending update to database
12:26:04 Gateway/motion 1
Gateway sending update to database
12:26:04 Gateway/motion 1
Gateway sending update to database
12:26:04 Gateway/motion 1
Gateway sending update to database
12:26:04 Gateway/motion 1
Gateway sending update to database
12:26:04 Gateway/motion 1
Gateway sending update to database
12:26:04 Gateway/motion 1
Gateway sending update to database
12:26:04 Gateway/motion 1
Gateway sending update to database
12:26:04 Gateway/motion 1
Gateway sending update to database
12:26:04 Gateway/motion 1
Gateway sending update to database
12:26:04 Gateway/motion 1
Gateway sending update to database
12:26:04 Gateway/motion 1
Gateway sending update to database
12:26:04 Gateway/motion 1
Gateway sending update to database
12:26:04 Gateway/motion 1
Gateway sending update to database
12:26:04 Gateway/motion 1
Gateway sending update to database
12:26:04 Gateway/motion 1
Gateway sending update to database
12:26:04 Gateway/motion 1
Gateway sending update to database
12:26:04 Gateway/motion 1
Gateway sending update to database
12:26:04 Gateway/motion 1
Gateway sending update to database
12:26:04 Gateway/motion 1
Gateway sending update to database
12:26:04 Gateway/motion 1
Gateway sending update to database
12:26:04 Gateway/motion 1
Gateway sending update to database
12:26:04 Gateway/motion 1
Gateway sending update to database
12:26:04 Gateway/motion 1
Gateway sending update to database
12:26:04 Gateway/motion 1
Gateway sending update to database
12:26:04 Gateway/motion 1
Gateway sending update to database
12:26:04 Gateway/motion 1
Gateway sending update to database
12:26:04 Gateway/motion 1
Gateway sending update to database
12:26:04 Gateway/motion 1
Gateway sending update to database
12:26:04 Gateway/motion 1
Gateway sending update to database
12:26:04 Gateway/motion 1
Gateway sending update to database
12:26:04 Gateway/motion 1
Gateway sending update to database
12:26:04 Gateway/motion 1
Gateway sending update to database
12:26:04 Gateway/motion 1
Gateway sending update to database
12:26:04 Gateway/motion 1
Gateway sending update to database
12:26:04 Gateway/motion 1
Gateway sending update to database
12:26:04 Gateway/motion 1
Gateway sending update to database
12:26:04 Gateway/motion 1
Gateway sending update to database
12:26:04 Gateway/motion 1
Gateway sending update to database
12:26:04 Gateway/motion 1
Gateway sending update to database
12:26:04 Gateway/motion 1
Gateway sending update to database
12:26:04 Gateway/motion 1
Gateway sending update to database
12:26:04 Gateway/motion 1
Gateway sending update to database
12:26:04 Gateway/motion 1
Gateway sending update to database
12:26:04 Gateway/motion 1
Gateway sending update to database
12:26:04 Gateway/motion 1
Gateway sending update to database
12:26:04 Gateway/motion 1
Gateway sending update to database
12:26:04 Gateway/motion 1
Gateway sending update to database
12:26:04 Gateway/motion 1
Gateway sending update to database
12:26:04 Gateway/motion 1
Gateway sending update to database
12:26:04 Gateway/motion 1
Gateway sending update to database
12:26:04 Gateway/motion 1
Gateway sending update to database
12:26:04 Gateway/motion 1
Gateway sending update to database
12:26:04 Gateway/motion 1
Gateway sending update to database
12:26:04 Gateway/motion 1
Gateway sending update to database
12:26:04 Gateway/motion 1
Gateway sending update to database
12:26:04 Gateway/motion 1
Gateway sending update to database
12:26:04 Gateway/motion 1
Gateway sending update to database
12:26:04 Gateway/motion 1
Gateway sending update to database
12:26:04 Gateway/motion 1
Gateway sending update to database
12:26:04 Gateway/motion 1
Gateway sending update to database
12:26:04 Gateway/motion 1
Gateway sending update to database
12:26:04 Gateway/motion 1
Gateway sending update to database
12:26:04 Gateway/motion 1
Gateway sending update to database
12:26:04 Gateway/motion 1
Gateway sending update to database
12:26:04 Gateway/motion 1
Gateway sending update to database
12:26:04 Gateway/motion 1
Gateway sending update to database
12:26:04 Gateway/motion 1
Gateway sending update to database
12:26:04 Gateway/motion 1
Gateway sending update to database
12:26:04 Gateway/motion 1
Gateway sending update to database
12:26:04 Gateway/motion 1
Gateway sending update to database
12:26:04 Gateway/motion 1
Gateway sending update to database
12:26:04 Gateway/motion 1
Gateway sending update to database
12:26:04 Gateway/motion 1
Gateway sending update to database
12:26:04 Gateway/motion 1
Gateway sending update to database
12:26:04 Gateway/motion 1
Gateway sending update to database
12:26:04 Gateway/motion 1
Gateway sending update to database
12:26:04 Gateway/motion 1
Gateway sending update to database
12:26:04 Gateway/motion 1
Gateway sending update to database
12:26:04 Gateway/motion 1
Gateway sending update to database
12:26:04 Gateway/motion 1
Gateway sending update to database
12:26:04 Gateway/motion 1
Gateway sending update to database
12:26:04 Gateway/motion 1
Gateway sending update to database
12:26:04 Gateway/motion 1
Gateway sending update to database
12:26:04 Gateway/motion 1
Gateway sending update to database
12:26:04 Gateway/motion 1
Gateway sending update to database
12:26:04 Gateway/motion 1
Gateway sending update to database
12:26:04 Gateway/motion 1
Gateway sending update to database
12:26:04 Gateway/motion 1
Gateway sending update to database
12:26:04 Gateway/motion 1
Gateway sending update to database
12:26:04 Gateway/motion 1
Gateway sending update to database
12:26:04 Gateway/motion 1
Gateway sending update to database
12:26:04 Gateway/motion 1
Gateway sending update to database
12:26:04 Gateway/motion 1
Gateway sending update to database
12:26:04 Gateway/motion 1
Gateway sending update to database
12:26:04 Gateway/motion 1
Gateway sending update to database
12:26:04 Gateway/motion 1
Gateway sending update to database
12:26:04 Gateway/motion 1
Gateway sending update to database
12:26:04 Gateway/motion 1
Gateway sending update to database
12:26:04 Gateway/motion 1
Gateway sending update to database
12:26:04 Gateway/motion 1
Gateway sending update to database
12:26:04 Gateway/motion 1
Gateway sending update to database
12:26:04 Gateway/motion 1
Gateway sending update to database
12:26:04 Gateway/motion 1
Gateway sending update to database
12:26:04 Gateway/motion 1
Gateway sending update to database
12:26:04 Gateway/motion 1
Gateway sending update to database
12:26:04 Gateway/motion 1
Gateway sending update to database
12:26:04 Gateway/motion 1
Gateway sending update to database
12:26:04 Gateway/motion 1
Gateway sending update to database
12:26:04 Gateway/motion 1
Gateway sending update to database
12:26:04 Gateway/motion 1
Gateway sending update to database
12:26:04 Gateway/motion 1
Gateway sending update to database
12:26:04 Gateway/motion 1
Gateway sending update to database
12:26:04 Gateway/motion 1
Gateway sending update to database
12:26:04 Gateway/motion 1
Gateway sending update to database
12:26:04 Gateway/motion 1
Gateway sending update to database
12:26:04 Gateway/motion 1
Gateway sending update to database
12:26:04 Gateway/motion 1
Gateway sending update to database
12:26:04 Gateway/motion 1
Gateway sending update to database
12:26:04 Gateway/motion 1
Gateway sending update to database
12:26:04 Gateway/motion 1
Gateway sending update to database
12:26:04 Gateway/motion 1
Gateway sending update to database
12:26:04 Gateway/motion 1
Gateway sending update to database
12:26:04 Gateway/motion 1
Gateway sending update to database
12:26:04 Gateway/motion 1
Gateway sending update to database
12:26:04 Gateway/motion 1
Gateway sending update to database
12:26:04 Gateway/motion 1
Gateway sending update to database
12:26:04 Gateway/motion 1
Gateway sending update to database
12:26:04 Gateway/motion 1
Gateway sending update to database
12:26:04 Gateway/motion 1
Gateway sending update to database
12:26:04 Gateway/motion 1
Gateway sending update to database
12:26:04 Gateway/motion 1
Gateway sending update to database
12:26:04 Gateway/motion 1
Gateway sending update to database
12:26:04 Gateway/motion 1
Gateway sending update to database
12:26:04 Gateway/motion 1
Gateway sending update to database
12:26:04 Gateway/motion 1
Gateway sending update to database
12:26:04 Gateway/motion 1
Gateway sending update to database
12:26:04 Gateway/motion 1
Gateway sending update to database
12:26:04 Gateway/motion 1
Gateway sending update to database
12:26:04 Gateway/motion 1
Gateway sending update to database
12:26:04 Gateway/motion 1
Gateway sending update to database
12:26:04 Gateway/motion 1
Gateway sending update to database
12:26:04 Gateway/motion 1
Gateway sending update to database
12:26:04 Gateway/motion 1
Gateway sending update to database
12:26:04 Gateway/motion 1
Gateway sending update to database
12:26:04 Gateway/motion 1
Gateway sending update to database
12:26:04 Gateway/motion 1
Gateway sending update to database
12:26:04 Gateway/motion 1
Gateway sending update to database
12:26:04 Gateway/motion 1
Gateway sending update to database
12:26:04 Gateway/motion 1
Gateway sending update to database
12:26:04 Gateway/motion 1
Gateway sending update to database
12:26:04 Gateway/motion 1
Gateway sending update to database
12:26:04 Gateway/motion 1
Gateway sending update to database
12:26:04 Gateway/motion 1
Gateway sending update to database
12:26:04 Gateway/motion 1
Gateway sending update to database
12:26:04 Gateway/motion 1
Gateway sending update to database
12:26:04 Gateway/motion 1
Gateway sending update to database
12:26:04 Gateway/motion 1
Gateway sending update to database
12:26:04 Gateway/motion 1
Gateway sending update to database
12:26:04 Gateway/motion 1
Gateway sending update to database
12:26:04 Gateway/motion 1
Gateway sending update to database
12:26:04 Gateway/motion 1
Gateway sending update to database
12:26:04 Gateway/motion 1
Gateway sending update to database
12:26:04 Gateway/motion 1
Gateway sending update to database
12:26:04 Gateway/motion 1
Gateway sending update to database
12:26:04 Gateway/motion 1
Gateway sending update to database
12:26:04 Gateway/motion 1
Gateway sending update to database
12:26:04 Gateway/motion 1
Gateway sending update to database
12:26:04 Gateway/motion 1
Gateway sending update to database
12:26:04 Gateway/motion 1
Gateway sending update to database
12:26:04 Gateway/motion 1
Gateway sending update to database
12:26:04 Gateway/motion 1
Gateway sending update to database
12:26:04 Gateway/motion 1
Gateway sending update to database
12:26:04 Gateway/motion 1
Gateway sending update to database
12:26:04 Gateway/motion 1
Gateway sending update to database
12:26:04 Gateway/motion 1
Gateway sending update to database
12:26:04 Gateway/motion 1
Gateway sending update to database
12:26:04 Gateway/motion 1
Gateway sending update to database
12:26:04 Gateway/motion 1
Gateway sending update to database
12:26:04 Gateway/motion 1
Gateway sending update to database
12:26:04 Gateway/motion 1
Gateway sending update to database
12:26:04 Gateway/motion 1
Gateway sending update to database
12:26:04 Gateway/motion 1
Gateway sending update to database
12:26:04 Gateway/motion 1
Gateway sending update to database
12:26:04 Gateway/motion 1
Gateway sending update to database
12:26:04 Gateway/motion 1
Gateway sending update to database
12:26:04 Gateway/motion 1
Gateway sending update to database
12:26:04 Gateway/motion 1
Gateway sending update to database
12:26:04 Gateway/motion 1
Gateway sending update to database
12:26:04 Gateway/motion 1
Gateway sending update to database
12:26:04 Gateway/motion 1
Gateway sending update to database
12:26:04 Gateway/motion 1
Gateway sending update to database
12:26:04 Gateway/motion 1
Gateway sending update to database
12:26:04 Gateway/motion 1
Gateway sending update to database
12:26:04 Gateway/motion 1
Gateway sending update to database
12:26:04 Gateway/motion 1
Gateway sending update to database
12:26:04 Gateway/motion 1
Gateway sending update to database
12:26:04 Gateway/motion 1
Gateway sending update to database
12:26:04 Gateway/motion 1
Gateway sending update to database
12:26:04 Gateway/motion 1
Gateway sending update to database
12:26:04 Gateway/motion 1
Gateway sending update to database
12:26:04 Gateway/motion 1
Gateway sending update to database
12:26:04 Gateway/motion 1
Gateway sending update to database
12:26:04 Gateway/motion 1
Gateway sending update to database
12:26:04 Gateway/motion 1
Gateway sending update to database
12:26:04 Gateway/motion 1
Gateway sending update to database
12:26:04 Gateway/motion 1
Gateway sending update to database
12:26:04 Gateway/motion 1
Gateway sending update to database
12:26:04 Gateway/motion 1
Gateway sending update to database
12:26:04 Gateway/motion 1
Gateway sending update to database
12:26:04 Gateway/motion 1
Gateway sending update to database
12:26:04 Gateway/motion 1
Gateway sending update to database
12:26:04 Gateway/motion 1
Gateway sending update to database
12:26:04 Gateway/motion 1
Gateway sending update to database
12:26:04 Gateway/motion 1
Gateway sending update to database
12:26:04 Gateway/motion 1
Gateway sending update to database
12:26:04 Gateway/motion 1
Gateway sending update to database
12:26:04 Gateway/motion 1
Gateway sending update to database
12:26:04 Gateway/motion 1
Gateway sending update to database
12:26:04 Gateway/motion 1
Gateway sending update to database
12:26:04 Gateway/motion 1
Gateway sending update to database
12:26:04 Gateway/motion 1
Gateway sending update to database
12:26:04 Gateway/motion 1
Gateway sending update to database
12:26:04 Gateway/motion 1
Gateway sending update to database
12:26:04 Gateway/motion 1
Gateway sending update to database
12:26:04 Gateway/motion 1
Gateway sending update to database
12:26:04 Gateway/motion 1
Gateway sending update to database
12:26:04 Gateway/motion 1
Gateway sending update to database
12:26:04 Gateway/motion 1
Gateway sending update to database
12:26:04 Gateway/motion 1
Gateway sending update to database
12:26:04 Gateway/motion 1
Gateway sending update to database
12:26:04 Gateway/motion 1
Gateway sending update to database
12:26:04 Gateway/motion 1
Gateway sending update to database
12:26:04 Gateway/motion 1
Gateway sending update to database
12:26:04 Gateway/motion 1
Gateway sending update to database
12:26:04 Gateway/motion 1
Gateway sending update to database
12:26:04 Gateway/motion 1
Gateway sending update to database
12:26:04 Gateway/motion 1
Gateway sending update to database
12:26:04 Gateway/motion 1
Gateway sending update to database
12:26:04 Gateway/motion 1
Gateway sending update to database
12:26:04 Gateway/motion 1
Gateway sending update to database
12:26:04 Gateway/motion 1
Gateway sending update to database
12:26:04 Gateway/motion 1
Gateway sending update to database
12:26:04 Gateway/motion 1
Gateway sending update to database
12:26:04 Gateway/motion 1
Gateway sending update to database
12:26:04 Gateway/motion 1
Gateway sending update to database
12:26:04 Gateway/motion 1
Gateway sending update to database
12:26:04 Gateway/motion 1
Gateway sending update to database
12:26:04 Gateway/motion 1
Gateway sending update to database
12:26:04 Gateway/motion 1
Gateway sending update to database
12:26:04 Gateway/motion 1
Gateway sending update to database
12:26:04 Gateway/motion 1
Gateway sending update to database
12:26:04 Gateway/motion 1
Gateway sending update to database
12:26:04 Gateway/motion 1
Gateway sending update to database
12:26:04 Gateway/motion 1
Gateway sending update to database
12:26:04 Gateway/motion 1
Gateway sending update to database
12:26:04 Gateway/motion 1
Gateway sending update to database
12:26:04 Gateway/motion 1
Gateway sending update to database
12:26:04 Gateway/motion 1
Gateway sending update to database
12:26:04 Gateway/motion 1
Gateway sending update to database
12:26:04 Gateway/motion 1
Gateway sending update to database
12:26:04 Gateway/motion 1
Gateway sending update to database
12:26:04 Gateway/motion 1
Gateway sending update to database
12:26:04 Gateway/motion 1
Gateway sending update to database
12:26:04 Gateway/motion 1
Gateway sending update to database
12:26:04 Gateway/motion 1
Gateway sending update to database
12:26:04 Gateway/motion 1
Gateway sending update to database
12:26:04 Gateway/motion 1
Gateway sending update to database
12:26:04 Gateway/motion 1
Gateway sending update to database
12:26:04 Gateway/motion 1
Gateway sending update to database
12:26:04 Gateway/motion 1
Gateway sending update to database
12:26:04 Gateway/motion 1
Gateway sending update to database
12:26:04 Gateway/motion 1
Gateway sending update to database
12:26:04 Gateway/motion 1
Gateway sending update to database
12:26:04 Gateway/motion 1
Gateway sending update to database
12:26:04 Gateway/motion 1
Gateway sending update to database
12:26:04 Gateway/motion 1
Gateway sending update to database
12:26:04 Gateway/motion 1
Gateway sending update to database
12:26:04 Gateway/motion 1
Gateway sending update to database
12:26:04 Gateway/motion 1
Gateway sending update to database
12:26:04 Gateway/motion 1
Gateway sending update to database
12:26:04 Gateway/motion 1
Gateway sending update to database
12:26:04 Gateway/motion 1
Gateway sending update to database
12:26:04 Gateway/motion 1
Gateway sending update to database
12:26:04 Gateway/motion 1
Gateway sending update to database
12:26:04 Gateway/motion 1
Gateway sending update to database
12:26:04 Gateway/motion 1
Gateway sending update to database
12:26:04 Gateway/motion 1
Gateway sending update to database
12:26:04 Gateway/motion 1
Gateway sending update to database
12:26:04 Gateway/motion 1
Gateway sending update to database
12:26:04 Gateway/motion 1
Gateway sending update to database
12:26:04 Gateway/motion 1
Gateway sending update to database
12:26:04 Gateway/motion 1
Gateway sending update to database
12:26:04 Gateway/motion 1
Gateway sending update to database
12:26:04 Gateway/motion 1
Gateway sending update to database
12:26:04 Gateway/motion 1
Gateway sending update to database
12:26:04 Gateway/motion 1
Gateway sending update to database
12:26:04 Gateway/motion 1
Gateway sending update to database
12:26:04 Gateway/motion 1
Gateway sending update to database
12:26:04 Gateway/motion 1
Gateway sending update to database
12:26:04 Gateway/motion 1
Gateway sending update to database
12:26:04 Gateway/motion 1
Gateway sending update to database
12:26:04 Gateway/motion 1
Gateway sending update to database
12:26:04 Gateway/motion 1
Gateway sending update to database
12:26:04 Gateway/motion 1
Gateway sending update to database
12:26:04 Gateway/motion 1
Gateway sending update to database
12:26:04 Gateway/motion 1
Gateway sending update to database
12:26:04 Gateway/motion 1
Gateway sending update to database
12:26:04 Gateway/motion 1
Gateway sending update to database
12:26:04 Gateway/motion 1
Gateway sending update to database
12:26:04 Gateway/motion 1
Gateway sending update to database
12:26:04 Gateway/motion 1
Gateway sending update to database
12:26:04 Gateway/motion 1
Gateway sending update to database
12:26:04 Gateway/motion 1
Gateway sending update to database
12:26:04 Gateway/motion 1
Gateway sending update to database
12:26:04 Gateway/motion 1
Gateway sending update to database
12:26:04 Gateway/motion 1
Gateway sending update to database
12:26:04 Gateway/motion 1
Gateway sending update to database
12:26:04 Gateway/motion 1
Gateway sending update to database
12:26:04 Gateway/motion 1
Gateway sending update to database
12:26:04 Gateway/motion 1
Gateway sending update to database
12:26:04 Gateway/motion 1
Gateway sending update to database
12:26:04 Gateway/motion 1
Gateway sending update to database
12:26:04 Gateway/motion 1
Gateway sending update to database
12:26:04 Gateway/motion 1
Gateway sending update to database
12:26:04 Gateway/motion 1
Gateway sending update to database
12:26:04 Gateway/motion 1
Gateway sending update to database
12:26:04 Gateway/motion 1
Gateway sending update to database
12:26:04 Gateway/motion 1
Gateway sending update to database
12:26:04 Gateway/motion 1
Gateway sending update to database
12:26:04 Gateway/motion 1
Gateway sending update to database
12:26:04 Gateway/motion 1
Gateway sending update to database
12:26:04 Gateway/motion 1
Gateway sending update to database
12:26:04 Gateway/motion 1
Gateway sending update to database
12:26:04 Gateway/motion 1
Gateway sending update to database
12:26:04 Gateway/motion 1
Gateway sending update to database
12:26:04 Gateway/motion 1
Gateway sending update to database
12:26:04 Gateway/motion 1
Gateway sending update to database
12:26:04 Gateway/motion 1
Gateway sending update to database
12:26:04 Gateway/motion 1
Gateway sending update to database
12:26:04 Gateway/motion 1
Gateway sending update to database
12:26:04 Gateway/motion 1
Gateway sending update to database
12:26:04 Gateway/motion 1
Gateway sending update to database
12:26:04 Gateway/motion 1
Gateway sending update to database
12:26:04 Gateway/motion 1
Gateway sending update to database
12:26:04 Gateway/motion 1
Gateway sending update to database
12:26:04 Gateway/motion 1
Gateway sending update to database
12:26:04 Gateway/motion 1
Gateway sending update to database
12:26:04 Gateway/motion 1
Gateway sending update to database
12:26:04 Gateway/motion 1
Gateway sending update to database
12:26:04 Gateway/motion 1
Gateway sending update to database
12:26:04 Gateway/motion 1
Gateway sending update to database
12:26:04 Gateway/motion 1
Gateway sending update to database
12:26:04 Gateway/motion 1
Gateway sending update to database
12:26:04 Gateway/motion 1
Gateway sending update to database
12:26:04 Gateway/motion 1
Gateway sending update to database
12:26:04 Gateway/motion 1
Gateway sending update to database
12:26:04 Gateway/motion 1
Gateway sending update to database
12:26:04 Gateway/motion 1
Gateway sending update to database
12:26:04 Gateway/motion 1
Gateway sending update to database
12:26:04 Gateway/motion 1
Gateway sending update to database
12:26:04 Gateway/motion 1
Gateway sending update to database
12:26:04 Gateway/motion 1
Gateway sending update to database
12:26:04 Gateway/motion 1
Gateway sending update to database
12:26:04 Gateway/motion 1
Gateway sending update to database
12:26:04 Gateway/motion 1
Gateway sending update to database
12:26:04 Gateway/motion 1
Gateway sending update to database
12:26:04 Gateway/motion 1
Gateway sending update to database
12:26:04 Gateway/motion 1
Gateway sending update to database
12:26:04 Gateway/motion 1
Gateway sending update to database
12:26:04 Gateway/motion 1
Gateway sending update to database
12:26:04 Gateway/motion 1
Gateway sending update to database
12:26:04 Gateway/motion 1
Gateway sending update to database
12:26:04 Gateway/motion 1
Gateway sending update to database
12:26:04 Gateway/motion 1
Gateway sending update to database
12:26:04 Gateway/motion 1
Gateway sending update to database
12:26:04 Gateway/motion 1
Gateway sending update to database
12:26:04 Gateway/motion 1
Gateway sending update to database
12:26:04 Gateway/motion 1
Gateway sending update to database
12:26:04 Gateway/motion 1
Gateway sending update to database
12:26:04 Gateway/motion 1
Gateway sending update to database
12:26:04 Gateway/motion 1
Gateway sending update to database
12:26:04 Gateway/motion 1
Gateway sending update to database
12:26:04 Gateway/motion 1
Gateway sending update to database
12:26:04 Gateway/motion 1
Gateway sending update to database
12:26:04 Gateway/motion 1
Gateway sending update to database
12:26:04 Gateway/motion 1
Gateway sending update to database
12:26:04 Gateway/motion 1
Gateway sending update to database
12:26:04 Gateway/motion 1
Gateway sending update to database
12:26:04 Gateway/motion 1
Gateway sending update to database
12:26:04 Gateway/motion 1
Gateway sending update to database
12:26:04 Gateway/motion 1
Gateway sending update to database
12:26:04 Gateway/motion 1
Gateway sending update to database
12:26:04 Gateway/motion 1
Gateway sending update to database
12:26:04 Gateway/motion 1
Gateway sending update to database
12:26:04 Gateway/motion 1
Gateway sending update to database
12:26:04 Gateway/motion 1
Gateway sending update to database
12:26:04 Gateway/motion 1
Gateway sending update to database
12:26:04 Gateway/motion 1
Gateway sending update to database
12:26:04 Gateway/motion 1
Gateway sending update to database
12:26:04 Gateway/motion 1
Gateway sending update to database
12:26:04 Gateway/motion 1
Gateway sending update to database
12:26:04 Gateway/motion 1
Gateway sending update to database
12:26:04 Gateway/motion 1
Gateway sending update to database
12:26:04 Gateway/motion 1
Gateway sending update to database
12:26:04 Gateway/motion 1
Gateway sending update to database
12:26:04 Gateway/motion 1
Gateway sending update to database
12:26:04 Gateway/motion 1
Gateway sending update to database
12:26:04 Gateway/motion 1
Gateway sending update to database
12:26:04 Gateway/motion 1
Gateway sending update to database
12:26:04 Gateway/motion 1
Gateway sending update to database
12:26:04 Gateway/motion 1
Gateway sending update to database
12:26:04 Gateway/motion 1
Gateway sending update to database
12:26:04 Gateway/motion 1
Gateway sending update to database
12:26:04 Gateway/motion 1
Gateway sending update to database
12:26:04 Gateway/motion 1
Gateway sending update to database
12:26:04 Gateway/motion 1
Gateway sending update to database
12:26:04 Gateway/motion 1
Gateway sending update to database
12:26:04 Gateway/motion 1
Gateway sending update to database
12:26:04 Gateway/motion 1
Gateway sending update to database
12:26:04 Gateway/motion 1
Gateway sending update to database
12:26:04 Gateway/motion 1
Gateway sending update to database
12:26:04 Gateway/motion 1
Gateway sending update to database
12:26:04 Gateway/motion 1
Gateway sending update to database
12:26:04 Gateway/motion 1
Gateway sending update to database
12:26:04 Gateway/motion 1
Gateway sending update to database
12:26:04 Gateway/motion 1
Gateway sending update to database
12:26:04 Gateway/motion 1
Gateway sending update to database
12:26:04 Gateway/motion 1
Gateway sending update to database
12:26:04 Gateway/motion 1
Gateway sending update to database
12:26:04 Gateway/motion 1
Gateway sending update to database
12:26:04 Gateway/motion 1
Gateway sending update to database
12:26:04 Gateway/motion 1
Gateway sending update to database
12:26:04 Gateway/motion 1
Gateway sending update to database
12:26:04 Gateway/motion 1
Gateway sending update to database
12:26:04 Gateway/motion 1
Gateway sending update to database
12:26:04 Gateway/motion 1
Gateway sending update to database
12:26:04 Gateway/motion 1
Gateway sending update to database
12:26:04 Gateway/motion 1
Gateway sending update to database
12:26:04 Gateway/motion 1
Gateway sending update to database
12:26:04 Gateway/motion 1
Gateway sending update to database
12:26:05 Gateway/motion 1
Gateway sending update to database
12:26:05 Gateway/motion 1
Gateway sending update to database
12:26:05 Gateway/motion 1
Gateway sending update to database
12:26:05 Gateway/motion 1
Gateway sending update to database
12:26:05 Gateway/motion 1
Gateway sending update to database
12:26:05 Gateway/motion 1
Gateway sending update to database
12:26:05 Gateway/motion 1
Gateway sending update to database
12:26:05 Gateway/motion 1
Gateway sending update to database
12:26:05 Gateway/motion 1
Gateway sending update to database
12:26:05 Gateway/motion 1
Gateway sending update to database
12:26:05 Gateway/motion 1
Gateway sending update to database
12:26:05 Gateway/motion 1
Gateway sending update to database
12:26:05 Gateway/motion 1
Gateway sending update to database
12:26:05 Gateway/motion 1
Gateway sending update to database
12:26:05 Gateway/motion 1
Gateway sending update to database
12:26:05 Gateway/motion 1
Gateway sending update to database
12:26:05 Gateway/motion 1
Gateway sending update to database
12:26:05 Gateway/motion 1
Gateway sending update to database
12:26:05 Gateway/motion 1
Gateway sending update to database
12:26:05 Gateway/motion 1
Gateway sending update to database
12:26:05 Gateway/motion 1
Gateway sending update to database
12:26:05 Gateway/motion 1
Gateway sending update to database
12:26:05 Gateway/motion 1
Gateway sending update to database
12:26:05 Gateway/motion 1
Gateway sending update to database
12:26:05 Gateway/motion 1
Gateway sending update to database
12:26:05 Gateway/motion 1
Gateway sending update to database
12:26:05 Gateway/motion 1
Gateway sending update to database
12:26:05 Gateway/motion 1
Gateway sending update to database
12:26:05 Gateway/motion 1
Gateway sending update to database
12:26:05 Gateway/motion 1
Gateway sending update to database
12:26:05 Gateway/motion 1
Gateway sending update to database
12:26:05 Gateway/motion 1
Gateway sending update to database
12:26:05 Gateway/motion 1
Gateway sending update to database
12:26:05 Gateway/motion 1
Gateway sending update to database
12:26:05 Gateway/motion 1
Gateway sending update to database
12:26:05 Gateway/motion 1
Gateway sending update to database
12:26:05 Gateway/motion 1
Gateway sending update to database
12:26:05 Gateway/motion 1
Gateway sending update to database
12:26:05 Gateway/motion 1
Gateway sending update to database
12:26:05 Gateway/motion 1
Gateway sending update to database
12:26:05 Gateway/motion 1
Gateway sending update to database
12:26:05 Gateway/motion 1
Gateway sending update to database
12:26:05 Gateway/motion 1
Gateway sending update to database
12:26:05 Gateway/motion 1
Gateway sending update to database
12:26:05 Gateway/motion 1
Gateway sending update to database
12:26:05 Gateway/motion 1
Gateway sending update to database
12:26:05 Gateway/motion 1
Gateway sending update to database
12:26:05 Gateway/motion 1
Gateway sending update to database
12:26:05 Gateway/motion 1
Gateway sending update to database
12:26:05 Gateway/motion 1
Gateway sending update to database
12:26:05 Gateway/motion 1
Gateway sending update to database
12:26:05 Gateway/motion 1
Gateway sending update to database
12:26:05 Gateway/motion 1
Gateway sending update to database
12:26:05 Gateway/motion 1
Gateway sending update to database
12:26:05 Gateway/motion 1
Gateway sending update to database
12:26:05 Gateway/motion 1
Gateway sending update to database
12:26:05 Gateway/motion 1
Gateway sending update to database
12:26:05 Gateway/motion 1
Gateway sending update to database
12:26:05 Gateway/motion 1
Gateway sending update to database
12:26:05 Gateway/motion 1
Gateway sending update to database
12:26:05 Gateway/motion 1
Gateway sending update to database
12:26:05 Gateway/motion 1
Gateway sending update to database
12:26:05 Gateway/motion 1
Gateway sending update to database
12:26:05 Gateway/motion 1
Gateway sending update to database
12:26:05 Gateway/motion 1
Gateway sending update to database
12:26:05 Gateway/motion 1
Gateway sending update to database
12:26:05 Gateway/motion 1
Gateway sending update to database
12:26:05 Gateway/motion 1
Gateway sending update to database
12:26:05 Gateway/motion 1
Gateway sending update to database
12:26:05 Gateway/motion 1
Gateway sending update to database
12:26:05 Gateway/motion 1
Gateway sending update to database
12:26:05 Gateway/motion 1
Gateway sending update to database
12:26:05 Gateway/motion 1
Gateway sending update to database
12:26:05 Gateway/motion 1
Gateway sending update to database
12:26:05 Gateway/motion 1
Gateway sending update to database
12:26:05 Gateway/motion 1
Gateway sending update to database
12:26:05 Gateway/motion 1
Gateway sending update to database
12:26:05 Gateway/motion 1
Gateway sending update to database
12:26:05 Gateway/motion 1
Gateway sending update to database
12:26:05 Gateway/motion 1
Gateway sending update to database
12:26:05 Gateway/motion 1
Gateway sending update to database
12:26:05 Gateway/motion 1
Gateway sending update to database
12:26:05 Gateway/motion 1
Gateway sending update to database
12:26:05 Gateway/motion 1
Gateway sending update to database
12:26:05 Gateway/motion 1
Gateway sending update to database
12:26:05 Gateway/motion 1
Gateway sending update to database
12:26:05 Gateway/motion 1
Gateway sending update to database
12:26:05 Gateway/motion 1
Gateway sending update to database
12:26:05 Gateway/motion 1
Gateway sending update to database
12:26:05 Gateway/motion 1
Gateway sending update to database
12:26:05 Gateway/motion 1
Gateway sending update to database
12:26:05 Gateway/motion 1
Gateway sending update to database
12:26:05 Gateway/motion 1
Gateway sending update to database
12:26:05 Gateway/motion 1
Gateway sending update to database
12:26:05 Gateway/motion 1
Gateway sending update to database
12:26:05 Gateway/motion 1
Gateway sending update to database
12:26:05 Gateway/motion 1
Gateway sending update to database
12:26:05 Gateway/motion 1
Gateway sending update to database
12:26:05 Gateway/motion 1
Gateway sending update to database
12:26:05 Gateway/motion 1
Gateway sending update to database
12:26:05 Gateway/motion 1
Gateway sending update to database
12:26:05 Gateway/motion 1
Gateway sending update to database
12:26:05 Gateway/motion 1
Gateway sending update to database
12:26:05 Gateway/motion 1
Gateway sending update to database
12:26:05 Gateway/motion 1
Gateway sending update to database
12:26:05 Gateway/motion 1
Gateway sending update to database
12:26:05 Gateway/motion 1
Gateway sending update to database
12:26:05 Gateway/motion 1
Gateway sending update to database
12:26:05 Gateway/motion 1
Gateway sending update to database
12:26:05 Gateway/motion 1
Gateway sending update to database
12:26:05 Gateway/motion 1
Gateway sending update to database
12:26:05 Gateway/motion 1
Gateway sending update to database
12:26:05 Gateway/motion 1
Gateway sending update to database
12:26:05 Gateway/motion 1
Gateway sending update to database
12:26:05 Gateway/motion 1
Gateway sending update to database
12:26:05 Gateway/motion 1
Gateway sending update to database
12:26:05 Gateway/motion 1
Gateway sending update to database
12:26:05 Gateway/motion 1
Gateway sending update to database
12:26:05 Gateway/motion 1
Gateway sending update to database
12:26:05 Gateway/motion 1
Gateway sending update to database
12:26:05 Gateway/motion 1
Gateway sending update to database
12:26:05 Gateway/motion 1
Gateway sending update to database
12:26:05 Gateway/motion 1
Gateway sending update to database
12:26:05 Gateway/motion 1
Gateway sending update to database
12:26:05 Gateway/motion 1
Gateway sending update to database
12:26:05 Gateway/motion 1
Gateway sending update to database
12:26:05 Gateway/motion 1
Gateway sending update to database
12:26:05 Gateway/motion 1
Gateway sending update to database
12:26:05 Gateway/motion 1
Gateway sending update to database
12:26:05 Gateway/motion 1
Gateway sending update to database
12:26:05 Gateway/motion 1
Gateway sending update to database
12:26:05 Gateway/motion 1
Gateway sending update to database
12:26:05 Gateway/motion 1
Gateway sending update to database
12:26:05 Gateway/motion 1
Gateway sending update to database
12:26:05 Gateway/motion 1
Gateway sending update to database
12:26:05 Gateway/motion 1
Gateway sending update to database
12:26:05 Gateway/motion 1
Gateway sending update to database
12:26:05 Gateway/motion 1
Gateway sending update to database
12:26:05 Gateway/motion 1
Gateway sending update to database
12:26:05 Gateway/motion 1
Gateway sending update to database
12:26:05 Gateway/motion 1
Gateway sending update to database
12:26:05 Gateway/motion 1
Gateway sending update to database
12:26:05 Gateway/motion 1
Gateway sending update to database
12:26:05 Gateway/motion 1
Gateway sending update to database
12:26:05 Gateway/motion 1
Gateway sending update to database
12:26:05 Gateway/motion 1
Gateway sending update to database
12:26:05 Gateway/motion 1
Gateway sending update to database
12:26:05 Gateway/motion 1
Gateway sending update to database
12:26:05 Gateway/motion 1
Gateway sending update to database
12:26:05 Gateway/motion 1
Gateway sending update to database
12:26:05 Gateway/motion 1
Gateway sending update to database
12:26:05 Gateway/motion 1
Gateway sending update to database
12:26:05 Gateway/motion 1
Gateway sending update to database
12:26:05 Gateway/motion 1
Gateway sending update to database
12:26:05 Gateway/motion 1
Gateway sending update to database
12:26:05 Gateway/motion 1
Gateway sending update to database
12:26:05 Gateway/motion 1
Gateway sending update to database
12:26:05 Gateway/motion 1
Gateway sending update to database
12:26:05 Gateway/motion 1
Gateway sending update to database
12:26:05 Gateway/motion 1
Gateway sending update to database
12:26:05 Gateway/motion 1
Gateway sending update to database
12:26:05 Gateway/motion 1
Gateway sending update to database
12:26:05 Gateway/motion 1
Gateway sending update to database
12:26:05 Gateway/motion 1
Gateway sending update to database
12:26:05 Gateway/motion 1
Gateway sending update to database
12:26:05 Gateway/motion 1
Gateway sending update to database
12:26:05 Gateway/motion 1
Gateway sending update to database
12:26:05 Gateway/motion 1
Gateway sending update to database
12:26:05 Gateway/motion 1
Gateway sending update to database
12:26:05 Gateway/motion 1
Gateway sending update to database
12:26:05 Gateway/motion 1
Gateway sending update to database
12:26:05 Gateway/motion 1
Gateway sending update to database
12:26:05 Gateway/motion 1
Gateway sending update to database
12:26:05 Gateway/motion 1
Gateway sending update to database
12:26:05 Gateway/motion 1
Gateway sending update to database
12:26:05 Gateway/motion 1
Gateway sending update to database
12:26:05 Gateway/motion 1
Gateway sending update to database
12:26:05 Gateway/motion 1
Gateway sending update to database
12:26:05 Gateway/motion 1
Gateway sending update to database
12:26:05 Gateway/motion 1
Gateway sending update to database
12:26:05 Gateway/motion 1
Gateway sending update to database
12:26:05 Gateway/motion 1
Gateway sending update to database
12:26:05 Gateway/motion 1
Gateway sending update to database
12:26:05 Gateway/motion 1
Gateway sending update to database
12:26:05 Gateway/motion 1
Gateway sending update to database
12:26:05 Gateway/motion 1
Gateway sending update to database
12:26:05 Gateway/motion 1
Gateway sending update to database
12:26:05 Gateway/motion 1
Gateway sending update to database
12:26:05 Gateway/motion 1
Gateway sending update to database
12:26:05 Gateway/motion 1
Gateway sending update to database
12:26:05 Gateway/motion 1
Gateway sending update to database
12:26:05 Gateway/motion 1
Gateway sending update to database
12:26:05 Gateway/motion 1
Gateway sending update to database
12:26:05 Gateway/motion 1
Gateway sending update to database
12:26:05 Gateway/motion 1
Gateway sending update to database
12:26:05 Gateway/motion 1
Gateway sending update to database
12:26:05 Gateway/motion 1
Gateway sending update to database
12:26:05 Gateway/motion 1
Gateway sending update to database
12:26:05 Gateway/motion 1
Gateway sending update to database
12:26:05 Gateway/motion 1
Gateway sending update to database
12:26:05 Gateway/motion 1
Gateway sending update to database
12:26:05 Gateway/motion 1
Gateway sending update to database
12:26:05 Gateway/motion 1
Gateway sending update to database
12:26:05 Gateway/motion 1
Gateway sending update to database
12:26:05 Gateway/motion 1
Gateway sending update to database
12:26:05 Gateway/motion 1
Gateway sending update to database
12:26:05 Gateway/motion 1
Gateway sending update to database
12:26:05 Gateway/motion 1
Gateway sending update to database
12:26:05 Gateway/motion 1
Gateway sending update to database
12:26:05 Gateway/motion 1
Gateway sending update to database
12:26:05 Gateway/motion 1
Gateway sending update to database
12:26:05 Gateway/motion 1
Gateway sending update to database
12:26:05 Gateway/motion 1
Gateway sending update to database
12:26:05 Gateway/motion 1
Gateway sending update to database
12:26:05 Gateway/motion 1
Gateway sending update to database
12:26:05 Gateway/motion 1
Gateway sending update to database
12:26:05 Gateway/motion 1
Gateway sending update to database
12:26:05 Gateway/motion 1
Gateway sending update to database
12:26:05 Gateway/motion 1
Gateway sending update to database
12:26:05 Gateway/motion 1
Gateway sending update to database
12:26:05 Gateway/motion 1
Gateway sending update to database
12:26:05 Gateway/motion 1
Gateway sending update to database
12:26:05 Gateway/motion 1
Gateway sending update to database
12:26:05 Gateway/motion 1
Gateway sending update to database
12:26:05 Gateway/motion 1
Gateway sending update to database
12:26:05 Gateway/motion 1
Gateway sending update to database
12:26:05 Gateway/motion 1
Gateway sending update to database
12:26:05 Gateway/motion 1
Gateway sending update to database
12:26:05 Gateway/motion 1
Gateway sending update to database
12:26:05 Gateway/motion 1
Gateway sending update to database
12:26:05 Gateway/motion 1
Gateway sending update to database
12:26:05 Gateway/motion 1
Gateway sending update to database
12:26:05 Gateway/motion 1
Gateway sending update to database
12:26:05 Gateway/motion 1
Gateway sending update to database
12:26:05 Gateway/motion 1
Gateway sending update to database
12:26:05 Gateway/motion 1
Gateway sending update to database
12:26:05 Gateway/motion 1
Gateway sending update to database
12:26:05 Gateway/motion 1
Gateway sending update to database
12:26:05 Gateway/motion 1
Gateway sending update to database
12:26:05 Gateway/motion 1
Gateway sending update to database
12:26:05 Gateway/motion 1
Gateway sending update to database
12:26:05 Gateway/motion 1
Gateway sending update to database
12:26:05 Gateway/motion 1
Gateway sending update to database
12:26:05 Gateway/motion 1
Gateway sending update to database
12:26:05 Gateway/motion 1
Gateway sending update to database
12:26:05 Gateway/motion 1
Gateway sending update to database
12:26:05 Gateway/motion 1
Gateway sending update to database
12:26:05 Gateway/motion 1
Gateway sending update to database
12:26:05 Gateway/motion 1
Gateway sending update to database
12:26:05 Gateway/motion 1
Gateway sending update to database
12:26:05 Gateway/motion 1
Gateway sending update to database
12:26:05 Gateway/motion 1
Gateway sending update to database
12:26:05 Gateway/motion 1
Gateway sending update to database
12:26:05 Gateway/motion 1
Gateway sending update to database
12:26:05 Gateway/motion 1
Gateway sending update to database
12:26:05 Gateway/motion 1
Gateway sending update to database
12:26:05 Gateway/motion 1
Gateway sending update to database
12:26:05 Gateway/motion 1
Gateway sending update to database
12:26:05 Gateway/motion 1
Gateway sending update to database
12:26:05 Gateway/motion 1
Gateway sending update to database
12:26:05 Gateway/motion 1
Gateway sending update to database
12:26:05 Gateway/motion 1
Gateway sending update to database
12:26:05 Gateway/motion 1
Gateway sending update to database
12:26:05 Gateway/motion 1
Gateway sending update to database
12:26:05 Gateway/motion 1
Gateway sending update to database
12:26:05 Gateway/motion 1
Gateway sending update to database
12:26:05 Gateway/motion 1
Gateway sending update to database
12:26:05 Gateway/motion 1
Gateway sending update to database
12:26:05 Gateway/motion 1
Gateway sending update to database
12:26:05 Gateway/motion 1
Gateway sending update to database
12:26:05 Gateway/motion 1
Gateway sending update to database
12:26:05 Gateway/motion 1
Gateway sending update to database
12:26:05 Gateway/motion 1
Gateway sending update to database
12:26:05 Gateway/motion 1
Gateway sending update to database
12:26:05 Gateway/motion 1
Gateway sending update to database
12:26:05 Gateway/motion 1
Gateway sending update to database
12:26:05 Gateway/motion 1
Gateway sending update to database
12:26:05 Gateway/motion 1
Gateway sending update to database
12:26:05 Gateway/motion 1
Gateway sending update to database
12:26:05 Gateway/motion 1
Gateway sending update to database
12:26:05 Gateway/motion 1
Gateway sending update to database
12:26:05 Gateway/motion 1
Gateway sending update to database
12:26:05 Gateway/motion 1
Gateway sending update to database
12:26:05 Gateway/motion 1
Gateway sending update to database
12:26:05 Gateway/motion 1
Gateway sending update to database
12:26:05 Gateway/motion 1
Gateway sending update to database
12:26:05 Gateway/motion 1
Gateway sending update to database
12:26:05 Gateway/motion 1
Gateway sending update to database
12:26:05 Gateway/motion 1
Gateway sending update to database
12:26:05 Gateway/motion 1
Gateway sending update to database
12:26:05 Gateway/motion 1
Gateway sending update to database
12:26:05 Gateway/motion 1
Gateway sending update to database
12:26:05 Gateway/motion 1
Gateway sending update to database
12:26:05 Gateway/motion 1
Gateway sending update to database
12:26:05 Gateway/motion 1
Gateway sending update to database
12:26:05 Gateway/motion 1
Gateway sending update to database
12:26:05 Gateway/motion 1
Gateway sending update to database
12:26:05 Gateway/motion 1
Gateway sending update to database
12:26:05 Gateway/motion 1
Gateway sending update to database
12:26:05 Gateway/motion 1
Gateway sending update to database
12:26:05 Gateway/motion 1
Gateway sending update to database
12:26:05 Gateway/motion 1
Gateway sending update to database
12:26:05 Gateway/motion 1
Gateway sending update to database
12:26:05 Gateway/motion 1
Gateway sending update to database
12:26:05 Gateway/motion 1
Gateway sending update to database
12:26:05 Gateway/motion 1
Gateway sending update to database
12:26:05 Gateway/motion 1
Gateway sending update to database
12:26:05 Gateway/motion 1
Gateway sending update to database
12:26:05 Gateway/motion 1
Gateway sending update to database
12:26:05 Gateway/motion 1
Gateway sending update to database
12:26:05 Gateway/motion 1
Gateway sending update to database
12:26:05 Gateway/motion 1
Gateway sending update to database
12:26:05 Gateway/motion 1
Gateway sending update to database
12:26:05 Gateway/motion 1
Gateway sending update to database
12:26:05 Gateway/motion 1
Gateway sending update to database
12:26:05 Gateway/motion 1
Gateway sending update to database
12:26:05 Gateway/motion 1
Gateway sending update to database
12:26:05 Gateway/motion 1
Gateway sending update to database
12:26:05 Gateway/motion 1
Gateway sending update to database
12:26:05 Gateway/motion 1
Gateway sending update to database
12:26:05 Gateway/motion 1
Gateway sending update to database
12:26:05 Gateway/motion 1
Gateway sending update to database
12:26:05 Gateway/motion 1
Gateway sending update to database
12:26:05 Gateway/motion 1
Gateway sending update to database
12:26:05 Gateway/motion 1
Gateway sending update to database
12:26:05 Gateway/motion 1
Gateway sending update to database
12:26:05 Gateway/motion 1
Gateway sending update to database
12:26:05 Gateway/motion 1
Gateway sending update to database
12:26:05 Gateway/motion 1
Gateway sending update to database
12:26:05 Gateway/motion 1
Gateway sending update to database
12:26:05 Gateway/motion 1
Gateway sending update to database
12:26:06 Gateway/motion 1
Gateway sending update to database
12:26:06 Gateway/motion 1
Gateway sending update to database
12:26:06 Gateway/motion 1
Gateway sending update to database
12:26:06 Gateway/motion 1
Gateway sending update to database
12:26:06 Gateway/motion 1
Gateway sending update to database
12:26:06 Gateway/motion 1
Gateway sending update to database
12:26:06 Gateway/motion 1
Gateway sending update to database
12:26:06 Gateway/motion 1
Gateway sending update to database
12:26:06 Gateway/motion 1
Gateway sending update to database
12:26:06 Gateway/motion 1
Gateway sending update to database
12:26:06 Gateway/motion 1
Gateway sending update to database
12:26:06 Gateway/motion 1
Gateway sending update to database
12:26:06 Gateway/motion 1
Gateway sending update to database
12:26:06 Gateway/motion 1
Gateway sending update to database
12:26:06 Gateway/motion 1
Gateway sending update to database
12:26:06 Gateway/motion 1
Gateway sending update to database
12:26:06 Gateway/motion 1
Gateway sending update to database
12:26:06 Gateway/motion 1
Gateway sending update to database
12:26:06 Gateway/motion 1
Gateway sending update to database
12:26:06 Gateway/motion 1
Gateway sending update to database
12:26:06 Gateway/motion 1
Gateway sending update to database
12:26:06 Gateway/motion 1
Gateway sending update to database
12:26:06 Gateway/motion 1
Gateway sending update to database
12:26:06 Gateway/motion 1
Gateway sending update to database
12:26:06 Gateway/motion 1
Gateway sending update to database
12:26:06 Gateway/motion 1
Gateway sending update to database
12:26:06 Gateway/motion 1
Gateway sending update to database
12:26:06 Gateway/motion 1
Gateway sending update to database
12:26:06 Gateway/motion 1
Gateway sending update to database
12:26:06 Gateway/motion 1
Gateway sending update to database
12:26:06 Gateway/motion 1
Gateway sending update to database
12:26:06 Gateway/motion 1
Gateway sending update to database
12:26:06 Gateway/motion 1
Gateway sending update to database
12:26:06 Gateway/motion 1
Gateway sending update to database
12:26:06 Gateway/motion 1
Gateway sending update to database
12:26:06 Gateway/motion 1
Gateway sending update to database
12:26:06 Gateway/motion 1
Gateway sending update to database
12:26:06 Gateway/motion 1
Gateway sending update to database
12:26:06 Gateway/motion 1
Gateway sending update to database
12:26:06 Gateway/motion 1
Gateway sending update to database
12:26:06 Gateway/motion 1
Gateway sending update to database
12:26:06 Gateway/motion 1
Gateway sending update to database
12:26:06 Gateway/motion 1
Gateway sending update to database
12:26:06 Gateway/motion 1
Gateway sending update to database
12:26:06 Gateway/motion 1
Gateway sending update to database
12:26:06 Gateway/motion 1
Gateway sending update to database
12:26:06 Gateway/motion 1
Gateway sending update to database
12:26:06 Gateway/motion 1
Gateway sending update to database
12:26:06 Gateway/motion 1
Gateway sending update to database
12:26:06 Gateway/motion 1
Gateway sending update to database
12:26:06 Gateway/motion 1
Gateway sending update to database
12:26:06 Gateway/motion 1
Gateway sending update to database
12:26:06 Gateway/motion 1
Gateway sending update to database
12:26:06 Gateway/motion 1
Gateway sending update to database
12:26:06 Gateway/motion 1
Gateway sending update to database
12:26:06 Gateway/motion 1
Gateway sending update to database
12:26:06 Gateway/motion 1
Gateway sending update to database
12:26:06 Gateway/motion 1
Gateway sending update to database
12:26:06 Gateway/motion 1
Gateway sending update to database
12:26:06 Gateway/motion 1
Gateway sending update to database
12:26:06 Gateway/motion 1
Gateway sending update to database
12:26:06 Gateway/motion 1
Gateway sending update to database
12:26:06 Gateway/motion 1
Gateway sending update to database
12:26:06 Gateway/motion 1
Gateway sending update to database
12:26:06 Gateway/motion 1
Gateway sending update to database
12:26:06 Gateway/motion 1
Gateway sending update to database
12:26:06 Gateway/motion 1
Gateway sending update to database
12:26:06 Gateway/motion 1
Gateway sending update to database
12:26:06 Gateway/motion 1
Gateway sending update to database
12:26:06 Gateway/motion 1
Gateway sending update to database
12:26:06 Gateway/motion 1
Gateway sending update to database
12:26:06 Gateway/motion 1
Gateway sending update to database
12:26:06 Gateway/motion 1
Gateway sending update to database
12:26:06 Gateway/motion 1
Gateway sending update to database
12:26:06 Gateway/motion 1
Gateway sending update to database
12:26:06 Gateway/motion 1
Gateway sending update to database
12:26:06 Gateway/motion 1
Gateway sending update to database
12:26:06 Gateway/motion 1
Gateway sending update to database
12:26:06 Gateway/motion 1
Gateway sending update to database
12:26:06 Gateway/motion 1
Gateway sending update to database
12:26:06 Gateway/motion 1
Gateway sending update to database
12:26:06 Gateway/motion 1
Gateway sending update to database
12:26:06 Gateway/motion 1
Gateway sending update to database
12:26:06 Gateway/motion 1
Gateway sending update to database
12:26:06 Gateway/motion 1
Gateway sending update to database
12:26:06 Gateway/motion 1
Gateway sending update to database
12:26:06 Gateway/motion 1
Gateway sending update to database
12:26:06 Gateway/motion 1
Gateway sending update to database
12:26:06 Gateway/motion 1
Gateway sending update to database
12:26:06 Gateway/motion 1
Gateway sending update to database
12:26:06 Gateway/motion 1
Gateway sending update to database
12:26:06 Gateway/motion 1
Gateway sending update to database
12:26:06 Gateway/motion 1
Gateway sending update to database
12:26:06 Gateway/motion 1
Gateway sending update to database
12:26:06 Gateway/motion 1
Gateway sending update to database
12:26:06 Gateway/motion 1
Gateway sending update to database
12:26:06 Gateway/motion 1
Gateway sending update to database
12:26:06 Gateway/motion 1
Gateway sending update to database
12:26:06 Gateway/motion 1
Gateway sending update to database
12:26:06 Gateway/motion 1
Gateway sending update to database
12:26:06 Gateway/motion 1
Gateway sending update to database
12:26:06 Gateway/motion 1
Gateway sending update to database
12:26:06 Gateway/motion 1
Gateway sending update to database
12:26:06 Gateway/motion 1
Gateway sending update to database
12:26:06 Gateway/motion 1
Gateway sending update to database
12:26:06 Gateway/motion 1
Gateway sending update to database
12:26:06 Gateway/motion 1
Gateway sending update to database
12:26:06 Gateway/motion 1
Gateway sending update to database
12:26:06 Gateway/motion 1
Gateway sending update to database
12:26:06 Gateway/motion 1
Gateway sending update to database
12:26:06 Gateway/motion 1
Gateway sending update to database
12:26:06 Gateway/motion 1
Gateway sending update to database
12:26:06 Gateway/motion 1
Gateway sending update to database
12:26:06 Gateway/motion 1
Gateway sending update to database
12:26:06 Gateway/motion 1
Gateway sending update to database
12:26:06 Gateway/motion 1
Gateway sending update to database
12:26:06 Gateway/motion 1
Gateway sending update to database
12:26:06 Gateway/motion 1
Gateway sending update to database
12:26:06 Gateway/motion 1
Gateway sending update to database
12:26:06 Gateway/motion 1
Gateway sending update to database
12:26:06 Gateway/motion 1
Gateway sending update to database
12:26:06 Gateway/motion 1
Gateway sending update to database
12:26:06 Gateway/motion 1
Gateway sending update to database
12:26:06 Gateway/motion 1
Gateway sending update to database
12:26:06 Gateway/motion 1
Gateway sending update to database
12:26:06 Gateway/motion 1
Gateway sending update to database
12:26:06 Gateway/motion 1
Gateway sending update to database
12:26:06 Gateway/motion 1
Gateway sending update to database
12:26:06 Gateway/motion 1
Gateway sending update to database
12:26:06 Gateway/motion 1
Gateway sending update to database
12:26:06 Gateway/motion 1
Gateway sending update to database
12:26:06 Gateway/motion 1
Gateway sending update to database
12:26:06 Gateway/motion 1
Gateway sending update to database
12:26:06 Gateway/motion 1
Gateway sending update to database
12:26:06 Gateway/motion 1
Gateway sending update to database
12:26:06 Gateway/motion 1
Gateway sending update to database
12:26:06 Gateway/motion 1
Gateway sending update to database
12:26:06 Gateway/motion 1
Gateway sending update to database
12:26:06 Gateway/motion 1
Gateway sending update to database
12:26:06 Gateway/motion 1
Gateway sending update to database
12:26:06 Gateway/motion 1
Gateway sending update to database
12:26:06 Gateway/motion 1
Gateway sending update to database
12:26:06 Gateway/motion 1
Gateway sending update to database
12:26:06 Gateway/motion 1
Gateway sending update to database
12:26:06 Gateway/motion 1
Gateway sending update to database
12:26:06 Gateway/motion 1
Gateway sending update to database
12:26:06 Gateway/motion 1
Gateway sending update to database
12:26:06 Gateway/motion 1
Gateway sending update to database
12:26:06 Gateway/motion 1
Gateway sending update to database
12:26:06 Gateway/motion 1
Gateway sending update to database
12:26:06 Gateway/motion 1
Gateway sending update to database
12:26:06 Gateway/motion 1
Gateway sending update to database
12:26:06 Gateway/motion 1
Gateway sending update to database
12:26:06 Gateway/motion 1
Gateway sending update to database
12:26:06 Gateway/motion 1
Gateway sending update to database
12:26:06 Gateway/motion 1
Gateway sending update to database
12:26:06 Gateway/motion 1
Gateway sending update to database
12:26:06 Gateway/motion 1
Gateway sending update to database
12:26:06 Gateway/motion 1
Gateway sending update to database
12:26:06 Gateway/motion 1
Gateway sending update to database
12:26:06 Gateway/motion 1
Gateway sending update to database
12:26:06 Gateway/motion 1
Gateway sending update to database
12:26:06 Gateway/motion 1
Gateway sending update to database
12:26:06 Gateway/motion 1
Gateway sending update to database
12:26:06 Gateway/motion 1
Gateway sending update to database
12:26:06 Gateway/motion 1
Gateway sending update to database
12:26:06 Gateway/motion 1
Gateway sending update to database
12:26:06 Gateway/motion 1
Gateway sending update to database
12:26:06 Gateway/motion 1
Gateway sending update to database
12:26:06 Gateway/motion 1
Gateway sending update to database
12:26:06 Gateway/motion 1
Gateway sending update to database
12:26:06 Gateway/motion 1
Gateway sending update to database
12:26:06 Gateway/motion 1
Gateway sending update to database
12:26:06 Gateway/motion 1
Gateway sending update to database
12:26:06 Gateway/motion 1
Gateway sending update to database
12:26:06 Gateway/motion 1
Gateway sending update to database
12:26:06 Gateway/motion 1
Gateway sending update to database
12:26:06 Gateway/motion 1
Gateway sending update to database
12:26:06 Gateway/motion 1
Gateway sending update to database
12:26:06 Gateway/motion 1
Gateway sending update to database
12:26:06 Gateway/motion 1
Gateway sending update to database
12:26:06 Gateway/motion 1
Gateway sending update to database
12:26:06 Gateway/motion 1
Gateway sending update to database
12:26:06 Gateway/motion 1
Gateway sending update to database
12:26:06 Gateway/motion 1
Gateway sending update to database
12:26:06 Gateway/motion 1
Gateway sending update to database
12:26:06 Gateway/motion 1
Gateway sending update to database
12:26:06 Gateway/motion 1
Gateway sending update to database
12:26:06 Gateway/motion 1
Gateway sending update to database
12:26:06 Gateway/motion 1
Gateway sending update to database
12:26:06 Gateway/motion 1
Gateway sending update to database
12:26:06 Gateway/motion 1
Gateway sending update to database
12:26:06 Gateway/motion 1
Gateway sending update to database
12:26:06 Gateway/motion 1
Gateway sending update to database
12:26:06 Gateway/motion 1
Gateway sending update to database
12:26:06 Gateway/motion 1
Gateway sending update to database
12:26:06 Gateway/motion 1
Gateway sending update to database
12:26:06 Gateway/motion 1
Gateway sending update to database
12:26:06 Gateway/motion 1
Gateway sending update to database
12:26:06 Gateway/motion 1
Gateway sending update to database
12:26:06 Gateway/motion 1
Gateway sending update to database
12:26:06 Gateway/motion 1
Gateway sending update to database
12:26:06 Gateway/motion 1
Gateway sending update to database
12:26:06 Gateway/motion 1
Gateway sending update to database
12:26:06 Gateway/motion 1
Gateway sending update to database
12:26:06 Gateway/motion 1
Gateway sending update to database
12:26:06 Gateway/motion 1
Gateway sending update to database
12:26:06 Gateway/motion 1
Gateway sending update to database
12:26:06 Gateway/motion 1
Gateway sending update to database
12:26:06 Gateway/motion 1
Gateway sending update to database
12:26:06 Gateway/motion 1
Gateway sending update to database
12:26:06 Gateway/motion 1
Gateway sending update to database
12:26:06 Gateway/motion 1
Gateway sending update to database
12:26:06 Gateway/motion 1
Gateway sending update to database
12:26:06 Gateway/motion 1
Gateway sending update to database
12:26:06 Gateway/motion 1
Gateway sending update to database
12:26:06 Gateway/motion 1
Gateway sending update to database
12:26:06 Gateway/motion 1
Gateway sending update to database
12:26:06 Gateway/motion 1
Gateway sending update to database
12:26:06 Gateway/motion 1
Gateway sending update to database
12:26:06 Gateway/motion 1
Gateway sending update to database
12:26:06 Gateway/motion 1
Gateway sending update to database
12:26:06 Gateway/motion 1
Gateway sending update to database
12:26:06 Gateway/motion 1
Gateway sending update to database
12:26:06 Gateway/motion 1
Gateway sending update to database
12:26:06 Gateway/motion 1
Gateway sending update to database
12:26:06 Gateway/motion 1
Gateway sending update to database
12:26:06 Gateway/motion 1
Gateway sending update to database
12:26:06 Gateway/motion 1
Gateway sending update to database
12:26:06 Gateway/motion 1
Gateway sending update to database
12:26:06 Gateway/motion 1
Gateway sending update to database
12:26:06 Gateway/motion 1
Gateway sending update to database
12:26:06 Gateway/motion 1
Gateway sending update to database
12:26:06 Gateway/motion 1
Gateway sending update to database
12:26:06 Gateway/motion 1
Gateway sending update to database
12:26:06 Gateway/motion 1
Gateway sending update to database
12:26:06 Gateway/motion 1
Gateway sending update to database
12:26:06 Gateway/motion 1
Gateway sending update to database
12:26:06 Gateway/motion 1
Gateway sending update to database
12:26:06 Gateway/motion 1
Gateway sending update to database
12:26:06 Gateway/motion 1
Gateway sending update to database
12:26:06 Gateway/motion 1
Gateway sending update to database
12:26:06 Gateway/motion 1
Gateway sending update to database
12:26:06 Gateway/motion 1
Gateway sending update to database
12:26:06 Gateway/motion 1
Gateway sending update to database
12:26:06 Gateway/motion 1
Gateway sending update to database
12:26:06 Gateway/motion 1
Gateway sending update to database
12:26:06 Gateway/motion 1
Gateway sending update to database
12:26:06 Gateway/motion 1
Gateway sending update to database
12:26:06 Gateway/motion 1
Gateway sending update to database
12:26:06 Gateway/motion 1
Gateway sending update to database
12:26:06 Gateway/motion 1
Gateway sending update to database
12:26:06 Gateway/motion 1
Gateway sending update to database
12:26:06 Gateway/motion 1
Gateway sending update to database
12:26:06 Gateway/motion 1
Gateway sending update to database
12:26:06 Gateway/motion 1
Gateway sending update to database
12:26:06 Gateway/motion 1
Gateway sending update to database
12:26:06 Gateway/motion 1
Gateway sending update to database
12:26:06 Gateway/motion 1
Gateway sending update to database
12:26:06 Gateway/motion 1
Gateway sending update to database
12:26:06 Gateway/motion 1
Gateway sending update to database
12:26:06 Gateway/motion 1
Gateway sending update to database
12:26:06 Gateway/motion 1
Gateway sending update to database
12:26:06 Gateway/motion 1
Gateway sending update to database
12:26:06 Gateway/motion 1
Gateway sending update to database
12:26:06 Gateway/motion 1
Gateway sending update to database
12:26:06 Gateway/motion 1
Gateway sending update to database
12:26:06 Gateway/motion 1
Gateway sending update to database
12:26:06 Gateway/motion 1
Gateway sending update to database
12:26:06 Gateway/motion 1
Gateway sending update to database
12:26:06 Gateway/motion 1
Gateway sending update to database
12:26:06 Gateway/motion 1
Gateway sending update to database
12:26:06 Gateway/motion 1
Gateway sending update to database
12:26:06 Gateway/motion 1
Gateway sending update to database
12:26:06 Gateway/motion 1
Gateway sending update to database
12:26:06 Gateway/motion 1
Gateway sending update to database
12:26:06 Gateway/motion 1
Gateway sending update to database
12:26:06 Gateway/motion 1
Gateway sending update to database
12:26:06 Gateway/motion 1
Gateway sending update to database
12:26:06 Gateway/motion 1
Gateway sending update to database
12:26:06 Gateway/motion 1
Gateway sending update to database
12:26:06 Gateway/motion 1
Gateway sending update to database
12:26:06 Gateway/motion 1
Gateway sending update to database
12:26:06 Gateway/motion 1
Gateway sending update to database
12:26:06 Gateway/motion 1
Gateway sending update to database
12:26:06 Gateway/motion 1
Gateway sending update to database
12:26:06 Gateway/motion 1
Gateway sending update to database
12:26:06 Gateway/motion 1
Gateway sending update to database
12:26:06 Gateway/motion 1
Gateway sending update to database
12:26:06 Gateway/motion 1
Gateway sending update to database
12:26:06 Gateway/motion 1
Gateway sending update to database
12:26:06 Gateway/motion 1
Gateway sending update to database
12:26:06 Gateway/motion 1
Gateway sending update to database
12:26:06 Gateway/motion 1
Gateway sending update to database
12:26:06 Gateway/motion 1
Gateway sending update to database
12:26:06 Gateway/motion 1
Gateway sending update to database
12:26:06 Gateway/motion 1
Gateway sending update to database
12:26:06 Gateway/motion 1
Gateway sending update to database
12:26:06 Gateway/motion 1
Gateway sending update to database
12:26:06 Gateway/motion 1
Gateway sending update to database
12:26:06 Gateway/motion 1
Gateway sending update to database
12:26:06 Gateway/motion 1
Gateway sending update to database
12:26:06 Gateway/motion 1
Gateway sending update to database
12:26:06 Gateway/motion 1
Gateway sending update to database
12:26:06 Gateway/motion 1
Gateway sending update to database
12:26:06 Gateway/motion 1
Gateway sending update to database
12:26:06 Gateway/motion 1
Gateway sending update to database
12:26:06 Gateway/motion 1
Gateway sending update to database
12:26:06 Gateway/motion 1
Gateway sending update to database
12:26:06 Gateway/motion 1
Gateway sending update to database
12:26:06 Gateway/motion 1
Gateway sending update to database
12:26:06 Gateway/motion 1
Gateway sending update to database
12:26:06 Gateway/motion 1
Gateway sending update to database
12:26:06 Gateway/motion 1
Gateway sending update to database
12:26:06 Gateway/motion 1
Gateway sending update to database
12:26:06 Gateway/motion 1
Gateway sending update to database
12:26:06 Gateway/motion 1
Gateway sending update to database
12:26:06 Gateway/motion 1
Gateway sending update to database
12:26:06 Gateway/motion 1
Gateway sending update to database
12:26:06 Gateway/motion 1
Gateway sending update to database
12:26:06 Gateway/motion 1
Gateway sending update to database
12:26:06 Gateway/motion 1
Gateway sending update to database
12:26:06 Gateway/motion 1
Gateway sending update to database
12:26:06 Gateway/motion 1
Gateway sending update to database
12:26:06 Gateway/motion 1
Gateway sending update to database
12:26:06 Gateway/motion 1
Gateway sending update to database
12:26:06 Gateway/motion 1
Gateway sending update to database
12:26:06 Gateway/motion 1
Gateway sending update to database
12:26:06 Gateway/motion 1
Gateway sending update to database
12:26:06 Gateway/motion 1
Gateway sending update to database
12:26:06 Gateway/motion 1
Gateway sending update to database
12:26:06 Gateway/motion 1
Gateway sending update to database
12:26:06 Gateway/motion 1
Gateway sending update to database
12:26:06 Gateway/motion 1
Gateway sending update to database
12:26:06 Gateway/motion 1
Gateway sending update to database
12:26:06 Gateway/motion 1
Gateway sending update to database
12:26:06 Gateway/motion 1
Gateway sending update to database
12:26:06 Gateway/motion 1
Gateway sending update to database
12:26:06 Gateway/motion 1
Gateway sending update to database
12:26:06 Gateway/motion 1
Gateway sending update to database
12:26:06 Gateway/motion 1
Gateway sending update to database
12:26:06 Gateway/motion 1
Gateway sending update to database
12:26:06 Gateway/motion 1
Gateway sending update to database
12:26:06 Gateway/motion 1
Gateway sending update to database
12:26:06 Gateway/motion 1
Gateway sending update to database
12:26:06 Gateway/motion 1
Gateway sending update to database
12:26:06 Gateway/motion 1
Gateway sending update to database
12:26:06 Gateway/motion 1
Gateway sending update to database
12:26:06 Gateway/motion 1
Gateway sending update to database
12:26:06 Gateway/motion 1
Gateway sending update to database
12:26:06 Gateway/motion 1
Gateway sending update to database
12:26:06 Gateway/motion 1
Gateway sending update to database
12:26:06 Gateway/motion 1
Gateway sending update to database
12:26:06 Gateway/motion 1
Gateway sending update to database
12:26:06 Gateway/motion 1
Gateway sending update to database
12:26:06 Gateway/motion 1
Gateway sending update to database
12:26:06 Gateway/motion 1
Gateway sending update to database
12:26:06 Gateway/motion 1
Gateway sending update to database
12:26:06 Gateway/motion 1
Gateway sending update to database
12:26:06 Gateway/motion 1
Gateway sending update to database
12:26:06 Gateway/motion 1
Gateway sending update to database
12:26:06 Gateway/motion 1
Gateway sending update to database
12:26:06 Gateway/motion 1
Gateway sending update to database
12:26:06 Gateway/motion 1
Gateway sending update to database
12:26:06 Gateway/motion 1
Gateway sending update to database
12:26:06 Gateway/motion 1
Gateway sending update to database
12:26:06 Gateway/motion 1
Gateway sending update to database
12:26:06 Gateway/motion 1
Gateway sending update to database
12:26:06 Gateway/motion 1
Gateway sending update to database
12:26:06 Gateway/motion 1
Gateway sending update to database
12:26:06 Gateway/motion 1
Gateway sending update to database
12:26:06 Gateway/motion 1
Gateway sending update to database
12:26:06 Gateway/motion 1
Gateway sending update to database
12:26:06 Gateway/motion 1
Gateway sending update to database
12:26:06 Gateway/motion 1
Gateway sending update to database
12:26:06 Gateway/motion 1
Gateway sending update to database
12:26:06 Gateway/motion 1
Gateway sending update to database
12:26:06 Gateway/motion 1
Gateway sending update to database
12:26:06 Gateway/motion 1
Gateway sending update to database
12:26:06 Gateway/motion 1
Gateway sending update to database
12:26:06 Gateway/motion 1
Gateway sending update to database
12:26:06 Gateway/motion 1
Gateway sending update to database
12:26:06 Gateway/motion 1
Gateway sending update to database
12:26:06 Gateway/motion 1
Gateway sending update to database
12:26:06 Gateway/motion 1
Gateway sending update to database
12:26:06 Gateway/motion 1
Gateway sending update to database
12:26:06 Gateway/motion 1
Gateway sending update to database
12:26:06 Gateway/motion 1
Gateway sending update to database
12:26:06 Gateway/motion 1
Gateway sending update to database
12:26:06 Gateway/motion 1
Gateway sending update to database
12:26:06 Gateway/motion 1
Gateway sending update to database
12:26:06 Gateway/motion 1
Gateway sending update to database
12:26:06 Gateway/motion 1
Gateway sending update to database
12:26:06 Gateway/motion 1
Gateway sending update to database
12:26:06 Gateway/motion 1
Gateway sending update to database
12:26:06 Gateway/motion 1
Gateway sending update to database
12:26:06 Gateway/motion 1
Gateway sending update to database
12:26:06 Gateway/motion 1
Gateway sending update to database
12:26:06 Gateway/motion 1
Gateway sending update to database
12:26:06 Gateway/motion 1
Gateway sending update to database
12:26:06 Gateway/motion 1
Gateway sending update to database
12:26:06 Gateway/motion 1
Gateway sending update to database
12:26:06 Gateway/motion 1
Gateway sending update to database
12:26:06 Gateway/motion 1
Gateway sending update to database
12:26:06 Gateway/motion 1
Gateway sending update to database
12:26:06 Gateway/motion 1
Gateway sending update to database
12:26:06 Gateway/motion 1
Gateway sending update to database
12:26:06 Gateway/motion 1
Gateway sending update to database
12:26:06 Gateway/motion 1
Gateway sending update to database
12:26:06 Gateway/motion 1
Gateway sending update to database
12:26:06 Gateway/motion 1
Gateway sending update to database
12:26:06 Gateway/motion 1
Gateway sending update to database
12:26:06 Gateway/motion 1
Gateway sending update to database
12:26:06 Gateway/motion 1
Gateway sending update to database
12:26:06 Gateway/motion 1
Gateway sending update to database
12:26:06 Gateway/motion 1
Gateway sending update to database
12:26:06 Gateway/motion 1
Gateway sending update to database
12:26:06 Gateway/motion 1
Gateway sending update to database
12:26:06 Gateway/motion 1
Gateway sending update to database
12:26:06 Gateway/motion 1
Gateway sending update to database
12:26:06 Gateway/motion 1
Gateway sending update to database
12:26:06 Gateway/motion 1
Gateway sending update to database
12:26:06 Gateway/motion 1
Gateway sending update to database
12:26:06 Gateway/motion 1
Gateway sending update to database
12:26:06 Gateway/motion 1
Gateway sending update to database
12:26:06 Gateway/motion 1
Gateway sending update to database
12:26:06 Gateway/motion 1
Gateway sending update to database
12:26:06 Gateway/motion 1
Gateway sending update to database
12:26:06 Gateway/motion 1
Gateway sending update to database
12:26:06 Gateway/motion 1
Gateway sending update to database
12:26:06 Gateway/motion 1
Gateway sending update to database
12:26:06 Gateway/motion 1
Gateway sending update to database
12:26:06 Gateway/motion 1
Gateway sending update to database
12:26:06 Gateway/motion 1
Gateway sending update to database
12:26:06 Gateway/motion 1
Gateway sending update to database
12:26:06 Gateway/motion 1
Gateway sending update to database
12:26:06 Gateway/motion 1
Gateway sending update to database
12:26:06 Gateway/motion 1
Gateway sending update to database
12:26:06 Gateway/motion 1
Gateway sending update to database
12:26:06 Gateway/motion 1
Gateway sending update to database
12:26:06 Gateway/motion 1
Gateway sending update to database
12:26:06 Gateway/motion 1
Gateway sending update to database
12:26:06 Gateway/motion 1
Gateway sending update to database
12:26:06 Gateway/motion 1
Gateway sending update to database
12:26:06 Gateway/motion 1
Gateway sending update to database
12:26:06 Gateway/motion 1
Gateway sending update to database
12:26:06 Gateway/motion 1
Gateway sending update to database
12:26:06 Gateway/motion 1
Gateway sending update to database
12:26:06 Gateway/motion 1
Gateway sending update to database
12:26:06 Gateway/motion 1
Gateway sending update to database
12:26:06 Gateway/motion 1
Gateway sending update to database
12:26:06 Gateway/motion 1
Gateway sending update to database
12:26:06 Gateway/motion 1
Gateway sending update to database
12:26:06 Gateway/motion 1
Gateway sending update to database
12:26:06 Gateway/motion 1
Gateway sending update to database
12:26:06 Gateway/motion 1
Gateway sending update to database
12:26:06 Gateway/motion 1
Gateway sending update to database
12:26:06 Gateway/motion 1
Gateway sending update to database
12:26:06 Gateway/motion 1
Gateway sending update to database
12:26:06 Gateway/motion 1
Gateway sending update to database
12:26:06 Gateway/motion 1
Gateway sending update to database
12:26:06 Gateway/motion 1
Gateway sending update to database
12:26:06 Gateway/motion 1
Gateway sending update to database
12:26:06 Gateway/motion 1
Gateway sending update to database
12:26:06 Gateway/motion 1
Gateway sending update to database
12:26:06 Gateway/motion 1
Gateway sending update to database
12:26:06 Gateway/motion 1
Gateway sending update to database
12:26:06 Gateway/motion 1
Gateway sending update to database
12:26:06 Gateway/motion 1
Gateway sending update to database
12:26:06 Gateway/motion 1
Gateway sending update to database
12:26:06 Gateway/motion 1
Gateway sending update to database
12:26:06 Gateway/motion 1
Gateway sending update to database
12:26:06 Gateway/motion 1
Gateway sending update to database
12:26:06 Gateway/motion 1
Gateway sending update to database
12:26:06 Gateway/motion 1
Gateway sending update to database
12:26:06 Gateway/motion 1
Gateway sending update to database
12:26:06 Gateway/motion 1
Gateway sending update to database
12:26:06 Gateway/motion 1
Gateway sending update to database
12:26:06 Gateway/motion 1
Gateway sending update to database
12:26:06 Gateway/motion 1
Gateway sending update to database
12:26:06 Gateway/motion 1
Gateway sending update to database
12:26:06 Gateway/motion 1
Gateway sending update to database
12:26:06 Gateway/motion 1
Gateway sending update to database
12:26:06 Gateway/motion 1
Gateway sending update to database
12:26:06 Gateway/motion 1
Gateway sending update to database
12:26:06 Gateway/motion 1
Gateway sending update to database
12:26:06 Gateway/motion 1
Gateway sending update to database
12:26:06 Gateway/motion 1
Gateway sending update to database
12:26:06 Gateway/motion 1
Gateway sending update to database
12:26:06 Gateway/motion 1
Gateway sending update to database
12:26:07 Gateway/motion 1
Gateway sending update to database
12:26:07 Gateway/motion 1
Gateway sending update to database
12:26:07 Gateway/motion 1
Gateway sending update to database
12:26:07 Gateway/motion 1
Gateway sending update to database
12:26:07 Gateway/motion 1
Gateway sending update to database
12:26:07 Gateway/motion 1
Gateway sending update to database
12:26:07 Gateway/motion 1
Gateway sending update to database
12:26:07 Gateway/motion 1
Gateway sending update to database
12:26:07 Gateway/motion 1
Gateway sending update to database
12:26:07 Gateway/motion 1
Gateway sending update to database
12:26:07 Gateway/motion 1
Gateway sending update to database
12:26:07 Gateway/motion 1
Gateway sending update to database
12:26:07 Gateway/motion 1
Gateway sending update to database
12:26:07 Gateway/motion 1
Gateway sending update to database
12:26:07 Gateway/motion 1
Gateway sending update to database
12:26:07 Gateway/motion 1
Gateway sending update to database
12:26:07 Gateway/motion 1
Gateway sending update to database
12:26:07 Gateway/motion 1
Gateway sending update to database
12:26:07 Gateway/motion 1
Gateway sending update to database
12:26:07 Gateway/motion 1
Gateway sending update to database
12:26:07 Gateway/motion 1
Gateway sending update to database
12:26:07 Gateway/motion 1
Gateway sending update to database
12:26:07 Gateway/motion 1
Gateway sending update to database
12:26:07 Gateway/motion 1
Gateway sending update to database
12:26:07 Gateway/motion 1
Gateway sending update to database
12:26:07 Gateway/motion 1
Gateway sending update to database
12:26:07 Gateway/motion 1
Gateway sending update to database
12:26:07 Gateway/motion 1
Gateway sending update to database
12:26:07 Gateway/motion 1
Gateway sending update to database
12:26:07 Gateway/motion 1
Gateway sending update to database
12:26:07 Gateway/motion 1
Gateway sending update to database
12:26:07 Gateway/motion 1
Gateway sending update to database
12:26:07 Gateway/motion 1
Gateway sending update to database
12:26:07 Gateway/motion 1
Gateway sending update to database
12:26:07 Gateway/motion 1
Gateway sending update to database
12:26:07 Gateway/motion 1
Gateway sending update to database
12:26:07 Gateway/motion 1
Gateway sending update to database
12:26:07 Gateway/motion 1
Gateway sending update to database
12:26:07 Gateway/motion 1
Gateway sending update to database
12:26:07 Gateway/motion 1
Gateway sending update to database
12:26:07 Gateway/motion 1
Gateway sending update to database
12:26:07 Gateway/motion 1
Gateway sending update to database
12:26:07 Gateway/motion 1
Gateway sending update to database
12:26:07 Gateway/motion 1
Gateway sending update to database
12:26:07 Gateway/motion 1
Gateway sending update to database
12:26:07 Gateway/motion 1
Gateway sending update to database
12:26:07 Gateway/motion 1
Gateway sending update to database
12:26:07 Gateway/motion 1
Gateway sending update to database
12:26:07 Gateway/motion 1
Gateway sending update to database
12:26:07 Gateway/motion 1
Gateway sending update to database
12:26:07 Gateway/motion 1
Gateway sending update to database
12:26:07 Gateway/motion 1
Gateway sending update to database
12:26:07 Gateway/motion 1
Gateway sending update to database
12:26:07 Gateway/motion 1
Gateway sending update to database
12:26:07 Gateway/motion 1
Gateway sending update to database
12:26:07 Gateway/motion 1
Gateway sending update to database
12:26:07 Gateway/motion 1
Gateway sending update to database
12:26:07 Gateway/motion 1
Gateway sending update to database
12:26:07 Gateway/motion 1
Gateway sending update to database
12:26:07 Gateway/motion 1
Gateway sending update to database
12:26:07 Gateway/motion 1
Gateway sending update to database
12:26:07 Gateway/motion 1
Gateway sending update to database
12:26:07 Gateway/motion 1
Gateway sending update to database
12:26:07 Gateway/motion 1
Gateway sending update to database
12:26:07 Gateway/motion 1
Gateway sending update to database
12:26:07 Gateway/motion 1
Gateway sending update to database
12:26:07 Gateway/motion 1
Gateway sending update to database
12:26:07 Gateway/motion 1
Gateway sending update to database
12:26:07 Gateway/motion 1
Gateway sending update to database
12:26:07 Gateway/motion 1
Gateway sending update to database
12:26:07 Gateway/motion 1
Gateway sending update to database
12:26:07 Gateway/motion 1
Gateway sending update to database
12:26:07 Gateway/motion 1
Gateway sending update to database
12:26:07 Gateway/motion 1
Gateway sending update to database
12:26:07 Gateway/motion 1
Gateway sending update to database
12:26:07 Gateway/motion 1
Gateway sending update to database
12:26:07 Gateway/motion 1
Gateway sending update to database
12:26:07 Gateway/motion 1
Gateway sending update to database
12:26:07 Gateway/motion 1
Gateway sending update to database
12:26:07 Gateway/motion 1
Gateway sending update to database
12:26:07 Gateway/motion 1
Gateway sending update to database
12:26:07 Gateway/motion 1
Gateway sending update to database
12:26:07 Gateway/motion 1
Gateway sending update to database
12:26:07 Gateway/motion 1
Gateway sending update to database
12:26:07 Gateway/motion 1
Gateway sending update to database
12:26:07 Gateway/motion 1
Gateway sending update to database
12:26:07 Gateway/motion 1
Gateway sending update to database
12:26:07 Gateway/motion 1
Gateway sending update to database
12:26:07 Gateway/motion 1
Gateway sending update to database
12:26:07 Gateway/motion 1
Gateway sending update to database
12:26:07 Gateway/motion 1
Gateway sending update to database
12:26:07 Gateway/motion 1
Gateway sending update to database
12:26:07 Gateway/motion 1
Gateway sending update to database
12:26:07 Gateway/motion 1
Gateway sending update to database
12:26:07 Gateway/motion 1
Gateway sending update to database
12:26:07 Gateway/motion 1
Gateway sending update to database
12:26:07 Gateway/motion 1
Gateway sending update to database
12:26:07 Gateway/motion 1
Gateway sending update to database
12:26:07 Gateway/motion 1
Gateway sending update to database
12:26:07 Gateway/motion 1
Gateway sending update to database
12:26:07 Gateway/motion 1
Gateway sending update to database
12:26:07 Gateway/motion 1
Gateway sending update to database
12:26:07 Gateway/motion 1
Gateway sending update to database
12:26:07 Gateway/motion 1
Gateway sending update to database
12:26:07 Gateway/motion 1
Gateway sending update to database
12:26:07 Gateway/motion 1
Gateway sending update to database
12:26:07 Gateway/motion 1
Gateway sending update to database
12:26:07 Gateway/motion 1
Gateway sending update to database
12:26:07 Gateway/motion 1
Gateway sending update to database
12:26:07 Gateway/motion 1
Gateway sending update to database
12:26:07 Gateway/motion 1
Gateway sending update to database
12:26:07 Gateway/motion 1
Gateway sending update to database
12:26:07 Gateway/motion 1
Gateway sending update to database
12:26:07 Gateway/motion 1
Gateway sending update to database
12:26:07 Gateway/motion 1
Gateway sending update to database
12:26:07 Gateway/motion 1
Gateway sending update to database
12:26:07 Gateway/motion 1
Gateway sending update to database
12:26:07 Gateway/motion 1
Gateway sending update to database
12:26:07 Gateway/motion 1
Gateway sending update to database
12:26:07 Gateway/motion 1
Gateway sending update to database
12:26:07 Gateway/motion 1
Gateway sending update to database
12:26:07 Gateway/motion 1
Gateway sending update to database
12:26:07 Gateway/motion 1
Gateway sending update to database
12:26:07 Gateway/motion 1
Gateway sending update to database
12:26:07 Gateway/motion 1
Gateway sending update to database
12:26:07 Gateway/motion 1
Gateway sending update to database
12:26:07 Gateway/motion 1
Gateway sending update to database
12:26:07 Gateway/motion 1
Gateway sending update to database
12:26:07 Gateway/motion 1
Gateway sending update to database
12:26:07 Gateway/motion 1
Gateway sending update to database
12:26:07 Gateway/motion 1
Gateway sending update to database
12:26:07 Gateway/motion 1
Gateway sending update to database
12:26:07 Gateway/motion 1
Gateway sending update to database
12:26:07 Gateway/motion 1
Gateway sending update to database
12:26:07 Gateway/motion 1
Gateway sending update to database
12:26:07 Gateway/motion 1
Gateway sending update to database
12:26:07 Gateway/motion 1
Gateway sending update to database
12:26:07 Gateway/motion 1
Gateway sending update to database
12:26:07 Gateway/motion 1
Gateway sending update to database
12:26:07 Gateway/motion 1
Gateway sending update to database
12:26:07 Gateway/motion 1
Gateway sending update to database
12:26:07 Gateway/motion 1
Gateway sending update to database
12:26:07 Gateway/motion 1
Gateway sending update to database
12:26:07 Gateway/motion 1
Gateway sending update to database
12:26:07 Gateway/motion 1
Gateway sending update to database
12:26:07 Gateway/motion 1
Gateway sending update to database
12:26:07 Gateway/motion 1
Gateway sending update to database
12:26:07 Gateway/motion 1
Gateway sending update to database
12:26:07 Gateway/motion 1
Gateway sending update to database
12:26:07 Gateway/motion 1
Gateway sending update to database
12:26:07 Gateway/motion 1
Gateway sending update to database
12:26:07 Gateway/motion 1
Gateway sending update to database
12:26:07 Gateway/motion 1
Gateway sending update to database
12:26:07 Gateway/motion 1
Gateway sending update to database
12:26:07 Gateway/motion 1
Gateway sending update to database
12:26:07 Gateway/motion 1
Gateway sending update to database
12:26:07 Gateway/motion 1
Gateway sending update to database
12:26:07 Gateway/motion 1
Gateway sending update to database
12:26:07 Gateway/motion 1
Gateway sending update to database
12:26:07 Gateway/motion 1
Gateway sending update to database
12:26:07 Gateway/motion 1
Gateway sending update to database
12:26:07 Gateway/motion 1
Gateway sending update to database
12:26:07 Gateway/motion 1
Gateway sending update to database
12:26:07 Gateway/motion 1
Gateway sending update to database
12:26:07 Gateway/motion 1
Gateway sending update to database
12:26:07 Gateway/motion 1
Gateway sending update to database
12:26:07 Gateway/motion 1
Gateway sending update to database
12:26:07 Gateway/motion 1
Gateway sending update to database
12:26:07 Gateway/motion 1
Gateway sending update to database
12:26:07 Gateway/motion 1
Gateway sending update to database
12:26:07 Gateway/motion 1
Gateway sending update to database
12:26:07 Gateway/motion 1
Gateway sending update to database
12:26:07 Gateway/motion 1
Gateway sending update to database
12:26:07 Gateway/motion 1
Gateway sending update to database
12:26:07 Gateway/motion 1
Gateway sending update to database
12:26:07 Gateway/motion 1
Gateway sending update to database
12:26:07 Gateway/motion 1
Gateway sending update to database
12:26:07 Gateway/motion 1
Gateway sending update to database
12:26:07 Gateway/motion 1
Gateway sending update to database
12:26:07 Gateway/motion 1
Gateway sending update to database
12:26:07 Gateway/motion 1
Gateway sending update to database
12:26:07 Gateway/motion 1
Gateway sending update to database
12:26:07 Gateway/motion 1
Gateway sending update to database
12:26:07 Gateway/motion 1
Gateway sending update to database
12:26:07 Gateway/motion 1
Gateway sending update to database
12:26:07 Gateway/motion 1
Gateway sending update to database
12:26:07 Gateway/motion 1
Gateway sending update to database
12:26:07 Gateway/motion 1
Gateway sending update to database
12:26:07 Gateway/motion 1
Gateway sending update to database
12:26:07 Gateway/motion 1
Gateway sending update to database
12:26:07 Gateway/motion 1
Gateway sending update to database
12:26:07 Gateway/motion 1
Gateway sending update to database
12:26:07 Gateway/motion 1
Gateway sending update to database
12:26:07 Gateway/motion 1
Gateway sending update to database
12:26:07 Gateway/motion 1
Gateway sending update to database
12:26:07 Gateway/motion 1
Gateway sending update to database
12:26:07 Gateway/motion 1
Gateway sending update to database
12:26:07 Gateway/motion 1
Gateway sending update to database
12:26:07 Gateway/motion 1
Gateway sending update to database
12:26:07 Gateway/motion 1
Gateway sending update to database
12:26:07 Gateway/motion 1
Gateway sending update to database
12:26:07 Gateway/motion 1
Gateway sending update to database
12:26:07 Gateway/motion 1
Gateway sending update to database
12:26:07 Gateway/motion 1
Gateway sending update to database
12:26:07 Gateway/motion 1
Gateway sending update to database
12:26:07 Gateway/motion 1
Gateway sending update to database
12:26:07 Gateway/motion 1
Gateway sending update to database
12:26:07 Gateway/motion 1
Gateway sending update to database
12:26:07 Gateway/motion 1
Gateway sending update to database
12:26:07 Gateway/motion 1
Gateway sending update to database
12:26:07 Gateway/motion 1
Gateway sending update to database
12:26:07 Gateway/motion 1
Gateway sending update to database
12:26:07 Gateway/motion 1
Gateway sending update to database
12:26:07 Gateway/motion 1
Gateway sending update to database
12:26:07 Gateway/motion 1
Gateway sending update to database
12:26:07 Gateway/motion 1
Gateway sending update to database
12:26:07 Gateway/motion 1
Gateway sending update to database
12:26:07 Gateway/motion 1
Gateway sending update to database
12:26:07 Gateway/motion 1
Gateway sending update to database
12:26:07 Gateway/motion 1
Gateway sending update to database
12:26:07 Gateway/motion 1
Gateway sending update to database
12:26:07 Gateway/motion 1
Gateway sending update to database
12:26:07 Gateway/motion 1
Gateway sending update to database
12:26:07 Gateway/motion 1
Gateway sending update to database
12:26:07 Gateway/motion 1
Gateway sending update to database
12:26:07 Gateway/motion 1
Gateway sending update to database
12:26:07 Gateway/motion 1
Gateway sending update to database
12:26:07 Gateway/motion 1
Gateway sending update to database
12:26:07 Gateway/motion 1
Gateway sending update to database
12:26:07 Gateway/motion 1
Gateway sending update to database
12:26:07 Gateway/motion 1
Gateway sending update to database
12:26:07 Gateway/motion 1
Gateway sending update to database
12:26:07 Gateway/motion 1
Gateway sending update to database
12:26:07 Gateway/motion 1
Gateway sending update to database
12:26:07 Gateway/motion 1
Gateway sending update to database
12:26:07 Gateway/motion 1
Gateway sending update to database
12:26:07 Gateway/motion 1
Gateway sending update to database
12:26:07 Gateway/motion 1
Gateway sending update to database
12:26:07 Gateway/motion 1
Gateway sending update to database
12:26:07 Gateway/motion 1
Gateway sending update to database
12:26:07 Gateway/motion 1
Gateway sending update to database
12:26:07 Gateway/motion 1
Gateway sending update to database
12:26:07 Gateway/motion 1
Gateway sending update to database
12:26:07 Gateway/motion 1
Gateway sending update to database
12:26:07 Gateway/motion 1
Gateway sending update to database
12:26:07 Gateway/motion 1
Gateway sending update to database
12:26:07 Gateway/motion 1
Gateway sending update to database
12:26:07 Gateway/motion 1
Gateway sending update to database
12:26:07 Gateway/motion 1
Gateway sending update to database
12:26:07 Gateway/motion 1
Gateway sending update to database
12:26:07 Gateway/motion 1
Gateway sending update to database
12:26:07 Gateway/motion 1
Gateway sending update to database
12:26:07 Gateway/motion 1
Gateway sending update to database
12:26:07 Gateway/motion 1
Gateway sending update to database
12:26:07 Gateway/motion 1
Gateway sending update to database
12:26:07 Gateway/motion 1
12:26:07 Temperature Sensor Gateway 0.0
Gateway sending update to database
12:26:07 Gateway/motion 1
Gateway sending update to database
Gateway sending update to database
Gateway sending update to database
12:26:07 Gateway/motion 1
Gateway sending update to database
12:26:07 Gateway/motion 1
Gateway sending update to database
12:26:07 Gateway/motion 1
Gateway sending update to database
12:26:07 Gateway/motion 1
Gateway sending update to database
12:26:07 Gateway/motion 1
Gateway sending update to database
12:26:07 Gateway/motion 1
Gateway sending update to database
12:26:07 Gateway/motion 1
Gateway sending update to database
12:26:07 Gateway/motion 1
Gateway sending update to database
12:26:07 Gateway/motion 1
Gateway sending update to database
12:26:07 Gateway/motion 1
Gateway sending update to database
12:26:07 Gateway/motion 1
Gateway sending update to database
12:26:07 Gateway/motion 1
Gateway sending update to database
12:26:07 Gateway/motion 1
Gateway sending update to database
12:26:07 Gateway/motion 1
Gateway sending update to database
12:26:07 Gateway/motion 1
Gateway sending update to database
12:26:07 Gateway/motion 1
Gateway sending update to database
12:26:07 Gateway/motion 1
Gateway sending update to database
12:26:07 Gateway/motion 1
Gateway sending update to database
12:26:07 Gateway/motion 1
Gateway sending update to database
12:26:07 Gateway/motion 1
Gateway sending update to database
12:26:07 Gateway/motion 1
Gateway sending update to database
12:26:07 Gateway/motion 1
Gateway sending update to database
12:26:07 Gateway/motion 1
Gateway sending update to database
12:26:07 Gateway/motion 1
Gateway sending update to database
12:26:07 Gateway/motion 1
Gateway sending update to database
12:26:07 Gateway/motion 1
Gateway sending update to database
12:26:07 Gateway/motion 1
Gateway sending update to database
12:26:07 Gateway/motion 1
Gateway sending update to database
12:26:07 Gateway/motion 1
Gateway sending update to database
12:26:07 Gateway/motion 1
Gateway sending update to database
12:26:07 Gateway/motion 1
Gateway sending update to database
12:26:07 Gateway/motion 1
Gateway sending update to database
12:26:07 Gateway/motion 1
Gateway sending update to database
12:26:07 Gateway/motion 1
Gateway sending update to database
12:26:07 Gateway/motion 1
Gateway sending update to database
12:26:07 Gateway/motion 1
Gateway sending update to database
12:26:07 Gateway/motion 1
Gateway sending update to database
12:26:07 Gateway/motion 1
Gateway sending update to database
12:26:07 Gateway/motion 1
Gateway sending update to database
12:26:07 Gateway/motion 1
Gateway sending update to database
12:26:07 Gateway/motion 1
Gateway sending update to database
12:26:07 Gateway/motion 1
Gateway sending update to database
12:26:07 Gateway/motion 1
Gateway sending update to database
12:26:07 Gateway/motion 1
Gateway sending update to database
12:26:07 Gateway/motion 1
Gateway sending update to database
12:26:07 Gateway/motion 1
Gateway sending update to database
12:26:07 Gateway/motion 1
Gateway sending update to database
12:26:07 Gateway/motion 1
Gateway sending update to database
12:26:07 Gateway/motion 1
Gateway sending update to database
12:26:07 Gateway/motion 1
Gateway sending update to database
12:26:07 Gateway/motion 1
Gateway sending update to database
12:26:07 Gateway/motion 1
Gateway sending update to database
12:26:07 Gateway/motion 1
Gateway sending update to database
12:26:07 Gateway/motion 1
Gateway sending update to database
12:26:07 Gateway/motion 1
Gateway sending update to database
12:26:07 Gateway/motion 1
Gateway sending update to database
12:26:07 Gateway/motion 1
Gateway sending update to database
12:26:07 Gateway/motion 1
Gateway sending update to database
12:26:07 Gateway/motion 1
Gateway sending update to database
12:26:07 Gateway/motion 1
Gateway sending update to database
12:26:07 Gateway/motion 1
Gateway sending update to database
12:26:07 Gateway/motion 1
Gateway sending update to database
12:26:07 Gateway/motion 1
Gateway sending update to database
12:26:07 Gateway/motion 1
Gateway sending update to database
12:26:07 Gateway/motion 1
Gateway sending update to database
12:26:07 Gateway/motion 1
Gateway sending update to database
12:26:07 Gateway/motion 1
Gateway sending update to database
12:26:07 Gateway/motion 1
Gateway sending update to database
12:26:07 Gateway/motion 1
Gateway sending update to database
12:26:07 Gateway/motion 1
Gateway sending update to database
12:26:07 Gateway/motion 1
Gateway sending update to database
12:26:07 Gateway/motion 1
Gateway sending update to database
12:26:07 Gateway/motion 1
Gateway sending update to database
12:26:07 Gateway/motion 1
Gateway sending update to database
12:26:07 Gateway/motion 1
Gateway sending update to database
12:26:07 Gateway/motion 1
Gateway sending update to database
12:26:07 Gateway/motion 1
Gateway sending update to database
12:26:07 Gateway/motion 1
Gateway sending update to database
12:26:07 Gateway/motion 1
Gateway sending update to database
12:26:07 Gateway/motion 1
Gateway sending update to database
12:26:07 Gateway/motion 1
Gateway sending update to database
12:26:07 Gateway/motion 1
Gateway sending update to database
12:26:07 Gateway/motion 1
Gateway sending update to database
12:26:07 Gateway/motion 1
Gateway sending update to database
12:26:07 Gateway/motion 1
Gateway sending update to database
12:26:07 Gateway/motion 1
Gateway sending update to database
12:26:07 Gateway/motion 1
Gateway sending update to database
12:26:07 Gateway/motion 1
Gateway sending update to database
12:26:07 Gateway/motion 1
Gateway sending update to database
12:26:07 Gateway/motion 1
Gateway sending update to database
12:26:07 Gateway/motion 1
Gateway sending update to database
12:26:07 Gateway/motion 1
Gateway sending update to database
12:26:07 Gateway/motion 1
Gateway sending update to database
12:26:07 Gateway/motion 1
Gateway sending update to database
12:26:07 Gateway/motion 1
Gateway sending update to database
12:26:07 Gateway/motion 1
Gateway sending update to database
12:26:07 Gateway/motion 1
Gateway sending update to database
12:26:07 Gateway/motion 1
Gateway sending update to database
12:26:07 Gateway/motion 1
Gateway sending update to database
12:26:07 Gateway/motion 1
Gateway sending update to database
12:26:07 Gateway/motion 1
Gateway sending update to database
12:26:07 Gateway/motion 1
Gateway sending update to database
12:26:07 Gateway/motion 1
Gateway sending update to database
12:26:07 Gateway/motion 1
Gateway sending update to database
12:26:07 Gateway/motion 1
Gateway sending update to database
12:26:07 Gateway/motion 1
Gateway sending update to database
12:26:07 Gateway/motion 1
Gateway sending update to database
12:26:07 Gateway/motion 1
Gateway sending update to database
12:26:07 Gateway/motion 1
Gateway sending update to database
12:26:07 Gateway/motion 1
Gateway sending update to database
12:26:07 Gateway/motion 1
Gateway sending update to database
12:26:07 Gateway/motion 1
Gateway sending update to database
12:26:07 Gateway/motion 1
Gateway sending update to database
12:26:07 Gateway/motion 1
Gateway sending update to database
12:26:07 Gateway/motion 1
Gateway sending update to database
12:26:07 Gateway/motion 1
Gateway sending update to database
12:26:07 Gateway/motion 1
Gateway sending update to database
12:26:07 Gateway/motion 1
Gateway sending update to database
12:26:07 Gateway/motion 1
Gateway sending update to database
12:26:07 Gateway/motion 1
Gateway sending update to database
12:26:07 Gateway/motion 1
Gateway sending update to database
12:26:07 Gateway/motion 1
Gateway sending update to database
12:26:07 Gateway/motion 1
Gateway sending update to database
12:26:07 Gateway/motion 1
Gateway sending update to database
12:26:07 Gateway/motion 1
Gateway sending update to database
12:26:07 Gateway/motion 1
Gateway sending update to database
12:26:07 Gateway/motion 1
Gateway sending update to database
12:26:07 Gateway/motion 1
Gateway sending update to database
12:26:07 Gateway/motion 1
Gateway sending update to database
12:26:07 Gateway/motion 1
Gateway sending update to database
12:26:07 Gateway/motion 1
Gateway sending update to database
12:26:07 Gateway/motion 1
Gateway sending update to database
12:26:07 Gateway/motion 1
Gateway sending update to database
12:26:07 Gateway/motion 1
Gateway sending update to database
12:26:07 Gateway/motion 1
Gateway sending update to database
12:26:07 Gateway/motion 1
Gateway sending update to database
12:26:07 Gateway/motion 1
Gateway sending update to database
12:26:07 Gateway/motion 1
Gateway sending update to database
12:26:07 Gateway/motion 1
Gateway sending update to database
12:26:07 Gateway/motion 1
Gateway sending update to database
12:26:07 Gateway/motion 1
Gateway sending update to database
12:26:07 Gateway/motion 1
Gateway sending update to database
12:26:07 Gateway/motion 1
Gateway sending update to database
12:26:07 Gateway/motion 1
Gateway sending update to database
12:26:07 Gateway/motion 1
Gateway sending update to database
12:26:07 Gateway/motion 1
Gateway sending update to database
12:26:07 Gateway/motion 1
Gateway sending update to database
12:26:07 Gateway/motion 1
Gateway sending update to database
12:26:07 Gateway/motion 1
Gateway sending update to database
12:26:07 Gateway/motion 1
Gateway sending update to database
12:26:07 Gateway/motion 1
Gateway sending update to database
12:26:07 Gateway/motion 1
Gateway sending update to database
12:26:07 Gateway/motion 1
Gateway sending update to database
12:26:07 Gateway/motion 1
Gateway sending update to database
12:26:07 Gateway/motion 1
Gateway sending update to database
12:26:07 Gateway/motion 1
Gateway sending update to database
12:26:07 Gateway/motion 1
Gateway sending update to database
12:26:07 Gateway/motion 1
Gateway sending update to database
12:26:07 Gateway/motion 1
Gateway sending update to database
12:26:07 Gateway/motion 1
Gateway sending update to database
12:26:07 Gateway/motion 1
Gateway sending update to database
12:26:07 Gateway/motion 1
Gateway sending update to database
12:26:07 Gateway/motion 1
Gateway sending update to database
12:26:07 Gateway/motion 1
Gateway sending update to database
12:26:07 Gateway/motion 1
Gateway sending update to database
12:26:07 Gateway/motion 1
Gateway sending update to database
12:26:07 Gateway/motion 1
Gateway sending update to database
12:26:07 Gateway/motion 1
Gateway sending update to database
12:26:07 Gateway/motion 1
Gateway sending update to database
12:26:07 Gateway/motion 1
Gateway sending update to database
12:26:07 Gateway/motion 1
Gateway sending update to database
12:26:07 Gateway/motion 1
Gateway sending update to database
12:26:07 Gateway/motion 1
Gateway sending update to database
12:26:07 Gateway/motion 1
Gateway sending update to database
12:26:07 Gateway/motion 1
Gateway sending update to database
12:26:07 Gateway/motion 1
Gateway sending update to database
12:26:07 Gateway/motion 1
Gateway sending update to database
12:26:07 Gateway/motion 1
Gateway sending update to database
12:26:07 Gateway/motion 1
Gateway sending update to database
12:26:07 Gateway/motion 1
Gateway sending update to database
12:26:07 Gateway/motion 1
Gateway sending update to database
12:26:07 Gateway/motion 1
Gateway sending update to database
12:26:07 Gateway/motion 1
Gateway sending update to database
12:26:07 Gateway/motion 1
Gateway sending update to database
12:26:07 Gateway/motion 1
Gateway sending update to database
12:26:07 Gateway/motion 1
Gateway sending update to database
12:26:07 Gateway/motion 1
Gateway sending update to database
12:26:07 Gateway/motion 1
Gateway sending update to database
12:26:07 Gateway/motion 1
Gateway sending update to database
12:26:07 Gateway/motion 1
Gateway sending update to database
12:26:07 Gateway/motion 1
Gateway sending update to database
12:26:07 Gateway/motion 1
Gateway sending update to database
12:26:07 Gateway/motion 1
Gateway sending update to database
12:26:07 Gateway/motion 1
Gateway sending update to database
12:26:07 Gateway/motion 1
Gateway sending update to database
12:26:07 Gateway/motion 1
Gateway sending update to database
12:26:07 Gateway/motion 1
Gateway sending update to database
12:26:07 Gateway/motion 1
Gateway sending update to database
12:26:07 Gateway/motion 1
Gateway sending update to database
12:26:07 Gateway/motion 1
Gateway sending update to database
12:26:07 Gateway/motion 1
Gateway sending update to database
12:26:07 Gateway/motion 1
Gateway sending update to database
12:26:07 Gateway/motion 1
Gateway sending update to database
12:26:07 Gateway/motion 1
Gateway sending update to database
12:26:07 Gateway/motion 1
Gateway sending update to database
12:26:07 Gateway/motion 1
Gateway sending update to database
12:26:07 Gateway/motion 1
Gateway sending update to database
12:26:07 Gateway/motion 1
Gateway sending update to database
12:26:07 Gateway/motion 1
Gateway sending update to database
12:26:07 Gateway/motion 1
Gateway sending update to database
12:26:07 Gateway/motion 1
Gateway sending update to database
12:26:07 Gateway/motion 1
Gateway sending update to database
12:26:07 Gateway/motion 1
Gateway sending update to database
12:26:07 Gateway/motion 1
Gateway sending update to database
12:26:07 Gateway/motion 1
Gateway sending update to database
12:26:07 Gateway/motion 1
Gateway sending update to database
12:26:07 Gateway/motion 1
Gateway sending update to database
12:26:07 Gateway/motion 1
Gateway sending update to database
12:26:07 Gateway/motion 1
Gateway sending update to database
12:26:07 Gateway/motion 1
Gateway sending update to database
12:26:07 Gateway/motion 1
Gateway sending update to database
12:26:07 Gateway/motion 1
Gateway sending update to database
12:26:07 Gateway/motion 1
Gateway sending update to database
12:26:07 Gateway/motion 1
Gateway sending update to database
12:26:07 Gateway/motion 1
Gateway sending update to database
12:26:07 Gateway/motion 1
Gateway sending update to database
12:26:07 Gateway/motion 1
Gateway sending update to database
12:26:07 Gateway/motion 1
Gateway sending update to database
12:26:07 Gateway/motion 1
Gateway sending update to database
12:26:07 Gateway/motion 1
Gateway sending update to database
12:26:07 Gateway/motion 1
Gateway sending update to database
12:26:07 Gateway/motion 1
Gateway sending update to database
12:26:07 Gateway/motion 1
Gateway sending update to database
12:26:07 Gateway/motion 1
Gateway sending update to database
12:26:07 Gateway/motion 1
Gateway sending update to database
12:26:07 Gateway/motion 1
Gateway sending update to database
12:26:07 Gateway/motion 1
Gateway sending update to database
12:26:07 Gateway/motion 1
Gateway sending update to database
12:26:07 Gateway/motion 1
Gateway sending update to database
12:26:07 Gateway/motion 1
Gateway sending update to database
12:26:07 Gateway/motion 1
Gateway sending update to database
12:26:07 Gateway/motion 1
Gateway sending update to database
12:26:07 Gateway/motion 1
Gateway sending update to database
12:26:07 Gateway/motion 1
Gateway sending update to database
12:26:07 Gateway/motion 1
Gateway sending update to database
12:26:07 Gateway/motion 1
Gateway sending update to database
12:26:07 Gateway/motion 1
Gateway sending update to database
12:26:07 Gateway/motion 1
Gateway sending update to database
12:26:07 Gateway/motion 1
Gateway sending update to database
12:26:07 Gateway/motion 1
Gateway sending update to database
12:26:07 Gateway/motion 1
Gateway sending update to database
12:26:07 Gateway/motion 1
Gateway sending update to database
12:26:07 Gateway/motion 1
Gateway sending update to database
12:26:07 Gateway/motion 1
Gateway sending update to database
12:26:07 Gateway/motion 1
Gateway sending update to database
12:26:07 Gateway/motion 1
Gateway sending update to database
12:26:07 Gateway/motion 1
Gateway sending update to database
12:26:07 Gateway/motion 1
Gateway sending update to database
12:26:07 Gateway/motion 1
Gateway sending update to database
12:26:07 Gateway/motion 1
Gateway sending update to database
12:26:07 Gateway/motion 1
Gateway sending update to database
12:26:07 Gateway/motion 1
Gateway sending update to database
12:26:07 Gateway/motion 1
Gateway sending update to database
12:26:07 Gateway/motion 1
Gateway sending update to database
12:26:07 Gateway/motion 1
Gateway sending update to database
12:26:07 Gateway/motion 1
Gateway sending update to database
12:26:07 Gateway/motion 1
Gateway sending update to database
12:26:07 Gateway/motion 1
Gateway sending update to database
12:26:07 Gateway/motion 1
Gateway sending update to database
12:26:07 Gateway/motion 1
Gateway sending update to database
12:26:07 Gateway/motion 1
Gateway sending update to database
12:26:07 Gateway/motion 1
Gateway sending update to database
12:26:07 Gateway/motion 1
Gateway sending update to database
12:26:07 Gateway/motion 1
Gateway sending update to database
12:26:07 Gateway/motion 1
Gateway sending update to database
12:26:07 Gateway/motion 1
Gateway sending update to database
12:26:07 Gateway/motion 1
Gateway sending update to database
12:26:07 Gateway/motion 1
Gateway sending update to database
12:26:07 Gateway/motion 1
Gateway sending update to database
12:26:07 Gateway/motion 1
Gateway sending update to database
12:26:07 Gateway/motion 1
Gateway sending update to database
12:26:07 Gateway/motion 1
Gateway sending update to database
12:26:07 Gateway/motion 1
Gateway sending update to database
12:26:07 Gateway/motion 1
Gateway sending update to database
12:26:07 Gateway/motion 1
Gateway sending update to database
12:26:07 Gateway/motion 1
Gateway sending update to database
12:26:07 Gateway/motion 1
Gateway sending update to database
12:26:07 Gateway/motion 1
Gateway sending update to database
12:26:07 Gateway/motion 1
Gateway sending update to database
12:26:07 Gateway/motion 1
Gateway sending update to database
12:26:07 Gateway/motion 1
Gateway sending update to database
12:26:07 Gateway/motion 1
Gateway sending update to database
12:26:07 Gateway/motion 1
Gateway sending update to database
12:26:07 Gateway/motion 1
Gateway sending update to database
12:26:07 Gateway/motion 1
Gateway sending update to database
12:26:07 Gateway/motion 1
Gateway sending update to database
12:26:07 Gateway/motion 1
Gateway sending update to database
12:26:07 Gateway/motion 1
Gateway sending update to database
12:26:07 Gateway/motion 1
Gateway sending update to database
12:26:07 Gateway/motion 1
Gateway sending update to database
12:26:07 Gateway/motion 1
Gateway sending update to database
12:26:07 Gateway/motion 1
Gateway sending update to database
12:26:07 Gateway/motion 1
Gateway sending update to database
12:26:07 Gateway/motion 1
Gateway sending update to database
12:26:07 Gateway/motion 1
Gateway sending update to database
12:26:07 Gateway/motion 1
Gateway sending update to database
12:26:07 Gateway/motion 1
Gateway sending update to database
12:26:07 Gateway/motion 1
Gateway sending update to database
12:26:07 Gateway/motion 1
Gateway sending update to database
12:26:07 Gateway/motion 1
Gateway sending update to database
12:26:07 Gateway/motion 1
Gateway sending update to database
12:26:07 Gateway/motion 1
Gateway sending update to database
12:26:07 Gateway/motion 1
Gateway sending update to database
12:26:07 Gateway/motion 1
Gateway sending update to database
12:26:07 Gateway/motion 1
Gateway sending update to database
12:26:07 Gateway/motion 1
Gateway sending update to database
12:26:07 Gateway/motion 1
Gateway sending update to database
12:26:07 Gateway/motion 1
Gateway sending update to database
12:26:07 Gateway/motion 1
Gateway sending update to database
12:26:07 Gateway/motion 1
Gateway sending update to database
12:26:07 Gateway/motion 1
Gateway sending update to database
12:26:07 Gateway/motion 1
Gateway sending update to database
12:26:07 Gateway/motion 1
Gateway sending update to database
12:26:07 Gateway/motion 1
Gateway sending update to database
12:26:07 Gateway/motion 1
Gateway sending update to database
12:26:07 Gateway/motion 1
Gateway sending update to database
12:26:07 Gateway/motion 1
Gateway sending update to database
12:26:07 Gateway/motion 1
Gateway sending update to database
12:26:07 Gateway/motion 1
Gateway sending update to database
12:26:07 Gateway/motion 1
Gateway sending update to database
12:26:07 Gateway/motion 1
Gateway sending update to database
12:26:07 Gateway/motion 1
Gateway sending update to database
12:26:07 Gateway/motion 1
Gateway sending update to database
12:26:07 Gateway/motion 1
Gateway sending update to database
12:26:07 Gateway/motion 1
Gateway sending update to database
12:26:07 Gateway/motion 1
Gateway sending update to database
12:26:07 Gateway/motion 1
Gateway sending update to database
12:26:07 Gateway/motion 1
Gateway sending update to database
12:26:08 Gateway/motion 1
Gateway sending update to database
12:26:08 Gateway/motion 1
Gateway sending update to database
12:26:08 Gateway/motion 1
Gateway sending update to database
12:26:08 Gateway/motion 1
Gateway sending update to database
12:26:08 Gateway/motion 1
Gateway sending update to database
12:26:08 Gateway/motion 1
Gateway sending update to database
12:26:08 Gateway/motion 1
Gateway sending update to database
12:26:08 Gateway/motion 1
Gateway sending update to database
12:26:08 Gateway/motion 1
Gateway sending update to database
12:26:08 Gateway/motion 1
Gateway sending update to database
12:26:08 Gateway/motion 1
Gateway sending update to database
12:26:08 Gateway/motion 1
Gateway sending update to database
12:26:08 Gateway/motion 1
Gateway sending update to database
12:26:08 Gateway/motion 1
Gateway sending update to database
12:26:08 Gateway/motion 1
Gateway sending update to database
12:26:08 Gateway/motion 1
Gateway sending update to database
12:26:08 Gateway/motion 1
Gateway sending update to database
12:26:08 Gateway/motion 1
Gateway sending update to database
12:26:08 Gateway/motion 1
Gateway sending update to database
12:26:08 Gateway/motion 1
Gateway sending update to database
12:26:08 Gateway/motion 1
Gateway sending update to database
12:26:08 Gateway/motion 1
Gateway sending update to database
12:26:08 Gateway/motion 1
Gateway sending update to database
12:26:08 Gateway/motion 1
Gateway sending update to database
12:26:08 Gateway/motion 1
Gateway sending update to database
12:26:08 Gateway/motion 1
Gateway sending update to database
12:26:08 Gateway/motion 1
Gateway sending update to database
12:26:08 Gateway/motion 1
Gateway sending update to database
12:26:08 Gateway/motion 1
Gateway sending update to database
12:26:08 Gateway/motion 1
Gateway sending update to database
12:26:08 Gateway/motion 1
Gateway sending update to database
12:26:08 Gateway/motion 1
Gateway sending update to database
12:26:08 Gateway/motion 1
Gateway sending update to database
12:26:08 Gateway/motion 1
Gateway sending update to database
12:26:08 Gateway/motion 1
Gateway sending update to database
12:26:08 Gateway/motion 1
Gateway sending update to database
12:26:08 Gateway/motion 1
Gateway sending update to database
12:26:08 Gateway/motion 1
Gateway sending update to database
12:26:08 Gateway/motion 1
Gateway sending update to database
12:26:08 Gateway/motion 1
Gateway sending update to database
12:26:08 Gateway/motion 1
Gateway sending update to database
12:26:08 Gateway/motion 1
Gateway sending update to database
12:26:08 Gateway/motion 1
Gateway sending update to database
12:26:08 Gateway/motion 1
Gateway sending update to database
12:26:08 Gateway/motion 1
Gateway sending update to database
12:26:08 Gateway/motion 1
Gateway sending update to database
12:26:08 Gateway/motion 1
Gateway sending update to database
12:26:08 Gateway/motion 1
Gateway sending update to database
12:26:08 Gateway/motion 1
Gateway sending update to database
12:26:08 Gateway/motion 1
Gateway sending update to database
12:26:08 Gateway/motion 1
Gateway sending update to database
12:26:08 Gateway/motion 1
Gateway sending update to database
12:26:08 Gateway/motion 1
Gateway sending update to database
12:26:08 Gateway/motion 1
Gateway sending update to database
12:26:08 Gateway/motion 1
Gateway sending update to database
12:26:08 Gateway/motion 1
Gateway sending update to database
12:26:08 Gateway/motion 1
Gateway sending update to database
12:26:08 Gateway/motion 1
Gateway sending update to database
12:26:08 Gateway/motion 1
Gateway sending update to database
12:26:08 Gateway/motion 1
Gateway sending update to database
12:26:08 Gateway/motion 1
Gateway sending update to database
12:26:08 Gateway/motion 1
Gateway sending update to database
12:26:08 Gateway/motion 1
Gateway sending update to database
12:26:08 Gateway/motion 1
Gateway sending update to database
12:26:08 Gateway/motion 1
Gateway sending update to database
12:26:08 Gateway/motion 1
Gateway sending update to database
12:26:08 Gateway/motion 1
Gateway sending update to database
12:26:08 Gateway/motion 1
Gateway sending update to database
12:26:08 Gateway/motion 1
Gateway sending update to database
12:26:08 Gateway/motion 1
Gateway sending update to database
12:26:08 Gateway/motion 1
Gateway sending update to database
12:26:08 Gateway/motion 1
Gateway sending update to database
12:26:08 Gateway/motion 1
Gateway sending update to database
12:26:08 Gateway/motion 1
Gateway sending update to database
12:26:08 Gateway/motion 1
Gateway sending update to database
12:26:08 Gateway/motion 1
Gateway sending update to database
12:26:08 Gateway/motion 1
Gateway sending update to database
12:26:08 Gateway/motion 1
Gateway sending update to database
12:26:08 Gateway/motion 1
Gateway sending update to database
12:26:08 Gateway/motion 1
Gateway sending update to database
12:26:08 Gateway/motion 1
Gateway sending update to database
12:26:08 Gateway/motion 1
Gateway sending update to database
12:26:08 Gateway/motion 1
Gateway sending update to database
12:26:08 Gateway/motion 1
Gateway sending update to database
12:26:08 Gateway/motion 1
Gateway sending update to database
12:26:08 Gateway/motion 1
Gateway sending update to database
12:26:08 Gateway/motion 1
Gateway sending update to database
12:26:08 Gateway/motion 1
Gateway sending update to database
12:26:08 Gateway/motion 1
Gateway sending update to database
12:26:08 Gateway/motion 1
Gateway sending update to database
12:26:08 Gateway/motion 1
Gateway sending update to database
12:26:08 Gateway/motion 1
Gateway sending update to database
12:26:08 Gateway/motion 1
Gateway sending update to database
12:26:08 Gateway/motion 1
Gateway sending update to database
12:26:08 Gateway/motion 1
Gateway sending update to database
12:26:08 Gateway/motion 1
Gateway sending update to database
12:26:08 Gateway/motion 1
Gateway sending update to database
12:26:08 Gateway/motion 1
Gateway sending update to database
12:26:08 Gateway/motion 1
Gateway sending update to database
12:26:08 Gateway/motion 1
Gateway sending update to database
12:26:08 Gateway/motion 1
Gateway sending update to database
12:26:08 Gateway/motion 1
Gateway sending update to database
12:26:08 Gateway/motion 1
Gateway sending update to database
12:26:08 Gateway/motion 1
Gateway sending update to database
12:26:08 Gateway/motion 1
Gateway sending update to database
12:26:08 Gateway/motion 1
Gateway sending update to database
12:26:08 Gateway/motion 1
Gateway sending update to database
12:26:08 Gateway/motion 1
Gateway sending update to database
12:26:08 Gateway/motion 1
Gateway sending update to database
12:26:08 Gateway/motion 1
Gateway sending update to database
12:26:08 Gateway/motion 1
Gateway sending update to database
12:26:08 Gateway/motion 1
Gateway sending update to database
12:26:08 Gateway/motion 1
Gateway sending update to database
12:26:08 Gateway/motion 1
Gateway sending update to database
12:26:08 Gateway/motion 1
Gateway sending update to database
12:26:08 Gateway/motion 1
Gateway sending update to database
12:26:08 Gateway/motion 1
Gateway sending update to database
12:26:08 Gateway/motion 1
Gateway sending update to database
12:26:08 Gateway/motion 1
Gateway sending update to database
12:26:08 Gateway/motion 1
Gateway sending update to database
12:26:08 Gateway/motion 1
Gateway sending update to database
12:26:08 Gateway/motion 1
Gateway sending update to database
12:26:08 Gateway/motion 1
Gateway sending update to database
12:26:08 Gateway/motion 1
Gateway sending update to database
12:26:08 Gateway/motion 1
Gateway sending update to database
12:26:08 Gateway/motion 1
Gateway sending update to database
12:26:08 Gateway/motion 1
Gateway sending update to database
12:26:08 Gateway/motion 1
Gateway sending update to database
12:26:08 Gateway/motion 1
Gateway sending update to database
12:26:08 Gateway/motion 1
Gateway sending update to database
12:26:08 Gateway/motion 1
Gateway sending update to database
12:26:08 Gateway/motion 1
Gateway sending update to database
12:26:08 Gateway/motion 1
Gateway sending update to database
12:26:08 Gateway/motion 1
Gateway sending update to database
12:26:08 Gateway/motion 1
Gateway sending update to database
12:26:08 Gateway/motion 1
Gateway sending update to database
12:26:08 Gateway/motion 1
Gateway sending update to database
12:26:08 Gateway/motion 1
Gateway sending update to database
12:26:08 Gateway/motion 1
Gateway sending update to database
12:26:08 Gateway/motion 1
Gateway sending update to database
12:26:08 Gateway/motion 1
Gateway sending update to database
12:26:08 Gateway/motion 1
Gateway sending update to database
12:26:08 Gateway/motion 1
Gateway sending update to database
12:26:08 Gateway/motion 1
Gateway sending update to database
12:26:08 Gateway/motion 1
Gateway sending update to database
12:26:08 Gateway/motion 1
Gateway sending update to database
12:26:08 Gateway/motion 1
Gateway sending update to database
12:26:08 Gateway/motion 1
Gateway sending update to database
12:26:08 Gateway/motion 1
Gateway sending update to database
12:26:08 Gateway/motion 1
Gateway sending update to database
12:26:08 Gateway/motion 1
Gateway sending update to database
12:26:08 Gateway/motion 1
Gateway sending update to database
12:26:08 Gateway/motion 1
Gateway sending update to database
12:26:08 Gateway/motion 1
Gateway sending update to database
12:26:08 Gateway/motion 1
Gateway sending update to database
12:26:08 Gateway/motion 1
Gateway sending update to database
12:26:08 Gateway/motion 1
Gateway sending update to database
12:26:08 Gateway/motion 1
Gateway sending update to database
12:26:08 Gateway/motion 1
Gateway sending update to database
12:26:08 Gateway/motion 1
Gateway sending update to database
12:26:08 Gateway/motion 1
Gateway sending update to database
12:26:08 Gateway/motion 1
Gateway sending update to database
12:26:08 Gateway/motion 1
Gateway sending update to database
12:26:08 Gateway/motion 1
Gateway sending update to database
12:26:08 Gateway/motion 1
Gateway sending update to database
12:26:08 Gateway/motion 1
Gateway sending update to database
12:26:08 Gateway/motion 1
Gateway sending update to database
12:26:08 Gateway/motion 1
Gateway sending update to database
12:26:08 Gateway/motion 1
Gateway sending update to database
12:26:08 Gateway/motion 1
Gateway sending update to database
12:26:08 Gateway/motion 1
Gateway sending update to database
12:26:08 Gateway/motion 1
Gateway sending update to database
12:26:08 Gateway/motion 1
Gateway sending update to database
12:26:08 Gateway/motion 1
Gateway sending update to database
12:26:08 Gateway/motion 1
Gateway sending update to database
12:26:08 Gateway/motion 1
Gateway sending update to database
12:26:08 Gateway/motion 1
Gateway sending update to database
12:26:08 Gateway/motion 1
Gateway sending update to database
12:26:08 Gateway/motion 1
Gateway sending update to database
12:26:08 Gateway/motion 1
Gateway sending update to database
12:26:08 Gateway/motion 1
Gateway sending update to database
12:26:08 Gateway/motion 1
Gateway sending update to database
12:26:08 Gateway/motion 1
Gateway sending update to database
12:26:08 Gateway/motion 1
Gateway sending update to database
12:26:08 Gateway/motion 1
Gateway sending update to database
12:26:08 Gateway/motion 1
Gateway sending update to database
12:26:08 Gateway/motion 1
Gateway sending update to database
12:26:08 Gateway/motion 1
Gateway sending update to database
12:26:08 Gateway/motion 1
Gateway sending update to database
12:26:08 Gateway/motion 1
Gateway sending update to database
12:26:08 Gateway/motion 1
Gateway sending update to database
12:26:08 Gateway/motion 1
Gateway sending update to database
12:26:08 Gateway/motion 1
Gateway sending update to database
12:26:08 Gateway/motion 1
Gateway sending update to database
12:26:08 Gateway/motion 1
Gateway sending update to database
12:26:08 Gateway/motion 1
Gateway sending update to database
12:26:08 Gateway/motion 1
Gateway sending update to database
12:26:08 Gateway/motion 1
Gateway sending update to database
12:26:08 Gateway/motion 1
Gateway sending update to database
12:26:08 Gateway/motion 1
Gateway sending update to database
12:26:08 Gateway/motion 1
Gateway sending update to database
12:26:08 Gateway/motion 1
Gateway sending update to database
12:26:08 Gateway/motion 1
Gateway sending update to database
12:26:08 Gateway/motion 1
Gateway sending update to database
12:26:08 Gateway/motion 1
Gateway sending update to database
12:26:08 Gateway/motion 1
Gateway sending update to database
12:26:08 Gateway/motion 1
Gateway sending update to database
12:26:08 Gateway/motion 1
Gateway sending update to database
12:26:08 Gateway/motion 1
Gateway sending update to database
12:26:08 Gateway/motion 1
Gateway sending update to database
12:26:08 Gateway/motion 1
Gateway sending update to database
12:26:08 Gateway/motion 1
Gateway sending update to database
12:26:08 Gateway/motion 1
Gateway sending update to database
12:26:08 Gateway/motion 1
Gateway sending update to database
12:26:08 Gateway/motion 1
Gateway sending update to database
12:26:08 Gateway/motion 1
Gateway sending update to database
12:26:08 Gateway/motion 1
Gateway sending update to database
12:26:08 Gateway/motion 1
Gateway sending update to database
12:26:08 Gateway/motion 1
Gateway sending update to database
12:26:08 Gateway/motion 1
Gateway sending update to database
12:26:08 Gateway/motion 1
Gateway sending update to database
12:26:08 Gateway/motion 1
Gateway sending update to database
12:26:08 Gateway/motion 1
Gateway sending update to database
12:26:08 Gateway/motion 1
Gateway sending update to database
12:26:08 Gateway/motion 1
Gateway sending update to database
12:26:08 Gateway/motion 1
Gateway sending update to database
12:26:08 Gateway/motion 1
Gateway sending update to database
12:26:08 Gateway/motion 1
Gateway sending update to database
12:26:08 Gateway/motion 1
Gateway sending update to database
12:26:08 Gateway/motion 1
Gateway sending update to database
12:26:08 Gateway/motion 1
Gateway sending update to database
12:26:08 Gateway/motion 1
Gateway sending update to database
12:26:08 Gateway/motion 1
Gateway sending update to database
12:26:08 Gateway/motion 1
Gateway sending update to database
12:26:08 Gateway/motion 1
Gateway sending update to database
12:26:08 Gateway/motion 1
Gateway sending update to database
12:26:08 Gateway/motion 1
Gateway sending update to database
12:26:08 Gateway/motion 1
Gateway sending update to database
12:26:08 Gateway/motion 1
Gateway sending update to database
12:26:08 Gateway/motion 1
Gateway sending update to database
12:26:08 Gateway/motion 1
Gateway sending update to database
12:26:08 Gateway/motion 1
Gateway sending update to database
12:26:08 Gateway/motion 1
Gateway sending update to database
12:26:08 Gateway/motion 1
Gateway sending update to database
12:26:08 Gateway/motion 1
Gateway sending update to database
12:26:08 Gateway/motion 1
Gateway sending update to database
12:26:08 Gateway/motion 1
Gateway sending update to database
12:26:08 Gateway/motion 1
Gateway sending update to database
12:26:08 Gateway/motion 1
Gateway sending update to database
12:26:08 Gateway/motion 1
Gateway sending update to database
12:26:08 Gateway/motion 1
Gateway sending update to database
12:26:08 Gateway/motion 1
Gateway sending update to database
12:26:08 Gateway/motion 1
Gateway sending update to database
12:26:08 Gateway/motion 1
Gateway sending update to database
12:26:09 Gateway/motion 1
Gateway sending update to database
12:26:09 Gateway/motion 1
Gateway sending update to database
12:26:09 Gateway/motion 1
Gateway sending update to database
12:26:09 Gateway/motion 1
Gateway sending update to database
12:26:09 Gateway/motion 1
Gateway sending update to database
12:26:09 Gateway/motion 1
Gateway sending update to database
12:26:09 Gateway/motion 1
Gateway sending update to database
12:26:09 Gateway/motion 1
Gateway sending update to database
12:26:09 Gateway/motion 1
Gateway sending update to database
12:26:09 Gateway/motion 1
Gateway sending update to database
12:26:09 Gateway/motion 1
Gateway sending update to database
12:26:09 Gateway/motion 1
Gateway sending update to database
12:26:09 Gateway/motion 1
Gateway sending update to database
12:26:09 Gateway/motion 1
Gateway sending update to database
12:26:09 Gateway/motion 1
Gateway sending update to database
12:26:09 Gateway/motion 1
Gateway sending update to database
12:26:09 Gateway/motion 1
Gateway sending update to database
12:26:09 Gateway/motion 1
Gateway sending update to database
12:26:09 Gateway/motion 1
Gateway sending update to database
12:26:09 Gateway/motion 1
Gateway sending update to database
12:26:09 Gateway/motion 1
Gateway sending update to database
12:26:09 Gateway/motion 1
Gateway sending update to database
12:26:09 Gateway/motion 1
Gateway sending update to database
12:26:09 Gateway/motion 1
Gateway sending update to database
12:26:09 Gateway/motion 1
Gateway sending update to database
12:26:09 Gateway/motion 1
Gateway sending update to database
12:26:09 Gateway/motion 1
Gateway sending update to database
12:26:09 Gateway/motion 1
Gateway sending update to database
12:26:09 Gateway/motion 1
Gateway sending update to database
12:26:09 Gateway/motion 1
Gateway sending update to database
12:26:09 Gateway/motion 1
Gateway sending update to database
12:26:09 Gateway/motion 1
Gateway sending update to database
12:26:09 Gateway/motion 1
Gateway sending update to database
12:26:09 Gateway/motion 1
Gateway sending update to database
12:26:09 Gateway/motion 1
Gateway sending update to database
12:26:09 Gateway/motion 1
Gateway sending update to database
12:26:09 Gateway/motion 1
Gateway sending update to database
12:26:09 Gateway/motion 1
Gateway sending update to database
12:26:09 Gateway/motion 1
Gateway sending update to database
12:26:09 Gateway/motion 1
Gateway sending update to database
12:26:09 Gateway/motion 1
Gateway sending update to database
12:26:09 Gateway/motion 1
Gateway sending update to database
12:26:09 Gateway/motion 1
Gateway sending update to database
12:26:09 Gateway/motion 1
Gateway sending update to database
12:26:09 Gateway/motion 1
Gateway sending update to database
12:26:09 Gateway/motion 1
Gateway sending update to database
12:26:09 Gateway/motion 1
Gateway sending update to database
12:26:09 Gateway/motion 1
Gateway sending update to database
12:26:09 Gateway/motion 1
Gateway sending update to database
12:26:09 Gateway/motion 1
Gateway sending update to database
12:26:09 Gateway/motion 1
Gateway sending update to database
12:26:09 Gateway/motion 1
Gateway sending update to database
12:26:09 Gateway/motion 1
Gateway sending update to database
12:26:09 Gateway/motion 1
Gateway sending update to database
12:26:09 Gateway/motion 1
Gateway sending update to database
12:26:09 Gateway/motion 1
Gateway sending update to database
12:26:09 Gateway/motion 1
Gateway sending update to database
12:26:09 Gateway/motion 1
Gateway sending update to database
12:26:09 Gateway/motion 1
Gateway sending update to database
12:26:09 Gateway/motion 1
Gateway sending update to database
12:26:09 Gateway/motion 1
Gateway sending update to database
12:26:09 Gateway/motion 1
Gateway sending update to database
12:26:09 Gateway/motion 1
Gateway sending update to database
12:26:09 Gateway/motion 1
Gateway sending update to database
12:26:09 Gateway/motion 1
Gateway sending update to database
12:26:09 Gateway/motion 1
Gateway sending update to database
12:26:09 Gateway/motion 1
Gateway sending update to database
12:26:09 Gateway/motion 1
Gateway sending update to database
12:26:09 Gateway/motion 1
Gateway sending update to database
12:26:09 Gateway/motion 1
Gateway sending update to database
12:26:09 Gateway/motion 1
Gateway sending update to database
12:26:09 Gateway/motion 1
Gateway sending update to database
12:26:09 Gateway/motion 1
Gateway sending update to database
12:26:09 Gateway/motion 1
Gateway sending update to database
12:26:09 Gateway/motion 1
Gateway sending update to database
12:26:09 Gateway/motion 1
Gateway sending update to database
12:26:09 Gateway/motion 1
Gateway sending update to database
12:26:09 Gateway/motion 1
Gateway sending update to database
12:26:09 Gateway/motion 1
Gateway sending update to database
12:26:09 Gateway/motion 1
Gateway sending update to database
12:26:09 Gateway/motion 1
Gateway sending update to database
12:26:09 Gateway/motion 1
Gateway sending update to database
12:26:09 Gateway/motion 1
Gateway sending update to database
12:26:09 Gateway/motion 1
Gateway sending update to database
12:26:09 Gateway/motion 1
Gateway sending update to database
12:26:09 Gateway/motion 1
Gateway sending update to database
12:26:09 Gateway/motion 1
Gateway sending update to database
12:26:09 Gateway/motion 1
Gateway sending update to database
12:26:09 Gateway/motion 1
Gateway sending update to database
12:26:09 Gateway/motion 1
Gateway sending update to database
12:26:09 Gateway/motion 1
Gateway sending update to database
12:26:09 Gateway/motion 1
Gateway sending update to database
12:26:09 Gateway/motion 1
Gateway sending update to database
12:26:09 Gateway/motion 1
Gateway sending update to database
12:26:09 Gateway/motion 1
Gateway sending update to database
12:26:09 Gateway/motion 1
Gateway sending update to database
12:26:09 Gateway/motion 1
Gateway sending update to database
12:26:09 Gateway/motion 1
Gateway sending update to database
12:26:09 Gateway/motion 1
Gateway sending update to database
12:26:09 Gateway/motion 1
Gateway sending update to database
12:26:09 Gateway/motion 1
Gateway sending update to database
12:26:09 Gateway/motion 1
Gateway sending update to database
12:26:09 Gateway/motion 1
Gateway sending update to database
12:26:09 Gateway/motion 1
Gateway sending update to database
12:26:09 Gateway/motion 1
Gateway sending update to database
12:26:09 Gateway/motion 1
Gateway sending update to database
12:26:09 Gateway/motion 1
Gateway sending update to database
12:26:09 Gateway/motion 1
Gateway sending update to database
12:26:09 Gateway/motion 1
Gateway sending update to database
12:26:09 Gateway/motion 1
Gateway sending update to database
12:26:09 Gateway/motion 1
Gateway sending update to database
12:26:09 Gateway/motion 1
Gateway sending update to database
12:26:09 Gateway/motion 1
Gateway sending update to database
12:26:09 Gateway/motion 1
Gateway sending update to database
12:26:09 Gateway/motion 1
Gateway sending update to database
12:26:09 Gateway/motion 1
Gateway sending update to database
12:26:09 Gateway/motion 1
Gateway sending update to database
12:26:09 Gateway/motion 1
Gateway sending update to database
12:26:09 Gateway/motion 1
Gateway sending update to database
12:26:09 Gateway/motion 1
Gateway sending update to database
12:26:09 Gateway/motion 1
Gateway sending update to database
12:26:09 Gateway/motion 1
Gateway sending update to database
12:26:09 Gateway/motion 1
Gateway sending update to database
12:26:09 Gateway/motion 1
Gateway sending update to database
12:26:09 Gateway/motion 1
Gateway sending update to database
12:26:09 Gateway/motion 1
Gateway sending update to database
12:26:09 Gateway/motion 1
Gateway sending update to database
12:26:09 Gateway/motion 1
Gateway sending update to database
12:26:09 Gateway/motion 1
Gateway sending update to database
12:26:09 Gateway/motion 1
Gateway sending update to database
12:26:09 Gateway/motion 1
Gateway sending update to database
12:26:09 Gateway/motion 1
Gateway sending update to database
12:26:09 Gateway/motion 1
Gateway sending update to database
12:26:09 Gateway/motion 1
Gateway sending update to database
12:26:09 Gateway/motion 1
Gateway sending update to database
12:26:09 Gateway/motion 1
Gateway sending update to database
12:26:09 Gateway/motion 1
Gateway sending update to database
12:26:09 Gateway/motion 1
Gateway sending update to database
12:26:09 Gateway/motion 1
Gateway sending update to database
12:26:09 Gateway/motion 1
Gateway sending update to database
12:26:09 Gateway/motion 1
Gateway sending update to database
12:26:09 Gateway/motion 1
Gateway sending update to database
12:26:09 Gateway/motion 1
Gateway sending update to database
12:26:09 Gateway/motion 1
Gateway sending update to database
12:26:09 Gateway/motion 1
Gateway sending update to database
12:26:09 Gateway/motion 1
Gateway sending update to database
12:26:09 Gateway/motion 1
Gateway sending update to database
12:26:09 Gateway/motion 1
Gateway sending update to database
12:26:09 Gateway/motion 1
Gateway sending update to database
12:26:09 Gateway/motion 1
Gateway sending update to database
12:26:09 Gateway/motion 1
Gateway sending update to database
12:26:09 Gateway/motion 1
Gateway sending update to database
12:26:09 Gateway/motion 1
Gateway sending update to database
12:26:09 Gateway/motion 1
Gateway sending update to database
12:26:09 Gateway/motion 1
Gateway sending update to database
12:26:09 Gateway/motion 1
Gateway sending update to database
12:26:09 Gateway/motion 1
Gateway sending update to database
12:26:09 Gateway/motion 1
Gateway sending update to database
12:26:09 Gateway/motion 1
Gateway sending update to database
12:26:09 Gateway/motion 1
Gateway sending update to database
12:26:09 Gateway/motion 1
Gateway sending update to database
12:26:09 Gateway/motion 1
Gateway sending update to database
12:26:09 Gateway/motion 1
Gateway sending update to database
12:26:09 Gateway/motion 1
Gateway sending update to database
12:26:09 Gateway/motion 1
Gateway sending update to database
12:26:09 Gateway/motion 1
Gateway sending update to database
12:26:09 Gateway/motion 1
Gateway sending update to database
12:26:09 Gateway/motion 1
Gateway sending update to database
12:26:09 Gateway/motion 1
Gateway sending update to database
12:26:09 Gateway/motion 1
Gateway sending update to database
12:26:09 Gateway/motion 1
Gateway sending update to database
12:26:09 Gateway/motion 1
Gateway sending update to database
12:26:09 Gateway/motion 1
Gateway sending update to database
12:26:09 Gateway/motion 1
Gateway sending update to database
12:26:09 Gateway/motion 1
Gateway sending update to database
12:26:09 Gateway/motion 1
Gateway sending update to database
12:26:09 Gateway/motion 1
Gateway sending update to database
12:26:09 Gateway/motion 1
Gateway sending update to database
12:26:09 Gateway/motion 1
Gateway sending update to database
12:26:09 Gateway/motion 1
Gateway sending update to database
12:26:09 Gateway/motion 1
Gateway sending update to database
12:26:09 Gateway/motion 1
Gateway sending update to database
12:26:09 Gateway/motion 1
Gateway sending update to database
12:26:09 Gateway/motion 1
Gateway sending update to database
12:26:09 Gateway/motion 1
Gateway sending update to database
12:26:09 Gateway/motion 1
Gateway sending update to database
12:26:09 Gateway/motion 1
Gateway sending update to database
12:26:09 Gateway/motion 1
Gateway sending update to database
12:26:09 Gateway/motion 1
Gateway sending update to database
12:26:09 Gateway/motion 1
Gateway sending update to database
12:26:09 Gateway/motion 1
Gateway sending update to database
12:26:09 Gateway/motion 1
Gateway sending update to database
12:26:09 Gateway/motion 1
Gateway sending update to database
12:26:09 Gateway/motion 1
Gateway sending update to database
12:26:09 Gateway/motion 1
Gateway sending update to database
12:26:09 Gateway/motion 1
Gateway sending update to database
12:26:09 Gateway/motion 1
Gateway sending update to database
12:26:09 Gateway/motion 1
Gateway sending update to database
12:26:09 Gateway/motion 1
Gateway sending update to database
12:26:09 Gateway/motion 1
Gateway sending update to database
12:26:09 Gateway/motion 1
Gateway sending update to database
12:26:09 Gateway/motion 1
Gateway sending update to database
12:26:09 Gateway/motion 1
Gateway sending update to database
12:26:09 Gateway/motion 1
Gateway sending update to database
12:26:09 Gateway/motion 1
Gateway sending update to database
12:26:09 Gateway/motion 1
Gateway sending update to database
12:26:09 Gateway/motion 1
Gateway sending update to database
12:26:09 Gateway/motion 1
Gateway sending update to database
12:26:09 Gateway/motion 1
Gateway sending update to database
12:26:09 Gateway/motion 1
Gateway sending update to database
12:26:09 Gateway/motion 1
Gateway sending update to database
12:26:09 Gateway/motion 1
Gateway sending update to database
12:26:09 Gateway/motion 1
Gateway sending update to database
12:26:09 Gateway/motion 1
Gateway sending update to database
12:26:09 Gateway/motion 1
Gateway sending update to database
12:26:09 Gateway/motion 1
Gateway sending update to database
12:26:09 Gateway/motion 1
Gateway sending update to database
12:26:09 Gateway/motion 1
Gateway sending update to database
12:26:09 Gateway/motion 1
Gateway sending update to database
12:26:09 Gateway/motion 1
Gateway sending update to database
12:26:09 Gateway/motion 1
Gateway sending update to database
12:26:09 Gateway/motion 1
Gateway sending update to database
12:26:09 Gateway/motion 1
Gateway sending update to database
12:26:09 Gateway/motion 1
Gateway sending update to database
12:26:09 Gateway/motion 1
Gateway sending update to database
12:26:09 Gateway/motion 1
Gateway sending update to database
12:26:09 Gateway/motion 1
Gateway sending update to database
12:26:09 Gateway/motion 1
Gateway sending update to database
12:26:09 Gateway/motion 1
Gateway sending update to database
12:26:09 Gateway/motion 1
Gateway sending update to database
12:26:09 Gateway/motion 1
Gateway sending update to database
12:26:09 Gateway/motion 1
Gateway sending update to database
12:26:09 Gateway/motion 1
Gateway sending update to database
12:26:09 Gateway/motion 1
Gateway sending update to database
12:26:09 Gateway/motion 1
Gateway sending update to database
12:26:09 Gateway/motion 1
Gateway sending update to database
12:26:09 Gateway/motion 1
Gateway sending update to database
12:26:09 Gateway/motion 1
Gateway sending update to database
12:26:09 Gateway/motion 1
Gateway sending update to database
12:26:09 Gateway/motion 1
Gateway sending update to database
12:26:09 Gateway/motion 1
Gateway sending update to database
12:26:09 Gateway/motion 1
Gateway sending update to database
12:26:09 Gateway/motion 1
Gateway sending update to database
12:26:09 Gateway/motion 1
Gateway sending update to database
12:26:09 Gateway/motion 1
Gateway sending update to database
12:26:09 Gateway/motion 1
Gateway sending update to database
12:26:09 Gateway/motion 1
Gateway sending update to database
12:26:09 Gateway/motion 1
Gateway sending update to database
12:26:09 Gateway/motion 1
Gateway sending update to database
12:26:09 Gateway/motion 1
Gateway sending update to database
12:26:09 Gateway/motion 1
Gateway sending update to database
12:26:09 Gateway/motion 1
Gateway sending update to database
12:26:09 Gateway/motion 1
Gateway sending update to database
12:26:09 Gateway/motion 1
Gateway sending update to database
12:26:09 Gateway/motion 1
Gateway sending update to database
12:26:09 Gateway/motion 1
Gateway sending update to database
12:26:09 Gateway/motion 1
Gateway sending update to database
12:26:09 Gateway/motion 1
Gateway sending update to database
12:26:09 Gateway/motion 1
Gateway sending update to database
12:26:09 Gateway/motion 1
Gateway sending update to database
12:26:09 Gateway/motion 1
Gateway sending update to database
12:26:09 Gateway/motion 1
Gateway sending update to database
12:26:09 Gateway/motion 1
Gateway sending update to database
12:26:09 Gateway/motion 1
Gateway sending update to database
12:26:09 Gateway/motion 1
Gateway sending update to database
12:26:09 Gateway/motion 1
Gateway sending update to database
12:26:09 Gateway/motion 1
Gateway sending update to database
12:26:09 Gateway/motion 1
Gateway sending update to database
12:26:09 Gateway/motion 1
Gateway sending update to database
12:26:09 Gateway/motion 1
Gateway sending update to database
12:26:09 Gateway/motion 1
Gateway sending update to database
12:26:09 Gateway/motion 1
Gateway sending update to database
12:26:09 Gateway/motion 1
Gateway sending update to database
12:26:09 Gateway/motion 1
Gateway sending update to database
12:26:09 Gateway/motion 1
Gateway sending update to database
12:26:09 Gateway/motion 1
Gateway sending update to database
12:26:09 Gateway/motion 1
Gateway sending update to database
12:26:09 Gateway/motion 1
Gateway sending update to database
12:26:09 Gateway/motion 1
Gateway sending update to database
12:26:09 Gateway/motion 1
Gateway sending update to database
12:26:09 Gateway/motion 1
Gateway sending update to database
12:26:09 Gateway/motion 1
Gateway sending update to database
12:26:09 Gateway/motion 1
Gateway sending update to database
12:26:09 Gateway/motion 1
Gateway sending update to database
12:26:09 Gateway/motion 1
Gateway sending update to database
12:26:09 Gateway/motion 1
Gateway sending update to database
12:26:09 Gateway/motion 1
Gateway sending update to database
12:26:09 Gateway/motion 1
Gateway sending update to database
12:26:09 Gateway/motion 1
Gateway sending update to database
12:26:09 Gateway/motion 1
Gateway sending update to database
12:26:09 Gateway/motion 1
Gateway sending update to database
12:26:09 Gateway/motion 1
Gateway sending update to database
12:26:09 Gateway/motion 1
Gateway sending update to database
12:26:09 Gateway/motion 1
Gateway sending update to database
12:26:09 Gateway/motion 1
Gateway sending update to database
12:26:09 Gateway/motion 1
Gateway sending update to database
12:26:09 Gateway/motion 1
Gateway sending update to database
12:26:09 Gateway/motion 1
Gateway sending update to database
12:26:09 Gateway/motion 1
Gateway sending update to database
12:26:09 Gateway/motion 1
Gateway sending update to database
12:26:09 Gateway/motion 1
Gateway sending update to database
12:26:09 Gateway/motion 1
Gateway sending update to database
12:26:09 Gateway/motion 1
Gateway sending update to database
12:26:09 Gateway/motion 1
Gateway sending update to database
12:26:09 Gateway/motion 1
Gateway sending update to database
12:26:09 Gateway/motion 1
Gateway sending update to database
12:26:09 Gateway/motion 1
Gateway sending update to database
12:26:09 Gateway/motion 1
Gateway sending update to database
12:26:09 Gateway/motion 1
Gateway sending update to database
12:26:09 Gateway/motion 1
Gateway sending update to database
12:26:09 Gateway/motion 1
Gateway sending update to database
12:26:09 Gateway/motion 1
Gateway sending update to database
12:26:09 Gateway/motion 1
Gateway sending update to database
12:26:09 Gateway/motion 1
Gateway sending update to database
12:26:09 Gateway/motion 1
Gateway sending update to database
12:26:09 Gateway/motion 1
Gateway sending update to database
12:26:09 Gateway/motion 1
Gateway sending update to database
12:26:09 Gateway/motion 1
Gateway sending update to database
12:26:09 Gateway/motion 1
Gateway sending update to database
12:26:09 Gateway/motion 1
Gateway sending update to database
12:26:09 Gateway/motion 1
Gateway sending update to database
12:26:09 Gateway/motion 1
Gateway sending update to database
12:26:09 Gateway/motion 1
Gateway sending update to database
12:26:09 Gateway/motion 1
Gateway sending update to database
12:26:09 Gateway/motion 1
Gateway sending update to database
12:26:09 Gateway/motion 1
Gateway sending update to database
12:26:09 Gateway/motion 1
Gateway sending update to database
12:26:09 Gateway/motion 1
Gateway sending update to database
12:26:09 Gateway/motion 1
Gateway sending update to database
12:26:09 Gateway/motion 1
Gateway sending update to database
12:26:09 Gateway/motion 1
Gateway sending update to database
12:26:09 Gateway/motion 1
Gateway sending update to database
12:26:09 Gateway/motion 1
Gateway sending update to database
12:26:09 Gateway/motion 1
Gateway sending update to database
12:26:09 Gateway/motion 1
Gateway sending update to database
12:26:09 Gateway/motion 1
Gateway sending update to database
12:26:09 Gateway/motion 1
Gateway sending update to database
12:26:09 Gateway/motion 1
Gateway sending update to database
12:26:09 Gateway/motion 1
Gateway sending update to database
12:26:09 Gateway/motion 1
Gateway sending update to database
12:26:09 Gateway/motion 1
Gateway sending update to database
12:26:09 Gateway/motion 1
Gateway sending update to database
12:26:09 Gateway/motion 1
Gateway sending update to database
12:26:09 Gateway/motion 1
Gateway sending update to database
12:26:09 Gateway/motion 1
Gateway sending update to database
12:26:09 Gateway/motion 1
Gateway sending update to database
12:26:09 Gateway/motion 1
Gateway sending update to database
12:26:09 Gateway/motion 1
Gateway sending update to database
12:26:09 Gateway/motion 1
Gateway sending update to database
12:26:09 Gateway/motion 1
Gateway sending update to database
12:26:09 Gateway/motion 1
Gateway sending update to database
12:26:09 Gateway/motion 1
Gateway sending update to database
12:26:09 Gateway/motion 1
Gateway sending update to database
12:26:09 Gateway/motion 1
Gateway sending update to database
12:26:09 Gateway/motion 1
Gateway sending update to database
12:26:09 Gateway/motion 1
Gateway sending update to database
12:26:09 Gateway/motion 1
Gateway sending update to database
12:26:09 Gateway/motion 1
Gateway sending update to database
12:26:09 Gateway/motion 1
Gateway sending update to database
12:26:10 Gateway/motion 1
Gateway sending update to database
12:26:10 Gateway/motion 1
Gateway sending update to database
12:26:10 Gateway/motion 1
Gateway sending update to database
12:26:10 Gateway/motion 1
Gateway sending update to database
12:26:10 Gateway/motion 1
Gateway sending update to database
12:26:10 Gateway/motion 1
Gateway sending update to database
12:26:10 Gateway/motion 1
Gateway sending update to database
12:26:10 Gateway/motion 1
Gateway sending update to database
12:26:10 Gateway/motion 1
Gateway sending update to database
12:26:10 Gateway/motion 1
Gateway sending update to database
12:26:10 Gateway/motion 1
Gateway sending update to database
12:26:10 Gateway/motion 1
Gateway sending update to database
12:26:10 Gateway/motion 1
Gateway sending update to database
12:26:10 Gateway/motion 1
Gateway sending update to database
12:26:10 Gateway/motion 1
Gateway sending update to database
12:26:10 Gateway/motion 1
Gateway sending update to database
12:26:10 Gateway/motion 1
Gateway sending update to database
12:26:10 Gateway/motion 1
Gateway sending update to database
12:26:10 Gateway/motion 1
Gateway sending update to database
12:26:10 Gateway/motion 1
Gateway sending update to database
12:26:10 Gateway/motion 1
Gateway sending update to database
12:26:10 Gateway/motion 1
Gateway sending update to database
12:26:10 Gateway/motion 1
Gateway sending update to database
12:26:10 Gateway/motion 1
Gateway sending update to database
12:26:10 Gateway/motion 1
Gateway sending update to database
12:26:10 Gateway/motion 1
Gateway sending update to database
12:26:10 Gateway/motion 1
Gateway sending update to database
12:26:10 Gateway/motion 1
Gateway sending update to database
12:26:10 Gateway/motion 1
Gateway sending update to database
12:26:10 Gateway/motion 1
Gateway sending update to database
12:26:10 Gateway/motion 1
Gateway sending update to database
12:26:10 Gateway/motion 1
Gateway sending update to database
12:26:10 Gateway/motion 1
Gateway sending update to database
12:26:10 Gateway/motion 1
Gateway sending update to database
12:26:10 Gateway/motion 1
Gateway sending update to database
12:26:10 Gateway/motion 1
Gateway sending update to database
12:26:10 Gateway/motion 1
Gateway sending update to database
12:26:10 Gateway/motion 1
Gateway sending update to database
12:26:10 Gateway/motion 1
Gateway sending update to database
12:26:10 Gateway/motion 1
Gateway sending update to database
12:26:10 Gateway/motion 1
Gateway sending update to database
12:26:10 Gateway/motion 1
Gateway sending update to database
12:26:10 Gateway/motion 1
Gateway sending update to database
12:26:10 Gateway/motion 1
Gateway sending update to database
12:26:10 Gateway/motion 1
Gateway sending update to database
12:26:10 Gateway/motion 1
Gateway sending update to database
12:26:10 Gateway/motion 1
Gateway sending update to database
12:26:10 Gateway/motion 1
Gateway sending update to database
12:26:10 Gateway/motion 1
Gateway sending update to database
12:26:10 Gateway/motion 1
Gateway sending update to database
12:26:10 Gateway/motion 1
Gateway sending update to database
12:26:10 Gateway/motion 1
Gateway sending update to database
12:26:10 Gateway/motion 1
Gateway sending update to database
12:26:10 Gateway/motion 1
Gateway sending update to database
12:26:10 Gateway/motion 1
Gateway sending update to database
12:26:10 Gateway/motion 1
Gateway sending update to database
12:26:10 Gateway/motion 1
Gateway sending update to database
12:26:10 Gateway/motion 1
Gateway sending update to database
12:26:10 Gateway/motion 1
Gateway sending update to database
12:26:10 Gateway/motion 1
Gateway sending update to database
12:26:10 Gateway/motion 1
Gateway sending update to database
12:26:10 Gateway/motion 1
Gateway sending update to database
12:26:10 Gateway/motion 1
Gateway sending update to database
12:26:10 Gateway/motion 1
Gateway sending update to database
12:26:10 Gateway/motion 1
Gateway sending update to database
12:26:10 Gateway/motion 1
Gateway sending update to database
12:26:10 Gateway/motion 1
Gateway sending update to database
12:26:10 Gateway/motion 1
Gateway sending update to database
12:26:10 Gateway/motion 1
Gateway sending update to database
12:26:10 Gateway/motion 1
Gateway sending update to database
12:26:10 Gateway/motion 1
Gateway sending update to database
12:26:10 Gateway/motion 1
Gateway sending update to database
12:26:10 Gateway/motion 1
Gateway sending update to database
12:26:10 Gateway/motion 1
Gateway sending update to database
12:26:10 Gateway/motion 1
Gateway sending update to database
12:26:10 Gateway/motion 1
Gateway sending update to database
12:26:10 Gateway/motion 1
Gateway sending update to database
12:26:10 Gateway/motion 1
Gateway sending update to database
12:26:10 Gateway/motion 1
Gateway sending update to database
12:26:10 Gateway/motion 1
Gateway sending update to database
12:26:10 Gateway/motion 1
Gateway sending update to database
12:26:10 Gateway/motion 1
Gateway sending update to database
12:26:10 Gateway/motion 1
Gateway sending update to database
12:26:10 Gateway/motion 1
Gateway sending update to database
12:26:10 Gateway/motion 1
Gateway sending update to database
12:26:10 Gateway/motion 1
Gateway sending update to database
12:26:10 Gateway/motion 1
Gateway sending update to database
12:26:10 Gateway/motion 1
Gateway sending update to database
12:26:10 Gateway/motion 1
Gateway sending update to database
12:26:10 Gateway/motion 1
Gateway sending update to database
12:26:10 Gateway/motion 1
Gateway sending update to database
12:26:10 Gateway/motion 1
Gateway sending update to database
12:26:10 Gateway/motion 1
Gateway sending update to database
12:26:10 Gateway/motion 1
Gateway sending update to database
12:26:10 Gateway/motion 1
Gateway sending update to database
12:26:10 Gateway/motion 1
Gateway sending update to database
12:26:10 Gateway/motion 1
Gateway sending update to database
12:26:10 Gateway/motion 1
Gateway sending update to database
12:26:10 Gateway/motion 1
Gateway sending update to database
12:26:10 Gateway/motion 1
Gateway sending update to database
12:26:10 Gateway/motion 1
Gateway sending update to database
12:26:10 Gateway/motion 1
Gateway sending update to database
12:26:10 Gateway/motion 1
Gateway sending update to database
12:26:10 Gateway/motion 1
Gateway sending update to database
12:26:10 Gateway/motion 1
Gateway sending update to database
12:26:10 Gateway/motion 1
Gateway sending update to database
12:26:10 Gateway/motion 1
Gateway sending update to database
12:26:10 Gateway/motion 1
Gateway sending update to database
12:26:10 Gateway/motion 1
Gateway sending update to database
12:26:10 Gateway/motion 1
Gateway sending update to database
12:26:10 Gateway/motion 1
Gateway sending update to database
12:26:10 Gateway/motion 1
Gateway sending update to database
12:26:10 Gateway/motion 1
Gateway sending update to database
12:26:10 Gateway/motion 1
Gateway sending update to database
12:26:10 Gateway/motion 1
Gateway sending update to database
12:26:10 Gateway/motion 1
Gateway sending update to database
12:26:10 Gateway/motion 1
Gateway sending update to database
12:26:10 Gateway/motion 1
Gateway sending update to database
12:26:10 Gateway/motion 1
Gateway sending update to database
12:26:10 Gateway/motion 1
Gateway sending update to database
12:26:10 Gateway/motion 1
Gateway sending update to database
12:26:10 Gateway/motion 1
Gateway sending update to database
12:26:10 Gateway/motion 1
Gateway sending update to database
12:26:10 Gateway/motion 1
Gateway sending update to database
12:26:10 Gateway/motion 1
Gateway sending update to database
12:26:10 Gateway/motion 1
Gateway sending update to database
12:26:10 Gateway/motion 1
Gateway sending update to database
12:26:10 Gateway/motion 1
Gateway sending update to database
12:26:10 Gateway/motion 1
Gateway sending update to database
12:26:10 Gateway/motion 1
Gateway sending update to database
12:26:10 Gateway/motion 1
Gateway sending update to database
12:26:10 Gateway/motion 1
Gateway sending update to database
12:26:10 Gateway/motion 1
Gateway sending update to database
12:26:10 Gateway/motion 1
Gateway sending update to database
12:26:10 Gateway/motion 1
Gateway sending update to database
12:26:10 Gateway/motion 1
Gateway sending update to database
12:26:10 Gateway/motion 1
Gateway sending update to database
12:26:10 Gateway/motion 1
Gateway sending update to database
12:26:10 Gateway/motion 1
Gateway sending update to database
12:26:10 Gateway/motion 1
Gateway sending update to database
12:26:10 Gateway/motion 1
Gateway sending update to database
12:26:10 Gateway/motion 1
Gateway sending update to database
12:26:10 Gateway/motion 1
Gateway sending update to database
12:26:10 Gateway/motion 1
Gateway sending update to database
12:26:10 Gateway/motion 1
Gateway sending update to database
12:26:10 Gateway/motion 1
Gateway sending update to database
12:26:10 Gateway/motion 1
Gateway sending update to database
12:26:10 Gateway/motion 1
Gateway sending update to database
12:26:10 Gateway/motion 1
Gateway sending update to database
12:26:10 Gateway/motion 1
Gateway sending update to database
12:26:10 Gateway/motion 1
Gateway sending update to database
12:26:10 Gateway/motion 1
Gateway sending update to database
12:26:10 Gateway/motion 1
Gateway sending update to database
12:26:10 Gateway/motion 1
Gateway sending update to database
12:26:10 Gateway/motion 1
Gateway sending update to database
12:26:10 Gateway/motion 1
Gateway sending update to database
12:26:10 Gateway/motion 1
Gateway sending update to database
12:26:10 Gateway/motion 1
Gateway sending update to database
12:26:10 Gateway/motion 1
Gateway sending update to database
12:26:10 Gateway/motion 1
Gateway sending update to database
12:26:10 Gateway/motion 1
Gateway sending update to database
12:26:10 Gateway/motion 1
Gateway sending update to database
12:26:10 Gateway/motion 1
Gateway sending update to database
12:26:10 Gateway/motion 1
Gateway sending update to database
12:26:10 Gateway/motion 1
Gateway sending update to database
12:26:10 Gateway/motion 1
Gateway sending update to database
12:26:10 Gateway/motion 1
Gateway sending update to database
12:26:10 Gateway/motion 1
Gateway sending update to database
12:26:10 Gateway/motion 1
Gateway sending update to database
12:26:10 Gateway/motion 1
Gateway sending update to database
12:26:10 Gateway/motion 1
Gateway sending update to database
12:26:10 Gateway/motion 1
Gateway sending update to database
12:26:10 Gateway/motion 1
Gateway sending update to database
12:26:10 Gateway/motion 1
Gateway sending update to database
12:26:10 Gateway/motion 1
Gateway sending update to database
12:26:10 Gateway/motion 1
Gateway sending update to database
12:26:10 Gateway/motion 1
Gateway sending update to database
12:26:10 Gateway/motion 1
Gateway sending update to database
12:26:10 Gateway/motion 1
Gateway sending update to database
12:26:10 Gateway/motion 1
Gateway sending update to database
12:26:10 Gateway/motion 1
Gateway sending update to database
12:26:10 Gateway/motion 1
Gateway sending update to database
12:26:10 Gateway/motion 1
Gateway sending update to database
12:26:10 Gateway/motion 1
Gateway sending update to database
12:26:10 Gateway/motion 1
Gateway sending update to database
12:26:10 Gateway/motion 1
Gateway sending update to database
12:26:10 Gateway/motion 1
Gateway sending update to database
12:26:10 Gateway/motion 1
Gateway sending update to database
12:26:10 Gateway/motion 1
Gateway sending update to database
12:26:10 Gateway/motion 1
Gateway sending update to database
12:26:10 Gateway/motion 1
Gateway sending update to database
12:26:10 Gateway/motion 1
Gateway sending update to database
12:26:10 Gateway/motion 1
Gateway sending update to database
12:26:10 Gateway/motion 1
Gateway sending update to database
12:26:10 Gateway/motion 1
Gateway sending update to database
12:26:10 Gateway/motion 1
Gateway sending update to database
12:26:10 Gateway/motion 1
Gateway sending update to database
12:26:10 Gateway/motion 1
Gateway sending update to database
12:26:10 Gateway/motion 1
Gateway sending update to database
12:26:10 Gateway/motion 1
Gateway sending update to database
12:26:10 Gateway/motion 1
Gateway sending update to database
12:26:10 Gateway/motion 1
Gateway sending update to database
12:26:10 Gateway/motion 1
Gateway sending update to database
12:26:10 Gateway/motion 1
Gateway sending update to database
12:26:10 Gateway/motion 1
Gateway sending update to database
12:26:10 Gateway/motion 1
Gateway sending update to database
12:26:10 Gateway/motion 1
Gateway sending update to database
12:26:10 Gateway/motion 1
Gateway sending update to database
12:26:10 Gateway/motion 1
Gateway sending update to database
12:26:10 Gateway/motion 1
Gateway sending update to database
12:26:10 Gateway/motion 1
Gateway sending update to database
12:26:10 Gateway/motion 1
Gateway sending update to database
12:26:10 Gateway/motion 1
Gateway sending update to database
12:26:10 Gateway/motion 1
Gateway sending update to database
12:26:10 Gateway/motion 1
Gateway sending update to database
12:26:10 Gateway/motion 1
Gateway sending update to database
12:26:10 Gateway/motion 1
Gateway sending update to database
12:26:10 Gateway/motion 1
Gateway sending update to database
12:26:10 Gateway/motion 1
Gateway sending update to database
12:26:10 Gateway/motion 1
Gateway sending update to database
12:26:10 Gateway/motion 1
Gateway sending update to database
12:26:10 Gateway/motion 1
Gateway sending update to database
12:26:10 Gateway/motion 1
Gateway sending update to database
12:26:10 Gateway/motion 1
Gateway sending update to database
12:26:10 Gateway/motion 1
Gateway sending update to database
12:26:10 Gateway/motion 1
Gateway sending update to database
12:26:10 Gateway/motion 1
Gateway sending update to database
12:26:10 Gateway/motion 1
Gateway sending update to database
12:26:10 Gateway/motion 1
Gateway sending update to database
12:26:10 Gateway/motion 1
Gateway sending update to database
12:26:10 Gateway/motion 1
Gateway sending update to database
12:26:10 Gateway/motion 1
Gateway sending update to database
12:26:10 Gateway/motion 1
Gateway sending update to database
12:26:10 Gateway/motion 1
Gateway sending update to database
12:26:10 Gateway/motion 1
Gateway sending update to database
12:26:10 Gateway/motion 1
Gateway sending update to database
12:26:10 Gateway/motion 1
Gateway sending update to database
12:26:10 Gateway/motion 1
Gateway sending update to database
12:26:10 Gateway/motion 1
Gateway sending update to database
12:26:10 Gateway/motion 1
Gateway sending update to database
12:26:10 Gateway/motion 1
Gateway sending update to database
12:26:10 Gateway/motion 1
Gateway sending update to database
12:26:10 Gateway/motion 1
Gateway sending update to database
12:26:10 Gateway/motion 1
Gateway sending update to database
12:26:10 Gateway/motion 1
Gateway sending update to database
12:26:10 Gateway/motion 1
Gateway sending update to database
12:26:10 Gateway/motion 1
Gateway sending update to database
12:26:10 Gateway/motion 1
Gateway sending update to database
12:26:10 Gateway/motion 1
Gateway sending update to database
12:26:10 Gateway/motion 1
Gateway sending update to database
12:26:10 Gateway/motion 1
Gateway sending update to database
12:26:10 Gateway/motion 1
Gateway sending update to database
12:26:10 Gateway/motion 1
Gateway sending update to database
12:26:10 Gateway/motion 1
Gateway sending update to database
12:26:10 Gateway/motion 1
Gateway sending update to database
12:26:10 Gateway/motion 1
Gateway sending update to database
12:26:10 Gateway/motion 1
Gateway sending update to database
12:26:10 Gateway/motion 1
Gateway sending update to database
12:26:10 Gateway/motion 1
Gateway sending update to database
12:26:10 Gateway/motion 1
Gateway sending update to database
12:26:10 Gateway/motion 1
Gateway sending update to database
12:26:10 Gateway/motion 1
Gateway sending update to database
12:26:10 Gateway/motion 1
Gateway sending update to database
12:26:10 Gateway/motion 1
Gateway sending update to database
12:26:10 Gateway/motion 1
Gateway sending update to database
12:26:10 Gateway/motion 1
Gateway sending update to database
12:26:10 Gateway/motion 1
Gateway sending update to database
12:26:10 Gateway/motion 1
Gateway sending update to database
12:26:10 Gateway/motion 1
Gateway sending update to database
12:26:10 Gateway/motion 1
Gateway sending update to database
12:26:10 Gateway/motion 1
Gateway sending update to database
12:26:10 Gateway/motion 1
Gateway sending update to database
12:26:10 Gateway/motion 1
Gateway sending update to database
12:26:10 Gateway/motion 1
Gateway sending update to database
12:26:10 Gateway/motion 1
Gateway sending update to database
12:26:10 Gateway/motion 1
Gateway sending update to database
12:26:10 Gateway/motion 1
Gateway sending update to database
12:26:10 Gateway/motion 1
Gateway sending update to database
12:26:10 Gateway/motion 1
Gateway sending update to database
12:26:10 Gateway/motion 1
Gateway sending update to database
12:26:10 Gateway/motion 1
Gateway sending update to database
12:26:10 Gateway/motion 1
Gateway sending update to database
12:26:10 Gateway/motion 1
Gateway sending update to database
12:26:10 Gateway/motion 1
Gateway sending update to database
12:26:10 Gateway/motion 1
Gateway sending update to database
12:26:10 Gateway/motion 1
Gateway sending update to database
12:26:10 Gateway/motion 1
Gateway sending update to database
12:26:10 Gateway/motion 1
Gateway sending update to database
12:26:10 Gateway/motion 1
Gateway sending update to database
12:26:10 Gateway/motion 1
Gateway sending update to database
12:26:10 Gateway/motion 1
Gateway sending update to database
12:26:10 Gateway/motion 1
Gateway sending update to database
12:26:10 Gateway/motion 1
Gateway sending update to database
12:26:10 Gateway/motion 1
Gateway sending update to database
12:26:10 Gateway/motion 1
Gateway sending update to database
12:26:10 Gateway/motion 1
Gateway sending update to database
12:26:10 Gateway/motion 1
Gateway sending update to database
12:26:10 Gateway/motion 1
Gateway sending update to database
12:26:10 Gateway/motion 1
Gateway sending update to database
12:26:10 Gateway/motion 1
Gateway sending update to database
12:26:10 Gateway/motion 1
Gateway sending update to database
12:26:10 Gateway/motion 1
Gateway sending update to database
12:26:10 Gateway/motion 1
Gateway sending update to database
12:26:10 Gateway/motion 1
Gateway sending update to database
12:26:10 Gateway/motion 1
Gateway sending update to database
12:26:10 Gateway/motion 1
Gateway sending update to database
12:26:10 Gateway/motion 1
Gateway sending update to database
12:26:10 Gateway/motion 1
Gateway sending update to database
12:26:10 Gateway/motion 1
Gateway sending update to database
12:26:10 Gateway/motion 1
Gateway sending update to database
12:26:10 Gateway/motion 1
Gateway sending update to database
12:26:10 Gateway/motion 1
Gateway sending update to database
12:26:10 Gateway/motion 1
Gateway sending update to database
12:26:10 Gateway/motion 1
Gateway sending update to database
12:26:10 Gateway/motion 1
Gateway sending update to database
12:26:10 Gateway/motion 1
Gateway sending update to database
12:26:10 Gateway/motion 1
Gateway sending update to database
12:26:10 Gateway/motion 1
Gateway sending update to database
12:26:10 Gateway/motion 1
Gateway sending update to database
12:26:10 Gateway/motion 1
Gateway sending update to database
12:26:10 Gateway/motion 1
Gateway sending update to database
12:26:10 Gateway/motion 1
Gateway sending update to database
12:26:10 Gateway/motion 1
Gateway sending update to database
12:26:10 Gateway/motion 1
Gateway sending update to database
12:26:10 Gateway/motion 1
Gateway sending update to database
12:26:10 Gateway/motion 1
Gateway sending update to database
12:26:10 Gateway/motion 1
Gateway sending update to database
12:26:10 Gateway/motion 1
Gateway sending update to database
12:26:10 Gateway/motion 1
Gateway sending update to database
12:26:10 Gateway/motion 1
Gateway sending update to database
12:26:10 Gateway/motion 1
Gateway sending update to database
12:26:10 Gateway/motion 1
Gateway sending update to database
12:26:10 Gateway/motion 1
Gateway sending update to database
12:26:10 Gateway/motion 1
Gateway sending update to database
12:26:10 Gateway/motion 1
Gateway sending update to database
12:26:10 Gateway/motion 1
Gateway sending update to database
12:26:10 Gateway/motion 1
Gateway sending update to database
12:26:10 Gateway/motion 1
Gateway sending update to database
12:26:11 Gateway/motion 1
Gateway sending update to database
12:26:11 Gateway/motion 1
Gateway sending update to database
12:26:11 Gateway/motion 1
Gateway sending update to database
12:26:11 Gateway/motion 1
Gateway sending update to database
12:26:11 Gateway/motion 1
Gateway sending update to database
12:26:11 Gateway/motion 1
Gateway sending update to database
12:26:11 Gateway/motion 1
Gateway sending update to database
12:26:11 Gateway/motion 1
Gateway sending update to database
12:26:11 Gateway/motion 1
Gateway sending update to database
12:26:11 Gateway/motion 1
Gateway sending update to database
12:26:11 Gateway/motion 1
Gateway sending update to database
12:26:11 Gateway/motion 1
Gateway sending update to database
12:26:11 Gateway/motion 1
Gateway sending update to database
12:26:11 Gateway/motion 1
Gateway sending update to database
12:26:11 Gateway/motion 1
Gateway sending update to database
12:26:11 Gateway/motion 1
Gateway sending update to database
12:26:11 Gateway/motion 1
Gateway sending update to database
12:26:11 Gateway/motion 1
Gateway sending update to database
12:26:11 Gateway/motion 1
Gateway sending update to database
12:26:11 Gateway/motion 1
Gateway sending update to database
12:26:11 Gateway/motion 1
Gateway sending update to database
12:26:11 Gateway/motion 1
Gateway sending update to database
12:26:11 Gateway/motion 1
Gateway sending update to database
12:26:11 Gateway/motion 1
Gateway sending update to database
12:26:11 Gateway/motion 1
Gateway sending update to database
12:26:11 Gateway/motion 1
Gateway sending update to database
12:26:11 Gateway/motion 1
Gateway sending update to database
12:26:11 Gateway/motion 1
Gateway sending update to database
12:26:11 Gateway/motion 1
Gateway sending update to database
12:26:11 Gateway/motion 1
Gateway sending update to database
12:26:11 Gateway/motion 1
Gateway sending update to database
12:26:11 Gateway/motion 1
Gateway sending update to database
12:26:11 Gateway/motion 1
Gateway sending update to database
12:26:11 Gateway/motion 1
Gateway sending update to database
12:26:11 Gateway/motion 1
Gateway sending update to database
12:26:11 Gateway/motion 1
Gateway sending update to database
12:26:11 Gateway/motion 1
Gateway sending update to database
12:26:11 Gateway/motion 1
Gateway sending update to database
12:26:11 Gateway/motion 1
Gateway sending update to database
12:26:11 Gateway/motion 1
Gateway sending update to database
12:26:11 Gateway/motion 1
Gateway sending update to database
12:26:11 Gateway/motion 1
Gateway sending update to database
12:26:11 Gateway/motion 1
Gateway sending update to database
12:26:11 Gateway/motion 1
Gateway sending update to database
12:26:11 Gateway/motion 1
Gateway sending update to database
12:26:11 Gateway/motion 1
Gateway sending update to database
12:26:11 Gateway/motion 1
Gateway sending update to database
12:26:11 Gateway/motion 1
Gateway sending update to database
12:26:11 Gateway/motion 1
Gateway sending update to database
12:26:11 Gateway/motion 1
Gateway sending update to database
12:26:11 Gateway/motion 1
Gateway sending update to database
12:26:11 Gateway/motion 1
Gateway sending update to database
12:26:11 Gateway/motion 1
Gateway sending update to database
12:26:11 Gateway/motion 1
Gateway sending update to database
12:26:11 Gateway/motion 1
Gateway sending update to database
12:26:11 Gateway/motion 1
Gateway sending update to database
12:26:11 Gateway/motion 1
Gateway sending update to database
12:26:11 Gateway/motion 1
Gateway sending update to database
12:26:11 Gateway/motion 1
Gateway sending update to database
12:26:11 Gateway/motion 1
Gateway sending update to database
12:26:11 Gateway/motion 1
Gateway sending update to database
12:26:11 Gateway/motion 1
Gateway sending update to database
12:26:11 Gateway/motion 1
Gateway sending update to database
12:26:11 Gateway/motion 1
Gateway sending update to database
12:26:11 Gateway/motion 1
Gateway sending update to database
12:26:11 Gateway/motion 1
Gateway sending update to database
12:26:11 Gateway/motion 1
Gateway sending update to database
12:26:11 Gateway/motion 1
Gateway sending update to database
12:26:11 Gateway/motion 1
Gateway sending update to database
12:26:11 Gateway/motion 1
Gateway sending update to database
12:26:11 Gateway/motion 1
Gateway sending update to database
12:26:11 Gateway/motion 1
Gateway sending update to database
12:26:11 Gateway/motion 1
Gateway sending update to database
12:26:11 Gateway/motion 1
Gateway sending update to database
12:26:11 Gateway/motion 1
Gateway sending update to database
12:26:11 Gateway/motion 1
Gateway sending update to database
12:26:11 Gateway/motion 1
Gateway sending update to database
12:26:11 Gateway/motion 1
Gateway sending update to database
12:26:11 Gateway/motion 1
Gateway sending update to database
12:26:11 Gateway/motion 1
Gateway sending update to database
12:26:11 Gateway/motion 1
Gateway sending update to database
12:26:11 Gateway/motion 1
Gateway sending update to database
12:26:11 Gateway/motion 1
Gateway sending update to database
12:26:11 Gateway/motion 1
Gateway sending update to database
12:26:11 Gateway/motion 1
Gateway sending update to database
12:26:11 Gateway/motion 1
Gateway sending update to database
12:26:11 Gateway/motion 1
Gateway sending update to database
12:26:11 Gateway/motion 1
Gateway sending update to database
12:26:11 Gateway/motion 1
Gateway sending update to database
12:26:11 Gateway/motion 1
Gateway sending update to database
12:26:11 Gateway/motion 1
Gateway sending update to database
12:26:11 Gateway/motion 1
Gateway sending update to database
12:26:11 Gateway/motion 1
Gateway sending update to database
12:26:11 Gateway/motion 1
Gateway sending update to database
12:26:11 Gateway/motion 1
Gateway sending update to database
12:26:11 Gateway/motion 1
Gateway sending update to database
12:26:11 Gateway/motion 1
Gateway sending update to database
12:26:11 Gateway/motion 1
Gateway sending update to database
12:26:11 Gateway/motion 1
Gateway sending update to database
12:26:11 Gateway/motion 1
Gateway sending update to database
12:26:11 Gateway/motion 1
Gateway sending update to database
12:26:11 Gateway/motion 1
Gateway sending update to database
12:26:11 Gateway/motion 1
Gateway sending update to database
12:26:11 Gateway/motion 1
Gateway sending update to database
12:26:11 Gateway/motion 1
Gateway sending update to database
12:26:11 Gateway/motion 1
Gateway sending update to database
12:26:11 Gateway/motion 1
Gateway sending update to database
12:26:11 Gateway/motion 1
Gateway sending update to database
12:26:11 Gateway/motion 1
Gateway sending update to database
12:26:11 Gateway/motion 1
Gateway sending update to database
12:26:11 Gateway/motion 1
Gateway sending update to database
12:26:11 Gateway/motion 1
Gateway sending update to database
12:26:11 Gateway/motion 1
Gateway sending update to database
12:26:11 Gateway/motion 1
Gateway sending update to database
12:26:11 Gateway/motion 1
Gateway sending update to database
12:26:11 Gateway/motion 1
Gateway sending update to database
12:26:11 Gateway/motion 1
Gateway sending update to database
12:26:11 Gateway/motion 1
Gateway sending update to database
12:26:11 Gateway/motion 1
Gateway sending update to database
12:26:11 Gateway/motion 1
Gateway sending update to database
12:26:11 Gateway/motion 1
Gateway sending update to database
12:26:11 Gateway/motion 1
Gateway sending update to database
12:26:11 Gateway/motion 1
Gateway sending update to database
12:26:11 Gateway/motion 1
Gateway sending update to database
12:26:11 Gateway/motion 1
Gateway sending update to database
12:26:11 Gateway/motion 1
Gateway sending update to database
12:26:11 Gateway/motion 1
Gateway sending update to database
12:26:11 Gateway/motion 1
Gateway sending update to database
12:26:11 Gateway/motion 1
Gateway sending update to database
12:26:11 Gateway/motion 1
Gateway sending update to database
12:26:11 Gateway/motion 1
Gateway sending update to database
12:26:11 Gateway/motion 1
Gateway sending update to database
12:26:11 Gateway/motion 1
Gateway sending update to database
12:26:11 Gateway/motion 1
Gateway sending update to database
12:26:11 Gateway/motion 1
Gateway sending update to database
12:26:11 Gateway/motion 1
Gateway sending update to database
12:26:11 Gateway/motion 1
Gateway sending update to database
12:26:11 Gateway/motion 1
Gateway sending update to database
12:26:11 Gateway/motion 1
Gateway sending update to database
12:26:11 Gateway/motion 1
Gateway sending update to database
12:26:11 Gateway/motion 1
Gateway sending update to database
12:26:11 Gateway/motion 1
Gateway sending update to database
12:26:11 Gateway/motion 1
Gateway sending update to database
12:26:11 Gateway/motion 1
Gateway sending update to database
12:26:11 Gateway/motion 1
Gateway sending update to database
12:26:11 Gateway/motion 1
Gateway sending update to database
12:26:11 Gateway/motion 1
Gateway sending update to database
12:26:11 Gateway/motion 1
Gateway sending update to database
12:26:11 Gateway/motion 1
Gateway sending update to database
12:26:11 Gateway/motion 1
Gateway sending update to database
12:26:11 Gateway/motion 1
Gateway sending update to database
12:26:11 Gateway/motion 1
Gateway sending update to database
12:26:11 Gateway/motion 1
Gateway sending update to database
12:26:11 Gateway/motion 1
Gateway sending update to database
12:26:11 Gateway/motion 1
Gateway sending update to database
12:26:11 Gateway/motion 1
Gateway sending update to database
12:26:11 Gateway/motion 1
Gateway sending update to database
12:26:11 Gateway/motion 1
Gateway sending update to database
12:26:11 Gateway/motion 1
Gateway sending update to database
12:26:11 Gateway/motion 1
Gateway sending update to database
12:26:11 Gateway/motion 1
Gateway sending update to database
12:26:11 Gateway/motion 1
Gateway sending update to database
12:26:11 Gateway/motion 1
Gateway sending update to database
12:26:11 Gateway/motion 1
Gateway sending update to database
12:26:11 Gateway/motion 1
Gateway sending update to database
12:26:11 Gateway/motion 1
Gateway sending update to database
12:26:11 Gateway/motion 1
Gateway sending update to database
12:26:11 Gateway/motion 1
Gateway sending update to database
12:26:11 Gateway/motion 1
Gateway sending update to database
12:26:11 Gateway/motion 1
Gateway sending update to database
12:26:11 Gateway/motion 1
Gateway sending update to database
12:26:11 Gateway/motion 1
Gateway sending update to database
12:26:11 Gateway/motion 1
Gateway sending update to database
12:26:11 Gateway/motion 1
Gateway sending update to database
12:26:11 Gateway/motion 1
Gateway sending update to database
12:26:11 Gateway/motion 1
Gateway sending update to database
12:26:11 Gateway/motion 1
Gateway sending update to database
12:26:11 Gateway/motion 1
Gateway sending update to database
12:26:11 Gateway/motion 1
Gateway sending update to database
12:26:11 Gateway/motion 1
Gateway sending update to database
12:26:11 Gateway/motion 1
Gateway sending update to database
12:26:11 Gateway/motion 1
Gateway sending update to database
12:26:11 Gateway/motion 1
Gateway sending update to database
12:26:11 Gateway/motion 1
Gateway sending update to database
12:26:11 Gateway/motion 1
Gateway sending update to database
12:26:11 Gateway/motion 1
Gateway sending update to database
12:26:11 Gateway/motion 1
Gateway sending update to database
12:26:11 Gateway/motion 1
Gateway sending update to database
12:26:11 Gateway/motion 1
Gateway sending update to database
12:26:11 Gateway/motion 1
Gateway sending update to database
12:26:11 Gateway/motion 1
Gateway sending update to database
12:26:11 Gateway/motion 1
Gateway sending update to database
12:26:11 Gateway/motion 1
Gateway sending update to database
12:26:11 Gateway/motion 1
Gateway sending update to database
12:26:11 Gateway/motion 1
Gateway sending update to database
12:26:11 Gateway/motion 1
Gateway sending update to database
12:26:11 Gateway/motion 1
Gateway sending update to database
12:26:11 Gateway/motion 1
Gateway sending update to database
12:26:11 Gateway/motion 1
Gateway sending update to database
12:26:11 Gateway/motion 1
Gateway sending update to database
12:26:11 Gateway/motion 1
Gateway sending update to database
12:26:11 Gateway/motion 1
Gateway sending update to database
12:26:11 Gateway/motion 1
Gateway sending update to database
12:26:11 Gateway/motion 1
Gateway sending update to database
12:26:11 Gateway/motion 1
Gateway sending update to database
12:26:11 Gateway/motion 1
Gateway sending update to database
12:26:11 Gateway/motion 1
Gateway sending update to database
12:26:11 Gateway/motion 1
Gateway sending update to database
12:26:11 Gateway/motion 1
Gateway sending update to database
12:26:11 Gateway/motion 1
Gateway sending update to database
12:26:11 Gateway/motion 1
Gateway sending update to database
12:26:11 Gateway/motion 1
Gateway sending update to database
12:26:11 Gateway/motion 1
Gateway sending update to database
12:26:11 Gateway/motion 1
Gateway sending update to database
12:26:11 Gateway/motion 1
Gateway sending update to database
12:26:11 Gateway/motion 1
Gateway sending update to database
12:26:11 Gateway/motion 1
Gateway sending update to database
12:26:11 Gateway/motion 1
Gateway sending update to database
12:26:11 Gateway/motion 1
Gateway sending update to database
12:26:11 Gateway/motion 1
Gateway sending update to database
12:26:11 Gateway/motion 1
Gateway sending update to database
12:26:11 Gateway/motion 1
Gateway sending update to database
12:26:11 Gateway/motion 1
Gateway sending update to database
12:26:11 Gateway/motion 1
Gateway sending update to database
12:26:11 Gateway/motion 1
Gateway sending update to database
12:26:11 Gateway/motion 1
Gateway sending update to database
12:26:11 Gateway/motion 1
Gateway sending update to database
12:26:11 Gateway/motion 1
Gateway sending update to database
12:26:11 Gateway/motion 1
Gateway sending update to database
12:26:11 Gateway/motion 1
Gateway sending update to database
12:26:11 Gateway/motion 1
Gateway sending update to database
12:26:11 Gateway/motion 1
Gateway sending update to database
12:26:11 Gateway/motion 1
Gateway sending update to database
12:26:11 Gateway/motion 1
Gateway sending update to database
12:26:11 Gateway/motion 1
Gateway sending update to database
12:26:11 Gateway/motion 1
Gateway sending update to database
12:26:11 Gateway/motion 1
Gateway sending update to database
12:26:11 Gateway/motion 1
Gateway sending update to database
12:26:11 Gateway/motion 1
Gateway sending update to database
12:26:11 Gateway/motion 1
Gateway sending update to database
12:26:11 Gateway/motion 1
Gateway sending update to database
12:26:11 Gateway/motion 1
Gateway sending update to database
12:26:11 Gateway/motion 1
Gateway sending update to database
12:26:11 Gateway/motion 1
Gateway sending update to database
12:26:11 Gateway/motion 1
Gateway sending update to database
12:26:11 Gateway/motion 1
Gateway sending update to database
12:26:11 Gateway/motion 1
Gateway sending update to database
12:26:11 Gateway/motion 1
Gateway sending update to database
12:26:11 Gateway/motion 1
Gateway sending update to database
12:26:11 Gateway/motion 1
Gateway sending update to database
12:26:11 Gateway/motion 1
Gateway sending update to database
12:26:11 Gateway/motion 1
Gateway sending update to database
12:26:11 Gateway/motion 1
Gateway sending update to database
12:26:11 Gateway/motion 1
Gateway sending update to database
12:26:11 Gateway/motion 1
Gateway sending update to database
12:26:11 Gateway/motion 1
Gateway sending update to database
12:26:11 Gateway/motion 1
Gateway sending update to database
12:26:11 Gateway/motion 1
Gateway sending update to database
12:26:11 Gateway/motion 1
Gateway sending update to database
12:26:11 Gateway/motion 1
Gateway sending update to database
12:26:11 Gateway/motion 1
Gateway sending update to database
12:26:11 Gateway/motion 1
Gateway sending update to database
12:26:11 Gateway/motion 1
Gateway sending update to database
12:26:11 Gateway/motion 1
Gateway sending update to database
12:26:11 Gateway/motion 1
Gateway sending update to database
12:26:11 Gateway/motion 1
Gateway sending update to database
12:26:11 Gateway/motion 1
Gateway sending update to database
12:26:11 Gateway/motion 1
Gateway sending update to database
12:26:11 Gateway/motion 1
Gateway sending update to database
12:26:11 Gateway/motion 1
Gateway sending update to database
12:26:11 Gateway/motion 1
Gateway sending update to database
12:26:11 Gateway/motion 1
Gateway sending update to database
12:26:11 Gateway/motion 1
Gateway sending update to database
12:26:11 Gateway/motion 1
Gateway sending update to database
12:26:11 Gateway/motion 1
Gateway sending update to database
12:26:11 Gateway/motion 1
Gateway sending update to database
12:26:11 Gateway/motion 1
Gateway sending update to database
12:26:11 Gateway/motion 1
Gateway sending update to database
12:26:11 Gateway/motion 1
Gateway sending update to database
12:26:11 Gateway/motion 1
Gateway sending update to database
12:26:11 Gateway/motion 1
Gateway sending update to database
12:26:11 Gateway/motion 1
Gateway sending update to database
12:26:11 Gateway/motion 1
Gateway sending update to database
12:26:11 Gateway/motion 1
Gateway sending update to database
12:26:11 Gateway/motion 1
Gateway sending update to database
12:26:11 Gateway/motion 1
Gateway sending update to database
12:26:11 Gateway/motion 1
Gateway sending update to database
12:26:11 Gateway/motion 1
Gateway sending update to database
12:26:11 Gateway/motion 1
Gateway sending update to database
12:26:11 Gateway/motion 1
Gateway sending update to database
12:26:11 Gateway/motion 1
Gateway sending update to database
12:26:11 Gateway/motion 1
Gateway sending update to database
12:26:11 Gateway/motion 1
Gateway sending update to database
12:26:11 Gateway/motion 1
Gateway sending update to database
12:26:11 Gateway/motion 1
Gateway sending update to database
12:26:11 Gateway/motion 1
Gateway sending update to database
12:26:11 Gateway/motion 1
Gateway sending update to database
12:26:11 Gateway/motion 1
Gateway sending update to database
12:26:11 Gateway/motion 1
Gateway sending update to database
12:26:11 Gateway/motion 1
Gateway sending update to database
12:26:11 Gateway/motion 1
Gateway sending update to database
12:26:11 Gateway/motion 1
Gateway sending update to database
12:26:11 Gateway/motion 1
Gateway sending update to database
12:26:11 Gateway/motion 1
Gateway sending update to database
12:26:11 Gateway/motion 1
Gateway sending update to database
12:26:11 Gateway/motion 1
Gateway sending update to database
12:26:11 Gateway/motion 1
Gateway sending update to database
12:26:11 Gateway/motion 1
Gateway sending update to database
12:26:11 Gateway/motion 1
Gateway sending update to database
12:26:11 Gateway/motion 1
Gateway sending update to database
12:26:11 Gateway/motion 1
Gateway sending update to database
12:26:11 Gateway/motion 1
Gateway sending update to database
12:26:11 Gateway/motion 1
Gateway sending update to database
12:26:11 Gateway/motion 1
Gateway sending update to database
12:26:11 Gateway/motion 1
Gateway sending update to database
12:26:11 Gateway/motion 1
Gateway sending update to database
12:26:11 Gateway/motion 1
Gateway sending update to database
12:26:11 Gateway/motion 1
Gateway sending update to database
12:26:11 Gateway/motion 1
Gateway sending update to database
12:26:11 Gateway/motion 1
Gateway sending update to database
12:26:11 Gateway/motion 1
Gateway sending update to database
12:26:11 Gateway/motion 1
Gateway sending update to database
12:26:11 Gateway/motion 1
Gateway sending update to database
12:26:11 Gateway/motion 1
Gateway sending update to database
12:26:11 Gateway/motion 1
Gateway sending update to database
12:26:11 Gateway/motion 1
Gateway sending update to database
12:26:11 Gateway/motion 1
Gateway sending update to database
12:26:11 Gateway/motion 1
Gateway sending update to database
12:26:11 Gateway/motion 1
Gateway sending update to database
12:26:11 Gateway/motion 1
Gateway sending update to database
12:26:11 Gateway/motion 1
Gateway sending update to database
12:26:11 Gateway/motion 1
Gateway sending update to database
12:26:11 Gateway/motion 1
Gateway sending update to database
12:26:11 Gateway/motion 1
Gateway sending update to database
12:26:11 Gateway/motion 1
Gateway sending update to database
12:26:11 Gateway/motion 1
Gateway sending update to database
12:26:11 Gateway/motion 1
Gateway sending update to database
12:26:11 Gateway/motion 1
Gateway sending update to database
12:26:11 Gateway/motion 1
Gateway sending update to database
12:26:11 Gateway/motion 1
Gateway sending update to database
12:26:11 Gateway/motion 1
Gateway sending update to database
12:26:11 Gateway/motion 1
Gateway sending update to database
12:26:11 Gateway/motion 1
Gateway sending update to database
12:26:11 Gateway/motion 1
Gateway sending update to database
12:26:11 Gateway/motion 1
Gateway sending update to database
12:26:11 Gateway/motion 1
Gateway sending update to database
12:26:11 Gateway/motion 1
Gateway sending update to database
12:26:11 Gateway/motion 1
Gateway sending update to database
12:26:11 Gateway/motion 1
Gateway sending update to database
12:26:11 Gateway/motion 1
Gateway sending update to database
12:26:11 Gateway/motion 1
Gateway sending update to database
12:26:11 Gateway/motion 1
Gateway sending update to database
12:26:11 Gateway/motion 1
Gateway sending update to database
12:26:11 Gateway/motion 1
Gateway sending update to database
12:26:11 Gateway/motion 1
Gateway sending update to database
12:26:11 Gateway/motion 1
Gateway sending update to database
12:26:11 Gateway/motion 1
Gateway sending update to database
12:26:11 Gateway/motion 1
Gateway sending update to database
12:26:11 Gateway/motion 1
Gateway sending update to database
12:26:11 Gateway/motion 1
Gateway sending update to database
12:26:11 Gateway/motion 1
Gateway sending update to database
12:26:11 Gateway/motion 1
Gateway sending update to database
12:26:11 Gateway/motion 1
Gateway sending update to database
12:26:11 Gateway/motion 1
Gateway sending update to database
12:26:11 Gateway/motion 1
Gateway sending update to database
12:26:11 Gateway/motion 1
Gateway sending update to database
12:26:11 Gateway/motion 1
Gateway sending update to database
12:26:11 Gateway/motion 1
Gateway sending update to database
12:26:11 Gateway/motion 1
Gateway sending update to database
12:26:11 Gateway/motion 1
Gateway sending update to database
12:26:11 Gateway/motion 1
Gateway sending update to database
12:26:11 Gateway/motion 1
Gateway sending update to database
12:26:11 Gateway/motion 1
Gateway sending update to database
12:26:11 Gateway/motion 1
Gateway sending update to database
12:26:11 Gateway/motion 1
Gateway sending update to database
12:26:11 Gateway/motion 1
Gateway sending update to database
12:26:11 Gateway/motion 1
Gateway sending update to database
12:26:11 Gateway/motion 1
Gateway sending update to database
12:26:11 Gateway/motion 1
Gateway sending update to database
12:26:11 Gateway/motion 1
Gateway sending update to database
12:26:11 Gateway/motion 1
Gateway sending update to database
12:26:11 Gateway/motion 1
Gateway sending update to database
12:26:11 Gateway/motion 1
Gateway sending update to database
12:26:11 Gateway/motion 1
Gateway sending update to database
12:26:11 Gateway/motion 1
Gateway sending update to database
12:26:11 Gateway/motion 1
Gateway sending update to database
12:26:11 Gateway/motion 1
Gateway sending update to database
12:26:11 Gateway/motion 1
Gateway sending update to database
12:26:11 Gateway/motion 1
Gateway sending update to database
12:26:11 Gateway/motion 1
Gateway sending update to database
12:26:11 Gateway/motion 1
Gateway sending update to database
12:26:11 Gateway/motion 1
Gateway sending update to database
12:26:11 Gateway/motion 1
Gateway sending update to database
12:26:11 Gateway/motion 1
Gateway sending update to database
12:26:11 Gateway/motion 1
Gateway sending update to database
12:26:11 Gateway/motion 1
Gateway sending update to database
12:26:11 Gateway/motion 1
Gateway sending update to database
12:26:11 Gateway/motion 1
Gateway sending update to database
12:26:11 Gateway/motion 1
Gateway sending update to database
12:26:11 Gateway/motion 1
Gateway sending update to database
12:26:11 Gateway/motion 1
Gateway sending update to database
12:26:11 Gateway/motion 1
Gateway sending update to database
12:26:11 Gateway/motion 1
Gateway sending update to database
12:26:11 Gateway/motion 1
Gateway sending update to database
12:26:11 Gateway/motion 1
Gateway sending update to database
12:26:11 Gateway/motion 1
Gateway sending update to database
12:26:11 Gateway/motion 1
Gateway sending update to database
12:26:11 Gateway/motion 1
Gateway sending update to database
12:26:11 Gateway/motion 1
Gateway sending update to database
12:26:11 Gateway/motion 1
Gateway sending update to database
12:26:11 Gateway/motion 1
Gateway sending update to database
12:26:11 Gateway/motion 1
Gateway sending update to database
12:26:11 Gateway/motion 1
Gateway sending update to database
12:26:11 Gateway/motion 1
Gateway sending update to database
12:26:11 Gateway/motion 1
Gateway sending update to database
12:26:11 Gateway/motion 1
Gateway sending update to database
12:26:11 Gateway/motion 1
Gateway sending update to database
12:26:11 Gateway/motion 1
Gateway sending update to database
12:26:11 Gateway/motion 1
Gateway sending update to database
12:26:11 Gateway/motion 1
Gateway sending update to database
12:26:11 Gateway/motion 1
Gateway sending update to database
12:26:11 Gateway/motion 1
Gateway sending update to database
12:26:11 Gateway/motion 1
Gateway sending update to database
12:26:11 Gateway/motion 1
Gateway sending update to database
12:26:11 Gateway/motion 1
Gateway sending update to database
12:26:11 Gateway/motion 1
Gateway sending update to database
12:26:11 Gateway/motion 1
Gateway sending update to database
12:26:11 Gateway/motion 1
Gateway sending update to database
12:26:11 Gateway/motion 1
Gateway sending update to database
12:26:11 Gateway/motion 1
Gateway sending update to database
12:26:11 Gateway/motion 1
Gateway sending update to database
12:26:11 Gateway/motion 1
Gateway sending update to database
12:26:11 Gateway/motion 1
Gateway sending update to database
12:26:11 Gateway/motion 1
Gateway sending update to database
12:26:11 Gateway/motion 1
Gateway sending update to database
12:26:11 Gateway/motion 1
Gateway sending update to database
12:26:11 Gateway/motion 1
Gateway sending update to database
12:26:11 Gateway/motion 1
Gateway sending update to database
12:26:11 Gateway/motion 1
Gateway sending update to database
12:26:12 Gateway/motion 1
Gateway sending update to database
12:26:12 Gateway/motion 1
Gateway sending update to database
12:26:12 Gateway/motion 1
Gateway sending update to database
12:26:12 Gateway/motion 1
Gateway sending update to database
12:26:12 Gateway/motion 1
Gateway sending update to database
12:26:12 Gateway/motion 1
Gateway sending update to database
12:26:12 Gateway/motion 1
Gateway sending update to database
12:26:12 Gateway/motion 1
Gateway sending update to database
12:26:12 Gateway/motion 1
Gateway sending update to database
12:26:12 Gateway/motion 1
Gateway sending update to database
12:26:12 Gateway/motion 1
Gateway sending update to database
12:26:12 Gateway/motion 1
Gateway sending update to database
12:26:12 Gateway/motion 1
Gateway sending update to database
12:26:12 Gateway/motion 1
Gateway sending update to database
12:26:12 Gateway/motion 1
Gateway sending update to database
12:26:12 Gateway/motion 1
Gateway sending update to database
12:26:12 Gateway/motion 1
Gateway sending update to database
12:26:12 Gateway/motion 1
Gateway sending update to database
12:26:12 Gateway/motion 1
Gateway sending update to database
12:26:12 Gateway/motion 1
Gateway sending update to database
12:26:12 Gateway/motion 1
Gateway sending update to database
12:26:12 Gateway/motion 1
Gateway sending update to database
12:26:12 Gateway/motion 1
Gateway sending update to database
12:26:12 Gateway/motion 1
Gateway sending update to database
12:26:12 Gateway/motion 1
Gateway sending update to database
12:26:12 Gateway/motion 1
Gateway sending update to database
12:26:12 Gateway/motion 1
Gateway sending update to database
12:26:12 Gateway/motion 1
Gateway sending update to database
12:26:12 Gateway/motion 1
Gateway sending update to database
12:26:12 Gateway/motion 1
Gateway sending update to database
12:26:12 Gateway/motion 1
Gateway sending update to database
12:26:12 Gateway/motion 1
Gateway sending update to database
12:26:12 Gateway/motion 1
Gateway sending update to database
12:26:12 Gateway/motion 1
Gateway sending update to database
12:26:12 Gateway/motion 1
Gateway sending update to database
12:26:12 Gateway/motion 1
Gateway sending update to database
12:26:12 Gateway/motion 1
Gateway sending update to database
12:26:12 Gateway/motion 1
Gateway sending update to database
12:26:12 Gateway/motion 1
Gateway sending update to database
12:26:12 Gateway/motion 1
Gateway sending update to database
12:26:12 Gateway/motion 1
Gateway sending update to database
12:26:12 Gateway/motion 1
Gateway sending update to database
12:26:12 Gateway/motion 1
Gateway sending update to database
12:26:12 Gateway/motion 1
Gateway sending update to database
12:26:12 Gateway/motion 1
Gateway sending update to database
12:26:12 Gateway/motion 1
Gateway sending update to database
12:26:12 Gateway/motion 1
Gateway sending update to database
12:26:12 Gateway/motion 1
Gateway sending update to database
12:26:12 Gateway/motion 1
Gateway sending update to database
12:26:12 Gateway/motion 1
Gateway sending update to database
12:26:12 Gateway/motion 1
Gateway sending update to database
12:26:12 Gateway/motion 1
Gateway sending update to database
12:26:12 Gateway/motion 1
Gateway sending update to database
12:26:12 Gateway/motion 1
Gateway sending update to database
12:26:12 Gateway/motion 1
Gateway sending update to database
12:26:12 Gateway/motion 1
Gateway sending update to database
12:26:12 Gateway/motion 1
Gateway sending update to database
12:26:12 Gateway/motion 1
Gateway sending update to database
12:26:12 Gateway/motion 1
Gateway sending update to database
12:26:12 Gateway/motion 1
Gateway sending update to database
12:26:12 Gateway/motion 1
Gateway sending update to database
12:26:12 Gateway/motion 1
Gateway sending update to database
12:26:12 Gateway/motion 1
Gateway sending update to database
12:26:12 Gateway/motion 1
Gateway sending update to database
12:26:12 Gateway/motion 1
Gateway sending update to database
12:26:12 Gateway/motion 1
Gateway sending update to database
12:26:12 Gateway/motion 1
Gateway sending update to database
12:26:12 Gateway/motion 1
Gateway sending update to database
12:26:12 Gateway/motion 1
Gateway sending update to database
12:26:12 Gateway/motion 1
Gateway sending update to database
12:26:12 Gateway/motion 1
Gateway sending update to database
12:26:12 Gateway/motion 1
Gateway sending update to database
12:26:12 Gateway/motion 1
Gateway sending update to database
12:26:12 Gateway/motion 1
Gateway sending update to database
12:26:12 Gateway/motion 1
Gateway sending update to database
12:26:12 Gateway/motion 1
Gateway sending update to database
12:26:12 Gateway/motion 1
Gateway sending update to database
12:26:12 Gateway/motion 1
Gateway sending update to database
12:26:12 Gateway/motion 1
Gateway sending update to database
12:26:12 Gateway/motion 1
Gateway sending update to database
12:26:12 Gateway/motion 1
Gateway sending update to database
12:26:12 Gateway/motion 1
Gateway sending update to database
12:26:12 Gateway/motion 1
Gateway sending update to database
12:26:12 Gateway/motion 1
Gateway sending update to database
12:26:12 Gateway/motion 1
Gateway sending update to database
12:26:12 Gateway/motion 1
Gateway sending update to database
12:26:12 Gateway/motion 1
Gateway sending update to database
12:26:12 Gateway/motion 1
Gateway sending update to database
12:26:12 Gateway/motion 1
Gateway sending update to database
12:26:12 Gateway/motion 1
Gateway sending update to database
12:26:12 Gateway/motion 1
Gateway sending update to database
12:26:12 Gateway/motion 1
Gateway sending update to database
12:26:12 Gateway/motion 1
Gateway sending update to database
12:26:12 Gateway/motion 1
Gateway sending update to database
12:26:12 Gateway/motion 1
Gateway sending update to database
12:26:12 Gateway/motion 1
Gateway sending update to database
12:26:12 Gateway/motion 1
Gateway sending update to database
12:26:12 Gateway/motion 1
Gateway sending update to database
12:26:12 Gateway/motion 1
Gateway sending update to database
12:26:12 Gateway/motion 1
Gateway sending update to database
12:26:12 Gateway/motion 1
Gateway sending update to database
12:26:12 Gateway/motion 1
Gateway sending update to database
12:26:12 Gateway/motion 1
Gateway sending update to database
12:26:12 Gateway/motion 1
Gateway sending update to database
12:26:12 Gateway/motion 1
Gateway sending update to database
12:26:12 Gateway/motion 1
Gateway sending update to database
12:26:12 Gateway/motion 1
Gateway sending update to database
12:26:12 Gateway/motion 1
Gateway sending update to database
12:26:12 Gateway/motion 1
Gateway sending update to database
12:26:12 Gateway/motion 1
Gateway sending update to database
12:26:12 Gateway/motion 1
Gateway sending update to database
12:26:12 Gateway/motion 1
Gateway sending update to database
12:26:12 Gateway/motion 1
Gateway sending update to database
12:26:12 Gateway/motion 1
Gateway sending update to database
12:26:12 Gateway/motion 1
Gateway sending update to database
12:26:12 Gateway/motion 1
Gateway sending update to database
12:26:12 Gateway/motion 1
Gateway sending update to database
12:26:12 Gateway/motion 1
Gateway sending update to database
12:26:12 Gateway/motion 1
Gateway sending update to database
12:26:12 Gateway/motion 1
Gateway sending update to database
12:26:12 Gateway/motion 1
Gateway sending update to database
12:26:12 Gateway/motion 1
Gateway sending update to database
12:26:12 Gateway/motion 1
Gateway sending update to database
12:26:12 Gateway/motion 1
Gateway sending update to database
12:26:12 Gateway/motion 1
Gateway sending update to database
12:26:12 Gateway/motion 1
Gateway sending update to database
12:26:12 Gateway/motion 1
Gateway sending update to database
12:26:12 Gateway/motion 1
Gateway sending update to database
12:26:12 Gateway/motion 1
Gateway sending update to database
12:26:12 Gateway/motion 1
Gateway sending update to database
12:26:12 Gateway/motion 1
Gateway sending update to database
12:26:12 Gateway/motion 1
Gateway sending update to database
12:26:12 Gateway/motion 1
Gateway sending update to database
12:26:12 Gateway/motion 1
Gateway sending update to database
12:26:12 Gateway/motion 1
Gateway sending update to database
12:26:12 Gateway/motion 1
Gateway sending update to database
12:26:12 Gateway/motion 1
Gateway sending update to database
12:26:12 Gateway/motion 1
Gateway sending update to database
12:26:12 Gateway/motion 1
Gateway sending update to database
12:26:12 Gateway/motion 1
Gateway sending update to database
12:26:12 Gateway/motion 1
Gateway sending update to database
12:26:12 Gateway/motion 1
Gateway sending update to database
12:26:12 Gateway/motion 1
Gateway sending update to database
12:26:12 Gateway/motion 1
Gateway sending update to database
12:26:12 Gateway/motion 1
Gateway sending update to database
12:26:12 Gateway/motion 1
Gateway sending update to database
12:26:12 Gateway/motion 1
Gateway sending update to database
12:26:12 Gateway/motion 1
Gateway sending update to database
12:26:12 Gateway/motion 1
Gateway sending update to database
12:26:12 Gateway/motion 1
Gateway sending update to database
12:26:12 Gateway/motion 1
Gateway sending update to database
12:26:12 Gateway/motion 1
Gateway sending update to database
12:26:12 Gateway/motion 1
Gateway sending update to database
12:26:12 Gateway/motion 1
Gateway sending update to database
12:26:12 Gateway/motion 1
Gateway sending update to database
12:26:12 Gateway/motion 1
Gateway sending update to database
12:26:12 Gateway/motion 1
Gateway sending update to database
12:26:12 Gateway/motion 1
Gateway sending update to database
12:26:12 Gateway/motion 1
Gateway sending update to database
12:26:12 Gateway/motion 1
Gateway sending update to database
12:26:12 Gateway/motion 1
Gateway sending update to database
12:26:12 Gateway/motion 1
Gateway sending update to database
12:26:12 Gateway/motion 1
Gateway sending update to database
12:26:12 Gateway/motion 1
Gateway sending update to database
12:26:12 Gateway/motion 1
Gateway sending update to database
12:26:12 Gateway/motion 1
Gateway sending update to database
12:26:12 Gateway/motion 1
Gateway sending update to database
12:26:12 Gateway/motion 1
Gateway sending update to database
12:26:12 Gateway/motion 1
Gateway sending update to database
12:26:12 Gateway/motion 1
Gateway sending update to database
12:26:12 Gateway/motion 1
Gateway sending update to database
12:26:12 Gateway/motion 1
Gateway sending update to database
12:26:12 Gateway/motion 1
Gateway sending update to database
12:26:12 Gateway/motion 1
Gateway sending update to database
12:26:12 Gateway/motion 1
Gateway sending update to database
12:26:12 Gateway/motion 1
Gateway sending update to database
12:26:12 Gateway/motion 1
Gateway sending update to database
12:26:12 Gateway/motion 1
Gateway sending update to database
12:26:12 Gateway/motion 1
Gateway sending update to database
12:26:12 Gateway/motion 1
Gateway sending update to database
12:26:12 Gateway/motion 1
Gateway sending update to database
12:26:12 Gateway/motion 1
Gateway sending update to database
12:26:12 Gateway/motion 1
Gateway sending update to database
12:26:12 Gateway/motion 1
Gateway sending update to database
12:26:12 Gateway/motion 1
Gateway sending update to database
12:26:12 Gateway/motion 1
Gateway sending update to database
12:26:12 Gateway/motion 1
Gateway sending update to database
12:26:12 Gateway/motion 1
Gateway sending update to database
12:26:12 Gateway/motion 1
Gateway sending update to database
12:26:12 Gateway/motion 1
Gateway sending update to database
12:26:12 Gateway/motion 1
Gateway sending update to database
12:26:12 Gateway/motion 1
Gateway sending update to database
12:26:12 Gateway/motion 1
Gateway sending update to database
12:26:12 Gateway/motion 1
Gateway sending update to database
12:26:12 Gateway/motion 1
Gateway sending update to database
12:26:12 Gateway/motion 1
Gateway sending update to database
12:26:12 Gateway/motion 1
Gateway sending update to database
12:26:12 Gateway/motion 1
Gateway sending update to database
12:26:12 Gateway/motion 1
Gateway sending update to database
12:26:12 Gateway/motion 1
Gateway sending update to database
12:26:12 Gateway/motion 1
Gateway sending update to database
12:26:12 Gateway/motion 1
Gateway sending update to database
12:26:12 Gateway/motion 1
Gateway sending update to database
12:26:12 Gateway/motion 1
Gateway sending update to database
12:26:12 Gateway/motion 1
Gateway sending update to database
12:26:12 Gateway/motion 1
Gateway sending update to database
12:26:12 Gateway/motion 1
Gateway sending update to database
12:26:12 Gateway/motion 1
Gateway sending update to database
12:26:12 Gateway/motion 1
Gateway sending update to database
12:26:12 Gateway/motion 1
Gateway sending update to database
12:26:12 Gateway/motion 1
Gateway sending update to database
12:26:12 Gateway/motion 1
Gateway sending update to database
12:26:12 Gateway/motion 1
Gateway sending update to database
12:26:12 Gateway/motion 1
Gateway sending update to database
12:26:12 Gateway/motion 1
Gateway sending update to database
12:26:12 Gateway/motion 1
Gateway sending update to database
12:26:12 Gateway/motion 1
Gateway sending update to database
12:26:12 Gateway/motion 1
Gateway sending update to database
12:26:12 Gateway/motion 1
Gateway sending update to database
12:26:12 Gateway/motion 1
Gateway sending update to database
12:26:12 Gateway/motion 1
Gateway sending update to database
12:26:12 Gateway/motion 1
Gateway sending update to database
12:26:12 Gateway/motion 1
Gateway sending update to database
12:26:12 Gateway/motion 1
Gateway sending update to database
12:26:12 Gateway/motion 1
Gateway sending update to database
12:26:12 Gateway/motion 1
Gateway sending update to database
12:26:12 Gateway/motion 1
Gateway sending update to database
12:26:12 Gateway/motion 1
Gateway sending update to database
12:26:12 Gateway/motion 1
Gateway sending update to database
12:26:12 Gateway/motion 1
Gateway sending update to database
12:26:12 Gateway/motion 1
Gateway sending update to database
12:26:12 Gateway/motion 1
Gateway sending update to database
12:26:12 Gateway/motion 1
Gateway sending update to database
12:26:12 Gateway/motion 1
Gateway sending update to database
12:26:12 Gateway/motion 1
Gateway sending update to database
12:26:12 Gateway/motion 1
Gateway sending update to database
12:26:12 Gateway/motion 1
Gateway sending update to database
12:26:12 Gateway/motion 1
Gateway sending update to database
12:26:12 Gateway/motion 1
Gateway sending update to database
12:26:12 Gateway/motion 1
Gateway sending update to database
12:26:12 Gateway/motion 1
Gateway sending update to database
12:26:12 Gateway/motion 1
Gateway sending update to database
12:26:12 Gateway/motion 1
Gateway sending update to database
12:26:12 Gateway/motion 1
Gateway sending update to database
12:26:12 Gateway/motion 1
Gateway sending update to database
12:26:12 Gateway/motion 1
Gateway sending update to database
12:26:12 Gateway/motion 1
Gateway sending update to database
12:26:12 Gateway/motion 1
Gateway sending update to database
12:26:12 Gateway/motion 1
Gateway sending update to database
12:26:12 Gateway/motion 1
Gateway sending update to database
12:26:12 Gateway/motion 1
Gateway sending update to database
12:26:12 Gateway/motion 1
Gateway sending update to database
12:26:12 Gateway/motion 1
Gateway sending update to database
12:26:12 Gateway/motion 1
Gateway sending update to database
12:26:12 Gateway/motion 1
Gateway sending update to database
12:26:12 Gateway/motion 1
Gateway sending update to database
12:26:12 Gateway/motion 1
Gateway sending update to database
12:26:12 Gateway/motion 1
Gateway sending update to database
12:26:12 Gateway/motion 1
Gateway sending update to database
12:26:12 Gateway/motion 1
Gateway sending update to database
12:26:12 Gateway/motion 1
Gateway sending update to database
12:26:12 Gateway/motion 1
Gateway sending update to database
12:26:12 Gateway/motion 1
Gateway sending update to database
12:26:12 Gateway/motion 1
Gateway sending update to database
12:26:12 Gateway/motion 1
Gateway sending update to database
12:26:12 Gateway/motion 1
Gateway sending update to database
12:26:12 Gateway/motion 1
Gateway sending update to database
12:26:13 Gateway/motion 1
Gateway sending update to database
12:26:13 Gateway/motion 1
Gateway sending update to database
12:26:13 Gateway/motion 1
Gateway sending update to database
12:26:13 Gateway/motion 1
Gateway sending update to database
12:26:13 Gateway/motion 1
Gateway sending update to database
12:26:13 Gateway/motion 1
Gateway sending update to database
12:26:13 Gateway/motion 1
Gateway sending update to database
12:26:13 Gateway/motion 1
Gateway sending update to database
12:26:13 Gateway/motion 1
Gateway sending update to database
12:26:13 Gateway/motion 1
Gateway sending update to database
12:26:13 Gateway/motion 1
Gateway sending update to database
12:26:13 Gateway/motion 1
Gateway sending update to database
12:26:13 Gateway/motion 1
Gateway sending update to database
12:26:13 Gateway/motion 1
Gateway sending update to database
12:26:13 Gateway/motion 1
Gateway sending update to database
12:26:13 Gateway/motion 1
Gateway sending update to database
12:26:13 Gateway/motion 1
Gateway sending update to database
12:26:13 Gateway/motion 1
Gateway sending update to database
12:26:13 Gateway/motion 1
Gateway sending update to database
12:26:13 Gateway/motion 1
Gateway sending update to database
12:26:13 Gateway/motion 1
Gateway sending update to database
12:26:13 Gateway/motion 1
Gateway sending update to database
12:26:13 Gateway/motion 1
Gateway sending update to database
12:26:13 Gateway/motion 1
Gateway sending update to database
12:26:13 Gateway/motion 1
Gateway sending update to database
12:26:13 Gateway/motion 1
Gateway sending update to database
12:26:13 Gateway/motion 1
Gateway sending update to database
12:26:13 Gateway/motion 1
Gateway sending update to database
12:26:13 Gateway/motion 1
Gateway sending update to database
12:26:13 Gateway/motion 1
Gateway sending update to database
12:26:13 Gateway/motion 1
Gateway sending update to database
12:26:13 Gateway/motion 1
Gateway sending update to database
12:26:13 Gateway/motion 1
Gateway sending update to database
12:26:13 Gateway/motion 1
Gateway sending update to database
12:26:13 Gateway/motion 1
Gateway sending update to database
12:26:13 Gateway/motion 1
Gateway sending update to database
12:26:13 Gateway/motion 1
Gateway sending update to database
12:26:13 Gateway/motion 1
Gateway sending update to database
12:26:13 Gateway/motion 1
Gateway sending update to database
12:26:13 Gateway/motion 1
Gateway sending update to database
12:26:13 Gateway/motion 1
Gateway sending update to database
12:26:13 Gateway/motion 1
Gateway sending update to database
12:26:13 Gateway/motion 1
Gateway sending update to database
12:26:13 Gateway/motion 1
Gateway sending update to database
12:26:13 Gateway/motion 1
Gateway sending update to database
12:26:13 Gateway/motion 1
Gateway sending update to database
12:26:13 Gateway/motion 1
Gateway sending update to database
12:26:13 Gateway/motion 1
Gateway sending update to database
12:26:13 Gateway/motion 1
Gateway sending update to database
12:26:13 Gateway/motion 1
Gateway sending update to database
12:26:13 Gateway/motion 1
Gateway sending update to database
12:26:13 Gateway/motion 1
Gateway sending update to database
12:26:13 Gateway/motion 1
Gateway sending update to database
12:26:13 Gateway/motion 1
Gateway sending update to database
12:26:13 Gateway/motion 1
Gateway sending update to database
12:26:13 Gateway/motion 1
Gateway sending update to database
12:26:13 Gateway/motion 1
Gateway sending update to database
12:26:13 Gateway/motion 1
Gateway sending update to database
12:26:13 Gateway/motion 1
Gateway sending update to database
12:26:13 Gateway/motion 1
Gateway sending update to database
12:26:13 Gateway/motion 1
Gateway sending update to database
12:26:13 Gateway/motion 1
Gateway sending update to database
12:26:13 Gateway/motion 1
Gateway sending update to database
12:26:13 Gateway/motion 1
Gateway sending update to database
12:26:13 Gateway/motion 1
Gateway sending update to database
12:26:13 Gateway/motion 1
Gateway sending update to database
12:26:13 Gateway/motion 1
Gateway sending update to database
12:26:13 Gateway/motion 1
Gateway sending update to database
12:26:13 Gateway/motion 1
Gateway sending update to database
12:26:13 Gateway/motion 1
Gateway sending update to database
12:26:13 Gateway/motion 1
Gateway sending update to database
12:26:13 Gateway/motion 1
Gateway sending update to database
12:26:13 Gateway/motion 1
Gateway sending update to database
12:26:13 Gateway/motion 1
Gateway sending update to database
12:26:13 Gateway/motion 1
Gateway sending update to database
12:26:13 Gateway/motion 1
Gateway sending update to database
12:26:13 Gateway/motion 1
Gateway sending update to database
12:26:13 Gateway/motion 1
Gateway sending update to database
12:26:13 Gateway/motion 1
Gateway sending update to database
12:26:13 Gateway/motion 1
Gateway sending update to database
12:26:13 Gateway/motion 1
Gateway sending update to database
12:26:13 Gateway/motion 1
Gateway sending update to database
12:26:13 Gateway/motion 1
Gateway sending update to database
12:26:13 Gateway/motion 1
Gateway sending update to database
12:26:13 Gateway/motion 1
Gateway sending update to database
12:26:13 Gateway/motion 1
Gateway sending update to database
12:26:13 Gateway/motion 1
Gateway sending update to database
12:26:13 Gateway/motion 1
Gateway sending update to database
12:26:13 Gateway/motion 1
Gateway sending update to database
12:26:13 Gateway/motion 1
Gateway sending update to database
12:26:13 Gateway/motion 1
Gateway sending update to database
12:26:13 Gateway/motion 1
Gateway sending update to database
12:26:13 Gateway/motion 1
Gateway sending update to database
12:26:13 Gateway/motion 1
Gateway sending update to database
12:26:13 Gateway/motion 1
Gateway sending update to database
12:26:13 Gateway/motion 1
Gateway sending update to database
12:26:13 Gateway/motion 1
Gateway sending update to database
12:26:13 Gateway/motion 1
Gateway sending update to database
12:26:13 Gateway/motion 1
Gateway sending update to database
12:26:13 Gateway/motion 1
Gateway sending update to database
12:26:13 Gateway/motion 1
Gateway sending update to database
12:26:13 Gateway/motion 1
Gateway sending update to database
12:26:13 Gateway/motion 1
Gateway sending update to database
12:26:13 Gateway/motion 1
Gateway sending update to database
12:26:13 Gateway/motion 1
Gateway sending update to database
12:26:13 Gateway/motion 1
Gateway sending update to database
12:26:13 Gateway/motion 1
Gateway sending update to database
12:26:13 Gateway/motion 1
Gateway sending update to database
12:26:13 Gateway/motion 1
Gateway sending update to database
12:26:13 Gateway/motion 1
Gateway sending update to database
12:26:13 Gateway/motion 1
Gateway sending update to database
12:26:13 Gateway/motion 1
Gateway sending update to database
12:26:13 Gateway/motion 1
Gateway sending update to database
12:26:13 Gateway/motion 1
Gateway sending update to database
12:26:13 Gateway/motion 1
Gateway sending update to database
12:26:13 Gateway/motion 1
Gateway sending update to database
12:26:13 Gateway/motion 1
Gateway sending update to database
12:26:13 Gateway/motion 1
Gateway sending update to database
12:26:13 Gateway/motion 1
Gateway sending update to database
12:26:13 Gateway/motion 1
Gateway sending update to database
12:26:13 Gateway/motion 1
Gateway sending update to database
12:26:13 Gateway/motion 1
Gateway sending update to database
12:26:13 Gateway/motion 1
Gateway sending update to database
12:26:13 Gateway/motion 1
Gateway sending update to database
12:26:13 Gateway/motion 1
Gateway sending update to database
12:26:13 Gateway/motion 1
Gateway sending update to database
12:26:13 Gateway/motion 1
Gateway sending update to database
12:26:13 Gateway/motion 1
Gateway sending update to database
12:26:13 Gateway/motion 1
Gateway sending update to database
12:26:13 Gateway/motion 1
Gateway sending update to database
12:26:13 Gateway/motion 1
Gateway sending update to database
12:26:13 Gateway/motion 1
Gateway sending update to database
12:26:13 Gateway/motion 1
Gateway sending update to database
12:26:13 Gateway/motion 1
Gateway sending update to database
12:26:13 Gateway/motion 1
Gateway sending update to database
12:26:13 Gateway/motion 1
Gateway sending update to database
12:26:13 Gateway/motion 1
Gateway sending update to database
12:26:13 Gateway/motion 1
Gateway sending update to database
12:26:13 Gateway/motion 1
Gateway sending update to database
12:26:13 Gateway/motion 1
Gateway sending update to database
12:26:13 Gateway/motion 1
Gateway sending update to database
12:26:13 Gateway/motion 1
Gateway sending update to database
12:26:14 Gateway/motion 1
Gateway sending update to database
12:26:14 Gateway/motion 1
Gateway sending update to database
12:26:14 Gateway/motion 1
Gateway sending update to database
12:26:14 Gateway/motion 1
Gateway sending update to database
12:26:14 Gateway/motion 1
Gateway sending update to database
12:26:14 Gateway/motion 1
Gateway sending update to database
12:26:14 Gateway/motion 1
Gateway sending update to database
12:26:14 Gateway/motion 1
Gateway sending update to database
12:26:14 Gateway/motion 1
Gateway sending update to database
12:26:14 Gateway/motion 1
Gateway sending update to database
12:26:14 Gateway/motion 1
Gateway sending update to database
12:26:14 Gateway/motion 1
Gateway sending update to database
12:26:14 Gateway/motion 1
Gateway sending update to database
12:26:14 Gateway/motion 1
Gateway sending update to database
12:26:14 Gateway/motion 1
Gateway sending update to database
12:26:14 Gateway/motion 1
Gateway sending update to database
12:26:14 Gateway/motion 1
Gateway sending update to database
12:26:14 Gateway/motion 1
Gateway sending update to database
12:26:14 Gateway/motion 1
Gateway sending update to database
12:26:14 Gateway/motion 1
Gateway sending update to database
12:26:14 Gateway/motion 1
Gateway sending update to database
12:26:14 Gateway/motion 1
Gateway sending update to database
12:26:14 Gateway/motion 1
Gateway sending update to database
12:26:14 Gateway/motion 1
Gateway sending update to database
12:26:14 Gateway/motion 1
Gateway sending update to database
12:26:14 Gateway/motion 1
Gateway sending update to database
12:26:14 Gateway/motion 1
Gateway sending update to database
12:26:14 Gateway/motion 1
Gateway sending update to database
12:26:14 Gateway/motion 1
Gateway sending update to database
12:26:14 Gateway/motion 1
Gateway sending update to database
12:26:14 Gateway/motion 1
Gateway sending update to database
12:26:14 Gateway/motion 1
Gateway sending update to database
12:26:14 Gateway/motion 1
Gateway sending update to database
12:26:14 Gateway/motion 1
Gateway sending update to database
12:26:14 Gateway/motion 1
Gateway sending update to database
12:26:14 Gateway/motion 1
Gateway sending update to database
12:26:14 Gateway/motion 1
Gateway sending update to database
12:26:14 Gateway/motion 1
Gateway sending update to database
12:26:14 Gateway/motion 1
Gateway sending update to database
12:26:14 Gateway/motion 1
Gateway sending update to database
12:26:14 Gateway/motion 1
Gateway sending update to database
12:26:14 Gateway/motion 1
Gateway sending update to database
12:26:14 Gateway/motion 1
Gateway sending update to database
12:26:14 Gateway/motion 1
Gateway sending update to database
12:26:14 Gateway/motion 1
Gateway sending update to database
12:26:14 Gateway/motion 1
Gateway sending update to database
12:26:14 Gateway/motion 1
Gateway sending update to database
12:26:14 Gateway/motion 1
Gateway sending update to database
12:26:14 Gateway/motion 1
Gateway sending update to database
12:26:14 Gateway/motion 1
Gateway sending update to database
12:26:14 Gateway/motion 1
Gateway sending update to database
12:26:14 Gateway/motion 1
Gateway sending update to database
12:26:14 Gateway/motion 1
Gateway sending update to database
12:26:14 Gateway/motion 1
Gateway sending update to database
12:26:14 Gateway/motion 1
Gateway sending update to database
12:26:14 Gateway/motion 1
Gateway sending update to database
12:26:14 Gateway/motion 1
Gateway sending update to database
12:26:14 Gateway/motion 1
Gateway sending update to database
12:26:14 Gateway/motion 1
Gateway sending update to database
12:26:14 Gateway/motion 1
Gateway sending update to database
12:26:14 Gateway/motion 1
Gateway sending update to database
12:26:14 Gateway/motion 1
Gateway sending update to database
12:26:14 Gateway/motion 1
Gateway sending update to database
12:26:14 Gateway/motion 1
Gateway sending update to database
12:26:14 Gateway/motion 1
Gateway sending update to database
12:26:14 Gateway/motion 1
Gateway sending update to database
12:26:14 Gateway/motion 1
Gateway sending update to database
12:26:14 Gateway/motion 1
Gateway sending update to database
12:26:14 Gateway/motion 1
Gateway sending update to database
12:26:14 Gateway/motion 1
Gateway sending update to database
12:26:14 Gateway/motion 1
Gateway sending update to database
12:26:14 Gateway/motion 1
Gateway sending update to database
12:26:14 Gateway/motion 1
Gateway sending update to database
12:26:14 Gateway/motion 1
Gateway sending update to database
12:26:14 Gateway/motion 1
Gateway sending update to database
12:26:14 Gateway/motion 1
Gateway sending update to database
12:26:14 Gateway/motion 1
Gateway sending update to database
12:26:14 Gateway/motion 1
Gateway sending update to database
12:26:14 Gateway/motion 1
Gateway sending update to database
12:26:14 Gateway/motion 1
Gateway sending update to database
12:26:14 Gateway/motion 1
Gateway sending update to database
12:26:14 Gateway/motion 1
Gateway sending update to database
12:26:14 Gateway/motion 1
Gateway sending update to database
12:26:14 Gateway/motion 1
Gateway sending update to database
12:26:14 Gateway/motion 1
Gateway sending update to database
12:26:14 Gateway/motion 1
Gateway sending update to database
12:26:14 Gateway/motion 1
Gateway sending update to database
12:26:14 Gateway/motion 1
Gateway sending update to database
12:26:14 Gateway/motion 1
Gateway sending update to database
12:26:14 Gateway/motion 1
Gateway sending update to database
12:26:14 Gateway/motion 1
Gateway sending update to database
12:26:14 Gateway/motion 1
Gateway sending update to database
12:26:14 Gateway/motion 1
Gateway sending update to database
12:26:14 Gateway/motion 1
Gateway sending update to database
12:26:14 Gateway/motion 1
Gateway sending update to database
12:26:14 Gateway/motion 1
Gateway sending update to database
12:26:14 Gateway/motion 1
Gateway sending update to database
12:26:14 Gateway/motion 1
Gateway sending update to database
12:26:14 Gateway/motion 1
Gateway sending update to database
12:26:14 Gateway/motion 1
Gateway sending update to database
12:26:14 Gateway/motion 1
Gateway sending update to database
12:26:14 Gateway/motion 1
Gateway sending update to database
12:26:14 Gateway/motion 1
Gateway sending update to database
12:26:14 Gateway/motion 1
Gateway sending update to database
12:26:14 Gateway/motion 1
Gateway sending update to database
12:26:14 Gateway/motion 1
Gateway sending update to database
12:26:14 Gateway/motion 1
Gateway sending update to database
12:26:14 Gateway/motion 1
Gateway sending update to database
12:26:14 Gateway/motion 1
Gateway sending update to database
12:26:14 Gateway/motion 1
Gateway sending update to database
12:26:14 Gateway/motion 1
Gateway sending update to database
12:26:14 Gateway/motion 1
Gateway sending update to database
12:26:14 Gateway/motion 1
Gateway sending update to database
12:26:14 Gateway/motion 1
Gateway sending update to database
12:26:14 Gateway/motion 1
Gateway sending update to database
12:26:14 Gateway/motion 1
Gateway sending update to database
12:26:14 Gateway/motion 1
Gateway sending update to database
12:26:14 Gateway/motion 1
Gateway sending update to database
12:26:14 Gateway/motion 1
Gateway sending update to database
12:26:14 Gateway/motion 1
Gateway sending update to database
12:26:14 Gateway/motion 1
Gateway sending update to database
12:26:14 Gateway/motion 1
Gateway sending update to database
12:26:14 Gateway/motion 1
Gateway sending update to database
12:26:14 Gateway/motion 1
Gateway sending update to database
12:26:14 Gateway/motion 1
Gateway sending update to database
12:26:14 Gateway/motion 1
Gateway sending update to database
12:26:14 Gateway/motion 1
Gateway sending update to database
12:26:14 Gateway/motion 1
Gateway sending update to database
12:26:14 Gateway/motion 1
Gateway sending update to database
12:26:14 Gateway/motion 1
Gateway sending update to database
12:26:14 Gateway/motion 1
Gateway sending update to database
12:26:14 Gateway/motion 1
Gateway sending update to database
12:26:14 Gateway/motion 1
Gateway sending update to database
12:26:14 Gateway/motion 1
Gateway sending update to database
12:26:14 Gateway/motion 1
Gateway sending update to database
12:26:14 Gateway/motion 1
Gateway sending update to database
12:26:14 Gateway/motion 1
Gateway sending update to database
12:26:14 Gateway/motion 1
Gateway sending update to database
12:26:14 Gateway/motion 1
Gateway sending update to database
12:26:14 Gateway/motion 1
Gateway sending update to database
12:26:14 Gateway/motion 1
Gateway sending update to database
12:26:14 Gateway/motion 1
Gateway sending update to database
12:26:14 Gateway/motion 1
Gateway sending update to database
12:26:14 Gateway/motion 1
Gateway sending update to database
12:26:14 Gateway/motion 1
Gateway sending update to database
12:26:14 Gateway/motion 1
Gateway sending update to database
12:26:14 Gateway/motion 1
Gateway sending update to database
12:26:14 Gateway/motion 1
Gateway sending update to database
12:26:14 Gateway/motion 1
Gateway sending update to database
12:26:14 Gateway/motion 1
Gateway sending update to database
12:26:14 Gateway/motion 1
Gateway sending update to database
12:26:14 Gateway/motion 1
Gateway sending update to database
12:26:14 Gateway/motion 1
Gateway sending update to database
12:26:14 Gateway/motion 1
Gateway sending update to database
12:26:14 Gateway/motion 1
Gateway sending update to database
12:26:14 Gateway/motion 1
Gateway sending update to database
12:26:14 Gateway/motion 1
Gateway sending update to database
12:26:14 Gateway/motion 1
Gateway sending update to database
12:26:14 Gateway/motion 1
Gateway sending update to database
12:26:14 Gateway/motion 1
Gateway sending update to database
12:26:14 Gateway/motion 1
Gateway sending update to database
12:26:14 Gateway/motion 1
Gateway sending update to database
12:26:14 Gateway/motion 1
Gateway sending update to database
12:26:14 Gateway/motion 1
Gateway sending update to database
12:26:14 Gateway/motion 1
Gateway sending update to database
12:26:14 Gateway/motion 1
Gateway sending update to database
12:26:14 Gateway/motion 1
Gateway sending update to database
12:26:14 Gateway/motion 1
Gateway sending update to database
12:26:14 Gateway/motion 1
Gateway sending update to database
12:26:14 Gateway/motion 1
Gateway sending update to database
12:26:14 Gateway/motion 1
Gateway sending update to database
12:26:14 Gateway/motion 1
Gateway sending update to database
12:26:14 Gateway/motion 1
Gateway sending update to database
12:26:14 Gateway/motion 1
Gateway sending update to database
12:26:14 Gateway/motion 1
Gateway sending update to database
12:26:14 Gateway/motion 1
Gateway sending update to database
12:26:14 Gateway/motion 1
Gateway sending update to database
12:26:14 Gateway/motion 1
Gateway sending update to database
12:26:14 Gateway/motion 1
Gateway sending update to database
12:26:14 Gateway/motion 1
Gateway sending update to database
12:26:14 Gateway/motion 1
Gateway sending update to database
12:26:14 Gateway/motion 1
Gateway sending update to database
12:26:14 Gateway/motion 1
Gateway sending update to database
12:26:14 Gateway/motion 1
Gateway sending update to database
12:26:14 Gateway/motion 1
Gateway sending update to database
12:26:14 Gateway/motion 1
Gateway sending update to database
12:26:14 Gateway/motion 1
Gateway sending update to database
12:26:14 Gateway/motion 1
Gateway sending update to database
12:26:14 Gateway/motion 1
Gateway sending update to database
12:26:14 Gateway/motion 1
Gateway sending update to database
12:26:14 Gateway/motion 1
Gateway sending update to database
12:26:14 Gateway/motion 1
Gateway sending update to database
12:26:14 Gateway/motion 1
Gateway sending update to database
12:26:14 Gateway/motion 1
Gateway sending update to database
12:26:14 Gateway/motion 1
Gateway sending update to database
12:26:14 Gateway/motion 1
Gateway sending update to database
12:26:14 Gateway/motion 1
Gateway sending update to database
12:26:14 Gateway/motion 1
Gateway sending update to database
12:26:14 Gateway/motion 1
Gateway sending update to database
12:26:14 Gateway/motion 1
Gateway sending update to database
12:26:14 Gateway/motion 1
Gateway sending update to database
12:26:14 Gateway/motion 1
Gateway sending update to database
12:26:14 Gateway/motion 1
Gateway sending update to database
12:26:14 Gateway/motion 1
Gateway sending update to database
12:26:14 Gateway/motion 1
Gateway sending update to database
12:26:14 Gateway/motion 1
Gateway sending update to database
12:26:14 Gateway/motion 1
Gateway sending update to database
12:26:14 Gateway/motion 1
Gateway sending update to database
12:26:14 Gateway/motion 1
Gateway sending update to database
12:26:14 Gateway/motion 1
Gateway sending update to database
12:26:14 Gateway/motion 1
Gateway sending update to database
12:26:14 Gateway/motion 1
Gateway sending update to database
12:26:14 Gateway/motion 1
Gateway sending update to database
12:26:14 Gateway/motion 1
Gateway sending update to database
12:26:14 Gateway/motion 1
Gateway sending update to database
12:26:14 Gateway/motion 1
Gateway sending update to database
12:26:14 Gateway/motion 1
Gateway sending update to database
12:26:14 Gateway/motion 1
Gateway sending update to database
12:26:14 Gateway/motion 1
Gateway sending update to database
12:26:14 Gateway/motion 1
Gateway sending update to database
12:26:14 Gateway/motion 1
Gateway sending update to database
12:26:14 Gateway/motion 1
Gateway sending update to database
12:26:14 Gateway/motion 1
Gateway sending update to database
12:26:14 Gateway/motion 1
Gateway sending update to database
12:26:14 Gateway/motion 1
Gateway sending update to database
12:26:14 Gateway/motion 1
Gateway sending update to database
12:26:14 Gateway/motion 1
Gateway sending update to database
12:26:14 Gateway/motion 1
Gateway sending update to database
12:26:14 Gateway/motion 1
Gateway sending update to database
12:26:14 Gateway/motion 1
Gateway sending update to database
12:26:14 Gateway/motion 1
Gateway sending update to database
12:26:14 Gateway/motion 1
Gateway sending update to database
12:26:14 Gateway/motion 1
Gateway sending update to database
12:26:14 Gateway/motion 1
Gateway sending update to database
12:26:14 Gateway/motion 1
Gateway sending update to database
12:26:14 Gateway/motion 1
Gateway sending update to database
12:26:14 Gateway/motion 1
Gateway sending update to database
12:26:14 Gateway/motion 1
Gateway sending update to database
12:26:14 Gateway/motion 1
Gateway sending update to database
12:26:14 Gateway/motion 1
Gateway sending update to database
12:26:14 Gateway/motion 1
Gateway sending update to database
12:26:14 Gateway/motion 1
Gateway sending update to database
12:26:14 Gateway/motion 1
Gateway sending update to database
12:26:14 Gateway/motion 1
Gateway sending update to database
12:26:14 Gateway/motion 1
Gateway sending update to database
12:26:14 Gateway/motion 1
Gateway sending update to database
12:26:14 Gateway/motion 1
Gateway sending update to database
12:26:14 Gateway/motion 1
Gateway sending update to database
12:26:14 Gateway/motion 1
Gateway sending update to database
12:26:14 Gateway/motion 1
Gateway sending update to database
12:26:14 Gateway/motion 1
Gateway sending update to database
12:26:14 Gateway/motion 1
Gateway sending update to database
12:26:14 Gateway/motion 1
Gateway sending update to database
12:26:14 Gateway/motion 1
Gateway sending update to database
12:26:14 Gateway/motion 1
Gateway sending update to database
12:26:14 Gateway/motion 1
Gateway sending update to database
12:26:14 Gateway/motion 1
Gateway sending update to database
12:26:14 Gateway/motion 1
Gateway sending update to database
12:26:14 Gateway/motion 1
Gateway sending update to database
12:26:14 Gateway/motion 1
Gateway sending update to database
12:26:14 Gateway/motion 1
Gateway sending update to database
12:26:14 Gateway/motion 1
Gateway sending update to database
12:26:14 Gateway/motion 1
Gateway sending update to database
12:26:14 Gateway/motion 1
Gateway sending update to database
12:26:14 Gateway/motion 1
Gateway sending update to database
12:26:14 Gateway/motion 1
Gateway sending update to database
12:26:14 Gateway/motion 1
Gateway sending update to database
12:26:14 Gateway/motion 1
Gateway sending update to database
12:26:14 Gateway/motion 1
Gateway sending update to database
12:26:14 Gateway/motion 1
Gateway sending update to database
12:26:14 Gateway/motion 1
Gateway sending update to database
12:26:14 Gateway/motion 1
Gateway sending update to database
12:26:14 Gateway/motion 1
Gateway sending update to database
12:26:14 Gateway/motion 1
Gateway sending update to database
12:26:14 Gateway/motion 1
Gateway sending update to database
12:26:14 Gateway/motion 1
Gateway sending update to database
12:26:14 Gateway/motion 1
Gateway sending update to database
12:26:14 Gateway/motion 1
Gateway sending update to database
12:26:14 Gateway/motion 1
Gateway sending update to database
12:26:14 Gateway/motion 1
Gateway sending update to database
12:26:14 Gateway/motion 1
Gateway sending update to database
12:26:14 Gateway/motion 1
Gateway sending update to database
12:26:14 Gateway/motion 1
Gateway sending update to database
12:26:14 Gateway/motion 1
Gateway sending update to database
12:26:14 Gateway/motion 1
Gateway sending update to database
12:26:14 Gateway/motion 1
Gateway sending update to database
12:26:14 Gateway/motion 1
Gateway sending update to database
12:26:14 Gateway/motion 1
Gateway sending update to database
12:26:14 Gateway/motion 1
Gateway sending update to database
12:26:14 Gateway/motion 1
Gateway sending update to database
12:26:14 Gateway/motion 1
Gateway sending update to database
12:26:14 Gateway/motion 1
Gateway sending update to database
12:26:14 Gateway/motion 1
Gateway sending update to database
12:26:14 Gateway/motion 1
Gateway sending update to database
12:26:14 Gateway/motion 1
Gateway sending update to database
12:26:14 Gateway/motion 1
Gateway sending update to database
12:26:14 Gateway/motion 1
Gateway sending update to database
12:26:14 Gateway/motion 1
Gateway sending update to database
12:26:14 Gateway/motion 1
Gateway sending update to database
12:26:14 Gateway/motion 1
Gateway sending update to database
12:26:14 Gateway/motion 1
Gateway sending update to database
12:26:14 Gateway/motion 1
Gateway sending update to database
12:26:14 Gateway/motion 1
Gateway sending update to database
12:26:14 Gateway/motion 1
Gateway sending update to database
12:26:14 Gateway/motion 1
Gateway sending update to database
12:26:14 Gateway/motion 1
Gateway sending update to database
12:26:14 Gateway/motion 1
Gateway sending update to database
12:26:14 Gateway/motion 1
Gateway sending update to database
12:26:14 Gateway/motion 1
Gateway sending update to database
12:26:14 Gateway/motion 1
Gateway sending update to database
12:26:14 Gateway/motion 1
Gateway sending update to database
12:26:14 Gateway/motion 1
Gateway sending update to database
12:26:14 Gateway/motion 1
Gateway sending update to database
12:26:14 Gateway/motion 1
Gateway sending update to database
12:26:14 Gateway/motion 1
Gateway sending update to database
12:26:14 Gateway/motion 1
Gateway sending update to database
12:26:14 Gateway/motion 1
Gateway sending update to database
12:26:14 Gateway/motion 1
Gateway sending update to database
12:26:14 Gateway/motion 1
Gateway sending update to database
12:26:14 Gateway/motion 1
Gateway sending update to database
12:26:14 Gateway/motion 1
Gateway sending update to database
12:26:14 Gateway/motion 1
Gateway sending update to database
12:26:14 Gateway/motion 1
Gateway sending update to database
12:26:14 Gateway/motion 1
Gateway sending update to database
12:26:14 Gateway/motion 1
Gateway sending update to database
12:26:14 Gateway/motion 1
Gateway sending update to database
12:26:14 Gateway/motion 1
Gateway sending update to database
12:26:14 Gateway/motion 1
Gateway sending update to database
12:26:14 Gateway/motion 1
Gateway sending update to database
12:26:14 Gateway/motion 1
Gateway sending update to database
12:26:14 Gateway/motion 1
Gateway sending update to database
12:26:14 Gateway/motion 1
Gateway sending update to database
12:26:14 Gateway/motion 1
Gateway sending update to database
12:26:14 Gateway/motion 1
Gateway sending update to database
12:26:14 Gateway/motion 1
Gateway sending update to database
12:26:14 Gateway/motion 1
Gateway sending update to database
12:26:14 Gateway/motion 1
Gateway sending update to database
12:26:14 Gateway/motion 1
Gateway sending update to database
12:26:14 Gateway/motion 1
Gateway sending update to database
12:26:14 Gateway/motion 1
Gateway sending update to database
12:26:14 Gateway/motion 1
Gateway sending update to database
12:26:14 Gateway/motion 1
Gateway sending update to database
12:26:14 Gateway/motion 1
Gateway sending update to database
12:26:14 Gateway/motion 1
Gateway sending update to database
12:26:14 Gateway/motion 1
Gateway sending update to database
12:26:14 Gateway/motion 1
Gateway sending update to database
12:26:14 Gateway/motion 1
Gateway sending update to database
12:26:14 Gateway/motion 1
Gateway sending update to database
12:26:14 Gateway/motion 1
Gateway sending update to database
12:26:14 Gateway/motion 1
Gateway sending update to database
12:26:14 Gateway/motion 1
Gateway sending update to database
12:26:14 Gateway/motion 1
Gateway sending update to database
12:26:14 Gateway/motion 1
Gateway sending update to database
12:26:14 Gateway/motion 1
Gateway sending update to database
12:26:14 Gateway/motion 1
Gateway sending update to database
12:26:14 Gateway/motion 1
Gateway sending update to database
12:26:14 Gateway/motion 1
Gateway sending update to database
12:26:14 Gateway/motion 1
Gateway sending update to database
12:26:14 Gateway/motion 1
Gateway sending update to database
12:26:14 Gateway/motion 1
Gateway sending update to database
12:26:15 Gateway/motion 1
Gateway sending update to database
12:26:15 Gateway/motion 1
Gateway sending update to database
12:26:15 Gateway/motion 1
Gateway sending update to database
12:26:15 Gateway/motion 1
Gateway sending update to database
12:26:15 Gateway/motion 1
Gateway sending update to database
12:26:15 Gateway/motion 1
Gateway sending update to database
12:26:15 Gateway/motion 1
Gateway sending update to database
12:26:15 Gateway/motion 1
Gateway sending update to database
12:26:15 Gateway/motion 1
Gateway sending update to database
12:26:15 Gateway/motion 1
Gateway sending update to database
12:26:15 Gateway/motion 1
Gateway sending update to database
12:26:15 Gateway/motion 1
Gateway sending update to database
12:26:15 Gateway/motion 1
Gateway sending update to database
12:26:15 Gateway/motion 1
Gateway sending update to database
12:26:15 Gateway/motion 1
Gateway sending update to database
12:26:15 Gateway/motion 1
Gateway sending update to database
12:26:15 Gateway/motion 1
Gateway sending update to database
12:26:15 Gateway/motion 1
Gateway sending update to database
12:26:15 Gateway/motion 1
Gateway sending update to database
12:26:15 Gateway/motion 1
Gateway sending update to database
12:26:15 Gateway/motion 1
Gateway sending update to database
12:26:15 Gateway/motion 1
Gateway sending update to database
12:26:15 Gateway/motion 1
Gateway sending update to database
12:26:15 Gateway/motion 1
Gateway sending update to database
12:26:15 Gateway/motion 1
Gateway sending update to database
12:26:15 Gateway/motion 1
Gateway sending update to database
12:26:15 Gateway/motion 1
Gateway sending update to database
12:26:15 Gateway/motion 1
Gateway sending update to database
12:26:15 Gateway/motion 1
Gateway sending update to database
12:26:15 Gateway/motion 1
Gateway sending update to database
12:26:15 Gateway/motion 1
Gateway sending update to database
12:26:15 Gateway/motion 1
Gateway sending update to database
12:26:15 Gateway/motion 1
Gateway sending update to database
12:26:15 Gateway/motion 1
Gateway sending update to database
12:26:15 Gateway/motion 1
Gateway sending update to database
12:26:15 Gateway/motion 1
Gateway sending update to database
12:26:15 Gateway/motion 1
Gateway sending update to database
12:26:15 Gateway/motion 1
Gateway sending update to database
12:26:15 Gateway/motion 1
Gateway sending update to database
12:26:15 Gateway/motion 1
Gateway sending update to database
12:26:15 Gateway/motion 1
Gateway sending update to database
12:26:15 Gateway/motion 1
Gateway sending update to database
12:26:15 Gateway/motion 1
Gateway sending update to database
12:26:15 Gateway/motion 1
Gateway sending update to database
12:26:15 Gateway/motion 1
Gateway sending update to database
12:26:15 Gateway/motion 1
Gateway sending update to database
12:26:15 Gateway/motion 1
Gateway sending update to database
12:26:15 Gateway/motion 1
Gateway sending update to database
12:26:15 Gateway/motion 1
Gateway sending update to database
12:26:15 Gateway/motion 1
Gateway sending update to database
12:26:15 Gateway/motion 1
Gateway sending update to database
12:26:15 Gateway/motion 1
Gateway sending update to database
12:26:15 Gateway/motion 1
Gateway sending update to database
12:26:15 Gateway/motion 1
Gateway sending update to database
12:26:15 Gateway/motion 1
Gateway sending update to database
12:26:15 Gateway/motion 1
Gateway sending update to database
12:26:15 Gateway/motion 1
Gateway sending update to database
12:26:15 Gateway/motion 1
Gateway sending update to database
12:26:15 Gateway/motion 1
Gateway sending update to database
12:26:15 Gateway/motion 1
Gateway sending update to database
12:26:15 Gateway/motion 1
Gateway sending update to database
12:26:15 Gateway/motion 1
Gateway sending update to database
12:26:15 Gateway/motion 1
Gateway sending update to database
12:26:15 Gateway/motion 1
Gateway sending update to database
12:26:15 Gateway/motion 1
Gateway sending update to database
12:26:15 Gateway/motion 1
Gateway sending update to database
12:26:15 Gateway/motion 1
Gateway sending update to database
12:26:15 Gateway/motion 1
Gateway sending update to database
12:26:15 Gateway/motion 1
Gateway sending update to database
12:26:15 Gateway/motion 1
Gateway sending update to database
12:26:15 Gateway/motion 1
Gateway sending update to database
12:26:15 Gateway/motion 1
Gateway sending update to database
12:26:15 Gateway/motion 1
Gateway sending update to database
12:26:15 Gateway/motion 1
Gateway sending update to database
12:26:15 Gateway/motion 1
Gateway sending update to database
12:26:15 Gateway/motion 1
Gateway sending update to database
12:26:15 Gateway/motion 1
Gateway sending update to database
12:26:15 Gateway/motion 1
Gateway sending update to database
12:26:15 Gateway/motion 1
Gateway sending update to database
12:26:15 Gateway/motion 1
Gateway sending update to database
12:26:15 Gateway/motion 1
Gateway sending update to database
12:26:15 Gateway/motion 1
Gateway sending update to database
12:26:15 Gateway/motion 1
Gateway sending update to database
12:26:15 Gateway/motion 1
Gateway sending update to database
12:26:15 Gateway/motion 1
Gateway sending update to database
12:26:15 Gateway/motion 1
Gateway sending update to database
12:26:15 Gateway/motion 1
Gateway sending update to database
12:26:15 Gateway/motion 1
Gateway sending update to database
12:26:15 Gateway/motion 1
Gateway sending update to database
12:26:15 Gateway/motion 1
Gateway sending update to database
12:26:15 Gateway/motion 1
Gateway sending update to database
12:26:15 Gateway/motion 1
Gateway sending update to database
12:26:15 Gateway/motion 1
Gateway sending update to database
12:26:15 Gateway/motion 1
Gateway sending update to database
12:26:15 Gateway/motion 1
Gateway sending update to database
12:26:15 Gateway/motion 1
Gateway sending update to database
12:26:15 Gateway/motion 1
Gateway sending update to database
12:26:15 Gateway/motion 1
Gateway sending update to database
12:26:15 Gateway/motion 1
Gateway sending update to database
12:26:15 Gateway/motion 1
Gateway sending update to database
12:26:15 Gateway/motion 1
Gateway sending update to database
12:26:15 Gateway/motion 1
Gateway sending update to database
12:26:15 Gateway/motion 1
Gateway sending update to database
12:26:15 Gateway/motion 1
Gateway sending update to database
12:26:15 Gateway/motion 1
Gateway sending update to database
12:26:15 Gateway/motion 1
Gateway sending update to database
12:26:15 Gateway/motion 1
Gateway sending update to database
12:26:15 Gateway/motion 1
Gateway sending update to database
12:26:15 Gateway/motion 1
Gateway sending update to database
12:26:15 Gateway/motion 1
Gateway sending update to database
12:26:15 Gateway/motion 1
Gateway sending update to database
12:26:15 Gateway/motion 1
Gateway sending update to database
12:26:15 Gateway/motion 1
Gateway sending update to database
12:26:15 Gateway/motion 1
Gateway sending update to database
12:26:15 Gateway/motion 1
Gateway sending update to database
12:26:15 Gateway/motion 1
Gateway sending update to database
12:26:15 Gateway/motion 1
Gateway sending update to database
12:26:15 Gateway/motion 1
Gateway sending update to database
12:26:15 Gateway/motion 1
Gateway sending update to database
12:26:15 Gateway/motion 1
Gateway sending update to database
12:26:15 Gateway/motion 1
Gateway sending update to database
12:26:15 Gateway/motion 1
Gateway sending update to database
12:26:15 Gateway/motion 1
Gateway sending update to database
12:26:15 Gateway/motion 1
Gateway sending update to database
12:26:15 Gateway/motion 1
Gateway sending update to database
12:26:15 Gateway/motion 1
Gateway sending update to database
12:26:15 Gateway/motion 1
Gateway sending update to database
12:26:15 Gateway/motion 1
Gateway sending update to database
12:26:15 Gateway/motion 1
Gateway sending update to database
12:26:15 Gateway/motion 1
Gateway sending update to database
12:26:15 Gateway/motion 1
Gateway sending update to database
12:26:15 Gateway/motion 1
Gateway sending update to database
12:26:15 Gateway/motion 1
Gateway sending update to database
12:26:15 Gateway/motion 1
Gateway sending update to database
12:26:15 Gateway/motion 1
Gateway sending update to database
12:26:15 Gateway/motion 1
Gateway sending update to database
12:26:15 Gateway/motion 1
Gateway sending update to database
12:26:15 Gateway/motion 1
Gateway sending update to database
12:26:15 Gateway/motion 1
Gateway sending update to database
12:26:15 Gateway/motion 1
Gateway sending update to database
12:26:15 Gateway/motion 1
Gateway sending update to database
12:26:15 Gateway/motion 1
Gateway sending update to database
12:26:15 Gateway/motion 1
Gateway sending update to database
12:26:15 Gateway/motion 1
Gateway sending update to database
12:26:15 Gateway/motion 1
Gateway sending update to database
12:26:15 Gateway/motion 1
Gateway sending update to database
12:26:15 Gateway/motion 1
Gateway sending update to database
12:26:15 Gateway/motion 1
Gateway sending update to database
12:26:15 Gateway/motion 1
Gateway sending update to database
12:26:15 Gateway/motion 1
Gateway sending update to database
12:26:15 Gateway/motion 1
Gateway sending update to database
12:26:15 Gateway/motion 1
Gateway sending update to database
12:26:15 Gateway/motion 1
Gateway sending update to database
12:26:15 Gateway/motion 1
Gateway sending update to database
12:26:15 Gateway/motion 1
Gateway sending update to database
12:26:15 Gateway/motion 1
Gateway sending update to database
12:26:15 Gateway/motion 1
Gateway sending update to database
12:26:15 Gateway/motion 1
Gateway sending update to database
12:26:15 Gateway/motion 1
Gateway sending update to database
12:26:15 Gateway/motion 1
Gateway sending update to database
12:26:15 Gateway/motion 1
Gateway sending update to database
12:26:15 Gateway/motion 1
Gateway sending update to database
12:26:15 Gateway/motion 1
Gateway sending update to database
12:26:15 Gateway/motion 1
Gateway sending update to database
12:26:15 Gateway/motion 1
Gateway sending update to database
12:26:15 Gateway/motion 1
Gateway sending update to database
12:26:15 Gateway/motion 1
Gateway sending update to database
12:26:15 Gateway/motion 1
Gateway sending update to database
12:26:15 Gateway/motion 1
Gateway sending update to database
12:26:15 Gateway/motion 1
Gateway sending update to database
12:26:15 Gateway/motion 1
Gateway sending update to database
12:26:15 Gateway/motion 1
Gateway sending update to database
12:26:15 Gateway/motion 1
Gateway sending update to database
12:26:15 Gateway/motion 1
Gateway sending update to database
12:26:15 Gateway/motion 1
Gateway sending update to database
12:26:15 Gateway/motion 1
Gateway sending update to database
12:26:15 Gateway/motion 1
Gateway sending update to database
12:26:15 Gateway/motion 1
Gateway sending update to database
12:26:15 Gateway/motion 1
Gateway sending update to database
12:26:15 Gateway/motion 1
Gateway sending update to database
12:26:15 Gateway/motion 1
Gateway sending update to database
12:26:15 Gateway/motion 1
Gateway sending update to database
12:26:15 Gateway/motion 1
Gateway sending update to database
12:26:15 Gateway/motion 1
Gateway sending update to database
12:26:15 Gateway/motion 1
Gateway sending update to database
12:26:15 Gateway/motion 1
Gateway sending update to database
12:26:15 Gateway/motion 1
Gateway sending update to database
12:26:15 Gateway/motion 1
Gateway sending update to database
12:26:15 Gateway/motion 1
Gateway sending update to database
12:26:15 Gateway/motion 1
Gateway sending update to database
12:26:15 Gateway/motion 1
Gateway sending update to database
12:26:15 Gateway/motion 1
Gateway sending update to database
12:26:15 Gateway/motion 1
Gateway sending update to database
12:26:15 Gateway/motion 1
Gateway sending update to database
12:26:15 Gateway/motion 1
Gateway sending update to database
12:26:15 Gateway/motion 1
Gateway sending update to database
12:26:15 Gateway/motion 1
Gateway sending update to database
12:26:15 Gateway/motion 1
Gateway sending update to database
12:26:15 Gateway/motion 1
Gateway sending update to database
12:26:15 Gateway/motion 1
Gateway sending update to database
12:26:15 Gateway/motion 1
Gateway sending update to database
12:26:15 Gateway/motion 1
Gateway sending update to database
12:26:15 Gateway/motion 1
Gateway sending update to database
12:26:15 Gateway/motion 1
Gateway sending update to database
12:26:15 Gateway/motion 1
Gateway sending update to database
12:26:15 Gateway/motion 1
Gateway sending update to database
12:26:15 Gateway/motion 1
Gateway sending update to database
12:26:15 Gateway/motion 1
Gateway sending update to database
12:26:15 Gateway/motion 1
Gateway sending update to database
12:26:15 Gateway/motion 1
Gateway sending update to database
12:26:15 Gateway/motion 1
Gateway sending update to database
12:26:15 Gateway/motion 1
Gateway sending update to database
12:26:15 Gateway/motion 1
Gateway sending update to database
12:26:15 Gateway/motion 1
Gateway sending update to database
12:26:15 Gateway/motion 1
Gateway sending update to database
12:26:15 Gateway/motion 1
Gateway sending update to database
12:26:15 Gateway/motion 1
Gateway sending update to database
12:26:15 Gateway/motion 1
Gateway sending update to database
12:26:15 Gateway/motion 1
Gateway sending update to database
12:26:15 Gateway/motion 1
Gateway sending update to database
12:26:15 Gateway/motion 1
Gateway sending update to database
12:26:15 Gateway/motion 1
Gateway sending update to database
12:26:15 Gateway/motion 1
Gateway sending update to database
12:26:15 Gateway/motion 1
Gateway sending update to database
12:26:15 Gateway/motion 1
Gateway sending update to database
12:26:15 Gateway/motion 1
Gateway sending update to database
12:26:15 Gateway/motion 1
Gateway sending update to database
12:26:15 Gateway/motion 1
Gateway sending update to database
12:26:15 Gateway/motion 1
Gateway sending update to database
12:26:15 Gateway/motion 1
Gateway sending update to database
12:26:15 Gateway/motion 1
Gateway sending update to database
12:26:15 Gateway/motion 1
Gateway sending update to database
12:26:15 Gateway/motion 1
Gateway sending update to database
12:26:15 Gateway/motion 1
Gateway sending update to database
12:26:15 Gateway/motion 1
Gateway sending update to database
12:26:15 Gateway/motion 1
Gateway sending update to database
12:26:15 Gateway/motion 1
Gateway sending update to database
12:26:15 Gateway/motion 1
Gateway sending update to database
12:26:15 Gateway/motion 1
Gateway sending update to database
12:26:15 Gateway/motion 1
Gateway sending update to database
12:26:15 Gateway/motion 1
Gateway sending update to database
12:26:15 Gateway/motion 1
Gateway sending update to database
12:26:15 Gateway/motion 1
Gateway sending update to database
12:26:15 Gateway/motion 1
Gateway sending update to database
12:26:15 Gateway/motion 1
Gateway sending update to database
12:26:15 Gateway/motion 1
Gateway sending update to database
12:26:15 Gateway/motion 1
Gateway sending update to database
12:26:15 Gateway/motion 1
Gateway sending update to database
12:26:15 Gateway/motion 1
Gateway sending update to database
12:26:15 Gateway/motion 1
Gateway sending update to database
12:26:15 Gateway/motion 1
Gateway sending update to database
12:26:15 Gateway/motion 1
Gateway sending update to database
12:26:15 Gateway/motion 1
Gateway sending update to database
12:26:15 Gateway/motion 1
Gateway sending update to database
12:26:15 Gateway/motion 1
Gateway sending update to database
12:26:15 Gateway/motion 1
Gateway sending update to database
12:26:15 Gateway/motion 1
Gateway sending update to database
12:26:15 Gateway/motion 1
Gateway sending update to database
12:26:15 Gateway/motion 1
Gateway sending update to database
12:26:15 Gateway/motion 1
Gateway sending update to database
12:26:15 Gateway/motion 1
Gateway sending update to database
12:26:15 Gateway/motion 1
Gateway sending update to database
12:26:15 Gateway/motion 1
Gateway sending update to database
12:26:15 Gateway/motion 1
Gateway sending update to database
12:26:15 Gateway/motion 1
Gateway sending update to database
12:26:15 Gateway/motion 1
Gateway sending update to database
12:26:15 Gateway/motion 1
Gateway sending update to database
12:26:15 Gateway/motion 1
Gateway sending update to database
12:26:15 Gateway/motion 1
Gateway sending update to database
12:26:15 Gateway/motion 1
Gateway sending update to database
12:26:15 Gateway/motion 1
Gateway sending update to database
12:26:15 Gateway/motion 1
Gateway sending update to database
12:26:15 Gateway/motion 1
Gateway sending update to database
12:26:15 Gateway/motion 1
Gateway sending update to database
12:26:15 Gateway/motion 1
Gateway sending update to database
12:26:15 Gateway/motion 1
Gateway sending update to database
12:26:15 Gateway/motion 1
Gateway sending update to database
12:26:15 Gateway/motion 1
Gateway sending update to database
12:26:15 Gateway/motion 1
Gateway sending update to database
12:26:15 Gateway/motion 1
Gateway sending update to database
12:26:15 Gateway/motion 1
Gateway sending update to database
12:26:15 Gateway/motion 1
Gateway sending update to database
12:26:15 Gateway/motion 1
Gateway sending update to database
12:26:15 Gateway/motion 1
Gateway sending update to database
12:26:15 Gateway/motion 1
Gateway sending update to database
12:26:15 Gateway/motion 1
Gateway sending update to database
12:26:15 Gateway/motion 1
Gateway sending update to database
12:26:15 Gateway/motion 1
Gateway sending update to database
12:26:15 Gateway/motion 1
Gateway sending update to database
12:26:15 Gateway/motion 1
Gateway sending update to database
12:26:15 Gateway/motion 1
Gateway sending update to database
12:26:15 Gateway/motion 1
Gateway sending update to database
12:26:15 Gateway/motion 1
Gateway sending update to database
12:26:15 Gateway/motion 1
Gateway sending update to database
12:26:15 Gateway/motion 1
Gateway sending update to database
12:26:15 Gateway/motion 1
Gateway sending update to database
12:26:15 Gateway/motion 1
Gateway sending update to database
12:26:15 Gateway/motion 1
Gateway sending update to database
12:26:15 Gateway/motion 1
Gateway sending update to database
12:26:15 Gateway/motion 1
Gateway sending update to database
12:26:15 Gateway/motion 1
Gateway sending update to database
12:26:15 Gateway/motion 1
Gateway sending update to database
12:26:15 Gateway/motion 1
Gateway sending update to database
12:26:15 Gateway/motion 1
Gateway sending update to database
12:26:15 Gateway/motion 1
Gateway sending update to database
12:26:15 Gateway/motion 1
Gateway sending update to database
12:26:15 Gateway/motion 1
Gateway sending update to database
12:26:15 Gateway/motion 1
Gateway sending update to database
12:26:15 Gateway/motion 1
Gateway sending update to database
12:26:15 Gateway/motion 1
Gateway sending update to database
12:26:15 Gateway/motion 1
Gateway sending update to database
12:26:15 Gateway/motion 1
Gateway sending update to database
12:26:15 Gateway/motion 1
Gateway sending update to database
12:26:15 Gateway/motion 1
Gateway sending update to database
12:26:15 Gateway/motion 1
Gateway sending update to database
12:26:15 Gateway/motion 1
Gateway sending update to database
12:26:15 Gateway/motion 1
Gateway sending update to database
12:26:15 Gateway/motion 1
Gateway sending update to database
12:26:15 Gateway/motion 1
Gateway sending update to database
12:26:15 Gateway/motion 1
Gateway sending update to database
12:26:15 Gateway/motion 1
Gateway sending update to database
12:26:15 Gateway/motion 1
Gateway sending update to database
12:26:15 Gateway/motion 1
Gateway sending update to database
12:26:15 Gateway/motion 1
Gateway sending update to database
12:26:15 Gateway/motion 1
Gateway sending update to database
12:26:15 Gateway/motion 1
Gateway sending update to database
12:26:15 Gateway/motion 1
Gateway sending update to database
12:26:15 Gateway/motion 1
Gateway sending update to database
12:26:15 Gateway/motion 1
Gateway sending update to database
12:26:15 Gateway/motion 1
Gateway sending update to database
12:26:15 Gateway/motion 1
Gateway sending update to database
12:26:15 Gateway/motion 1
Gateway sending update to database
12:26:15 Gateway/motion 1
Gateway sending update to database
12:26:15 Gateway/motion 1
Gateway sending update to database
12:26:15 Gateway/motion 1
Gateway sending update to database
12:26:15 Gateway/motion 1
Gateway sending update to database
12:26:15 Gateway/motion 1
Gateway sending update to database
12:26:15 Gateway/motion 1
Gateway sending update to database
12:26:15 Gateway/motion 1
Gateway sending update to database
12:26:15 Gateway/motion 1
Gateway sending update to database
12:26:15 Gateway/motion 1
Gateway sending update to database
12:26:15 Gateway/motion 1
Gateway sending update to database
12:26:15 Gateway/motion 1
Gateway sending update to database
12:26:15 Gateway/motion 1
Gateway sending update to database
12:26:15 Gateway/motion 1
Gateway sending update to database
12:26:15 Gateway/motion 1
Gateway sending update to database
12:26:15 Gateway/motion 1
Gateway sending update to database
12:26:15 Gateway/motion 1
Gateway sending update to database
12:26:15 Gateway/motion 1
Gateway sending update to database
12:26:15 Gateway/motion 1
Gateway sending update to database
12:26:15 Gateway/motion 1
Gateway sending update to database
12:26:15 Gateway/motion 1
Gateway sending update to database
12:26:15 Gateway/motion 1
Gateway sending update to database
12:26:15 Gateway/motion 1
Gateway sending update to database
12:26:15 Gateway/motion 1
Gateway sending update to database
12:26:15 Gateway/motion 1
Gateway sending update to database
12:26:15 Gateway/motion 1
Gateway sending update to database
12:26:15 Gateway/motion 1
Gateway sending update to database
12:26:15 Gateway/motion 1
Gateway sending update to database
12:26:15 Gateway/motion 1
Gateway sending update to database
12:26:15 Gateway/motion 1
Gateway sending update to database
12:26:15 Gateway/motion 1
Gateway sending update to database
12:26:15 Gateway/motion 1
Gateway sending update to database
12:26:15 Gateway/motion 1
Gateway sending update to database
12:26:15 Gateway/motion 1
Gateway sending update to database
12:26:15 Gateway/motion 1
Gateway sending update to database
12:26:15 Gateway/motion 1
Gateway sending update to database
12:26:15 Gateway/motion 1
Gateway sending update to database
12:26:15 Gateway/motion 1
Gateway sending update to database
12:26:15 Gateway/motion 1
Gateway sending update to database
12:26:15 Gateway/motion 1
Gateway sending update to database
12:26:15 Gateway/motion 1
Gateway sending update to database
12:26:15 Gateway/motion 1
Gateway sending update to database
12:26:15 Gateway/motion 1
Gateway sending update to database
12:26:15 Gateway/motion 1
Gateway sending update to database
12:26:15 Gateway/motion 1
Gateway sending update to database
12:26:15 Gateway/motion 1
Gateway sending update to database
12:26:15 Gateway/motion 1
Gateway sending update to database
12:26:15 Gateway/motion 1
Gateway sending update to database
12:26:15 Gateway/motion 1
Gateway sending update to database
12:26:15 Gateway/motion 1
Gateway sending update to database
12:26:15 Gateway/motion 1
Gateway sending update to database
12:26:15 Gateway/motion 1
Gateway sending update to database
12:26:15 Gateway/motion 1
Gateway sending update to database
12:26:15 Gateway/motion 1
Gateway sending update to database
12:26:15 Gateway/motion 1
Gateway sending update to database
12:26:15 Gateway/motion 1
Gateway sending update to database
12:26:15 Gateway/motion 1
Gateway sending update to database
12:26:15 Gateway/motion 1
Gateway sending update to database
12:26:15 Gateway/motion 1
Gateway sending update to database
12:26:15 Gateway/motion 1
Gateway sending update to database
12:26:15 Gateway/motion 1
Gateway sending update to database
12:26:15 Gateway/motion 1
Gateway sending update to database
12:26:15 Gateway/motion 1
Gateway sending update to database
12:26:15 Gateway/motion 1
Gateway sending update to database
12:26:15 Gateway/motion 1
Gateway sending update to database
12:26:15 Gateway/motion 1
Gateway sending update to database
12:26:15 Gateway/motion 1
Gateway sending update to database
12:26:15 Gateway/motion 1
Gateway sending update to database
12:26:15 Gateway/motion 1
Gateway sending update to database
12:26:15 Gateway/motion 1
Gateway sending update to database
12:26:15 Gateway/motion 1
Gateway sending update to database
12:26:15 Gateway/motion 1
Gateway sending update to database
12:26:15 Gateway/motion 1
Gateway sending update to database
12:26:15 Gateway/motion 1
Gateway sending update to database
12:26:15 Gateway/motion 1
Gateway sending update to database
12:26:15 Gateway/motion 1
Gateway sending update to database
12:26:15 Gateway/motion 1
Gateway sending update to database
12:26:15 Gateway/motion 1
Gateway sending update to database
12:26:15 Gateway/motion 1
Gateway sending update to database
12:26:15 Gateway/motion 1
Gateway sending update to database
12:26:15 Gateway/motion 1
Gateway sending update to database
12:26:15 Gateway/motion 1
Gateway sending update to database
12:26:15 Gateway/motion 1
Gateway sending update to database
12:26:15 Gateway/motion 1
Gateway sending update to database
12:26:15 Gateway/motion 1
Gateway sending update to database
12:26:15 Gateway/motion 1
Gateway sending update to database
12:26:15 Gateway/motion 1
Gateway sending update to database
12:26:15 Gateway/motion 1
Gateway sending update to database
12:26:15 Gateway/motion 1
Gateway sending update to database
12:26:15 Gateway/motion 1
Gateway sending update to database
12:26:15 Gateway/motion 1
Gateway sending update to database
12:26:15 Gateway/motion 1
Gateway sending update to database
12:26:15 Gateway/motion 1
Gateway sending update to database
12:26:15 Gateway/motion 1
Gateway sending update to database
12:26:15 Gateway/motion 1
Gateway sending update to database
12:26:15 Gateway/motion 1
Gateway sending update to database
12:26:15 Gateway/motion 1
Gateway sending update to database
12:26:15 Gateway/motion 1
Gateway sending update to database
12:26:15 Gateway/motion 1
Gateway sending update to database
12:26:15 Gateway/motion 1
Gateway sending update to database
12:26:15 Gateway/motion 1
Gateway sending update to database
12:26:15 Gateway/motion 1
Gateway sending update to database
12:26:15 Gateway/motion 1
Gateway sending update to database
12:26:15 Gateway/motion 1
Gateway sending update to database
12:26:15 Gateway/motion 1
Gateway sending update to database
12:26:15 Gateway/motion 1
Gateway sending update to database
12:26:15 Gateway/motion 1
Gateway sending update to database
12:26:15 Gateway/motion 1
Gateway sending update to database
12:26:15 Gateway/motion 1
Gateway sending update to database
12:26:15 Gateway/motion 1
Gateway sending update to database
12:26:15 Gateway/motion 1
Gateway sending update to database
12:26:15 Gateway/motion 1
Gateway sending update to database
12:26:15 Gateway/motion 1
Gateway sending update to database
12:26:16 Gateway/motion 1
Gateway sending update to database
12:26:16 Gateway/motion 1
Gateway sending update to database
12:26:16 Gateway/motion 1
Gateway sending update to database
12:26:16 Gateway/motion 1
Gateway sending update to database
12:26:16 Gateway/motion 1
Gateway sending update to database
12:26:16 Gateway/motion 1
Gateway sending update to database
12:26:16 Gateway/motion 1
Gateway sending update to database
12:26:16 Gateway/motion 1
Gateway sending update to database
12:26:16 Gateway/motion 1
Gateway sending update to database
12:26:16 Gateway/motion 1
Gateway sending update to database
12:26:16 Gateway/motion 1
Gateway sending update to database
12:26:16 Gateway/motion 1
Gateway sending update to database
12:26:16 Gateway/motion 1
Gateway sending update to database
12:26:16 Gateway/motion 1
Gateway sending update to database
12:26:16 Gateway/motion 1
Gateway sending update to database
12:26:16 Gateway/motion 1
Gateway sending update to database
12:26:16 Gateway/motion 1
Gateway sending update to database
12:26:16 Gateway/motion 1
Gateway sending update to database
12:26:16 Gateway/motion 1
Gateway sending update to database
12:26:16 Gateway/motion 1
Gateway sending update to database
12:26:16 Gateway/motion 1
Gateway sending update to database
12:26:16 Gateway/motion 1
Gateway sending update to database
12:26:16 Gateway/motion 1
Gateway sending update to database
12:26:16 Gateway/motion 1
Gateway sending update to database
12:26:16 Gateway/motion 1
Gateway sending update to database
12:26:16 Gateway/motion 1
Gateway sending update to database
12:26:16 Gateway/motion 1
Gateway sending update to database
12:26:16 Gateway/motion 1
Gateway sending update to database
12:26:16 Gateway/motion 1
Gateway sending update to database
12:26:16 Gateway/motion 1
Gateway sending update to database
12:26:16 Gateway/motion 1
Gateway sending update to database
12:26:16 Gateway/motion 1
Gateway sending update to database
12:26:16 Gateway/motion 1
Gateway sending update to database
12:26:16 Gateway/motion 1
Gateway sending update to database
12:26:16 Gateway/motion 1
Gateway sending update to database
12:26:16 Gateway/motion 1
Gateway sending update to database
12:26:16 Gateway/motion 1
Gateway sending update to database
12:26:16 Gateway/motion 1
Gateway sending update to database
12:26:16 Gateway/motion 1
Gateway sending update to database
12:26:16 Gateway/motion 1
Gateway sending update to database
12:26:16 Gateway/motion 1
Gateway sending update to database
12:26:16 Gateway/motion 1
Gateway sending update to database
12:26:16 Gateway/motion 1
Gateway sending update to database
12:26:16 Gateway/motion 1
Gateway sending update to database
12:26:16 Gateway/motion 1
Gateway sending update to database
12:26:16 Gateway/motion 1
Gateway sending update to database
12:26:16 Gateway/motion 1
Gateway sending update to database
12:26:16 Gateway/motion 1
Gateway sending update to database
12:26:16 Gateway/motion 1
Gateway sending update to database
12:26:16 Gateway/motion 1
Gateway sending update to database
12:26:16 Gateway/motion 1
Gateway sending update to database
12:26:16 Gateway/motion 1
Gateway sending update to database
12:26:16 Gateway/motion 1
Gateway sending update to database
12:26:16 Gateway/motion 1
Gateway sending update to database
12:26:16 Gateway/motion 1
Gateway sending update to database
12:26:16 Gateway/motion 1
Gateway sending update to database
12:26:16 Gateway/motion 1
Gateway sending update to database
12:26:16 Gateway/motion 1
Gateway sending update to database
12:26:16 Gateway/motion 1
Gateway sending update to database
12:26:16 Gateway/motion 1
Gateway sending update to database
12:26:16 Gateway/motion 1
Gateway sending update to database
12:26:16 Gateway/motion 1
Gateway sending update to database
12:26:16 Gateway/motion 1
Gateway sending update to database
12:26:16 Gateway/motion 1
Gateway sending update to database
12:26:16 Gateway/motion 1
Gateway sending update to database
12:26:16 Gateway/motion 1
Gateway sending update to database
12:26:16 Gateway/motion 1
Gateway sending update to database
12:26:16 Gateway/motion 1
Gateway sending update to database
12:26:16 Gateway/motion 1
Gateway sending update to database
12:26:16 Gateway/motion 1
Gateway sending update to database
12:26:16 Gateway/motion 1
Gateway sending update to database
12:26:16 Gateway/motion 1
Gateway sending update to database
12:26:16 Gateway/motion 1
Gateway sending update to database
12:26:16 Gateway/motion 1
Gateway sending update to database
12:26:16 Gateway/motion 1
Gateway sending update to database
12:26:16 Gateway/motion 1
Gateway sending update to database
12:26:16 Gateway/motion 1
Gateway sending update to database
12:26:16 Gateway/motion 1
Gateway sending update to database
12:26:16 Gateway/motion 1
Gateway sending update to database
12:26:16 Gateway/motion 1
Gateway sending update to database
12:26:16 Gateway/motion 1
Gateway sending update to database
12:26:16 Gateway/motion 1
Gateway sending update to database
12:26:16 Gateway/motion 1
Gateway sending update to database
12:26:16 Gateway/motion 1
Gateway sending update to database
12:26:16 Gateway/motion 1
Gateway sending update to database
12:26:16 Gateway/motion 1
Gateway sending update to database
12:26:16 Gateway/motion 1
Gateway sending update to database
12:26:16 Gateway/motion 1
Gateway sending update to database
12:26:16 Gateway/motion 1
Gateway sending update to database
12:26:16 Gateway/motion 1
Gateway sending update to database
12:26:16 Gateway/motion 1
Gateway sending update to database
12:26:16 Gateway/motion 1
Gateway sending update to database
12:26:16 Gateway/motion 1
Gateway sending update to database
12:26:16 Gateway/motion 1
Gateway sending update to database
12:26:16 Gateway/motion 1
Gateway sending update to database
12:26:16 Gateway/motion 1
Gateway sending update to database
12:26:16 Gateway/motion 1
Gateway sending update to database
12:26:16 Gateway/motion 1
Gateway sending update to database
12:26:16 Gateway/motion 1
Gateway sending update to database
12:26:16 Gateway/motion 1
Gateway sending update to database
12:26:16 Gateway/motion 1
Gateway sending update to database
12:26:16 Gateway/motion 1
Gateway sending update to database
12:26:16 Gateway/motion 1
Gateway sending update to database
12:26:16 Gateway/motion 1
Gateway sending update to database
12:26:16 Gateway/motion 1
Gateway sending update to database
12:26:16 Gateway/motion 1
Gateway sending update to database
12:26:16 Gateway/motion 1
Gateway sending update to database
12:26:16 Gateway/motion 1
Gateway sending update to database
12:26:16 Gateway/motion 1
Gateway sending update to database
12:26:16 Gateway/motion 1
Gateway sending update to database
12:26:16 Gateway/motion 1
Gateway sending update to database
12:26:16 Gateway/motion 1
Gateway sending update to database
12:26:16 Gateway/motion 1
Gateway sending update to database
12:26:16 Gateway/motion 1
Gateway sending update to database
12:26:16 Gateway/motion 1
Gateway sending update to database
12:26:16 Gateway/motion 1
Gateway sending update to database
12:26:16 Gateway/motion 1
Gateway sending update to database
12:26:16 Gateway/motion 1
Gateway sending update to database
12:26:16 Gateway/motion 1
Gateway sending update to database
12:26:16 Gateway/motion 1
Gateway sending update to database
12:26:16 Gateway/motion 1
Gateway sending update to database
12:26:16 Gateway/motion 1
Gateway sending update to database
12:26:16 Gateway/motion 1
Gateway sending update to database
12:26:16 Gateway/motion 1
Gateway sending update to database
12:26:16 Gateway/motion 1
Gateway sending update to database
12:26:16 Gateway/motion 1
Gateway sending update to database
12:26:16 Gateway/motion 1
Gateway sending update to database
12:26:16 Gateway/motion 1
Gateway sending update to database
12:26:16 Gateway/motion 1
Gateway sending update to database
12:26:16 Gateway/motion 1
Gateway sending update to database
12:26:16 Gateway/motion 1
Gateway sending update to database
12:26:16 Gateway/motion 1
Gateway sending update to database
12:26:16 Gateway/motion 1
Gateway sending update to database
12:26:16 Gateway/motion 1
Gateway sending update to database
12:26:16 Gateway/motion 1
Gateway sending update to database
12:26:16 Gateway/motion 1
Gateway sending update to database
12:26:16 Gateway/motion 1
Gateway sending update to database
12:26:16 Gateway/motion 1
Gateway sending update to database
12:26:16 Gateway/motion 1
Gateway sending update to database
12:26:16 Gateway/motion 1
Gateway sending update to database
12:26:16 Gateway/motion 1
Gateway sending update to database
12:26:16 Gateway/motion 1
Gateway sending update to database
12:26:16 Gateway/motion 1
Gateway sending update to database
12:26:16 Gateway/motion 1
Gateway sending update to database
12:26:16 Gateway/motion 1
Gateway sending update to database
12:26:16 Gateway/motion 1
Gateway sending update to database
12:26:16 Gateway/motion 1
Gateway sending update to database
12:26:16 Gateway/motion 1
Gateway sending update to database
12:26:16 Gateway/motion 1
Gateway sending update to database
12:26:16 Gateway/motion 1
Gateway sending update to database
12:26:16 Gateway/motion 1
Gateway sending update to database
12:26:16 Gateway/motion 1
Gateway sending update to database
12:26:16 Gateway/motion 1
Gateway sending update to database
12:26:16 Gateway/motion 1
Gateway sending update to database
12:26:16 Gateway/motion 1
Gateway sending update to database
12:26:16 Gateway/motion 1
Gateway sending update to database
12:26:16 Gateway/motion 1
Gateway sending update to database
12:26:16 Gateway/motion 1
Gateway sending update to database
12:26:16 Gateway/motion 1
Gateway sending update to database
12:26:16 Gateway/motion 1
Gateway sending update to database
12:26:16 Gateway/motion 1
Gateway sending update to database
12:26:16 Gateway/motion 1
Gateway sending update to database
12:26:16 Gateway/motion 1
Gateway sending update to database
12:26:16 Gateway/motion 1
Gateway sending update to database
12:26:16 Gateway/motion 1
Gateway sending update to database
12:26:16 Gateway/motion 1
Gateway sending update to database
12:26:16 Gateway/motion 1
Gateway sending update to database
12:26:16 Gateway/motion 1
Gateway sending update to database
12:26:16 Gateway/motion 1
Gateway sending update to database
12:26:16 Gateway/motion 1
Gateway sending update to database
12:26:16 Gateway/motion 1
Gateway sending update to database
12:26:16 Gateway/motion 1
Gateway sending update to database
12:26:16 Gateway/motion 1
Gateway sending update to database
12:26:16 Gateway/motion 1
Gateway sending update to database
12:26:16 Gateway/motion 1
Gateway sending update to database
12:26:16 Gateway/motion 1
Gateway sending update to database
12:26:16 Gateway/motion 1
Gateway sending update to database
12:26:16 Gateway/motion 1
Gateway sending update to database
12:26:16 Gateway/motion 1
Gateway sending update to database
12:26:16 Gateway/motion 1
Gateway sending update to database
12:26:16 Gateway/motion 1
Gateway sending update to database
12:26:16 Gateway/motion 1
Gateway sending update to database
12:26:16 Gateway/motion 1
Gateway sending update to database
12:26:16 Gateway/motion 1
Gateway sending update to database
12:26:16 Gateway/motion 1
Gateway sending update to database
12:26:16 Gateway/motion 1
Gateway sending update to database
12:26:16 Gateway/motion 1
Gateway sending update to database
12:26:16 Gateway/motion 1
Gateway sending update to database
12:26:16 Gateway/motion 1
Gateway sending update to database
12:26:16 Gateway/motion 1
Gateway sending update to database
12:26:16 Gateway/motion 1
Gateway sending update to database
12:26:16 Gateway/motion 1
Gateway sending update to database
12:26:16 Gateway/motion 1
Gateway sending update to database
12:26:16 Gateway/motion 1
Gateway sending update to database
12:26:16 Gateway/motion 1
Gateway sending update to database
12:26:16 Gateway/motion 1
Gateway sending update to database
12:26:16 Gateway/motion 1
Gateway sending update to database
12:26:16 Gateway/motion 1
Gateway sending update to database
12:26:16 Gateway/motion 1
Gateway sending update to database
12:26:16 Gateway/motion 1
Gateway sending update to database
12:26:16 Gateway/motion 1
Gateway sending update to database
12:26:16 Gateway/motion 1
Gateway sending update to database
12:26:16 Gateway/motion 1
Gateway sending update to database
12:26:16 Gateway/motion 1
Gateway sending update to database
12:26:16 Gateway/motion 1
Gateway sending update to database
12:26:16 Gateway/motion 1
Gateway sending update to database
12:26:16 Gateway/motion 1
Gateway sending update to database
12:26:16 Gateway/motion 1
Gateway sending update to database
12:26:16 Gateway/motion 1
Gateway sending update to database
12:26:16 Gateway/motion 1
Gateway sending update to database
12:26:16 Gateway/motion 1
Gateway sending update to database
12:26:16 Gateway/motion 1
Gateway sending update to database
12:26:16 Gateway/motion 1
Gateway sending update to database
12:26:16 Gateway/motion 1
Gateway sending update to database
12:26:16 Gateway/motion 1
Gateway sending update to database
12:26:16 Gateway/motion 1
Gateway sending update to database
12:26:16 Gateway/motion 1
Gateway sending update to database
12:26:16 Gateway/motion 1
Gateway sending update to database
12:26:16 Gateway/motion 1
Gateway sending update to database
12:26:16 Gateway/motion 1
Gateway sending update to database
12:26:16 Gateway/motion 1
Gateway sending update to database
12:26:16 Gateway/motion 1
Gateway sending update to database
12:26:16 Gateway/motion 1
Gateway sending update to database
12:26:16 Gateway/motion 1
Gateway sending update to database
12:26:16 Gateway/motion 1
Gateway sending update to database
12:26:16 Gateway/motion 1
Gateway sending update to database
12:26:16 Gateway/motion 1
Gateway sending update to database
12:26:16 Gateway/motion 1
Gateway sending update to database
12:26:16 Gateway/motion 1
Gateway sending update to database
12:26:16 Gateway/motion 1
Gateway sending update to database
12:26:16 Gateway/motion 1
Gateway sending update to database
12:26:16 Gateway/motion 1
Gateway sending update to database
12:26:16 Gateway/motion 1
Gateway sending update to database
12:26:16 Gateway/motion 1
Gateway sending update to database
12:26:16 Gateway/motion 1
Gateway sending update to database
12:26:16 Gateway/motion 1
Gateway sending update to database
12:26:16 Gateway/motion 1
Gateway sending update to database
12:26:16 Gateway/motion 1
Gateway sending update to database
12:26:16 Gateway/motion 1
Gateway sending update to database
12:26:16 Gateway/motion 1
Gateway sending update to database
12:26:16 Gateway/motion 1
Gateway sending update to database
12:26:16 Gateway/motion 1
Gateway sending update to database
12:26:16 Gateway/motion 1
Gateway sending update to database
12:26:16 Gateway/motion 1
Gateway sending update to database
12:26:16 Gateway/motion 1
Gateway sending update to database
12:26:16 Gateway/motion 1
Gateway sending update to database
12:26:16 Gateway/motion 1
Gateway sending update to database
12:26:16 Gateway/motion 1
Gateway sending update to database
12:26:16 Gateway/motion 1
Gateway sending update to database
12:26:16 Gateway/motion 1
Gateway sending update to database
12:26:16 Gateway/motion 1
Gateway sending update to database
12:26:16 Gateway/motion 1
Gateway sending update to database
12:26:16 Gateway/motion 1
Gateway sending update to database
12:26:16 Gateway/motion 1
Gateway sending update to database
12:26:16 Gateway/motion 1
Gateway sending update to database
12:26:16 Gateway/motion 1
Gateway sending update to database
12:26:16 Gateway/motion 1
Gateway sending update to database
12:26:16 Gateway/motion 1
Gateway sending update to database
12:26:16 Gateway/motion 1
Gateway sending update to database
12:26:16 Gateway/motion 1
Gateway sending update to database
12:26:16 Gateway/motion 1
Gateway sending update to database
12:26:16 Gateway/motion 1
Gateway sending update to database
12:26:16 Gateway/motion 1
Gateway sending update to database
12:26:16 Gateway/motion 1
Gateway sending update to database
12:26:16 Gateway/motion 1
Gateway sending update to database
12:26:16 Gateway/motion 1
Gateway sending update to database
12:26:16 Gateway/motion 1
Gateway sending update to database
12:26:16 Gateway/motion 1
Gateway sending update to database
12:26:16 Gateway/motion 1
Gateway sending update to database
12:26:16 Gateway/motion 1
Gateway sending update to database
12:26:16 Gateway/motion 1
Gateway sending update to database
12:26:16 Gateway/motion 1
Gateway sending update to database
12:26:16 Gateway/motion 1
Gateway sending update to database
12:26:16 Gateway/motion 1
Gateway sending update to database
12:26:16 Gateway/motion 1
Gateway sending update to database
12:26:16 Gateway/motion 1
Gateway sending update to database
12:26:16 Gateway/motion 1
Gateway sending update to database
12:26:16 Gateway/motion 1
Gateway sending update to database
12:26:16 Gateway/motion 1
Gateway sending update to database
12:26:16 Gateway/motion 1
Gateway sending update to database
12:26:16 Gateway/motion 1
Gateway sending update to database
12:26:16 Gateway/motion 1
Gateway sending update to database
12:26:16 Gateway/motion 1
Gateway sending update to database
12:26:16 Gateway/motion 1
Gateway sending update to database
12:26:16 Gateway/motion 1
Gateway sending update to database
12:26:16 Gateway/motion 1
Gateway sending update to database
12:26:16 Gateway/motion 1
Gateway sending update to database
12:26:16 Gateway/motion 1
Gateway sending update to database
12:26:16 Gateway/motion 1
Gateway sending update to database
12:26:16 Gateway/motion 1
Gateway sending update to database
12:26:16 Gateway/motion 1
Gateway sending update to database
12:26:16 Gateway/motion 1
Gateway sending update to database
12:26:16 Gateway/motion 1
Gateway sending update to database
12:26:16 Gateway/motion 1
Gateway sending update to database
12:26:16 Gateway/motion 1
Gateway sending update to database
12:26:16 Gateway/motion 1
Gateway sending update to database
12:26:16 Gateway/motion 1
Gateway sending update to database
12:26:16 Gateway/motion 1
Gateway sending update to database
12:26:16 Gateway/motion 1
Gateway sending update to database
12:26:16 Gateway/motion 1
Gateway sending update to database
12:26:16 Gateway/motion 1
Gateway sending update to database
12:26:16 Gateway/motion 1
Gateway sending update to database
12:26:16 Gateway/motion 1
Gateway sending update to database
12:26:16 Gateway/motion 1
Gateway sending update to database
12:26:16 Gateway/motion 1
Gateway sending update to database
12:26:16 Gateway/motion 1
Gateway sending update to database
12:26:16 Gateway/motion 1
Gateway sending update to database
12:26:16 Gateway/motion 1
Gateway sending update to database
12:26:16 Gateway/motion 1
Gateway sending update to database
12:26:16 Gateway/motion 1
Gateway sending update to database
12:26:16 Gateway/motion 1
Gateway sending update to database
12:26:16 Gateway/motion 1
Gateway sending update to database
12:26:16 Gateway/motion 1
Gateway sending update to database
12:26:16 Gateway/motion 1
Gateway sending update to database
12:26:16 Gateway/motion 1
Gateway sending update to database
12:26:16 Gateway/motion 1
Gateway sending update to database
12:26:16 Gateway/motion 1
Gateway sending update to database
12:26:16 Gateway/motion 1
Gateway sending update to database
12:26:16 Gateway/motion 1
Gateway sending update to database
12:26:16 Gateway/motion 1
Gateway sending update to database
12:26:16 Gateway/motion 1
Gateway sending update to database
12:26:16 Gateway/motion 1
Gateway sending update to database
12:26:16 Gateway/motion 1
Gateway sending update to database
12:26:16 Gateway/motion 1
Gateway sending update to database
12:26:16 Gateway/motion 1
Gateway sending update to database
12:26:16 Gateway/motion 1
Gateway sending update to database
12:26:16 Gateway/motion 1
Gateway sending update to database
12:26:16 Gateway/motion 1
Gateway sending update to database
12:26:16 Gateway/motion 1
Gateway sending update to database
12:26:16 Gateway/motion 1
Gateway sending update to database
12:26:16 Gateway/motion 1
Gateway sending update to database
12:26:16 Gateway/motion 1
Gateway sending update to database
12:26:16 Gateway/motion 1
Gateway sending update to database
12:26:16 Gateway/motion 1
Gateway sending update to database
12:26:16 Gateway/motion 1
Gateway sending update to database
12:26:16 Gateway/motion 1
Gateway sending update to database
12:26:16 Gateway/motion 1
Gateway sending update to database
12:26:16 Gateway/motion 1
Gateway sending update to database
12:26:16 Gateway/motion 1
Gateway sending update to database
12:26:16 Gateway/motion 1
Gateway sending update to database
12:26:16 Gateway/motion 1
Gateway sending update to database
12:26:16 Gateway/motion 1
Gateway sending update to database
12:26:16 Gateway/motion 1
Gateway sending update to database
12:26:16 Gateway/motion 1
Gateway sending update to database
12:26:16 Gateway/motion 1
Gateway sending update to database
12:26:16 Gateway/motion 1
Gateway sending update to database
12:26:16 Gateway/motion 1
Gateway sending update to database
12:26:16 Gateway/motion 1
Gateway sending update to database
12:26:16 Gateway/motion 1
Gateway sending update to database
12:26:16 Gateway/motion 1
Gateway sending update to database
12:26:16 Gateway/motion 1
Gateway sending update to database
12:26:16 Gateway/motion 1
Gateway sending update to database
12:26:16 Gateway/motion 1
Gateway sending update to database
12:26:16 Gateway/motion 1
Gateway sending update to database
12:26:16 Gateway/motion 1
Gateway sending update to database
12:26:16 Gateway/motion 1
Gateway sending update to database
12:26:16 Gateway/motion 1
Gateway sending update to database
12:26:16 Gateway/motion 1
Gateway sending update to database
12:26:16 Gateway/motion 1
Gateway sending update to database
12:26:16 Gateway/motion 1
Gateway sending update to database
12:26:16 Gateway/motion 1
Gateway sending update to database
12:26:16 Gateway/motion 1
Gateway sending update to database
12:26:16 Gateway/motion 1
Gateway sending update to database
12:26:16 Gateway/motion 1
Gateway sending update to database
12:26:16 Gateway/motion 1
Gateway sending update to database
12:26:16 Gateway/motion 1
Gateway sending update to database
12:26:16 Gateway/motion 1
Gateway sending update to database
12:26:16 Gateway/motion 1
Gateway sending update to database
12:26:16 Gateway/motion 1
Gateway sending update to database
12:26:16 Gateway/motion 1
Gateway sending update to database
12:26:16 Gateway/motion 1
Gateway sending update to database
12:26:16 Gateway/motion 1
Gateway sending update to database
12:26:16 Gateway/motion 1
Gateway sending update to database
12:26:16 Gateway/motion 1
Gateway sending update to database
12:26:16 Gateway/motion 1
Gateway sending update to database
12:26:16 Gateway/motion 1
Gateway sending update to database
12:26:16 Gateway/motion 1
Gateway sending update to database
12:26:16 Gateway/motion 1
Gateway sending update to database
12:26:16 Gateway/motion 1
Gateway sending update to database
12:26:16 Gateway/motion 1
Gateway sending update to database
12:26:16 Gateway/motion 1
Gateway sending update to database
12:26:16 Gateway/motion 1
Gateway sending update to database
12:26:16 Gateway/motion 1
Gateway sending update to database
12:26:16 Gateway/motion 1
Gateway sending update to database
12:26:16 Gateway/motion 1
Gateway sending update to database
12:26:16 Gateway/motion 1
Gateway sending update to database
12:26:16 Gateway/motion 1
Gateway sending update to database
12:26:16 Gateway/motion 1
Gateway sending update to database
12:26:16 Gateway/motion 1
Gateway sending update to database
12:26:16 Gateway/motion 1
Gateway sending update to database
12:26:16 Gateway/motion 1
Gateway sending update to database
12:26:16 Gateway/motion 1
Gateway sending update to database
12:26:16 Gateway/motion 1
Gateway sending update to database
12:26:16 Gateway/motion 1
Gateway sending update to database
12:26:16 Gateway/motion 1
Gateway sending update to database
12:26:16 Gateway/motion 1
Gateway sending update to database
12:26:16 Gateway/motion 1
Gateway sending update to database
12:26:16 Gateway/motion 1
Gateway sending update to database
12:26:16 Gateway/motion 1
Gateway sending update to database
12:26:16 Gateway/motion 1
Gateway sending update to database
12:26:16 Gateway/motion 1
Gateway sending update to database
12:26:16 Gateway/motion 1
Gateway sending update to database
12:26:16 Gateway/motion 1
Gateway sending update to database
12:26:16 Gateway/motion 1
Gateway sending update to database
12:26:16 Gateway/motion 1
Gateway sending update to database
12:26:16 Gateway/motion 1
Gateway sending update to database
12:26:16 Gateway/motion 1
Gateway sending update to database
12:26:16 Gateway/motion 1
Gateway sending update to database
12:26:16 Gateway/motion 1
Gateway sending update to database
12:26:16 Gateway/motion 1
Gateway sending update to database
12:26:16 Gateway/motion 1
Gateway sending update to database
12:26:16 Gateway/motion 1
Gateway sending update to database
12:26:16 Gateway/motion 1
Gateway sending update to database
12:26:16 Gateway/motion 1
Gateway sending update to database
12:26:16 Gateway/motion 1
Gateway sending update to database
12:26:16 Gateway/motion 1
Gateway sending update to database
12:26:16 Gateway/motion 1
Gateway sending update to database
12:26:16 Gateway/motion 1
Gateway sending update to database
12:26:16 Gateway/motion 1
Gateway sending update to database
12:26:16 Gateway/motion 1
Gateway sending update to database
12:26:16 Gateway/motion 1
Gateway sending update to database
12:26:16 Gateway/motion 1
Gateway sending update to database
12:26:16 Gateway/motion 1
Gateway sending update to database
12:26:16 Gateway/motion 1
Gateway sending update to database
12:26:16 Gateway/motion 1
Gateway sending update to database
12:26:16 Gateway/motion 1
Gateway sending update to database
12:26:16 Gateway/motion 1
Gateway sending update to database
12:26:16 Gateway/motion 1
Gateway sending update to database
12:26:16 Gateway/motion 1
Gateway sending update to database
12:26:16 Gateway/motion 1
Gateway sending update to database
12:26:16 Gateway/motion 1
Gateway sending update to database
12:26:16 Gateway/motion 1
Gateway sending update to database
12:26:16 Gateway/motion 1
Gateway sending update to database
12:26:16 Gateway/motion 1
Gateway sending update to database
12:26:16 Gateway/motion 1
Gateway sending update to database
12:26:16 Gateway/motion 1
Gateway sending update to database
12:26:16 Gateway/motion 1
Gateway sending update to database
12:26:16 Gateway/motion 1
Gateway sending update to database
12:26:16 Gateway/motion 1
Gateway sending update to database
12:26:16 Gateway/motion 1
Gateway sending update to database
12:26:16 Gateway/motion 1
Gateway sending update to database
12:26:16 Gateway/motion 1
Gateway sending update to database
12:26:16 Gateway/motion 1
Gateway sending update to database
12:26:16 Gateway/motion 1
Gateway sending update to database
12:26:16 Gateway/motion 1
Gateway sending update to database
12:26:16 Gateway/motion 1
Gateway sending update to database
12:26:16 Gateway/motion 1
Gateway sending update to database
12:26:16 Gateway/motion 1
Gateway sending update to database
12:26:16 Gateway/motion 1
Gateway sending update to database
12:26:16 Gateway/motion 1
Gateway sending update to database
12:26:16 Gateway/motion 1
Gateway sending update to database
12:26:16 Gateway/motion 1
Gateway sending update to database
12:26:16 Gateway/motion 1
Gateway sending update to database
12:26:16 Gateway/motion 1
Gateway sending update to database
12:26:16 Gateway/motion 1
Gateway sending update to database
12:26:16 Gateway/motion 1
Gateway sending update to database
12:26:16 Gateway/motion 1
Gateway sending update to database
12:26:16 Gateway/motion 1
Gateway sending update to database
12:26:16 Gateway/motion 1
Gateway sending update to database
12:26:16 Gateway/motion 1
Gateway sending update to database
12:26:16 Gateway/motion 1
Gateway sending update to database
12:26:16 Gateway/motion 1
Gateway sending update to database
12:26:16 Gateway/motion 1
Gateway sending update to database
12:26:16 Gateway/motion 1
Gateway sending update to database
12:26:16 Gateway/motion 1
Gateway sending update to database
12:26:16 Gateway/motion 1
Gateway sending update to database
12:26:16 Gateway/motion 1
Gateway sending update to database
12:26:16 Gateway/motion 1
Gateway sending update to database
12:26:16 Gateway/motion 1
Gateway sending update to database
12:26:16 Gateway/motion 1
Gateway sending update to database
12:26:16 Gateway/motion 1
Gateway sending update to database
12:26:16 Gateway/motion 1
Gateway sending update to database
12:26:16 Gateway/motion 1
Gateway sending update to database
12:26:16 Gateway/motion 1
Gateway sending update to database
12:26:16 Gateway/motion 1
Gateway sending update to database
12:26:16 Gateway/motion 1
Gateway sending update to database
12:26:16 Gateway/motion 1
Gateway sending update to database
12:26:16 Gateway/motion 1
Gateway sending update to database
12:26:16 Gateway/motion 1
Gateway sending update to database
12:26:16 Gateway/motion 1
Gateway sending update to database
12:26:16 Gateway/motion 1
Gateway sending update to database
12:26:16 Gateway/motion 1
Gateway sending update to database
12:26:16 Gateway/motion 1
Gateway sending update to database
12:26:16 Gateway/motion 1
Gateway sending update to database
12:26:16 Gateway/motion 1
Gateway sending update to database
12:26:16 Gateway/motion 1
Gateway sending update to database
12:26:16 Gateway/motion 1
Gateway sending update to database
12:26:16 Gateway/motion 1
Gateway sending update to database
12:26:16 Gateway/motion 1
Gateway sending update to database
12:26:16 Gateway/motion 1
Gateway sending update to database
12:26:16 Gateway/motion 1
Gateway sending update to database
12:26:16 Gateway/motion 1
Gateway sending update to database
12:26:16 Gateway/motion 1
Gateway sending update to database
12:26:16 Gateway/motion 1
Gateway sending update to database
12:26:16 Gateway/motion 1
Gateway sending update to database
12:26:16 Gateway/motion 1
Gateway sending update to database
12:26:16 Gateway/motion 1
Gateway sending update to database
12:26:16 Gateway/motion 1
Gateway sending update to database
12:26:16 Gateway/motion 1
Gateway sending update to database
12:26:16 Gateway/motion 1
Gateway sending update to database
12:26:16 Gateway/motion 1
Gateway sending update to database
12:26:16 Gateway/motion 1
Gateway sending update to database
12:26:16 Gateway/motion 1
Gateway sending update to database
12:26:16 Gateway/motion 1
Gateway sending update to database
12:26:16 Gateway/motion 1
Gateway sending update to database
12:26:16 Gateway/motion 1
Gateway sending update to database
12:26:16 Gateway/motion 1
Gateway sending update to database
12:26:16 Gateway/motion 1
Gateway sending update to database
12:26:16 Gateway/motion 1
Gateway sending update to database
12:26:16 Gateway/motion 1
Gateway sending update to database
12:26:16 Gateway/motion 1
Gateway sending update to database
12:26:16 Gateway/motion 1
Gateway sending update to database
12:26:16 Gateway/motion 1
Gateway sending update to database
12:26:16 Gateway/motion 1
Gateway sending update to database
12:26:16 Gateway/motion 1
Gateway sending update to database
12:26:16 Gateway/motion 1
Gateway sending update to database
12:26:16 Gateway/motion 1
Gateway sending update to database
12:26:16 Gateway/motion 1
Gateway sending update to database
12:26:16 Gateway/motion 1
Gateway sending update to database
12:26:16 Gateway/motion 1
Gateway sending update to database
12:26:16 Gateway/motion 1
Gateway sending update to database
12:26:16 Gateway/motion 1
Gateway sending update to database
12:26:16 Gateway/motion 1
Gateway sending update to database
12:26:16 Gateway/motion 1
Gateway sending update to database
12:26:16 Gateway/motion 1
Gateway sending update to database
12:26:16 Gateway/motion 1
Gateway sending update to database
12:26:16 Gateway/motion 1
Gateway sending update to database
12:26:16 Gateway/motion 1
Gateway sending update to database
12:26:16 Gateway/motion 1
Gateway sending update to database
12:26:16 Gateway/motion 1
Gateway sending update to database
12:26:16 Gateway/motion 1
Gateway sending update to database
12:26:16 Gateway/motion 1
Gateway sending update to database
12:26:16 Gateway/motion 1
Gateway sending update to database
12:26:16 Gateway/motion 1
Gateway sending update to database
12:26:16 Gateway/motion 1
Gateway sending update to database
12:26:16 Gateway/motion 1
Gateway sending update to database
12:26:16 Gateway/motion 1
Gateway sending update to database
12:26:16 Gateway/motion 1
Gateway sending update to database
12:26:16 Gateway/motion 1
Gateway sending update to database
12:26:16 Gateway/motion 1
Gateway sending update to database
12:26:16 Gateway/motion 1
Gateway sending update to database
12:26:16 Gateway/motion 1
Gateway sending update to database
12:26:16 Gateway/motion 1
Gateway sending update to database
12:26:16 Gateway/motion 1
Gateway sending update to database
12:26:16 Gateway/motion 1
Gateway sending update to database
12:26:16 Gateway/motion 1
Gateway sending update to database
12:26:16 Gateway/motion 1
Gateway sending update to database
12:26:16 Gateway/motion 1
Gateway sending update to database
12:26:16 Gateway/motion 1
Gateway sending update to database
12:26:16 Gateway/motion 1
Gateway sending update to database
12:26:16 Gateway/motion 1
Gateway sending update to database
12:26:16 Gateway/motion 1
Gateway sending update to database
12:26:16 Gateway/motion 1
Gateway sending update to database
12:26:16 Gateway/motion 1
Gateway sending update to database
12:26:16 Gateway/motion 1
Gateway sending update to database
12:26:16 Gateway/motion 1
Gateway sending update to database
12:26:16 Gateway/motion 1
Gateway sending update to database
12:26:16 Gateway/motion 1
Gateway sending update to database
12:26:16 Gateway/motion 1
Gateway sending update to database
12:26:16 Gateway/motion 1
Gateway sending update to database
12:26:16 Gateway/motion 1
Gateway sending update to database
12:26:16 Gateway/motion 1
Gateway sending update to database
12:26:16 Gateway/motion 1
Gateway sending update to database
12:26:16 Gateway/motion 1
Gateway sending update to database
12:26:16 Gateway/motion 1
Gateway sending update to database
12:26:16 Gateway/motion 1
Gateway sending update to database
12:26:16 Gateway/motion 1
Gateway sending update to database
12:26:16 Gateway/motion 1
Gateway sending update to database
12:26:16 Gateway/motion 1
Gateway sending update to database
12:26:16 Gateway/motion 1
Gateway sending update to database
12:26:16 Gateway/motion 1
Gateway sending update to database
12:26:16 Gateway/motion 1
Gateway sending update to database
12:26:16 Gateway/motion 1
Gateway sending update to database
12:26:16 Gateway/motion 1
Gateway sending update to database
12:26:16 Gateway/motion 1
Gateway sending update to database
12:26:16 Gateway/motion 1
Gateway sending update to database
12:26:16 Gateway/motion 1
Gateway sending update to database
12:26:16 Gateway/motion 1
Gateway sending update to database
12:26:16 Gateway/motion 1
Gateway sending update to database
12:26:16 Gateway/motion 1
Gateway sending update to database
12:26:16 Gateway/motion 1
Gateway sending update to database
12:26:16 Gateway/motion 1
Gateway sending update to database
12:26:16 Gateway/motion 1
Gateway sending update to database
12:26:16 Gateway/motion 1
Gateway sending update to database
12:26:16 Gateway/motion 1
Gateway sending update to database
12:26:16 Gateway/motion 1
Gateway sending update to database
12:26:16 Gateway/motion 1
Gateway sending update to database
12:26:16 Gateway/motion 1
Gateway sending update to database
12:26:16 Gateway/motion 1
Gateway sending update to database
12:26:16 Gateway/motion 1
Gateway sending update to database
12:26:16 Gateway/motion 1
Gateway sending update to database
12:26:16 Gateway/motion 1
Gateway sending update to database
12:26:16 Gateway/motion 1
Gateway sending update to database
12:26:16 Gateway/motion 1
Gateway sending update to database
12:26:16 Gateway/motion 1
Gateway sending update to database
12:26:16 Gateway/motion 1
Gateway sending update to database
12:26:17 Gateway/motion 1
Gateway sending update to database
12:26:17 Gateway/motion 1
Gateway sending update to database
12:26:17 Gateway/motion 1
Gateway sending update to database
12:26:17 Gateway/motion 1
Gateway sending update to database
12:26:17 Gateway/motion 1
Gateway sending update to database
12:26:17 Gateway/motion 1
Gateway sending update to database
12:26:17 Gateway/motion 1
Gateway sending update to database
12:26:17 Gateway/motion 1
Gateway sending update to database
12:26:17 Gateway/motion 1
Gateway sending update to database
12:26:17 Gateway/motion 1
Gateway sending update to database
12:26:17 Gateway/motion 1
Gateway sending update to database
12:26:17 Gateway/motion 1
Gateway sending update to database
12:26:17 Gateway/motion 1
Gateway sending update to database
12:26:17 Gateway/motion 1
Gateway sending update to database
12:26:17 Gateway/motion 1
Gateway sending update to database
12:26:17 Gateway/motion 1
Gateway sending update to database
12:26:17 Gateway/motion 1
Gateway sending update to database
12:26:17 Gateway/motion 1
Gateway sending update to database
12:26:17 Gateway/motion 1
Gateway sending update to database
12:26:17 Gateway/motion 1
Gateway sending update to database
12:26:17 Gateway/motion 1
Gateway sending update to database
12:26:17 Gateway/motion 1
Gateway sending update to database
12:26:17 Gateway/motion 1
Gateway sending update to database
12:26:17 Gateway/motion 1
Gateway sending update to database
12:26:17 Gateway/motion 1
Gateway sending update to database
12:26:17 Gateway/motion 1
Gateway sending update to database
12:26:17 Gateway/motion 1
Gateway sending update to database
12:26:17 Gateway/motion 1
Gateway sending update to database
12:26:17 Gateway/motion 1
Gateway sending update to database
12:26:17 Gateway/motion 1
Gateway sending update to database
12:26:17 Gateway/motion 1
Gateway sending update to database
12:26:17 Gateway/motion 1
Gateway sending update to database
12:26:17 Gateway/motion 1
Gateway sending update to database
12:26:17 Gateway/motion 1
Gateway sending update to database
12:26:17 Gateway/motion 1
Gateway sending update to database
12:26:17 Gateway/motion 1
Gateway sending update to database
12:26:17 Gateway/motion 1
Gateway sending update to database
12:26:17 Gateway/motion 1
Gateway sending update to database
12:26:17 Gateway/motion 1
Gateway sending update to database
12:26:17 Gateway/motion 1
Gateway sending update to database
12:26:17 Gateway/motion 1
12:26:17 Temperature Sensor Gateway 0.0
Gateway sending update to database
Gateway sending update to database
Gateway sending update to database
12:26:17 Gateway/motion 1
Gateway sending update to database
12:26:17 Gateway/motion 1
Gateway sending update to database
12:26:17 Gateway/motion 1
Gateway sending update to database
12:26:17 Gateway/motion 1
Gateway sending update to database
12:26:17 Gateway/motion 1
Gateway sending update to database
12:26:17 Gateway/motion 1
Gateway sending update to database
12:26:17 Gateway/motion 1
Gateway sending update to database
12:26:17 Gateway/motion 1
Gateway sending update to database
12:26:17 Gateway/motion 1
Gateway sending update to database
12:26:17 Gateway/motion 1
Gateway sending update to database
12:26:17 Gateway/motion 1
Gateway sending update to database
12:26:17 Gateway/motion 1
Gateway sending update to database
12:26:17 Gateway/motion 1
Gateway sending update to database
12:26:17 Gateway/motion 1
Gateway sending update to database
12:26:17 Gateway/motion 1
Gateway sending update to database
12:26:17 Gateway/motion 1
Gateway sending update to database
12:26:17 Gateway/motion 1
Gateway sending update to database
12:26:17 Gateway/motion 1
Gateway sending update to database
12:26:17 Gateway/motion 1
Gateway sending update to database
12:26:17 Gateway/motion 1
Gateway sending update to database
12:26:17 Gateway/motion 1
Gateway sending update to database
12:26:17 Gateway/motion 1
Gateway sending update to database
12:26:17 Gateway/motion 1
Gateway sending update to database
12:26:17 Gateway/motion 1
Gateway sending update to database
12:26:17 Gateway/motion 1
Gateway sending update to database
12:26:17 Gateway/motion 1
Gateway sending update to database
12:26:17 Gateway/motion 1
Gateway sending update to database
12:26:17 Gateway/motion 1
Gateway sending update to database
12:26:17 Gateway/motion 1
Gateway sending update to database
12:26:17 Gateway/motion 1
Gateway sending update to database
12:26:17 Gateway/motion 1
Gateway sending update to database
12:26:17 Gateway/motion 1
Gateway sending update to database
12:26:17 Gateway/motion 1
Gateway sending update to database
12:26:17 Gateway/motion 1
Gateway sending update to database
12:26:17 Gateway/motion 1
Gateway sending update to database
12:26:17 Gateway/motion 1
Gateway sending update to database
12:26:17 Gateway/motion 1
Gateway sending update to database
12:26:17 Gateway/motion 1
Gateway sending update to database
12:26:17 Gateway/motion 1
Gateway sending update to database
12:26:17 Gateway/motion 1
Gateway sending update to database
12:26:17 Gateway/motion 1
Gateway sending update to database
12:26:17 Gateway/motion 1
Gateway sending update to database
12:26:17 Gateway/motion 1
Gateway sending update to database
12:26:17 Gateway/motion 1
Gateway sending update to database
12:26:17 Gateway/motion 1
Gateway sending update to database
12:26:17 Gateway/motion 1
Gateway sending update to database
12:26:17 Gateway/motion 1
Gateway sending update to database
12:26:17 Gateway/motion 1
Gateway sending update to database
12:26:17 Gateway/motion 1
Gateway sending update to database
12:26:17 Gateway/motion 1
Gateway sending update to database
12:26:17 Gateway/motion 1
Gateway sending update to database
12:26:17 Gateway/motion 1
Gateway sending update to database
12:26:17 Gateway/motion 1
Gateway sending update to database
12:26:17 Gateway/motion 1
Gateway sending update to database
12:26:17 Gateway/motion 1
Gateway sending update to database
12:26:17 Gateway/motion 1
Gateway sending update to database
12:26:17 Gateway/motion 1
Gateway sending update to database
12:26:17 Gateway/motion 1
Gateway sending update to database
12:26:17 Gateway/motion 1
Gateway sending update to database
12:26:17 Gateway/motion 1
Gateway sending update to database
12:26:17 Gateway/motion 1
Gateway sending update to database
12:26:17 Gateway/motion 1
Gateway sending update to database
12:26:17 Gateway/motion 1
Gateway sending update to database
12:26:17 Gateway/motion 1
Gateway sending update to database
12:26:17 Gateway/motion 1
Gateway sending update to database
12:26:17 Gateway/motion 1
Gateway sending update to database
12:26:17 Gateway/motion 1
Gateway sending update to database
12:26:17 Gateway/motion 1
Gateway sending update to database
12:26:17 Gateway/motion 1
Gateway sending update to database
12:26:17 Gateway/motion 1
Gateway sending update to database
12:26:17 Gateway/motion 1
Gateway sending update to database
12:26:17 Gateway/motion 1
Gateway sending update to database
12:26:17 Gateway/motion 1
Gateway sending update to database
12:26:17 Gateway/motion 1
Gateway sending update to database
12:26:17 Gateway/motion 1
Gateway sending update to database
12:26:17 Gateway/motion 1
Gateway sending update to database
12:26:17 Gateway/motion 1
Gateway sending update to database
12:26:17 Gateway/motion 1
Gateway sending update to database
12:26:17 Gateway/motion 1
Gateway sending update to database
12:26:17 Gateway/motion 1
Gateway sending update to database
12:26:17 Gateway/motion 1
Gateway sending update to database
12:26:17 Gateway/motion 1
Gateway sending update to database
12:26:17 Gateway/motion 1
Gateway sending update to database
12:26:17 Gateway/motion 1
Gateway sending update to database
12:26:17 Gateway/motion 1
Gateway sending update to database
12:26:17 Gateway/motion 1
Gateway sending update to database
12:26:17 Gateway/motion 1
Gateway sending update to database
12:26:17 Gateway/motion 1
Gateway sending update to database
12:26:17 Gateway/motion 1
Gateway sending update to database
12:26:17 Gateway/motion 1
Gateway sending update to database
12:26:17 Gateway/motion 1
Gateway sending update to database
12:26:17 Gateway/motion 1
Gateway sending update to database
12:26:17 Gateway/motion 1
Gateway sending update to database
12:26:17 Gateway/motion 1
Gateway sending update to database
12:26:17 Gateway/motion 1
Gateway sending update to database
12:26:17 Gateway/motion 1
Gateway sending update to database
12:26:17 Gateway/motion 1
Gateway sending update to database
12:26:17 Gateway/motion 1
Gateway sending update to database
12:26:17 Gateway/motion 1
Gateway sending update to database
12:26:17 Gateway/motion 1
Gateway sending update to database
12:26:17 Gateway/motion 1
Gateway sending update to database
12:26:17 Gateway/motion 1
Gateway sending update to database
12:26:17 Gateway/motion 1
Gateway sending update to database
12:26:17 Gateway/motion 1
Gateway sending update to database
12:26:17 Gateway/motion 1
Gateway sending update to database
12:26:17 Gateway/motion 1
Gateway sending update to database
12:26:17 Gateway/motion 1
Gateway sending update to database
12:26:17 Gateway/motion 1
Gateway sending update to database
12:26:17 Gateway/motion 1
Gateway sending update to database
12:26:17 Gateway/motion 1
Gateway sending update to database
12:26:17 Gateway/motion 1
Gateway sending update to database
12:26:17 Gateway/motion 1
Gateway sending update to database
12:26:17 Gateway/motion 1
Gateway sending update to database
12:26:17 Gateway/motion 1
Gateway sending update to database
12:26:17 Gateway/motion 1
Gateway sending update to database
12:26:17 Gateway/motion 1
Gateway sending update to database
12:26:17 Gateway/motion 1
Gateway sending update to database
12:26:17 Gateway/motion 1
Gateway sending update to database
12:26:17 Gateway/motion 1
Gateway sending update to database
12:26:17 Gateway/motion 1
Gateway sending update to database
12:26:17 Gateway/motion 1
Gateway sending update to database
12:26:17 Gateway/motion 1
Gateway sending update to database
12:26:17 Gateway/motion 1
Gateway sending update to database
12:26:17 Gateway/motion 1
Gateway sending update to database
12:26:17 Gateway/motion 1
Gateway sending update to database
12:26:17 Gateway/motion 1
Gateway sending update to database
12:26:17 Gateway/motion 1
Gateway sending update to database
12:26:17 Gateway/motion 1
Gateway sending update to database
12:26:17 Gateway/motion 1
Gateway sending update to database
12:26:17 Gateway/motion 1
Gateway sending update to database
12:26:17 Gateway/motion 1
Gateway sending update to database
12:26:17 Gateway/motion 1
Gateway sending update to database
12:26:17 Gateway/motion 1
Gateway sending update to database
12:26:17 Gateway/motion 1
Gateway sending update to database
12:26:17 Gateway/motion 1
Gateway sending update to database
12:26:17 Gateway/motion 1
Gateway sending update to database
12:26:17 Gateway/motion 1
Gateway sending update to database
12:26:17 Gateway/motion 1
Gateway sending update to database
12:26:17 Gateway/motion 1
Gateway sending update to database
12:26:17 Gateway/motion 1
Gateway sending update to database
12:26:17 Gateway/motion 1
Gateway sending update to database
12:26:17 Gateway/motion 1
Gateway sending update to database
12:26:17 Gateway/motion 1
Gateway sending update to database
12:26:17 Gateway/motion 1
Gateway sending update to database
12:26:17 Gateway/motion 1
Gateway sending update to database
12:26:17 Gateway/motion 1
Gateway sending update to database
12:26:17 Gateway/motion 1
Gateway sending update to database
12:26:17 Gateway/motion 1
Gateway sending update to database
12:26:17 Gateway/motion 1
Gateway sending update to database
12:26:17 Gateway/motion 1
Gateway sending update to database
12:26:17 Gateway/motion 1
Gateway sending update to database
12:26:17 Gateway/motion 1
Gateway sending update to database
12:26:17 Gateway/motion 1
Gateway sending update to database
12:26:17 Gateway/motion 1
Gateway sending update to database
12:26:17 Gateway/motion 1
Gateway sending update to database
12:26:17 Gateway/motion 1
Gateway sending update to database
12:26:17 Gateway/motion 1
Gateway sending update to database
12:26:17 Gateway/motion 1
Gateway sending update to database
12:26:17 Gateway/motion 1
Gateway sending update to database
12:26:17 Gateway/motion 1
Gateway sending update to database
12:26:17 Gateway/motion 1
Gateway sending update to database
12:26:17 Gateway/motion 1
Gateway sending update to database
12:26:17 Gateway/motion 1
Gateway sending update to database
12:26:17 Gateway/motion 1
Gateway sending update to database
12:26:17 Gateway/motion 1
Gateway sending update to database
12:26:17 Gateway/motion 1
Gateway sending update to database
12:26:17 Gateway/motion 1
Gateway sending update to database
12:26:17 Gateway/motion 1
Gateway sending update to database
12:26:17 Gateway/motion 1
Gateway sending update to database
12:26:17 Gateway/motion 1
Gateway sending update to database
12:26:17 Gateway/motion 1
Gateway sending update to database
12:26:17 Gateway/motion 1
Gateway sending update to database
12:26:17 Gateway/motion 1
Gateway sending update to database
12:26:17 Gateway/motion 1
Gateway sending update to database
12:26:17 Gateway/motion 1
Gateway sending update to database
12:26:17 Gateway/motion 1
Gateway sending update to database
12:26:17 Gateway/motion 1
Gateway sending update to database
12:26:17 Gateway/motion 1
Gateway sending update to database
12:26:17 Gateway/motion 1
Gateway sending update to database
12:26:17 Gateway/motion 1
Gateway sending update to database
12:26:17 Gateway/motion 1
Gateway sending update to database
12:26:17 Gateway/motion 1
Gateway sending update to database
12:26:17 Gateway/motion 1
Gateway sending update to database
12:26:17 Gateway/motion 1
Gateway sending update to database
12:26:17 Gateway/motion 1
Gateway sending update to database
12:26:17 Gateway/motion 1
Gateway sending update to database
12:26:17 Gateway/motion 1
Gateway sending update to database
12:26:17 Gateway/motion 1
Gateway sending update to database
12:26:17 Gateway/motion 1
Gateway sending update to database
12:26:17 Gateway/motion 1
Gateway sending update to database
12:26:17 Gateway/motion 1
Gateway sending update to database
12:26:17 Gateway/motion 1
Gateway sending update to database
12:26:17 Gateway/motion 1
Gateway sending update to database
12:26:17 Gateway/motion 1
Gateway sending update to database
12:26:17 Gateway/motion 1
Gateway sending update to database
12:26:17 Gateway/motion 1
Gateway sending update to database
12:26:17 Gateway/motion 1
Gateway sending update to database
12:26:17 Gateway/motion 1
Gateway sending update to database
12:26:17 Gateway/motion 1
Gateway sending update to database
12:26:17 Gateway/motion 1
Gateway sending update to database
12:26:17 Gateway/motion 1
Gateway sending update to database
12:26:17 Gateway/motion 1
Gateway sending update to database
12:26:17 Gateway/motion 1
Gateway sending update to database
12:26:17 Gateway/motion 1
Gateway sending update to database
12:26:17 Gateway/motion 1
Gateway sending update to database
12:26:17 Gateway/motion 1
Gateway sending update to database
12:26:17 Gateway/motion 1
Gateway sending update to database
12:26:17 Gateway/motion 1
Gateway sending update to database
12:26:17 Gateway/motion 1
Gateway sending update to database
12:26:17 Gateway/motion 1
Gateway sending update to database
12:26:17 Gateway/motion 1
Gateway sending update to database
12:26:17 Gateway/motion 1
Gateway sending update to database
12:26:17 Gateway/motion 1
Gateway sending update to database
12:26:17 Gateway/motion 1
Gateway sending update to database
12:26:17 Gateway/motion 1
Gateway sending update to database
12:26:17 Gateway/motion 1
Gateway sending update to database
12:26:17 Gateway/motion 1
Gateway sending update to database
12:26:17 Gateway/motion 1
Gateway sending update to database
12:26:17 Gateway/motion 1
Gateway sending update to database
12:26:17 Gateway/motion 1
Gateway sending update to database
12:26:17 Gateway/motion 1
Gateway sending update to database
12:26:17 Gateway/motion 1
Gateway sending update to database
12:26:17 Gateway/motion 1
Gateway sending update to database
12:26:17 Gateway/motion 1
Gateway sending update to database
12:26:17 Gateway/motion 1
Gateway sending update to database
12:26:17 Gateway/motion 1
Gateway sending update to database
12:26:17 Gateway/motion 1
Gateway sending update to database
12:26:17 Gateway/motion 1
Gateway sending update to database
12:26:17 Gateway/motion 1
Gateway sending update to database
12:26:17 Gateway/motion 1
Gateway sending update to database
12:26:17 Gateway/motion 1
Gateway sending update to database
12:26:17 Gateway/motion 1
Gateway sending update to database
12:26:17 Gateway/motion 1
Gateway sending update to database
12:26:17 Gateway/motion 1
Gateway sending update to database
12:26:17 Gateway/motion 1
Gateway sending update to database
12:26:17 Gateway/motion 1
Gateway sending update to database
12:26:17 Gateway/motion 1
Gateway sending update to database
12:26:17 Gateway/motion 1
Gateway sending update to database
12:26:17 Gateway/motion 1
Gateway sending update to database
12:26:17 Gateway/motion 1
Gateway sending update to database
12:26:17 Gateway/motion 1
Gateway sending update to database
12:26:17 Gateway/motion 1
Gateway sending update to database
12:26:17 Gateway/motion 1
Gateway sending update to database
12:26:17 Gateway/motion 1
Gateway sending update to database
12:26:17 Gateway/motion 1
Gateway sending update to database
12:26:17 Gateway/motion 1
Gateway sending update to database
12:26:17 Gateway/motion 1
Gateway sending update to database
12:26:17 Gateway/motion 1
Gateway sending update to database
12:26:17 Gateway/motion 1
Gateway sending update to database
12:26:17 Gateway/motion 1
Gateway sending update to database
12:26:17 Gateway/motion 1
Gateway sending update to database
12:26:17 Gateway/motion 1
Gateway sending update to database
12:26:17 Gateway/motion 1
Gateway sending update to database
12:26:17 Gateway/motion 1
Gateway sending update to database
12:26:17 Gateway/motion 1
Gateway sending update to database
12:26:17 Gateway/motion 1
Gateway sending update to database
12:26:17 Gateway/motion 1
Gateway sending update to database
12:26:17 Gateway/motion 1
Gateway sending update to database
12:26:17 Gateway/motion 1
Gateway sending update to database
12:26:17 Gateway/motion 1
Gateway sending update to database
12:26:17 Gateway/motion 1
Gateway sending update to database
12:26:17 Gateway/motion 1
Gateway sending update to database
12:26:17 Gateway/motion 1
Gateway sending update to database
12:26:17 Gateway/motion 1
Gateway sending update to database
12:26:17 Gateway/motion 1
Gateway sending update to database
12:26:17 Gateway/motion 1
Gateway sending update to database
12:26:17 Gateway/motion 1
Gateway sending update to database
12:26:17 Gateway/motion 1
Gateway sending update to database
12:26:17 Gateway/motion 1
Gateway sending update to database
12:26:17 Gateway/motion 1
Gateway sending update to database
12:26:17 Gateway/motion 1
Gateway sending update to database
12:26:17 Gateway/motion 1
Gateway sending update to database
12:26:17 Gateway/motion 1
Gateway sending update to database
12:26:17 Gateway/motion 1
Gateway sending update to database
12:26:17 Gateway/motion 1
Gateway sending update to database
12:26:17 Gateway/motion 1
Gateway sending update to database
12:26:17 Gateway/motion 1
Gateway sending update to database
12:26:17 Gateway/motion 1
Gateway sending update to database
12:26:17 Gateway/motion 1
Gateway sending update to database
12:26:17 Gateway/motion 1
Gateway sending update to database
12:26:17 Gateway/motion 1
Gateway sending update to database
12:26:17 Gateway/motion 1
Gateway sending update to database
12:26:17 Gateway/motion 1
Gateway sending update to database
12:26:17 Gateway/motion 1
Gateway sending update to database
12:26:17 Gateway/motion 1
Gateway sending update to database
12:26:17 Gateway/motion 1
Gateway sending update to database
12:26:17 Gateway/motion 1
Gateway sending update to database
12:26:17 Gateway/motion 1
Gateway sending update to database
12:26:17 Gateway/motion 1
Gateway sending update to database
12:26:17 Gateway/motion 1
Gateway sending update to database
12:26:17 Gateway/motion 1
Gateway sending update to database
12:26:17 Gateway/motion 1
Gateway sending update to database
12:26:17 Gateway/motion 1
Gateway sending update to database
12:26:17 Gateway/motion 1
Gateway sending update to database
12:26:17 Gateway/motion 1
Gateway sending update to database
12:26:17 Gateway/motion 1
Gateway sending update to database
12:26:17 Gateway/motion 1
Gateway sending update to database
12:26:17 Gateway/motion 1
Gateway sending update to database
12:26:17 Gateway/motion 1
Gateway sending update to database
12:26:17 Gateway/motion 1
Gateway sending update to database
12:26:17 Gateway/motion 1
Gateway sending update to database
12:26:17 Gateway/motion 1
Gateway sending update to database
12:26:17 Gateway/motion 1
Gateway sending update to database
12:26:17 Gateway/motion 1
Gateway sending update to database
12:26:17 Gateway/motion 1
Gateway sending update to database
12:26:17 Gateway/motion 1
Gateway sending update to database
12:26:17 Gateway/motion 1
Gateway sending update to database
12:26:17 Gateway/motion 1
Gateway sending update to database
12:26:17 Gateway/motion 1
Gateway sending update to database
12:26:17 Gateway/motion 1
Gateway sending update to database
12:26:17 Gateway/motion 1
Gateway sending update to database
12:26:17 Gateway/motion 1
Gateway sending update to database
12:26:17 Gateway/motion 1
Gateway sending update to database
12:26:17 Gateway/motion 1
Gateway sending update to database
12:26:17 Gateway/motion 1
Gateway sending update to database
12:26:17 Gateway/motion 1
Gateway sending update to database
12:26:17 Gateway/motion 1
Gateway sending update to database
12:26:17 Gateway/motion 1
Gateway sending update to database
12:26:17 Gateway/motion 1
Gateway sending update to database
12:26:17 Gateway/motion 1
Gateway sending update to database
12:26:17 Gateway/motion 1
Gateway sending update to database
12:26:17 Gateway/motion 1
Gateway sending update to database
12:26:17 Gateway/motion 1
Gateway sending update to database
12:26:17 Gateway/motion 1
Gateway sending update to database
12:26:17 Gateway/motion 1
Gateway sending update to database
12:26:17 Gateway/motion 1
Gateway sending update to database
12:26:17 Gateway/motion 1
Gateway sending update to database
12:26:17 Gateway/motion 1
Gateway sending update to database
12:26:17 Gateway/motion 1
Gateway sending update to database
12:26:17 Gateway/motion 1
Gateway sending update to database
12:26:17 Gateway/motion 1
Gateway sending update to database
12:26:17 Gateway/motion 1
Gateway sending update to database
12:26:17 Gateway/motion 1
Gateway sending update to database
12:26:17 Gateway/motion 1
Gateway sending update to database
12:26:17 Gateway/motion 1
Gateway sending update to database
12:26:17 Gateway/motion 1
Gateway sending update to database
12:26:17 Gateway/motion 1
Gateway sending update to database
12:26:17 Gateway/motion 1
Gateway sending update to database
12:26:17 Gateway/motion 1
Gateway sending update to database
12:26:17 Gateway/motion 1
Gateway sending update to database
12:26:17 Gateway/motion 1
Gateway sending update to database
12:26:17 Gateway/motion 1
Gateway sending update to database
12:26:17 Gateway/motion 1
Gateway sending update to database
12:26:17 Gateway/motion 1
Gateway sending update to database
12:26:17 Gateway/motion 1
Gateway sending update to database
12:26:17 Gateway/motion 1
Gateway sending update to database
12:26:17 Gateway/motion 1
Gateway sending update to database
12:26:17 Gateway/motion 1
Gateway sending update to database
12:26:17 Gateway/motion 1
Gateway sending update to database
12:26:17 Gateway/motion 1
Gateway sending update to database
12:26:17 Gateway/motion 1
Gateway sending update to database
12:26:17 Gateway/motion 1
Gateway sending update to database
12:26:17 Gateway/motion 1
Gateway sending update to database
12:26:17 Gateway/motion 1
Gateway sending update to database
12:26:17 Gateway/motion 1
Gateway sending update to database
12:26:17 Gateway/motion 1
Gateway sending update to database
12:26:17 Gateway/motion 1
Gateway sending update to database
12:26:17 Gateway/motion 1
Gateway sending update to database
12:26:18 Gateway/motion 1
Gateway sending update to database
12:26:18 Gateway/motion 1
Gateway sending update to database
12:26:18 Gateway/motion 1
Gateway sending update to database
12:26:18 Gateway/motion 1
Gateway sending update to database
12:26:18 Gateway/motion 1
Gateway sending update to database
12:26:18 Gateway/motion 1
Gateway sending update to database
12:26:18 Gateway/motion 1
Gateway sending update to database
12:26:18 Gateway/motion 1
Gateway sending update to database
12:26:18 Gateway/motion 1
Gateway sending update to database
12:26:18 Gateway/motion 1
Gateway sending update to database
12:26:18 Gateway/motion 1
Gateway sending update to database
12:26:18 Gateway/motion 1
Gateway sending update to database
12:26:18 Gateway/motion 1
Gateway sending update to database
12:26:18 Gateway/motion 1
Gateway sending update to database
12:26:18 Gateway/motion 1
Gateway sending update to database
12:26:18 Gateway/motion 1
Gateway sending update to database
12:26:18 Gateway/motion 1
Gateway sending update to database
12:26:18 Gateway/motion 1
Gateway sending update to database
12:26:18 Gateway/motion 1
Gateway sending update to database
12:26:18 Gateway/motion 1
Gateway sending update to database
12:26:18 Gateway/motion 1
Gateway sending update to database
12:26:18 Gateway/motion 1
Gateway sending update to database
12:26:18 Gateway/motion 1
Gateway sending update to database
12:26:18 Gateway/motion 1
Gateway sending update to database
12:26:18 Gateway/motion 1
Gateway sending update to database
12:26:18 Gateway/motion 1
Gateway sending update to database
12:26:18 Gateway/motion 1
Gateway sending update to database
12:26:18 Gateway/motion 1
Gateway sending update to database
12:26:18 Gateway/motion 1
Gateway sending update to database
12:26:18 Gateway/motion 1
Gateway sending update to database
12:26:18 Gateway/motion 1
Gateway sending update to database
12:26:18 Gateway/motion 1
Gateway sending update to database
12:26:18 Gateway/motion 1
Gateway sending update to database
12:26:18 Gateway/motion 1
Gateway sending update to database
12:26:18 Gateway/motion 1
Gateway sending update to database
12:26:18 Gateway/motion 1
Gateway sending update to database
12:26:18 Gateway/motion 1
Gateway sending update to database
12:26:18 Gateway/motion 1
Gateway sending update to database
12:26:18 Gateway/motion 1
Gateway sending update to database
12:26:18 Gateway/motion 1
Gateway sending update to database
12:26:18 Gateway/motion 1
Gateway sending update to database
12:26:18 Gateway/motion 1
Gateway sending update to database
12:26:18 Gateway/motion 1
Gateway sending update to database
12:26:18 Gateway/motion 1
Gateway sending update to database
12:26:18 Gateway/motion 1
Gateway sending update to database
12:26:18 Gateway/motion 1
Gateway sending update to database
12:26:18 Gateway/motion 1
Gateway sending update to database
12:26:18 Gateway/motion 1
Gateway sending update to database
12:26:18 Gateway/motion 1
Gateway sending update to database
12:26:18 Gateway/motion 1
Gateway sending update to database
12:26:18 Gateway/motion 1
Gateway sending update to database
12:26:18 Gateway/motion 1
Gateway sending update to database
12:26:18 Gateway/motion 1
Gateway sending update to database
12:26:18 Gateway/motion 1
Gateway sending update to database
12:26:18 Gateway/motion 1
Gateway sending update to database
12:26:18 Gateway/motion 1
Gateway sending update to database
12:26:18 Gateway/motion 1
Gateway sending update to database
12:26:18 Gateway/motion 1
Gateway sending update to database
12:26:18 Gateway/motion 1
Gateway sending update to database
12:26:18 Gateway/motion 1
Gateway sending update to database
12:26:18 Gateway/motion 1
Gateway sending update to database
12:26:18 Gateway/motion 1
Gateway sending update to database
12:26:18 Gateway/motion 1
Gateway sending update to database
12:26:18 Gateway/motion 1
Gateway sending update to database
12:26:18 Gateway/motion 1
Gateway sending update to database
12:26:18 Gateway/motion 1
Gateway sending update to database
12:26:18 Gateway/motion 1
Gateway sending update to database
12:26:18 Gateway/motion 1
Gateway sending update to database
12:26:18 Gateway/motion 1
Gateway sending update to database
12:26:18 Gateway/motion 1
Gateway sending update to database
12:26:18 Gateway/motion 1
Gateway sending update to database
12:26:18 Gateway/motion 1
Gateway sending update to database
12:26:18 Gateway/motion 1
Gateway sending update to database
12:26:18 Gateway/motion 1
Gateway sending update to database
12:26:18 Gateway/motion 1
Gateway sending update to database
12:26:18 Gateway/motion 1
Gateway sending update to database
12:26:18 Gateway/motion 1
Gateway sending update to database
12:26:18 Gateway/motion 1
Gateway sending update to database
12:26:18 Gateway/motion 1
Gateway sending update to database
12:26:18 Gateway/motion 1
Gateway sending update to database
12:26:18 Gateway/motion 1
Gateway sending update to database
12:26:18 Gateway/motion 1
Gateway sending update to database
12:26:18 Gateway/motion 1
Gateway sending update to database
12:26:18 Gateway/motion 1
Gateway sending update to database
12:26:18 Gateway/motion 1
Gateway sending update to database
12:26:18 Gateway/motion 1
Gateway sending update to database
12:26:18 Gateway/motion 1
Gateway sending update to database
12:26:18 Gateway/motion 1
Gateway sending update to database
12:26:18 Gateway/motion 1
Gateway sending update to database
12:26:18 Gateway/motion 1
Gateway sending update to database
12:26:18 Gateway/motion 1
Gateway sending update to database
12:26:18 Gateway/motion 1
Gateway sending update to database
12:26:18 Gateway/motion 1
Gateway sending update to database
12:26:18 Gateway/motion 1
Gateway sending update to database
12:26:18 Gateway/motion 1
Gateway sending update to database
12:26:18 Gateway/motion 1
Gateway sending update to database
12:26:18 Gateway/motion 1
Gateway sending update to database
12:26:18 Gateway/motion 1
Gateway sending update to database
12:26:18 Gateway/motion 1
Gateway sending update to database
12:26:18 Gateway/motion 1
Gateway sending update to database
12:26:18 Gateway/motion 1
Gateway sending update to database
12:26:18 Gateway/motion 1
Gateway sending update to database
12:26:18 Gateway/motion 1
Gateway sending update to database
12:26:18 Gateway/motion 1
Gateway sending update to database
12:26:18 Gateway/motion 1
Gateway sending update to database
12:26:18 Gateway/motion 1
Gateway sending update to database
12:26:18 Gateway/motion 1
Gateway sending update to database
12:26:18 Gateway/motion 1
Gateway sending update to database
12:26:18 Gateway/motion 1
Gateway sending update to database
12:26:18 Gateway/motion 1
Gateway sending update to database
12:26:18 Gateway/motion 1
Gateway sending update to database
12:26:18 Gateway/motion 1
Gateway sending update to database
12:26:18 Gateway/motion 1
Gateway sending update to database
12:26:18 Gateway/motion 1
Gateway sending update to database
12:26:18 Gateway/motion 1
Gateway sending update to database
12:26:18 Gateway/motion 1
Gateway sending update to database
12:26:18 Gateway/motion 1
Gateway sending update to database
12:26:18 Gateway/motion 1
Gateway sending update to database
12:26:18 Gateway/motion 1
Gateway sending update to database
12:26:18 Gateway/motion 1
Gateway sending update to database
12:26:18 Gateway/motion 1
Gateway sending update to database
12:26:18 Gateway/motion 1
Gateway sending update to database
12:26:18 Gateway/motion 1
Gateway sending update to database
12:26:18 Gateway/motion 1
Gateway sending update to database
12:26:18 Gateway/motion 1
Gateway sending update to database
12:26:18 Gateway/motion 1
Gateway sending update to database
12:26:18 Gateway/motion 1
Gateway sending update to database
12:26:18 Gateway/motion 1
Gateway sending update to database
12:26:18 Gateway/motion 1
Gateway sending update to database
12:26:18 Gateway/motion 1
Gateway sending update to database
12:26:18 Gateway/motion 1
Gateway sending update to database
12:26:18 Gateway/motion 1
Gateway sending update to database
12:26:18 Gateway/motion 1
Gateway sending update to database
12:26:18 Gateway/motion 1
Gateway sending update to database
12:26:18 Gateway/motion 1
Gateway sending update to database
12:26:18 Gateway/motion 1
Gateway sending update to database
12:26:18 Gateway/motion 1
Gateway sending update to database
12:26:18 Gateway/motion 1
Gateway sending update to database
12:26:18 Gateway/motion 1
Gateway sending update to database
12:26:18 Gateway/motion 1
Gateway sending update to database
12:26:18 Gateway/motion 1
Gateway sending update to database
12:26:18 Gateway/motion 1
Gateway sending update to database
12:26:18 Gateway/motion 1
Gateway sending update to database
12:26:18 Gateway/motion 1
Gateway sending update to database
12:26:18 Gateway/motion 1
Gateway sending update to database
12:26:18 Gateway/motion 1
Gateway sending update to database
12:26:18 Gateway/motion 1
Gateway sending update to database
12:26:18 Gateway/motion 1
Gateway sending update to database
12:26:18 Gateway/motion 1
Gateway sending update to database
12:26:18 Gateway/motion 1
Gateway sending update to database
12:26:18 Gateway/motion 1
Gateway sending update to database
12:26:18 Gateway/motion 1
Gateway sending update to database
12:26:18 Gateway/motion 1
Gateway sending update to database
12:26:18 Gateway/motion 1
Gateway sending update to database
12:26:18 Gateway/motion 1
Gateway sending update to database
12:26:18 Gateway/motion 1
Gateway sending update to database
12:26:18 Gateway/motion 1
Gateway sending update to database
12:26:18 Gateway/motion 1
Gateway sending update to database
12:26:18 Gateway/motion 1
Gateway sending update to database
12:26:18 Gateway/motion 1
Gateway sending update to database
12:26:18 Gateway/motion 1
Gateway sending update to database
12:26:18 Gateway/motion 1
Gateway sending update to database
12:26:18 Gateway/motion 1
Gateway sending update to database
12:26:18 Gateway/motion 1
Gateway sending update to database
12:26:18 Gateway/motion 1
Gateway sending update to database
12:26:18 Gateway/motion 1
Gateway sending update to database
12:26:18 Gateway/motion 1
Gateway sending update to database
12:26:18 Gateway/motion 1
Gateway sending update to database
12:26:18 Gateway/motion 1
Gateway sending update to database
12:26:18 Gateway/motion 1
Gateway sending update to database
12:26:18 Gateway/motion 1
Gateway sending update to database
12:26:18 Gateway/motion 1
Gateway sending update to database
12:26:18 Gateway/motion 1
Gateway sending update to database
12:26:18 Gateway/motion 1
Gateway sending update to database
12:26:18 Gateway/motion 1
Gateway sending update to database
12:26:18 Gateway/motion 1
Gateway sending update to database
12:26:18 Gateway/motion 1
Gateway sending update to database
12:26:18 Gateway/motion 1
Gateway sending update to database
12:26:18 Gateway/motion 1
Gateway sending update to database
12:26:18 Gateway/motion 1
Gateway sending update to database
12:26:18 Gateway/motion 1
Gateway sending update to database
12:26:18 Gateway/motion 1
Gateway sending update to database
12:26:18 Gateway/motion 1
Gateway sending update to database
12:26:18 Gateway/motion 1
Gateway sending update to database
12:26:18 Gateway/motion 1
Gateway sending update to database
12:26:18 Gateway/motion 1
Gateway sending update to database
12:26:18 Gateway/motion 1
Gateway sending update to database
12:26:18 Gateway/motion 1
Gateway sending update to database
12:26:18 Gateway/motion 1
Gateway sending update to database
12:26:18 Gateway/motion 1
Gateway sending update to database
12:26:18 Gateway/motion 1
Gateway sending update to database
12:26:18 Gateway/motion 1
Gateway sending update to database
12:26:18 Gateway/motion 1
Gateway sending update to database
12:26:18 Gateway/motion 1
Gateway sending update to database
12:26:18 Gateway/motion 1
Gateway sending update to database
12:26:18 Gateway/motion 1
Gateway sending update to database
12:26:18 Gateway/motion 1
Gateway sending update to database
12:26:18 Gateway/motion 1
Gateway sending update to database
12:26:18 Gateway/motion 1
Gateway sending update to database
12:26:18 Gateway/motion 1
Gateway sending update to database
12:26:18 Gateway/motion 1
Gateway sending update to database
12:26:18 Gateway/motion 1
Gateway sending update to database
12:26:18 Gateway/motion 1
Gateway sending update to database
12:26:18 Gateway/motion 1
Gateway sending update to database
12:26:18 Gateway/motion 1
Gateway sending update to database
12:26:18 Gateway/motion 1
Gateway sending update to database
12:26:18 Gateway/motion 1
Gateway sending update to database
12:26:18 Gateway/motion 1
Gateway sending update to database
12:26:18 Gateway/motion 1
Gateway sending update to database
12:26:18 Gateway/motion 1
Gateway sending update to database
12:26:18 Gateway/motion 1
Gateway sending update to database
12:26:18 Gateway/motion 1
Gateway sending update to database
12:26:18 Gateway/motion 1
Gateway sending update to database
12:26:18 Gateway/motion 1
Gateway sending update to database
12:26:18 Gateway/motion 1
Gateway sending update to database
12:26:18 Gateway/motion 1
Gateway sending update to database
12:26:18 Gateway/motion 1
Gateway sending update to database
12:26:18 Gateway/motion 1
Gateway sending update to database
12:26:18 Gateway/motion 1
Gateway sending update to database
12:26:18 Gateway/motion 1
Gateway sending update to database
12:26:18 Gateway/motion 1
Gateway sending update to database
12:26:18 Gateway/motion 1
Gateway sending update to database
12:26:18 Gateway/motion 1
Gateway sending update to database
12:26:18 Gateway/motion 1
Gateway sending update to database
12:26:18 Gateway/motion 1
Gateway sending update to database
12:26:18 Gateway/motion 1
Gateway sending update to database
12:26:18 Gateway/motion 1
Gateway sending update to database
12:26:18 Gateway/motion 1
Gateway sending update to database
12:26:18 Gateway/motion 1
Gateway sending update to database
12:26:18 Gateway/motion 1
Gateway sending update to database
12:26:18 Gateway/motion 1
Gateway sending update to database
12:26:18 Gateway/motion 1
Gateway sending update to database
12:26:18 Gateway/motion 1
Gateway sending update to database
12:26:18 Gateway/motion 1
Gateway sending update to database
12:26:18 Gateway/motion 1
Gateway sending update to database
12:26:18 Gateway/motion 1
Gateway sending update to database
12:26:18 Gateway/motion 1
Gateway sending update to database
12:26:18 Gateway/motion 1
Gateway sending update to database
12:26:18 Gateway/motion 1
Gateway sending update to database
12:26:18 Gateway/motion 1
Gateway sending update to database
12:26:18 Gateway/motion 1
Gateway sending update to database
12:26:18 Gateway/motion 1
Gateway sending update to database
12:26:18 Gateway/motion 1
Gateway sending update to database
12:26:18 Gateway/motion 1
Gateway sending update to database
12:26:18 Gateway/motion 1
Gateway sending update to database
12:26:18 Gateway/motion 1
Gateway sending update to database
12:26:18 Gateway/motion 1
Gateway sending update to database
12:26:18 Gateway/motion 1
Gateway sending update to database
12:26:18 Gateway/motion 1
Gateway sending update to database
12:26:18 Gateway/motion 1
Gateway sending update to database
12:26:18 Gateway/motion 1
Gateway sending update to database
12:26:18 Gateway/motion 1
Gateway sending update to database
12:26:18 Gateway/motion 1
Gateway sending update to database
12:26:18 Gateway/motion 1
Gateway sending update to database
12:26:18 Gateway/motion 1
Gateway sending update to database
12:26:18 Gateway/motion 1
Gateway sending update to database
12:26:18 Gateway/motion 1
Gateway sending update to database
12:26:18 Gateway/motion 1
Gateway sending update to database
12:26:18 Gateway/motion 1
Gateway sending update to database
12:26:18 Gateway/motion 1
Gateway sending update to database
12:26:18 Gateway/motion 1
Gateway sending update to database
12:26:18 Gateway/motion 1
Gateway sending update to database
12:26:18 Gateway/motion 1
Gateway sending update to database
12:26:18 Gateway/motion 1
Gateway sending update to database
12:26:18 Gateway/motion 1
Gateway sending update to database
12:26:18 Gateway/motion 1
Gateway sending update to database
12:26:18 Gateway/motion 1
Gateway sending update to database
12:26:18 Gateway/motion 1
Gateway sending update to database
12:26:18 Gateway/motion 1
Gateway sending update to database
12:26:18 Gateway/motion 1
Gateway sending update to database
12:26:18 Gateway/motion 1
Gateway sending update to database
12:26:18 Gateway/motion 1
Gateway sending update to database
12:26:18 Gateway/motion 1
Gateway sending update to database
12:26:18 Gateway/motion 1
Gateway sending update to database
12:26:18 Gateway/motion 1
Gateway sending update to database
12:26:18 Gateway/motion 1
Gateway sending update to database
12:26:18 Gateway/motion 1
Gateway sending update to database
12:26:18 Gateway/motion 1
Gateway sending update to database
12:26:18 Gateway/motion 1
Gateway sending update to database
12:26:18 Gateway/motion 1
Gateway sending update to database
12:26:18 Gateway/motion 1
Gateway sending update to database
12:26:18 Gateway/motion 1
Gateway sending update to database
12:26:18 Gateway/motion 1
Gateway sending update to database
12:26:18 Gateway/motion 1
Gateway sending update to database
12:26:18 Gateway/motion 1
Gateway sending update to database
12:26:18 Gateway/motion 1
Gateway sending update to database
12:26:18 Gateway/motion 1
Gateway sending update to database
12:26:18 Gateway/motion 1
Gateway sending update to database
12:26:18 Gateway/motion 1
Gateway sending update to database
12:26:18 Gateway/motion 1
Gateway sending update to database
12:26:18 Gateway/motion 1
Gateway sending update to database
12:26:18 Gateway/motion 1
Gateway sending update to database
12:26:18 Gateway/motion 1
Gateway sending update to database
12:26:18 Gateway/motion 1
Gateway sending update to database
12:26:18 Gateway/motion 1
Gateway sending update to database
12:26:18 Gateway/motion 1
Gateway sending update to database
12:26:18 Gateway/motion 1
Gateway sending update to database
12:26:18 Gateway/motion 1
Gateway sending update to database
12:26:18 Gateway/motion 1
Gateway sending update to database
12:26:18 Gateway/motion 1
Gateway sending update to database
12:26:18 Gateway/motion 1
Gateway sending update to database
12:26:18 Gateway/motion 1
Gateway sending update to database
12:26:18 Gateway/motion 1
Gateway sending update to database
12:26:18 Gateway/motion 1
Gateway sending update to database
12:26:18 Gateway/motion 1
Gateway sending update to database
12:26:18 Gateway/motion 1
Gateway sending update to database
12:26:18 Gateway/motion 1
Gateway sending update to database
12:26:18 Gateway/motion 1
Gateway sending update to database
12:26:18 Gateway/motion 1
Gateway sending update to database
12:26:18 Gateway/motion 1
Gateway sending update to database
12:26:18 Gateway/motion 1
Gateway sending update to database
12:26:18 Gateway/motion 1
Gateway sending update to database
12:26:18 Gateway/motion 1
Gateway sending update to database
12:26:18 Gateway/motion 1
Gateway sending update to database
12:26:18 Gateway/motion 1
Gateway sending update to database
12:26:18 Gateway/motion 1
Gateway sending update to database
12:26:18 Gateway/motion 1
Gateway sending update to database
12:26:18 Gateway/motion 1
Gateway sending update to database
12:26:18 Gateway/motion 1
Gateway sending update to database
12:26:18 Gateway/motion 1
Gateway sending update to database
12:26:18 Gateway/motion 1
Gateway sending update to database
12:26:18 Gateway/motion 1
Gateway sending update to database
12:26:18 Gateway/motion 1
Gateway sending update to database
12:26:18 Gateway/motion 1
Gateway sending update to database
12:26:18 Gateway/motion 1
Gateway sending update to database
12:26:19 Gateway/motion 1
Gateway sending update to database
12:26:19 Gateway/motion 1
Gateway sending update to database
12:26:19 Gateway/motion 1
Gateway sending update to database
12:26:19 Gateway/motion 1
Gateway sending update to database
12:26:19 Gateway/motion 1
Gateway sending update to database
12:26:19 Gateway/motion 1
Gateway sending update to database
12:26:19 Gateway/motion 1
Gateway sending update to database
12:26:19 Gateway/motion 1
Gateway sending update to database
12:26:19 Gateway/motion 1
Gateway sending update to database
12:26:19 Gateway/motion 1
Gateway sending update to database
12:26:19 Gateway/motion 1
Gateway sending update to database
12:26:19 Gateway/motion 1
Gateway sending update to database
12:26:19 Gateway/motion 1
Gateway sending update to database
12:26:19 Gateway/motion 1
Gateway sending update to database
12:26:19 Gateway/motion 1
Gateway sending update to database
12:26:19 Gateway/motion 1
Gateway sending update to database
12:26:19 Gateway/motion 1
Gateway sending update to database
12:26:19 Gateway/motion 1
Gateway sending update to database
12:26:19 Gateway/motion 1
Gateway sending update to database
12:26:19 Gateway/motion 1
Gateway sending update to database
12:26:19 Gateway/motion 1
Gateway sending update to database
12:26:19 Gateway/motion 1
Gateway sending update to database
12:26:19 Gateway/motion 1
Gateway sending update to database
12:26:19 Gateway/motion 1
Gateway sending update to database
12:26:19 Gateway/motion 1
Gateway sending update to database
12:26:19 Gateway/motion 1
Gateway sending update to database
12:26:19 Gateway/motion 1
Gateway sending update to database
12:26:19 Gateway/motion 1
Gateway sending update to database
12:26:19 Gateway/motion 1
Gateway sending update to database
12:26:19 Gateway/motion 1
Gateway sending update to database
12:26:19 Gateway/motion 1
Gateway sending update to database
12:26:19 Gateway/motion 1
Gateway sending update to database
12:26:19 Gateway/motion 1
Gateway sending update to database
12:26:19 Gateway/motion 1
Gateway sending update to database
12:26:19 Gateway/motion 1
Gateway sending update to database
12:26:19 Gateway/motion 1
Gateway sending update to database
12:26:19 Gateway/motion 1
Gateway sending update to database
12:26:19 Gateway/motion 1
Gateway sending update to database
12:26:19 Gateway/motion 1
Gateway sending update to database
12:26:19 Gateway/motion 1
Gateway sending update to database
12:26:19 Gateway/motion 1
Gateway sending update to database
12:26:19 Gateway/motion 1
Gateway sending update to database
12:26:19 Gateway/motion 1
Gateway sending update to database
12:26:19 Gateway/motion 1
Gateway sending update to database
12:26:19 Gateway/motion 1
Gateway sending update to database
12:26:19 Gateway/motion 1
Gateway sending update to database
12:26:19 Gateway/motion 1
Gateway sending update to database
12:26:19 Gateway/motion 1
Gateway sending update to database
12:26:19 Gateway/motion 1
Gateway sending update to database
12:26:19 Gateway/motion 1
Gateway sending update to database
12:26:19 Gateway/motion 1
Gateway sending update to database
12:26:19 Gateway/motion 1
Gateway sending update to database
12:26:19 Gateway/motion 1
Gateway sending update to database
12:26:19 Gateway/motion 1
Gateway sending update to database
12:26:19 Gateway/motion 1
Gateway sending update to database
12:26:19 Gateway/motion 1
Gateway sending update to database
12:26:19 Gateway/motion 1
Gateway sending update to database
12:26:19 Gateway/motion 1
Gateway sending update to database
12:26:19 Gateway/motion 1
Gateway sending update to database
12:26:19 Gateway/motion 1
Gateway sending update to database
12:26:19 Gateway/motion 1
Gateway sending update to database
12:26:19 Gateway/motion 1
Gateway sending update to database
12:26:19 Gateway/motion 1
Gateway sending update to database
12:26:19 Gateway/motion 1
Gateway sending update to database
12:26:19 Gateway/motion 1
Gateway sending update to database
12:26:19 Gateway/motion 1
Gateway sending update to database
12:26:19 Gateway/motion 1
Gateway sending update to database
12:26:19 Gateway/motion 1
Gateway sending update to database
12:26:19 Gateway/motion 1
Gateway sending update to database
12:26:19 Gateway/motion 1
Gateway sending update to database
12:26:19 Gateway/motion 1
Gateway sending update to database
12:26:19 Gateway/motion 1
Gateway sending update to database
12:26:19 Gateway/motion 1
Gateway sending update to database
12:26:19 Gateway/motion 1
Gateway sending update to database
12:26:19 Gateway/motion 1
Gateway sending update to database
12:26:19 Gateway/motion 1
Gateway sending update to database
12:26:19 Gateway/motion 1
Gateway sending update to database
12:26:19 Gateway/motion 1
Gateway sending update to database
12:26:19 Gateway/motion 1
Gateway sending update to database
12:26:19 Gateway/motion 1
Gateway sending update to database
12:26:19 Gateway/motion 1
Gateway sending update to database
12:26:19 Gateway/motion 1
Gateway sending update to database
12:26:19 Gateway/motion 1
Gateway sending update to database
12:26:19 Gateway/motion 1
Gateway sending update to database
12:26:19 Gateway/motion 1
Gateway sending update to database
12:26:19 Gateway/motion 1
Gateway sending update to database
12:26:19 Gateway/motion 1
Gateway sending update to database
12:26:19 Gateway/motion 1
Gateway sending update to database
12:26:19 Gateway/motion 1
Gateway sending update to database
12:26:19 Gateway/motion 1
Gateway sending update to database
12:26:19 Gateway/motion 1
Gateway sending update to database
12:26:19 Gateway/motion 1
Gateway sending update to database
12:26:19 Gateway/motion 1
Gateway sending update to database
12:26:19 Gateway/motion 1
Gateway sending update to database
12:26:19 Gateway/motion 1
Gateway sending update to database
12:26:19 Gateway/motion 1
Gateway sending update to database
12:26:19 Gateway/motion 1
Gateway sending update to database
12:26:19 Gateway/motion 1
Gateway sending update to database
12:26:19 Gateway/motion 1
Gateway sending update to database
12:26:19 Gateway/motion 1
Gateway sending update to database
12:26:19 Gateway/motion 1
Gateway sending update to database
12:26:19 Gateway/motion 1
Gateway sending update to database
12:26:19 Gateway/motion 1
Gateway sending update to database
12:26:19 Gateway/motion 1
Gateway sending update to database
12:26:19 Gateway/motion 1
Gateway sending update to database
12:26:19 Gateway/motion 1
Gateway sending update to database
12:26:19 Gateway/motion 1
Gateway sending update to database
12:26:19 Gateway/motion 1
Gateway sending update to database
12:26:19 Gateway/motion 1
Gateway sending update to database
12:26:19 Gateway/motion 1
Gateway sending update to database
12:26:19 Gateway/motion 1
Gateway sending update to database
12:26:19 Gateway/motion 1
Gateway sending update to database
12:26:19 Gateway/motion 1
Gateway sending update to database
12:26:19 Gateway/motion 1
Gateway sending update to database
12:26:19 Gateway/motion 1
Gateway sending update to database
12:26:19 Gateway/motion 1
Gateway sending update to database
12:26:19 Gateway/motion 1
Gateway sending update to database
12:26:19 Gateway/motion 1
Gateway sending update to database
12:26:19 Gateway/motion 1
Gateway sending update to database
12:26:19 Gateway/motion 1
Gateway sending update to database
12:26:19 Gateway/motion 1
Gateway sending update to database
12:26:19 Gateway/motion 1
Gateway sending update to database
12:26:19 Gateway/motion 1
Gateway sending update to database
12:26:19 Gateway/motion 1
Gateway sending update to database
12:26:19 Gateway/motion 1
Gateway sending update to database
12:26:19 Gateway/motion 1
Gateway sending update to database
12:26:19 Gateway/motion 1
Gateway sending update to database
12:26:19 Gateway/motion 1
Gateway sending update to database
12:26:19 Gateway/motion 1
Gateway sending update to database
12:26:19 Gateway/motion 1
Gateway sending update to database
12:26:19 Gateway/motion 1
Gateway sending update to database
12:26:19 Gateway/motion 1
Gateway sending update to database
12:26:19 Gateway/motion 1
Gateway sending update to database
12:26:19 Gateway/motion 1
Gateway sending update to database
12:26:19 Gateway/motion 1
Gateway sending update to database
12:26:19 Gateway/motion 1
Gateway sending update to database
12:26:19 Gateway/motion 1
Gateway sending update to database
12:26:19 Gateway/motion 1
Gateway sending update to database
12:26:19 Gateway/motion 1
Gateway sending update to database
12:26:19 Gateway/motion 1
Gateway sending update to database
12:26:19 Gateway/motion 1
Gateway sending update to database
12:26:19 Gateway/motion 1
Gateway sending update to database
12:26:19 Gateway/motion 1
Gateway sending update to database
12:26:19 Gateway/motion 1
Gateway sending update to database
12:26:19 Gateway/motion 1
Gateway sending update to database
12:26:19 Gateway/motion 1
Gateway sending update to database
12:26:19 Gateway/motion 1
Gateway sending update to database
12:26:19 Gateway/motion 1
Gateway sending update to database
12:26:19 Gateway/motion 1
Gateway sending update to database
12:26:19 Gateway/motion 1
Gateway sending update to database
12:26:19 Gateway/motion 1
Gateway sending update to database
12:26:19 Gateway/motion 1
Gateway sending update to database
12:26:19 Gateway/motion 1
Gateway sending update to database
12:26:19 Gateway/motion 1
Gateway sending update to database
12:26:19 Gateway/motion 1
Gateway sending update to database
12:26:19 Gateway/motion 1
Gateway sending update to database
12:26:19 Gateway/motion 1
Gateway sending update to database
12:26:19 Gateway/motion 1
Gateway sending update to database
12:26:19 Gateway/motion 1
Gateway sending update to database
12:26:19 Gateway/motion 1
Gateway sending update to database
12:26:19 Gateway/motion 1
Gateway sending update to database
12:26:19 Gateway/motion 1
Gateway sending update to database
12:26:19 Gateway/motion 1
Gateway sending update to database
12:26:19 Gateway/motion 1
Gateway sending update to database
12:26:19 Gateway/motion 1
Gateway sending update to database
12:26:19 Gateway/motion 1
Gateway sending update to database
12:26:19 Gateway/motion 1
Gateway sending update to database
12:26:19 Gateway/motion 1
Gateway sending update to database
12:26:19 Gateway/motion 1
Gateway sending update to database
12:26:19 Gateway/motion 1
Gateway sending update to database
12:26:19 Gateway/motion 1
Gateway sending update to database
12:26:19 Gateway/motion 1
Gateway sending update to database
12:26:19 Gateway/motion 1
Gateway sending update to database
12:26:19 Gateway/motion 1
Gateway sending update to database
12:26:19 Gateway/motion 1
Gateway sending update to database
12:26:19 Gateway/motion 1
Gateway sending update to database
12:26:19 Gateway/motion 1
Gateway sending update to database
12:26:19 Gateway/motion 1
Gateway sending update to database
12:26:19 Gateway/motion 1
Gateway sending update to database
12:26:19 Gateway/motion 1
Gateway sending update to database
12:26:19 Gateway/motion 1
Gateway sending update to database
12:26:19 Gateway/motion 1
Gateway sending update to database
12:26:19 Gateway/motion 1
Gateway sending update to database
12:26:19 Gateway/motion 1
Gateway sending update to database
12:26:19 Gateway/motion 1
Gateway sending update to database
12:26:19 Gateway/motion 1
Gateway sending update to database
12:26:19 Gateway/motion 1
Gateway sending update to database
12:26:19 Gateway/motion 1
Gateway sending update to database
12:26:19 Gateway/motion 1
Gateway sending update to database
12:26:19 Gateway/motion 1
Gateway sending update to database
12:26:19 Gateway/motion 1
Gateway sending update to database
12:26:19 Gateway/motion 1
Gateway sending update to database
12:26:19 Gateway/motion 1
Gateway sending update to database
12:26:19 Gateway/motion 1
Gateway sending update to database
12:26:19 Gateway/motion 1
Gateway sending update to database
12:26:19 Gateway/motion 1
Gateway sending update to database
12:26:19 Gateway/motion 1
Gateway sending update to database
12:26:19 Gateway/motion 1
Gateway sending update to database
12:26:19 Gateway/motion 1
Gateway sending update to database
12:26:19 Gateway/motion 1
Gateway sending update to database
12:26:19 Gateway/motion 1
Gateway sending update to database
12:26:19 Gateway/motion 1
Gateway sending update to database
12:26:19 Gateway/motion 1
Gateway sending update to database
12:26:19 Gateway/motion 1
Gateway sending update to database
12:26:19 Gateway/motion 1
Gateway sending update to database
12:26:19 Gateway/motion 1
Gateway sending update to database
12:26:19 Gateway/motion 1
Gateway sending update to database
12:26:19 Gateway/motion 1
Gateway sending update to database
12:26:19 Gateway/motion 1
Gateway sending update to database
12:26:19 Gateway/motion 1
Gateway sending update to database
12:26:19 Gateway/motion 1
Gateway sending update to database
12:26:19 Gateway/motion 1
Gateway sending update to database
12:26:20 Gateway/motion 1
Gateway sending update to database
12:26:20 Gateway/motion 1
Gateway sending update to database
12:26:20 Gateway/motion 1
Gateway sending update to database
12:26:20 Gateway/motion 1
Gateway sending update to database
12:26:20 Gateway/motion 1
Gateway sending update to database
12:26:20 Gateway/motion 1
Gateway sending update to database
12:26:20 Gateway/motion 1
Gateway sending update to database
12:26:20 Gateway/motion 1
Gateway sending update to database
12:26:20 Gateway/motion 1
Gateway sending update to database
12:26:20 Gateway/motion 1
Gateway sending update to database
12:26:20 Gateway/motion 1
Gateway sending update to database
12:26:20 Gateway/motion 1
Gateway sending update to database
12:26:20 Gateway/motion 1
Gateway sending update to database
12:26:20 Gateway/motion 1
Gateway sending update to database
12:26:20 Gateway/motion 1
Gateway sending update to database
12:26:20 Gateway/motion 1
Gateway sending update to database
12:26:20 Gateway/motion 1
Gateway sending update to database
12:26:20 Gateway/motion 1
Gateway sending update to database
12:26:20 Gateway/motion 1
Gateway sending update to database
12:26:20 Gateway/motion 1
Gateway sending update to database
12:26:20 Gateway/motion 1
Gateway sending update to database
12:26:20 Gateway/motion 1
Gateway sending update to database
12:26:20 Gateway/motion 1
Gateway sending update to database
12:26:20 Gateway/motion 1
Gateway sending update to database
12:26:20 Gateway/motion 1
Gateway sending update to database
12:26:20 Gateway/motion 1
Gateway sending update to database
12:26:20 Gateway/motion 1
Gateway sending update to database
12:26:20 Gateway/motion 1
Gateway sending update to database
12:26:20 Gateway/motion 1
Gateway sending update to database
12:26:20 Gateway/motion 1
Gateway sending update to database
12:26:20 Gateway/motion 1
Gateway sending update to database
12:26:20 Gateway/motion 1
Gateway sending update to database
12:26:20 Gateway/motion 1
Gateway sending update to database
12:26:20 Gateway/motion 1
Gateway sending update to database
12:26:20 Gateway/motion 1
Gateway sending update to database
12:26:20 Gateway/motion 1
Gateway sending update to database
12:26:20 Gateway/motion 1
Gateway sending update to database
12:26:20 Gateway/motion 1
Gateway sending update to database
12:26:20 Gateway/motion 1
Gateway sending update to database
12:26:20 Gateway/motion 1
Gateway sending update to database
12:26:20 Gateway/motion 1
Gateway sending update to database
12:26:20 Gateway/motion 1
Gateway sending update to database
12:26:20 Gateway/motion 1
Gateway sending update to database
12:26:20 Gateway/motion 1
Gateway sending update to database
12:26:20 Gateway/motion 1
Gateway sending update to database
12:26:20 Gateway/motion 1
Gateway sending update to database
12:26:20 Gateway/motion 1
Gateway sending update to database
12:26:20 Gateway/motion 1
Gateway sending update to database
12:26:20 Gateway/motion 1
Gateway sending update to database
12:26:20 Gateway/motion 1
Gateway sending update to database
12:26:20 Gateway/motion 1
Gateway sending update to database
12:26:20 Gateway/motion 1
Gateway sending update to database
12:26:20 Gateway/motion 1
Gateway sending update to database
12:26:20 Gateway/motion 1
Gateway sending update to database
12:26:20 Gateway/motion 1
Gateway sending update to database
12:26:20 Gateway/motion 1
Gateway sending update to database
12:26:20 Gateway/motion 1
12:26:27 Temperature Sensor Gateway 0.0
12:26:47 Gateway Outlet registered
